<?xml version="1.0" encoding="utf-8"?>
<CoverageSession xmlns:xsd="http://www.w3.org/2001/XMLSchema" xmlns:xsi="http://www.w3.org/2001/XMLSchema-instance">
  <Summary numSequencePoints="1779" visitedSequencePoints="227" numBranchPoints="738" visitedBranchPoints="104" sequenceCoverage="12.76" branchCoverage="14.09" maxCyclomaticComplexity="22" minCyclomaticComplexity="1" visitedClasses="11" numClasses="55" visitedMethods="101" numMethods="416" />
  <Modules>
    <Module skippedDueTo="Filter" hash="1C-ED-50-DA-FD-EA-79-5F-9A-5F-01-04-5B-4B-3A-63-EF-8F-89-07">
      <ModulePath>C:\WINDOWS\assembly\GAC_32\mscorlib\2.0.0.0__b77a5c561934e089\mscorlib.dll</ModulePath>
      <ModuleTime>2018-11-23T06:55:29.8805439Z</ModuleTime>
      <ModuleName>mscorlib</ModuleName>
      <Classes />
    </Module>
    <Module skippedDueTo="Filter" hash="F9-04-A8-31-CD-FB-23-72-95-63-5D-14-9A-A0-66-8E-7F-44-93-7A">
      <ModulePath>C:\WINDOWS\assembly\GAC_32\mscorlib\2.0.0.0__b77a5c561934e089\sorttbls.nlp</ModulePath>
      <ModuleTime>2018-11-23T06:48:42.2345477Z</ModuleTime>
      <ModuleName>mscorlib</ModuleName>
      <Classes />
    </Module>
    <Module skippedDueTo="Filter" hash="6E-30-2E-50-36-FB-60-2C-8E-50-C0-83-54-8B-CC-EA-A8-91-B6-CC">
      <ModulePath>C:\WINDOWS\assembly\GAC_32\mscorlib\2.0.0.0__b77a5c561934e089\sortkey.nlp</ModulePath>
      <ModuleTime>2018-11-23T06:48:43.375131Z</ModuleTime>
      <ModuleName>mscorlib</ModuleName>
      <Classes />
    </Module>
    <Module skippedDueTo="MissingPdb" hash="D9-51-D2-3D-8C-16-B3-35-50-E2-97-23-20-65-AF-AE-3E-3C-3D-FC">
      <ModulePath>C:\TaskManager\TaskMangerAPI\TaskManagerAPI\packages\NUnit.Runners.2.6.4\tools\nunit-console-x86.exe</ModulePath>
      <ModuleTime>2014-12-16T16:34:36Z</ModuleTime>
      <ModuleName>nunit-console-x86</ModuleName>
      <Classes />
    </Module>
    <Module skippedDueTo="MissingPdb" hash="F2-ED-FF-09-01-C9-D7-BC-29-AC-A6-93-C5-97-8A-0D-43-DD-8D-F2">
      <ModulePath>C:\TaskManager\TaskMangerAPI\TaskManagerAPI\packages\NUnit.Runners.2.6.4\tools\lib\nunit-console-runner.dll</ModulePath>
      <ModuleTime>2014-12-16T16:34:36Z</ModuleTime>
      <ModuleName>nunit-console-runner</ModuleName>
      <Classes />
    </Module>
    <Module skippedDueTo="MissingPdb" hash="36-B9-FF-C0-07-EA-59-4D-23-2E-FD-CD-5A-45-CF-C0-2C-42-2A-98">
      <ModulePath>C:\TaskManager\TaskMangerAPI\TaskManagerAPI\packages\NUnit.Runners.2.6.4\tools\lib\nunit.core.dll</ModulePath>
      <ModuleTime>2014-12-16T16:34:36Z</ModuleTime>
      <ModuleName>nunit.core</ModuleName>
      <Classes />
    </Module>
    <Module skippedDueTo="MissingPdb" hash="14-C3-4B-3E-39-7A-EE-C0-B9-2F-83-44-2F-04-8A-F7-48-7B-67-DE">
      <ModulePath>C:\TaskManager\TaskMangerAPI\TaskManagerAPI\packages\NUnit.Runners.2.6.4\tools\lib\nunit.util.dll</ModulePath>
      <ModuleTime>2014-12-16T16:34:36Z</ModuleTime>
      <ModuleName>nunit.util</ModuleName>
      <Classes />
    </Module>
    <Module skippedDueTo="MissingPdb" hash="5E-95-A6-AD-88-48-98-B1-62-7F-4E-5A-C1-0E-F3-B7-85-56-44-E8">
      <ModulePath>C:\TaskManager\TaskMangerAPI\TaskManagerAPI\packages\NUnit.Runners.2.6.4\tools\lib\nunit.core.interfaces.dll</ModulePath>
      <ModuleTime>2014-12-16T16:34:36Z</ModuleTime>
      <ModuleName>nunit.core.interfaces</ModuleName>
      <Classes />
    </Module>
    <Module skippedDueTo="Filter" hash="D5-2D-35-25-83-75-E1-FF-01-5D-9D-43-90-C4-A9-A2-2F-9A-37-67">
      <ModulePath>C:\WINDOWS\assembly\GAC_MSIL\System.Configuration\2.0.0.0__b03f5f7f11d50a3a\System.Configuration.dll</ModulePath>
      <ModuleTime>2018-11-23T06:48:38.6408343Z</ModuleTime>
      <ModuleName>System.Configuration</ModuleName>
      <Classes />
    </Module>
    <Module skippedDueTo="Filter" hash="F8-C5-15-4B-64-7C-42-48-76-D0-AA-41-FB-D7-F8-59-07-8C-5C-15">
      <ModulePath>C:\WINDOWS\assembly\GAC_MSIL\System\2.0.0.0__b77a5c561934e089\System.dll</ModulePath>
      <ModuleTime>2018-11-23T06:55:29.9117984Z</ModuleTime>
      <ModuleName>System</ModuleName>
      <Classes />
    </Module>
    <Module skippedDueTo="Filter" hash="7B-D1-22-5B-7B-A7-FE-8B-DA-9A-45-CC-F9-72-CF-A3-7D-28-1B-FF">
      <ModulePath>C:\WINDOWS\assembly\GAC_MSIL\System.Xml\2.0.0.0__b77a5c561934e089\System.Xml.dll</ModulePath>
      <ModuleTime>2018-11-23T06:48:38.9063828Z</ModuleTime>
      <ModuleName>System.Xml</ModuleName>
      <Classes />
    </Module>
    <Module skippedDueTo="Filter" hash="52-D9-3C-F8-7B-3B-11-89-F1-EA-BF-2B-83-43-2C-E5-9B-45-9E-BC">
      <ModulePath>C:\WINDOWS\assembly\GAC_MSIL\System.Runtime.Remoting\2.0.0.0__b77a5c561934e089\System.Runtime.Remoting.dll</ModulePath>
      <ModuleTime>2018-11-23T06:48:38.8438787Z</ModuleTime>
      <ModuleName>System.Runtime.Remoting</ModuleName>
      <Classes />
    </Module>
    <Module skippedDueTo="Filter" hash="AB-8A-C1-7A-CB-9A-53-E1-02-D8-07-0B-81-63-5A-8B-8D-E3-5A-F3">
      <ModulePath>C:\WINDOWS\Microsoft.Net\assembly\GAC_32\mscorlib\v4.0_4.0.0.0__b77a5c561934e089\mscorlib.dll</ModulePath>
      <ModuleTime>2018-11-23T06:55:26.489838Z</ModuleTime>
      <ModuleName>mscorlib</ModuleName>
      <Classes />
    </Module>
    <Module skippedDueTo="MissingPdb" hash="29-BC-32-15-21-E8-F9-6D-87-31-AF-AD-0B-21-31-A6-BB-2F-E4-00">
      <ModulePath>C:\TaskManager\TaskMangerAPI\TaskManagerAPI\packages\NUnit.Runners.2.6.4\tools\nunit-agent-x86.exe</ModulePath>
      <ModuleTime>2014-12-16T16:34:36Z</ModuleTime>
      <ModuleName>nunit-agent-x86</ModuleName>
      <Classes />
    </Module>
    <Module skippedDueTo="MissingPdb" hash="36-B9-FF-C0-07-EA-59-4D-23-2E-FD-CD-5A-45-CF-C0-2C-42-2A-98">
      <ModulePath>C:\TaskManager\TaskMangerAPI\TaskManagerAPI\packages\NUnit.Runners.2.6.4\tools\lib\nunit.core.dll</ModulePath>
      <ModuleTime>2014-12-16T16:34:36Z</ModuleTime>
      <ModuleName>nunit.core</ModuleName>
      <Classes />
    </Module>
    <Module skippedDueTo="MissingPdb" hash="14-C3-4B-3E-39-7A-EE-C0-B9-2F-83-44-2F-04-8A-F7-48-7B-67-DE">
      <ModulePath>C:\TaskManager\TaskMangerAPI\TaskManagerAPI\packages\NUnit.Runners.2.6.4\tools\lib\nunit.util.dll</ModulePath>
      <ModuleTime>2014-12-16T16:34:36Z</ModuleTime>
      <ModuleName>nunit.util</ModuleName>
      <Classes />
    </Module>
    <Module skippedDueTo="MissingPdb" hash="5E-95-A6-AD-88-48-98-B1-62-7F-4E-5A-C1-0E-F3-B7-85-56-44-E8">
      <ModulePath>C:\TaskManager\TaskMangerAPI\TaskManagerAPI\packages\NUnit.Runners.2.6.4\tools\lib\nunit.core.interfaces.dll</ModulePath>
      <ModuleTime>2014-12-16T16:34:36Z</ModuleTime>
      <ModuleName>nunit.core.interfaces</ModuleName>
      <Classes />
    </Module>
    <Module skippedDueTo="Filter" hash="BA-D5-C6-DC-0C-59-DA-6B-C8-40-22-29-40-86-10-C6-40-6D-57-E5">
      <ModulePath>C:\WINDOWS\Microsoft.Net\assembly\GAC_MSIL\System\v4.0_4.0.0.0__b77a5c561934e089\System.dll</ModulePath>
      <ModuleTime>2018-11-23T06:55:26.6148306Z</ModuleTime>
      <ModuleName>System</ModuleName>
      <Classes />
    </Module>
    <Module skippedDueTo="Filter" hash="B5-2C-52-19-7F-DE-8E-1A-EE-7C-F3-4D-31-FC-77-A2-C4-49-EE-AB">
      <ModulePath>C:\WINDOWS\Microsoft.Net\assembly\GAC_MSIL\System.Runtime.Remoting\v4.0_4.0.0.0__b77a5c561934e089\System.Runtime.Remoting.dll</ModulePath>
      <ModuleTime>2018-04-11T23:35:17.0134Z</ModuleTime>
      <ModuleName>System.Runtime.Remoting</ModuleName>
      <Classes />
    </Module>
    <Module skippedDueTo="Filter" hash="2A-F4-1C-14-5D-7A-74-B3-03-8B-1D-2A-59-DC-B6-BE-1D-C8-EF-54">
      <ModulePath>C:\WINDOWS\Microsoft.Net\assembly\GAC_MSIL\System.Configuration\v4.0_4.0.0.0__b03f5f7f11d50a3a\System.Configuration.dll</ModulePath>
      <ModuleTime>2018-04-11T23:35:16.9508953Z</ModuleTime>
      <ModuleName>System.Configuration</ModuleName>
      <Classes />
    </Module>
    <Module skippedDueTo="Filter" hash="F2-26-5B-FA-55-E9-5B-BC-DD-3A-32-56-2C-38-71-11-1A-8E-6D-32">
      <ModulePath>C:\WINDOWS\Microsoft.Net\assembly\GAC_MSIL\System.Xml\v4.0_4.0.0.0__b77a5c561934e089\System.Xml.dll</ModulePath>
      <ModuleTime>2018-04-11T23:35:17.0290261Z</ModuleTime>
      <ModuleName>System.Xml</ModuleName>
      <Classes />
    </Module>
    <Module skippedDueTo="Filter" hash="56-19-E4-7F-9D-08-2A-5D-25-92-FC-AC-8E-40-FB-0D-95-AA-95-71">
      <ModulePath>C:\WINDOWS\Microsoft.Net\assembly\GAC_32\System.Web\v4.0_4.0.0.0__b03f5f7f11d50a3a\System.Web.dll</ModulePath>
      <ModuleTime>2018-11-23T06:55:26.3960819Z</ModuleTime>
      <ModuleName>System.Web</ModuleName>
      <Classes />
    </Module>
    <Module skippedDueTo="Filter" hash="27-DC-63-1E-08-40-9B-D0-4C-F5-C0-DA-E7-97-6F-18-0C-8C-A6-CD">
      <ModulePath>C:\WINDOWS\assembly\GAC_32\System.Web\2.0.0.0__b03f5f7f11d50a3a\System.Web.dll</ModulePath>
      <ModuleTime>2018-11-23T06:48:43.7814204Z</ModuleTime>
      <ModuleName>System.Web</ModuleName>
      <Classes />
    </Module>
    <Module skippedDueTo="MissingPdb" hash="36-B9-FF-C0-07-EA-59-4D-23-2E-FD-CD-5A-45-CF-C0-2C-42-2A-98">
      <ModulePath>C:\TaskManager\TaskMangerAPI\TaskManagerAPI\packages\NUnit.Runners.2.6.4\tools\lib\nunit.core.dll</ModulePath>
      <ModuleTime>2014-12-16T16:34:36Z</ModuleTime>
      <ModuleName>nunit.core</ModuleName>
      <Classes />
    </Module>
    <Module skippedDueTo="Filter" hash="BA-D5-C6-DC-0C-59-DA-6B-C8-40-22-29-40-86-10-C6-40-6D-57-E5">
      <ModulePath>C:\WINDOWS\Microsoft.Net\assembly\GAC_MSIL\System\v4.0_4.0.0.0__b77a5c561934e089\System.dll</ModulePath>
      <ModuleTime>2018-11-23T06:55:26.6148306Z</ModuleTime>
      <ModuleName>System</ModuleName>
      <Classes />
    </Module>
    <Module skippedDueTo="MissingPdb" hash="53-25-23-C6-63-70-35-C6-0C-82-04-1A-0A-BF-1A-E7-1F-EA-74-A3">
      <ModulePath>C:\TaskManager\TaskMangerAPI\TaskManagerAPI\packages\NUnit.Runners.2.6.4\tools\pnunit.framework.dll</ModulePath>
      <ModuleTime>2014-12-16T16:34:36Z</ModuleTime>
      <ModuleName>pnunit.framework</ModuleName>
      <Classes />
    </Module>
    <Module skippedDueTo="MissingPdb" hash="21-69-E9-47-C6-F8-02-12-31-E6-18-DE-8E-43-24-C9-AB-F7-C2-BE">
      <ModulePath>C:\TaskManager\TaskMangerAPI\TaskManagerAPI\packages\NUnit.Runners.2.6.4\tools\pnunit-agent.exe</ModulePath>
      <ModuleTime>2014-12-16T16:34:36Z</ModuleTime>
      <ModuleName>pnunit-agent</ModuleName>
      <Classes />
    </Module>
    <Module skippedDueTo="MissingPdb" hash="5E-95-A6-AD-88-48-98-B1-62-7F-4E-5A-C1-0E-F3-B7-85-56-44-E8">
      <ModulePath>C:\TaskManager\TaskMangerAPI\TaskManagerAPI\packages\NUnit.Runners.2.6.4\tools\lib\nunit.core.interfaces.dll</ModulePath>
      <ModuleTime>2014-12-16T16:34:36Z</ModuleTime>
      <ModuleName>nunit.core.interfaces</ModuleName>
      <Classes />
    </Module>
    <Module hash="E8-58-B6-C5-91-F5-AA-3E-85-F0-85-F5-F5-89-ED-B6-E4-12-2D-AE">
      <Summary numSequencePoints="75" visitedSequencePoints="52" numBranchPoints="7" visitedBranchPoints="7" sequenceCoverage="69.33" branchCoverage="100" maxCyclomaticComplexity="1" minCyclomaticComplexity="1" visitedClasses="1" numClasses="1" visitedMethods="7" numMethods="7" />
      <ModulePath>C:\TaskManager\TaskMangerAPI\TaskManagerAPI\TaskManagerAPI.Tests\bin\Debug\TaskManagerAPI.Tests.dll</ModulePath>
      <ModuleTime>2018-12-01T05:33:22.1630902Z</ModuleTime>
      <ModuleName>TaskManagerAPI.Tests</ModuleName>
      <Files>
        <File uid="1" fullPath="C:\TaskManager\TaskMangerAPI\TaskManagerAPI\TaskManagerAPI.Tests\Controllers\TaskManagerControllerTest.cs" />
      </Files>
      <Classes>
        <Class>
          <Summary numSequencePoints="0" visitedSequencePoints="0" numBranchPoints="0" visitedBranchPoints="0" sequenceCoverage="0" branchCoverage="0" maxCyclomaticComplexity="0" minCyclomaticComplexity="0" visitedClasses="0" numClasses="0" visitedMethods="0" numMethods="0" />
          <FullName>&lt;Module&gt;</FullName>
          <Methods />
        </Class>
        <Class>
          <Summary numSequencePoints="75" visitedSequencePoints="52" numBranchPoints="7" visitedBranchPoints="7" sequenceCoverage="69.33" branchCoverage="100" maxCyclomaticComplexity="1" minCyclomaticComplexity="1" visitedClasses="1" numClasses="1" visitedMethods="7" numMethods="7" />
          <FullName>TaskManagerAPI.Tests.Controllers.TaskManagerControllerTest</FullName>
          <Methods>
            <Method visited="true" cyclomaticComplexity="1" nPathComplexity="0" sequenceCoverage="100" branchCoverage="100" isConstructor="true" isStatic="false" isGetter="false" isSetter="false">
              <Summary numSequencePoints="5" visitedSequencePoints="5" numBranchPoints="1" visitedBranchPoints="1" sequenceCoverage="100" branchCoverage="100" maxCyclomaticComplexity="1" minCyclomaticComplexity="1" visitedClasses="0" numClasses="0" visitedMethods="1" numMethods="1" />
              <MetadataToken>100663297</MetadataToken>
              <Name>System.Void TaskManagerAPI.Tests.Controllers.TaskManagerControllerTest::.ctor()</Name>
              <FileRef uid="1" />
              <SequencePoints>
                <SequencePoint vc="1" uspid="1" ordinal="0" offset="0" sl="25" sc="9" el="25" ec="43" bec="0" bev="0" fileid="1" />
                <SequencePoint vc="1" uspid="2" ordinal="1" offset="7" sl="26" sc="9" el="26" ec="10" bec="0" bev="0" fileid="1" />
                <SequencePoint vc="1" uspid="3" ordinal="2" offset="8" sl="27" sc="13" el="27" ec="49" bec="0" bev="0" fileid="1" />
                <SequencePoint vc="1" uspid="4" ordinal="3" offset="14" sl="33" sc="13" el="33" ec="63" bec="0" bev="0" fileid="1" />
                <SequencePoint vc="1" uspid="5" ordinal="4" offset="25" sl="34" sc="9" el="34" ec="10" bec="0" bev="0" fileid="1" />
              </SequencePoints>
              <BranchPoints />
              <MethodPoint xsi:type="SequencePoint" vc="1" uspid="1" ordinal="0" offset="0" sl="25" sc="9" el="25" ec="43" bec="0" bev="0" fileid="1" />
            </Method>
            <Method visited="true" cyclomaticComplexity="1" nPathComplexity="0" sequenceCoverage="73.33" branchCoverage="100" isConstructor="false" isStatic="false" isGetter="false" isSetter="false">
              <Summary numSequencePoints="15" visitedSequencePoints="11" numBranchPoints="1" visitedBranchPoints="1" sequenceCoverage="73.33" branchCoverage="100" maxCyclomaticComplexity="1" minCyclomaticComplexity="1" visitedClasses="0" numClasses="0" visitedMethods="1" numMethods="1" />
              <MetadataToken>100663298</MetadataToken>
              <Name>System.Void TaskManagerAPI.Tests.Controllers.TaskManagerControllerTest::AddTask()</Name>
              <FileRef uid="1" />
              <SequencePoints>
                <SequencePoint vc="1" uspid="6" ordinal="0" offset="0" sl="38" sc="9" el="38" ec="10" bec="0" bev="0" fileid="1" />
                <SequencePoint vc="1" uspid="7" ordinal="1" offset="1" sl="40" sc="13" el="40" ec="14" bec="0" bev="0" fileid="1" />
                <SequencePoint vc="1" uspid="8" ordinal="2" offset="2" sl="41" sc="17" el="41" ec="50" bec="0" bev="0" fileid="1" />
                <SequencePoint vc="1" uspid="9" ordinal="3" offset="8" sl="42" sc="17" el="42" ec="41" bec="0" bev="0" fileid="1" />
                <SequencePoint vc="1" uspid="10" ordinal="4" offset="20" sl="43" sc="17" el="43" ec="39" bec="0" bev="0" fileid="1" />
                <SequencePoint vc="1" uspid="11" ordinal="5" offset="28" sl="44" sc="17" el="44" ec="36" bec="0" bev="0" fileid="1" />
                <SequencePoint vc="1" uspid="12" ordinal="6" offset="37" sl="45" sc="17" el="45" ec="47" bec="0" bev="0" fileid="1" />
                <SequencePoint vc="1" uspid="13" ordinal="7" offset="49" sl="46" sc="17" el="46" ec="56" bec="0" bev="0" fileid="1" />
                <SequencePoint vc="1" uspid="14" ordinal="8" offset="78" sl="48" sc="17" el="48" ec="52" bec="0" bev="0" fileid="1" />
                <SequencePoint vc="1" uspid="15" ordinal="9" offset="91" sl="50" sc="13" el="50" ec="14" bec="0" bev="0" fileid="1" />
                <SequencePoint vc="0" uspid="16" ordinal="10" offset="94" sl="51" sc="13" el="51" ec="30" bec="0" bev="0" fileid="1" />
                <SequencePoint vc="0" uspid="17" ordinal="11" offset="95" sl="52" sc="13" el="52" ec="14" bec="0" bev="0" fileid="1" />
                <SequencePoint vc="0" uspid="18" ordinal="12" offset="96" sl="53" sc="17" el="53" ec="43" bec="0" bev="0" fileid="1" />
                <SequencePoint vc="0" uspid="19" ordinal="13" offset="107" sl="54" sc="13" el="54" ec="14" bec="0" bev="0" fileid="1" />
                <SequencePoint vc="1" uspid="20" ordinal="14" offset="110" sl="55" sc="9" el="55" ec="10" bec="0" bev="0" fileid="1" />
              </SequencePoints>
              <BranchPoints />
              <MethodPoint xsi:type="SequencePoint" vc="1" uspid="6" ordinal="0" offset="0" sl="38" sc="9" el="38" ec="10" bec="0" bev="0" fileid="1" />
            </Method>
            <Method visited="true" cyclomaticComplexity="1" nPathComplexity="0" sequenceCoverage="81.25" branchCoverage="100" isConstructor="false" isStatic="false" isGetter="false" isSetter="false">
              <Summary numSequencePoints="16" visitedSequencePoints="13" numBranchPoints="1" visitedBranchPoints="1" sequenceCoverage="81.25" branchCoverage="100" maxCyclomaticComplexity="1" minCyclomaticComplexity="1" visitedClasses="0" numClasses="0" visitedMethods="1" numMethods="1" />
              <MetadataToken>100663299</MetadataToken>
              <Name>System.Void TaskManagerAPI.Tests.Controllers.TaskManagerControllerTest::UpdateTask()</Name>
              <FileRef uid="1" />
              <SequencePoints>
                <SequencePoint vc="1" uspid="21" ordinal="0" offset="0" sl="58" sc="9" el="58" ec="10" bec="0" bev="0" fileid="1" />
                <SequencePoint vc="1" uspid="22" ordinal="1" offset="1" sl="60" sc="13" el="60" ec="14" bec="0" bev="0" fileid="1" />
                <SequencePoint vc="1" uspid="23" ordinal="2" offset="2" sl="61" sc="17" el="61" ec="50" bec="0" bev="0" fileid="1" />
                <SequencePoint vc="1" uspid="24" ordinal="3" offset="8" sl="62" sc="17" el="62" ec="33" bec="0" bev="0" fileid="1" />
                <SequencePoint vc="1" uspid="25" ordinal="4" offset="16" sl="63" sc="17" el="63" ec="42" bec="0" bev="0" fileid="1" />
                <SequencePoint vc="1" uspid="26" ordinal="5" offset="28" sl="64" sc="17" el="64" ec="39" bec="0" bev="0" fileid="1" />
                <SequencePoint vc="1" uspid="27" ordinal="6" offset="36" sl="65" sc="17" el="65" ec="36" bec="0" bev="0" fileid="1" />
                <SequencePoint vc="1" uspid="28" ordinal="7" offset="45" sl="66" sc="17" el="66" ec="47" bec="0" bev="0" fileid="1" />
                <SequencePoint vc="1" uspid="29" ordinal="8" offset="57" sl="67" sc="17" el="67" ec="56" bec="0" bev="0" fileid="1" />
                <SequencePoint vc="1" uspid="30" ordinal="9" offset="86" sl="69" sc="17" el="69" ec="52" bec="0" bev="0" fileid="1" />
                <SequencePoint vc="0" uspid="31" ordinal="10" offset="99" sl="71" sc="13" el="71" ec="14" bec="0" bev="0" fileid="1" />
                <SequencePoint vc="1" uspid="32" ordinal="11" offset="102" sl="72" sc="13" el="72" ec="30" bec="0" bev="0" fileid="1" />
                <SequencePoint vc="1" uspid="33" ordinal="12" offset="103" sl="73" sc="13" el="73" ec="14" bec="0" bev="0" fileid="1" />
                <SequencePoint vc="1" uspid="34" ordinal="13" offset="104" sl="74" sc="17" el="74" ec="43" bec="0" bev="0" fileid="1" />
                <SequencePoint vc="0" uspid="35" ordinal="14" offset="115" sl="75" sc="13" el="75" ec="14" bec="0" bev="0" fileid="1" />
                <SequencePoint vc="0" uspid="36" ordinal="15" offset="118" sl="76" sc="9" el="76" ec="10" bec="0" bev="0" fileid="1" />
              </SequencePoints>
              <BranchPoints />
              <MethodPoint xsi:type="SequencePoint" vc="1" uspid="21" ordinal="0" offset="0" sl="58" sc="9" el="58" ec="10" bec="0" bev="0" fileid="1" />
            </Method>
            <Method visited="true" cyclomaticComplexity="1" nPathComplexity="0" sequenceCoverage="60" branchCoverage="100" isConstructor="false" isStatic="false" isGetter="false" isSetter="false">
              <Summary numSequencePoints="10" visitedSequencePoints="6" numBranchPoints="1" visitedBranchPoints="1" sequenceCoverage="60" branchCoverage="100" maxCyclomaticComplexity="1" minCyclomaticComplexity="1" visitedClasses="0" numClasses="0" visitedMethods="1" numMethods="1" />
              <MetadataToken>100663300</MetadataToken>
              <Name>System.Void TaskManagerAPI.Tests.Controllers.TaskManagerControllerTest::ViewTasks()</Name>
              <FileRef uid="1" />
              <SequencePoints>
                <SequencePoint vc="1" uspid="37" ordinal="0" offset="0" sl="79" sc="9" el="79" ec="10" bec="0" bev="0" fileid="1" />
                <SequencePoint vc="1" uspid="38" ordinal="1" offset="1" sl="81" sc="13" el="81" ec="14" bec="0" bev="0" fileid="1" />
                <SequencePoint vc="1" uspid="39" ordinal="2" offset="2" sl="82" sc="17" el="85" ec="19" bec="0" bev="0" fileid="1" />
                <SequencePoint vc="1" uspid="40" ordinal="3" offset="20" sl="86" sc="17" el="86" ec="79" bec="0" bev="0" fileid="1" />
                <SequencePoint vc="1" uspid="41" ordinal="4" offset="33" sl="87" sc="13" el="87" ec="14" bec="0" bev="0" fileid="1" />
                <SequencePoint vc="0" uspid="42" ordinal="5" offset="36" sl="88" sc="13" el="88" ec="29" bec="0" bev="0" fileid="1" />
                <SequencePoint vc="0" uspid="43" ordinal="6" offset="37" sl="89" sc="13" el="89" ec="14" bec="0" bev="0" fileid="1" />
                <SequencePoint vc="0" uspid="44" ordinal="7" offset="38" sl="90" sc="17" el="90" ec="43" bec="0" bev="0" fileid="1" />
                <SequencePoint vc="0" uspid="45" ordinal="8" offset="49" sl="91" sc="13" el="91" ec="14" bec="0" bev="0" fileid="1" />
                <SequencePoint vc="1" uspid="46" ordinal="9" offset="52" sl="92" sc="9" el="92" ec="10" bec="0" bev="0" fileid="1" />
              </SequencePoints>
              <BranchPoints />
              <MethodPoint xsi:type="SequencePoint" vc="1" uspid="37" ordinal="0" offset="0" sl="79" sc="9" el="79" ec="10" bec="0" bev="0" fileid="1" />
            </Method>
            <Method visited="true" cyclomaticComplexity="1" nPathComplexity="0" sequenceCoverage="60" branchCoverage="100" isConstructor="false" isStatic="false" isGetter="false" isSetter="false">
              <Summary numSequencePoints="10" visitedSequencePoints="6" numBranchPoints="1" visitedBranchPoints="1" sequenceCoverage="60" branchCoverage="100" maxCyclomaticComplexity="1" minCyclomaticComplexity="1" visitedClasses="0" numClasses="0" visitedMethods="1" numMethods="1" />
              <MetadataToken>100663301</MetadataToken>
              <Name>System.Void TaskManagerAPI.Tests.Controllers.TaskManagerControllerTest::DeleteTask()</Name>
              <FileRef uid="1" />
              <SequencePoints>
                <SequencePoint vc="1" uspid="47" ordinal="0" offset="0" sl="95" sc="9" el="95" ec="10" bec="0" bev="0" fileid="1" />
                <SequencePoint vc="1" uspid="48" ordinal="1" offset="1" sl="97" sc="13" el="97" ec="14" bec="0" bev="0" fileid="1" />
                <SequencePoint vc="1" uspid="49" ordinal="2" offset="2" sl="98" sc="17" el="101" ec="19" bec="0" bev="0" fileid="1" />
                <SequencePoint vc="1" uspid="50" ordinal="3" offset="16" sl="102" sc="17" el="102" ec="55" bec="0" bev="0" fileid="1" />
                <SequencePoint vc="1" uspid="51" ordinal="4" offset="29" sl="104" sc="13" el="104" ec="14" bec="0" bev="0" fileid="1" />
                <SequencePoint vc="0" uspid="52" ordinal="5" offset="32" sl="105" sc="13" el="105" ec="30" bec="0" bev="0" fileid="1" />
                <SequencePoint vc="0" uspid="53" ordinal="6" offset="33" sl="106" sc="13" el="106" ec="14" bec="0" bev="0" fileid="1" />
                <SequencePoint vc="0" uspid="54" ordinal="7" offset="34" sl="107" sc="17" el="107" ec="43" bec="0" bev="0" fileid="1" />
                <SequencePoint vc="0" uspid="55" ordinal="8" offset="45" sl="108" sc="13" el="108" ec="14" bec="0" bev="0" fileid="1" />
                <SequencePoint vc="1" uspid="56" ordinal="9" offset="48" sl="109" sc="9" el="109" ec="10" bec="0" bev="0" fileid="1" />
              </SequencePoints>
              <BranchPoints />
              <MethodPoint xsi:type="SequencePoint" vc="1" uspid="47" ordinal="0" offset="0" sl="95" sc="9" el="95" ec="10" bec="0" bev="0" fileid="1" />
            </Method>
            <Method visited="true" cyclomaticComplexity="1" nPathComplexity="0" sequenceCoverage="60" branchCoverage="100" isConstructor="false" isStatic="false" isGetter="false" isSetter="false">
              <Summary numSequencePoints="10" visitedSequencePoints="6" numBranchPoints="1" visitedBranchPoints="1" sequenceCoverage="60" branchCoverage="100" maxCyclomaticComplexity="1" minCyclomaticComplexity="1" visitedClasses="0" numClasses="0" visitedMethods="1" numMethods="1" />
              <MetadataToken>100663302</MetadataToken>
              <Name>System.Void TaskManagerAPI.Tests.Controllers.TaskManagerControllerTest::GetTaskById()</Name>
              <FileRef uid="1" />
              <SequencePoints>
                <SequencePoint vc="1" uspid="57" ordinal="0" offset="0" sl="112" sc="9" el="112" ec="10" bec="0" bev="0" fileid="1" />
                <SequencePoint vc="1" uspid="58" ordinal="1" offset="1" sl="114" sc="13" el="114" ec="14" bec="0" bev="0" fileid="1" />
                <SequencePoint vc="1" uspid="59" ordinal="2" offset="2" sl="115" sc="17" el="118" ec="19" bec="0" bev="0" fileid="1" />
                <SequencePoint vc="1" uspid="60" ordinal="3" offset="16" sl="119" sc="17" el="119" ec="70" bec="0" bev="0" fileid="1" />
                <SequencePoint vc="1" uspid="61" ordinal="4" offset="29" sl="120" sc="13" el="120" ec="14" bec="0" bev="0" fileid="1" />
                <SequencePoint vc="0" uspid="62" ordinal="5" offset="32" sl="121" sc="13" el="121" ec="30" bec="0" bev="0" fileid="1" />
                <SequencePoint vc="0" uspid="63" ordinal="6" offset="33" sl="122" sc="13" el="122" ec="14" bec="0" bev="0" fileid="1" />
                <SequencePoint vc="0" uspid="64" ordinal="7" offset="34" sl="123" sc="17" el="123" ec="43" bec="0" bev="0" fileid="1" />
                <SequencePoint vc="0" uspid="65" ordinal="8" offset="45" sl="124" sc="13" el="124" ec="14" bec="0" bev="0" fileid="1" />
                <SequencePoint vc="1" uspid="66" ordinal="9" offset="48" sl="125" sc="9" el="125" ec="10" bec="0" bev="0" fileid="1" />
              </SequencePoints>
              <BranchPoints />
              <MethodPoint xsi:type="SequencePoint" vc="1" uspid="57" ordinal="0" offset="0" sl="112" sc="9" el="112" ec="10" bec="0" bev="0" fileid="1" />
            </Method>
            <Method visited="true" cyclomaticComplexity="1" nPathComplexity="0" sequenceCoverage="55.56" branchCoverage="100" isConstructor="false" isStatic="false" isGetter="false" isSetter="false">
              <Summary numSequencePoints="9" visitedSequencePoints="5" numBranchPoints="1" visitedBranchPoints="1" sequenceCoverage="55.56" branchCoverage="100" maxCyclomaticComplexity="1" minCyclomaticComplexity="1" visitedClasses="0" numClasses="0" visitedMethods="1" numMethods="1" />
              <MetadataToken>100663303</MetadataToken>
              <Name>System.Void TaskManagerAPI.Tests.Controllers.TaskManagerControllerTest::GetParentTaskDetails()</Name>
              <FileRef uid="1" />
              <SequencePoints>
                <SequencePoint vc="1" uspid="67" ordinal="0" offset="0" sl="128" sc="9" el="128" ec="10" bec="0" bev="0" fileid="1" />
                <SequencePoint vc="1" uspid="68" ordinal="1" offset="1" sl="130" sc="13" el="130" ec="14" bec="0" bev="0" fileid="1" />
                <SequencePoint vc="1" uspid="69" ordinal="2" offset="2" sl="131" sc="17" el="131" ec="75" bec="0" bev="0" fileid="1" />
                <SequencePoint vc="1" uspid="70" ordinal="3" offset="14" sl="132" sc="13" el="132" ec="14" bec="0" bev="0" fileid="1" />
                <SequencePoint vc="0" uspid="71" ordinal="4" offset="17" sl="133" sc="13" el="133" ec="30" bec="0" bev="0" fileid="1" />
                <SequencePoint vc="0" uspid="72" ordinal="5" offset="18" sl="134" sc="13" el="134" ec="14" bec="0" bev="0" fileid="1" />
                <SequencePoint vc="0" uspid="73" ordinal="6" offset="19" sl="135" sc="17" el="135" ec="43" bec="0" bev="0" fileid="1" />
                <SequencePoint vc="0" uspid="74" ordinal="7" offset="30" sl="136" sc="13" el="136" ec="14" bec="0" bev="0" fileid="1" />
                <SequencePoint vc="1" uspid="75" ordinal="8" offset="33" sl="137" sc="9" el="137" ec="10" bec="0" bev="0" fileid="1" />
              </SequencePoints>
              <BranchPoints />
              <MethodPoint xsi:type="SequencePoint" vc="1" uspid="67" ordinal="0" offset="0" sl="128" sc="9" el="128" ec="10" bec="0" bev="0" fileid="1" />
            </Method>
          </Methods>
        </Class>
      </Classes>
    </Module>
    <Module skippedDueTo="MissingPdb" hash="A2-D0-DB-C9-20-FB-37-90-D4-D6-25-E5-C4-7B-E0-42-CA-32-C0-51">
      <ModulePath>C:\TaskManager\TaskMangerAPI\TaskManagerAPI\TaskManagerAPI.Tests\bin\Debug\nunit.framework.dll</ModulePath>
      <ModuleTime>2014-12-16T16:34:34Z</ModuleTime>
      <ModuleName>nunit.framework</ModuleName>
      <Classes />
    </Module>
    <Module skippedDueTo="MissingPdb" hash="F2-ED-FF-09-01-C9-D7-BC-29-AC-A6-93-C5-97-8A-0D-43-DD-8D-F2">
      <ModulePath>C:\TaskManager\TaskMangerAPI\TaskManagerAPI\packages\NUnit.Runners.2.6.4\tools\lib\nunit-console-runner.dll</ModulePath>
      <ModuleTime>2014-12-16T16:34:36Z</ModuleTime>
      <ModuleName>nunit-console-runner</ModuleName>
      <Classes />
    </Module>
    <Module skippedDueTo="Filter" hash="B5-2C-52-19-7F-DE-8E-1A-EE-7C-F3-4D-31-FC-77-A2-C4-49-EE-AB">
      <ModulePath>C:\WINDOWS\Microsoft.Net\assembly\GAC_MSIL\System.Runtime.Remoting\v4.0_4.0.0.0__b77a5c561934e089\System.Runtime.Remoting.dll</ModulePath>
      <ModuleTime>2018-04-11T23:35:17.0134Z</ModuleTime>
      <ModuleName>System.Runtime.Remoting</ModuleName>
      <Classes />
    </Module>
    <Module skippedDueTo="Filter" hash="2A-F4-1C-14-5D-7A-74-B3-03-8B-1D-2A-59-DC-B6-BE-1D-C8-EF-54">
      <ModulePath>C:\WINDOWS\Microsoft.Net\assembly\GAC_MSIL\System.Configuration\v4.0_4.0.0.0__b03f5f7f11d50a3a\System.Configuration.dll</ModulePath>
      <ModuleTime>2018-04-11T23:35:16.9508953Z</ModuleTime>
      <ModuleName>System.Configuration</ModuleName>
      <Classes />
    </Module>
    <Module skippedDueTo="Filter" hash="F2-26-5B-FA-55-E9-5B-BC-DD-3A-32-56-2C-38-71-11-1A-8E-6D-32">
      <ModulePath>C:\WINDOWS\Microsoft.Net\assembly\GAC_MSIL\System.Xml\v4.0_4.0.0.0__b77a5c561934e089\System.Xml.dll</ModulePath>
      <ModuleTime>2018-04-11T23:35:17.0290261Z</ModuleTime>
      <ModuleName>System.Xml</ModuleName>
      <Classes />
    </Module>
    <Module hash="99-80-CF-B0-5B-0B-A9-AA-74-B5-39-81-C1-52-8F-49-CC-96-7D-E4">
      <Summary numSequencePoints="16" visitedSequencePoints="16" numBranchPoints="12" visitedBranchPoints="12" sequenceCoverage="100" branchCoverage="100" maxCyclomaticComplexity="11" minCyclomaticComplexity="1" visitedClasses="2" numClasses="2" visitedMethods="12" numMethods="12" />
      <ModulePath>C:\TaskManager\TaskMangerAPI\TaskManagerAPI\TaskManagerAPI.Tests\bin\Debug\TaskManagerAPI.Helpers.dll</ModulePath>
      <ModuleTime>2018-12-01T05:33:16.8530903Z</ModuleTime>
      <ModuleName>TaskManagerAPI.Helpers</ModuleName>
      <Files>
        <File uid="3" fullPath="C:\TaskManager\TaskMangerAPI\TaskManagerAPI\TaskManagerAPI.Helpers\Mappings\AutoMapperConfiguration.cs" />
      </Files>
      <Classes>
        <Class>
          <Summary numSequencePoints="0" visitedSequencePoints="0" numBranchPoints="0" visitedBranchPoints="0" sequenceCoverage="0" branchCoverage="0" maxCyclomaticComplexity="0" minCyclomaticComplexity="0" visitedClasses="0" numClasses="0" visitedMethods="0" numMethods="0" />
          <FullName>&lt;Module&gt;</FullName>
          <Methods />
        </Class>
        <Class>
          <Summary numSequencePoints="3" visitedSequencePoints="3" numBranchPoints="1" visitedBranchPoints="1" sequenceCoverage="100" branchCoverage="100" maxCyclomaticComplexity="2" minCyclomaticComplexity="1" visitedClasses="1" numClasses="1" visitedMethods="1" numMethods="1" />
          <FullName>TaskManagerAPI.Helpers.Mappings.AutoMapperConfiguration</FullName>
          <Methods>
            <Method visited="true" cyclomaticComplexity="2" nPathComplexity="0" sequenceCoverage="100" branchCoverage="100" isConstructor="false" isStatic="true" isGetter="false" isSetter="false">
              <Summary numSequencePoints="3" visitedSequencePoints="3" numBranchPoints="1" visitedBranchPoints="1" sequenceCoverage="100" branchCoverage="100" maxCyclomaticComplexity="2" minCyclomaticComplexity="2" visitedClasses="0" numClasses="0" visitedMethods="1" numMethods="1" />
              <MetadataToken>100663297</MetadataToken>
              <Name>System.Void TaskManagerAPI.Helpers.Mappings.AutoMapperConfiguration::Configure()</Name>
              <FileRef uid="3" />
              <SequencePoints>
                <SequencePoint vc="1" uspid="76" ordinal="0" offset="0" sl="17" sc="9" el="17" ec="10" bec="0" bev="0" fileid="3" />
                <SequencePoint vc="1" uspid="77" ordinal="1" offset="1" sl="18" sc="13" el="31" ec="16" bec="0" bev="0" fileid="3" />
                <SequencePoint vc="1" uspid="78" ordinal="2" offset="38" sl="32" sc="13" el="32" ec="14" bec="0" bev="0" fileid="3" />
              </SequencePoints>
              <BranchPoints />
              <MethodPoint xsi:type="SequencePoint" vc="1" uspid="76" ordinal="0" offset="0" sl="17" sc="9" el="17" ec="10" bec="0" bev="0" fileid="3" />
            </Method>
            <Method visited="false" cyclomaticComplexity="1" nPathComplexity="0" sequenceCoverage="0" branchCoverage="0" isConstructor="true" isStatic="false" isGetter="false" isSetter="false">
              <Summary numSequencePoints="0" visitedSequencePoints="0" numBranchPoints="0" visitedBranchPoints="0" sequenceCoverage="0" branchCoverage="0" maxCyclomaticComplexity="1" minCyclomaticComplexity="1" visitedClasses="0" numClasses="0" visitedMethods="0" numMethods="0" />
              <MetadataToken>100663298</MetadataToken>
              <Name>System.Void TaskManagerAPI.Helpers.Mappings.AutoMapperConfiguration::.ctor()</Name>
              <SequencePoints />
              <BranchPoints />
              <MethodPoint vc="0" uspid="81" ordinal="0" offset="0" />
            </Method>
          </Methods>
        </Class>
        <Class>
          <Summary numSequencePoints="13" visitedSequencePoints="13" numBranchPoints="11" visitedBranchPoints="11" sequenceCoverage="100" branchCoverage="100" maxCyclomaticComplexity="11" minCyclomaticComplexity="1" visitedClasses="1" numClasses="1" visitedMethods="11" numMethods="11" />
          <FullName>TaskManagerAPI.Helpers.Mappings.AutoMapperConfiguration/&lt;&gt;c</FullName>
          <Methods>
            <Method visited="true" cyclomaticComplexity="1" nPathComplexity="0" sequenceCoverage="0" branchCoverage="0" isConstructor="true" isStatic="true" isGetter="false" isSetter="false">
              <Summary numSequencePoints="0" visitedSequencePoints="0" numBranchPoints="0" visitedBranchPoints="0" sequenceCoverage="0" branchCoverage="0" maxCyclomaticComplexity="1" minCyclomaticComplexity="1" visitedClasses="0" numClasses="0" visitedMethods="0" numMethods="0" />
              <MetadataToken>100663299</MetadataToken>
              <Name>System.Void TaskManagerAPI.Helpers.Mappings.AutoMapperConfiguration/&lt;&gt;c::.cctor()</Name>
              <SequencePoints />
              <BranchPoints />
              <MethodPoint vc="1" uspid="82" ordinal="0" offset="0" />
            </Method>
            <Method visited="true" cyclomaticComplexity="1" nPathComplexity="0" sequenceCoverage="0" branchCoverage="0" isConstructor="true" isStatic="false" isGetter="false" isSetter="false">
              <Summary numSequencePoints="0" visitedSequencePoints="0" numBranchPoints="0" visitedBranchPoints="0" sequenceCoverage="0" branchCoverage="0" maxCyclomaticComplexity="1" minCyclomaticComplexity="1" visitedClasses="0" numClasses="0" visitedMethods="0" numMethods="0" />
              <MetadataToken>100663300</MetadataToken>
              <Name>System.Void TaskManagerAPI.Helpers.Mappings.AutoMapperConfiguration/&lt;&gt;c::.ctor()</Name>
              <SequencePoints />
              <BranchPoints />
              <MethodPoint vc="1" uspid="83" ordinal="0" offset="0" />
            </Method>
            <Method visited="true" cyclomaticComplexity="11" nPathComplexity="0" sequenceCoverage="100" branchCoverage="100" isConstructor="false" isStatic="false" isGetter="false" isSetter="false">
              <Summary numSequencePoints="3" visitedSequencePoints="3" numBranchPoints="1" visitedBranchPoints="1" sequenceCoverage="100" branchCoverage="100" maxCyclomaticComplexity="11" minCyclomaticComplexity="11" visitedClasses="0" numClasses="0" visitedMethods="1" numMethods="1" />
              <MetadataToken>100663301</MetadataToken>
              <Name>System.Void TaskManagerAPI.Helpers.Mappings.AutoMapperConfiguration/&lt;&gt;c::&lt;Configure&gt;b__0_0(AutoMapper.IMapperConfiguration)</Name>
              <FileRef uid="3" />
              <SequencePoints>
                <SequencePoint vc="1" uspid="84" ordinal="0" offset="0" sl="19" sc="13" el="19" ec="14" bec="0" bev="0" fileid="3" />
                <SequencePoint vc="1" uspid="85" ordinal="1" offset="1" sl="20" sc="17" el="30" ec="101" bec="0" bev="0" fileid="3" />
                <SequencePoint vc="1" uspid="86" ordinal="2" offset="1043" sl="31" sc="13" el="31" ec="14" bec="0" bev="0" fileid="3" />
              </SequencePoints>
              <BranchPoints />
              <MethodPoint xsi:type="SequencePoint" vc="1" uspid="84" ordinal="0" offset="0" sl="19" sc="13" el="19" ec="14" bec="0" bev="0" fileid="3" />
            </Method>
            <Method visited="true" cyclomaticComplexity="1" nPathComplexity="0" sequenceCoverage="100" branchCoverage="100" isConstructor="false" isStatic="false" isGetter="false" isSetter="false">
              <Summary numSequencePoints="1" visitedSequencePoints="1" numBranchPoints="1" visitedBranchPoints="1" sequenceCoverage="100" branchCoverage="100" maxCyclomaticComplexity="1" minCyclomaticComplexity="1" visitedClasses="0" numClasses="0" visitedMethods="1" numMethods="1" />
              <MetadataToken>100663302</MetadataToken>
              <Name>System.Void TaskManagerAPI.Helpers.Mappings.AutoMapperConfiguration/&lt;&gt;c::&lt;Configure&gt;b__0_1(AutoMapper.IMemberConfigurationExpression`1&lt;TaskManagerApi.Models.Models.TaskModel&gt;)</Name>
              <FileRef uid="3" />
              <SequencePoints>
                <SequencePoint vc="1" uspid="107" ordinal="0" offset="0" sl="21" sc="57" el="21" ec="87" bec="0" bev="0" fileid="3" />
              </SequencePoints>
              <BranchPoints />
              <MethodPoint xsi:type="SequencePoint" vc="1" uspid="107" ordinal="0" offset="0" sl="21" sc="57" el="21" ec="87" bec="0" bev="0" fileid="3" />
            </Method>
            <Method visited="true" cyclomaticComplexity="1" nPathComplexity="0" sequenceCoverage="100" branchCoverage="100" isConstructor="false" isStatic="false" isGetter="false" isSetter="false">
              <Summary numSequencePoints="1" visitedSequencePoints="1" numBranchPoints="1" visitedBranchPoints="1" sequenceCoverage="100" branchCoverage="100" maxCyclomaticComplexity="1" minCyclomaticComplexity="1" visitedClasses="0" numClasses="0" visitedMethods="1" numMethods="1" />
              <MetadataToken>100663303</MetadataToken>
              <Name>System.Void TaskManagerAPI.Helpers.Mappings.AutoMapperConfiguration/&lt;&gt;c::&lt;Configure&gt;b__0_2(AutoMapper.IMemberConfigurationExpression`1&lt;TaskManagerApi.Models.Models.TaskModel&gt;)</Name>
              <FileRef uid="3" />
              <SequencePoints>
                <SequencePoint vc="1" uspid="108" ordinal="0" offset="0" sl="22" sc="55" el="22" ec="83" bec="0" bev="0" fileid="3" />
              </SequencePoints>
              <BranchPoints />
              <MethodPoint xsi:type="SequencePoint" vc="1" uspid="108" ordinal="0" offset="0" sl="22" sc="55" el="22" ec="83" bec="0" bev="0" fileid="3" />
            </Method>
            <Method visited="true" cyclomaticComplexity="1" nPathComplexity="0" sequenceCoverage="100" branchCoverage="100" isConstructor="false" isStatic="false" isGetter="false" isSetter="false">
              <Summary numSequencePoints="1" visitedSequencePoints="1" numBranchPoints="1" visitedBranchPoints="1" sequenceCoverage="100" branchCoverage="100" maxCyclomaticComplexity="1" minCyclomaticComplexity="1" visitedClasses="0" numClasses="0" visitedMethods="1" numMethods="1" />
              <MetadataToken>100663304</MetadataToken>
              <Name>System.Void TaskManagerAPI.Helpers.Mappings.AutoMapperConfiguration/&lt;&gt;c::&lt;Configure&gt;b__0_3(AutoMapper.IMemberConfigurationExpression`1&lt;TaskManagerApi.Models.Models.TaskModel&gt;)</Name>
              <FileRef uid="3" />
              <SequencePoints>
                <SequencePoint vc="1" uspid="109" ordinal="0" offset="0" sl="23" sc="64" el="23" ec="100" bec="0" bev="0" fileid="3" />
              </SequencePoints>
              <BranchPoints />
              <MethodPoint xsi:type="SequencePoint" vc="1" uspid="109" ordinal="0" offset="0" sl="23" sc="64" el="23" ec="100" bec="0" bev="0" fileid="3" />
            </Method>
            <Method visited="true" cyclomaticComplexity="1" nPathComplexity="0" sequenceCoverage="100" branchCoverage="100" isConstructor="false" isStatic="false" isGetter="false" isSetter="false">
              <Summary numSequencePoints="1" visitedSequencePoints="1" numBranchPoints="1" visitedBranchPoints="1" sequenceCoverage="100" branchCoverage="100" maxCyclomaticComplexity="1" minCyclomaticComplexity="1" visitedClasses="0" numClasses="0" visitedMethods="1" numMethods="1" />
              <MetadataToken>100663305</MetadataToken>
              <Name>System.Void TaskManagerAPI.Helpers.Mappings.AutoMapperConfiguration/&lt;&gt;c::&lt;Configure&gt;b__0_4(AutoMapper.IMemberConfigurationExpression`1&lt;TaskManagerApi.Models.Models.TaskModel&gt;)</Name>
              <FileRef uid="3" />
              <SequencePoints>
                <SequencePoint vc="1" uspid="110" ordinal="0" offset="0" sl="24" sc="60" el="24" ec="93" bec="0" bev="0" fileid="3" />
              </SequencePoints>
              <BranchPoints />
              <MethodPoint xsi:type="SequencePoint" vc="1" uspid="110" ordinal="0" offset="0" sl="24" sc="60" el="24" ec="93" bec="0" bev="0" fileid="3" />
            </Method>
            <Method visited="true" cyclomaticComplexity="1" nPathComplexity="0" sequenceCoverage="100" branchCoverage="100" isConstructor="false" isStatic="false" isGetter="false" isSetter="false">
              <Summary numSequencePoints="1" visitedSequencePoints="1" numBranchPoints="1" visitedBranchPoints="1" sequenceCoverage="100" branchCoverage="100" maxCyclomaticComplexity="1" minCyclomaticComplexity="1" visitedClasses="0" numClasses="0" visitedMethods="1" numMethods="1" />
              <MetadataToken>100663306</MetadataToken>
              <Name>System.Void TaskManagerAPI.Helpers.Mappings.AutoMapperConfiguration/&lt;&gt;c::&lt;Configure&gt;b__0_5(AutoMapper.IMemberConfigurationExpression`1&lt;TaskManagerApi.Models.Models.TaskModel&gt;)</Name>
              <FileRef uid="3" />
              <SequencePoints>
                <SequencePoint vc="1" uspid="111" ordinal="0" offset="0" sl="25" sc="58" el="25" ec="89" bec="0" bev="0" fileid="3" />
              </SequencePoints>
              <BranchPoints />
              <MethodPoint xsi:type="SequencePoint" vc="1" uspid="111" ordinal="0" offset="0" sl="25" sc="58" el="25" ec="89" bec="0" bev="0" fileid="3" />
            </Method>
            <Method visited="true" cyclomaticComplexity="1" nPathComplexity="0" sequenceCoverage="100" branchCoverage="100" isConstructor="false" isStatic="false" isGetter="false" isSetter="false">
              <Summary numSequencePoints="1" visitedSequencePoints="1" numBranchPoints="1" visitedBranchPoints="1" sequenceCoverage="100" branchCoverage="100" maxCyclomaticComplexity="1" minCyclomaticComplexity="1" visitedClasses="0" numClasses="0" visitedMethods="1" numMethods="1" />
              <MetadataToken>100663307</MetadataToken>
              <Name>System.Void TaskManagerAPI.Helpers.Mappings.AutoMapperConfiguration/&lt;&gt;c::&lt;Configure&gt;b__0_6(AutoMapper.IMemberConfigurationExpression`1&lt;TaskManagerApi.Models.Models.TaskModel&gt;)</Name>
              <FileRef uid="3" />
              <SequencePoints>
                <SequencePoint vc="1" uspid="112" ordinal="0" offset="0" sl="26" sc="58" el="26" ec="90" bec="0" bev="0" fileid="3" />
              </SequencePoints>
              <BranchPoints />
              <MethodPoint xsi:type="SequencePoint" vc="1" uspid="112" ordinal="0" offset="0" sl="26" sc="58" el="26" ec="90" bec="0" bev="0" fileid="3" />
            </Method>
            <Method visited="true" cyclomaticComplexity="1" nPathComplexity="0" sequenceCoverage="100" branchCoverage="100" isConstructor="false" isStatic="false" isGetter="false" isSetter="false">
              <Summary numSequencePoints="1" visitedSequencePoints="1" numBranchPoints="1" visitedBranchPoints="1" sequenceCoverage="100" branchCoverage="100" maxCyclomaticComplexity="1" minCyclomaticComplexity="1" visitedClasses="0" numClasses="0" visitedMethods="1" numMethods="1" />
              <MetadataToken>100663308</MetadataToken>
              <Name>System.Void TaskManagerAPI.Helpers.Mappings.AutoMapperConfiguration/&lt;&gt;c::&lt;Configure&gt;b__0_7(AutoMapper.IMemberConfigurationExpression`1&lt;TaskManagerApi.Models.Models.TaskModel&gt;)</Name>
              <FileRef uid="3" />
              <SequencePoints>
                <SequencePoint vc="1" uspid="113" ordinal="0" offset="0" sl="27" sc="60" el="27" ec="93" bec="0" bev="0" fileid="3" />
              </SequencePoints>
              <BranchPoints />
              <MethodPoint xsi:type="SequencePoint" vc="1" uspid="113" ordinal="0" offset="0" sl="27" sc="60" el="27" ec="93" bec="0" bev="0" fileid="3" />
            </Method>
            <Method visited="true" cyclomaticComplexity="1" nPathComplexity="0" sequenceCoverage="100" branchCoverage="100" isConstructor="false" isStatic="false" isGetter="false" isSetter="false">
              <Summary numSequencePoints="1" visitedSequencePoints="1" numBranchPoints="1" visitedBranchPoints="1" sequenceCoverage="100" branchCoverage="100" maxCyclomaticComplexity="1" minCyclomaticComplexity="1" visitedClasses="0" numClasses="0" visitedMethods="1" numMethods="1" />
              <MetadataToken>100663309</MetadataToken>
              <Name>System.Void TaskManagerAPI.Helpers.Mappings.AutoMapperConfiguration/&lt;&gt;c::&lt;Configure&gt;b__0_8(AutoMapper.IMemberConfigurationExpression`1&lt;TaskManagerApi.Models.Models.TaskModel&gt;)</Name>
              <FileRef uid="3" />
              <SequencePoints>
                <SequencePoint vc="1" uspid="114" ordinal="0" offset="0" sl="28" sc="62" el="28" ec="97" bec="0" bev="0" fileid="3" />
              </SequencePoints>
              <BranchPoints />
              <MethodPoint xsi:type="SequencePoint" vc="1" uspid="114" ordinal="0" offset="0" sl="28" sc="62" el="28" ec="97" bec="0" bev="0" fileid="3" />
            </Method>
            <Method visited="true" cyclomaticComplexity="1" nPathComplexity="0" sequenceCoverage="100" branchCoverage="100" isConstructor="false" isStatic="false" isGetter="false" isSetter="false">
              <Summary numSequencePoints="1" visitedSequencePoints="1" numBranchPoints="1" visitedBranchPoints="1" sequenceCoverage="100" branchCoverage="100" maxCyclomaticComplexity="1" minCyclomaticComplexity="1" visitedClasses="0" numClasses="0" visitedMethods="1" numMethods="1" />
              <MetadataToken>100663310</MetadataToken>
              <Name>System.Void TaskManagerAPI.Helpers.Mappings.AutoMapperConfiguration/&lt;&gt;c::&lt;Configure&gt;b__0_9(AutoMapper.IMemberConfigurationExpression`1&lt;TaskManagerApi.Models.Models.TaskModel&gt;)</Name>
              <FileRef uid="3" />
              <SequencePoints>
                <SequencePoint vc="1" uspid="115" ordinal="0" offset="0" sl="29" sc="61" el="29" ec="95" bec="0" bev="0" fileid="3" />
              </SequencePoints>
              <BranchPoints />
              <MethodPoint xsi:type="SequencePoint" vc="1" uspid="115" ordinal="0" offset="0" sl="29" sc="61" el="29" ec="95" bec="0" bev="0" fileid="3" />
            </Method>
            <Method visited="true" cyclomaticComplexity="1" nPathComplexity="0" sequenceCoverage="100" branchCoverage="100" isConstructor="false" isStatic="false" isGetter="false" isSetter="false">
              <Summary numSequencePoints="1" visitedSequencePoints="1" numBranchPoints="1" visitedBranchPoints="1" sequenceCoverage="100" branchCoverage="100" maxCyclomaticComplexity="1" minCyclomaticComplexity="1" visitedClasses="0" numClasses="0" visitedMethods="1" numMethods="1" />
              <MetadataToken>100663311</MetadataToken>
              <Name>System.Void TaskManagerAPI.Helpers.Mappings.AutoMapperConfiguration/&lt;&gt;c::&lt;Configure&gt;b__0_10(AutoMapper.IMemberConfigurationExpression`1&lt;TaskManagerApi.Models.Models.TaskModel&gt;)</Name>
              <FileRef uid="3" />
              <SequencePoints>
                <SequencePoint vc="1" uspid="116" ordinal="0" offset="0" sl="30" sc="63" el="30" ec="99" bec="0" bev="0" fileid="3" />
              </SequencePoints>
              <BranchPoints />
              <MethodPoint xsi:type="SequencePoint" vc="1" uspid="116" ordinal="0" offset="0" sl="30" sc="63" el="30" ec="99" bec="0" bev="0" fileid="3" />
            </Method>
          </Methods>
        </Class>
      </Classes>
    </Module>
    <Module hash="AA-29-76-DD-2A-63-2E-69-1D-6B-10-C9-16-91-FA-9B-36-44-F0-0A">
      <Summary numSequencePoints="1517" visitedSequencePoints="22" numBranchPoints="611" visitedBranchPoints="7" sequenceCoverage="1.45" branchCoverage="1.15" maxCyclomaticComplexity="22" minCyclomaticComplexity="0" visitedClasses="1" numClasses="44" visitedMethods="6" numMethods="291" />
      <ModulePath>C:\TaskManager\TaskMangerAPI\TaskManagerAPI\TaskManagerAPI.Tests\bin\Debug\TaskManagerAPI.dll</ModulePath>
      <ModuleTime>2018-12-01T05:33:21.4730901Z</ModuleTime>
      <ModuleName>TaskManagerAPI</ModuleName>
      <Files>
        <File uid="7" fullPath="C:\TaskManager\TaskMangerAPI\TaskManagerAPI\TaskManagerAPI\App_Start\BundleConfig.cs" />
        <File uid="8" fullPath="C:\TaskManager\TaskMangerAPI\TaskManagerAPI\TaskManagerAPI\App_Start\FilterConfig.cs" />
        <File uid="9" fullPath="C:\TaskManager\TaskMangerAPI\TaskManagerAPI\TaskManagerAPI\App_Start\RouteConfig.cs" />
        <File uid="10" fullPath="C:\TaskManager\TaskMangerAPI\TaskManagerAPI\TaskManagerAPI\App_Start\WebApiConfig.cs" />
        <File uid="11" fullPath="C:\TaskManager\TaskMangerAPI\TaskManagerAPI\TaskManagerAPI\Global.asax.cs" />
        <File uid="12" fullPath="C:\TaskManager\TaskMangerAPI\TaskManagerAPI\TaskManagerAPI\Models\ParentTaskViewModel.cs" />
        <File uid="13" fullPath="C:\TaskManager\TaskMangerAPI\TaskManagerAPI\TaskManagerAPI\Models\TaskViewModel.cs" />
        <File uid="14" fullPath="C:\TaskManager\TaskMangerAPI\TaskManagerAPI\TaskManagerAPI\Controllers\TaskMangerController.cs" />
        <File uid="15" fullPath="C:\TaskManager\TaskMangerAPI\TaskManagerAPI\TaskManagerAPI\Areas\HelpPage\ApiDescriptionExtensions.cs" />
        <File uid="16" fullPath="C:\TaskManager\TaskMangerAPI\TaskManagerAPI\TaskManagerAPI\Areas\HelpPage\App_Start\HelpPageConfig.cs" />
        <File uid="17" fullPath="C:\TaskManager\TaskMangerAPI\TaskManagerAPI\TaskManagerAPI\Areas\HelpPage\HelpPageAreaRegistration.cs" />
        <File uid="18" fullPath="C:\TaskManager\TaskMangerAPI\TaskManagerAPI\TaskManagerAPI\Areas\HelpPage\HelpPageConfigurationExtensions.cs" />
        <File uid="23" fullPath="C:\TaskManager\TaskMangerAPI\TaskManagerAPI\TaskManagerAPI\Areas\HelpPage\SampleGeneration\HelpPageSampleGenerator.cs" />
        <File uid="26" fullPath="C:\TaskManager\TaskMangerAPI\TaskManagerAPI\TaskManagerAPI\Areas\HelpPage\SampleGeneration\HelpPageSampleKey.cs" />
        <File uid="27" fullPath="C:\TaskManager\TaskMangerAPI\TaskManagerAPI\TaskManagerAPI\Areas\HelpPage\SampleGeneration\ImageSample.cs" />
        <File uid="28" fullPath="C:\TaskManager\TaskMangerAPI\TaskManagerAPI\TaskManagerAPI\Areas\HelpPage\SampleGeneration\InvalidSample.cs" />
        <File uid="29" fullPath="C:\TaskManager\TaskMangerAPI\TaskManagerAPI\TaskManagerAPI\Areas\HelpPage\SampleGeneration\ObjectGenerator.cs" />
        <File uid="32" fullPath="C:\TaskManager\TaskMangerAPI\TaskManagerAPI\TaskManagerAPI\Areas\HelpPage\SampleGeneration\TextSample.cs" />
        <File uid="33" fullPath="C:\TaskManager\TaskMangerAPI\TaskManagerAPI\TaskManagerAPI\Areas\HelpPage\XmlDocumentationProvider.cs" />
        <File uid="35" fullPath="C:\TaskManager\TaskMangerAPI\TaskManagerAPI\TaskManagerAPI\Areas\HelpPage\Models\HelpPageApiModel.cs" />
        <File uid="36" fullPath="C:\TaskManager\TaskMangerAPI\TaskManagerAPI\TaskManagerAPI\Areas\HelpPage\ModelDescriptions\CollectionModelDescription.cs" />
        <File uid="37" fullPath="C:\TaskManager\TaskMangerAPI\TaskManagerAPI\TaskManagerAPI\Areas\HelpPage\ModelDescriptions\ComplexTypeModelDescription.cs" />
        <File uid="38" fullPath="C:\TaskManager\TaskMangerAPI\TaskManagerAPI\TaskManagerAPI\Areas\HelpPage\ModelDescriptions\EnumTypeModelDescription.cs" />
        <File uid="39" fullPath="C:\TaskManager\TaskMangerAPI\TaskManagerAPI\TaskManagerAPI\Areas\HelpPage\ModelDescriptions\EnumValueDescription.cs" />
        <File uid="40" fullPath="C:\TaskManager\TaskMangerAPI\TaskManagerAPI\TaskManagerAPI\Areas\HelpPage\ModelDescriptions\KeyValuePairModelDescription.cs" />
        <File uid="41" fullPath="C:\TaskManager\TaskMangerAPI\TaskManagerAPI\TaskManagerAPI\Areas\HelpPage\ModelDescriptions\ModelDescription.cs" />
        <File uid="42" fullPath="C:\TaskManager\TaskMangerAPI\TaskManagerAPI\TaskManagerAPI\Areas\HelpPage\ModelDescriptions\ModelDescriptionGenerator.cs" />
        <File uid="45" fullPath="C:\TaskManager\TaskMangerAPI\TaskManagerAPI\TaskManagerAPI\Areas\HelpPage\ModelDescriptions\ModelNameAttribute.cs" />
        <File uid="46" fullPath="C:\TaskManager\TaskMangerAPI\TaskManagerAPI\TaskManagerAPI\Areas\HelpPage\ModelDescriptions\ModelNameHelper.cs" />
        <File uid="48" fullPath="C:\TaskManager\TaskMangerAPI\TaskManagerAPI\TaskManagerAPI\Areas\HelpPage\ModelDescriptions\ParameterAnnotation.cs" />
        <File uid="49" fullPath="C:\TaskManager\TaskMangerAPI\TaskManagerAPI\TaskManagerAPI\Areas\HelpPage\ModelDescriptions\ParameterDescription.cs" />
        <File uid="50" fullPath="C:\TaskManager\TaskMangerAPI\TaskManagerAPI\TaskManagerAPI\Areas\HelpPage\Controllers\HelpController.cs" />
      </Files>
      <Classes>
        <Class>
          <Summary numSequencePoints="0" visitedSequencePoints="0" numBranchPoints="0" visitedBranchPoints="0" sequenceCoverage="0" branchCoverage="0" maxCyclomaticComplexity="0" minCyclomaticComplexity="0" visitedClasses="0" numClasses="0" visitedMethods="0" numMethods="0" />
          <FullName>&lt;Module&gt;</FullName>
          <Methods />
        </Class>
        <Class>
          <Summary numSequencePoints="0" visitedSequencePoints="0" numBranchPoints="0" visitedBranchPoints="0" sequenceCoverage="0" branchCoverage="0" maxCyclomaticComplexity="10" minCyclomaticComplexity="1" visitedClasses="0" numClasses="0" visitedMethods="0" numMethods="0" />
          <FullName>&lt;&gt;f__AnonymousType0`3</FullName>
          <Methods>
            <Method visited="false" cyclomaticComplexity="1" nPathComplexity="0" sequenceCoverage="0" branchCoverage="0" isConstructor="false" isStatic="false" isGetter="true" isSetter="false">
              <Summary numSequencePoints="0" visitedSequencePoints="0" numBranchPoints="0" visitedBranchPoints="0" sequenceCoverage="0" branchCoverage="0" maxCyclomaticComplexity="1" minCyclomaticComplexity="1" visitedClasses="0" numClasses="0" visitedMethods="0" numMethods="0" />
              <MetadataToken>100663297</MetadataToken>
              <Name>&lt;controller&gt;j__TPar &lt;&gt;f__AnonymousType0`3::get_controller()</Name>
              <SequencePoints />
              <BranchPoints />
              <MethodPoint vc="0" uspid="117" ordinal="0" offset="0" />
            </Method>
            <Method visited="false" cyclomaticComplexity="1" nPathComplexity="0" sequenceCoverage="0" branchCoverage="0" isConstructor="false" isStatic="false" isGetter="true" isSetter="false">
              <Summary numSequencePoints="0" visitedSequencePoints="0" numBranchPoints="0" visitedBranchPoints="0" sequenceCoverage="0" branchCoverage="0" maxCyclomaticComplexity="1" minCyclomaticComplexity="1" visitedClasses="0" numClasses="0" visitedMethods="0" numMethods="0" />
              <MetadataToken>100663298</MetadataToken>
              <Name>&lt;action&gt;j__TPar &lt;&gt;f__AnonymousType0`3::get_action()</Name>
              <SequencePoints />
              <BranchPoints />
              <MethodPoint vc="0" uspid="118" ordinal="0" offset="0" />
            </Method>
            <Method visited="false" cyclomaticComplexity="1" nPathComplexity="0" sequenceCoverage="0" branchCoverage="0" isConstructor="false" isStatic="false" isGetter="true" isSetter="false">
              <Summary numSequencePoints="0" visitedSequencePoints="0" numBranchPoints="0" visitedBranchPoints="0" sequenceCoverage="0" branchCoverage="0" maxCyclomaticComplexity="1" minCyclomaticComplexity="1" visitedClasses="0" numClasses="0" visitedMethods="0" numMethods="0" />
              <MetadataToken>100663299</MetadataToken>
              <Name>&lt;id&gt;j__TPar &lt;&gt;f__AnonymousType0`3::get_id()</Name>
              <SequencePoints />
              <BranchPoints />
              <MethodPoint vc="0" uspid="119" ordinal="0" offset="0" />
            </Method>
            <Method visited="false" cyclomaticComplexity="1" nPathComplexity="0" sequenceCoverage="0" branchCoverage="0" isConstructor="true" isStatic="false" isGetter="false" isSetter="false">
              <Summary numSequencePoints="0" visitedSequencePoints="0" numBranchPoints="0" visitedBranchPoints="0" sequenceCoverage="0" branchCoverage="0" maxCyclomaticComplexity="1" minCyclomaticComplexity="1" visitedClasses="0" numClasses="0" visitedMethods="0" numMethods="0" />
              <MetadataToken>100663300</MetadataToken>
              <Name>System.Void &lt;&gt;f__AnonymousType0`3::.ctor(&lt;controller&gt;j__TPar,&lt;action&gt;j__TPar,&lt;id&gt;j__TPar)</Name>
              <SequencePoints />
              <BranchPoints />
              <MethodPoint vc="0" uspid="120" ordinal="0" offset="0" />
            </Method>
            <Method visited="false" cyclomaticComplexity="4" nPathComplexity="0" sequenceCoverage="0" branchCoverage="0" isConstructor="false" isStatic="false" isGetter="false" isSetter="false">
              <Summary numSequencePoints="0" visitedSequencePoints="0" numBranchPoints="0" visitedBranchPoints="0" sequenceCoverage="0" branchCoverage="0" maxCyclomaticComplexity="4" minCyclomaticComplexity="4" visitedClasses="0" numClasses="0" visitedMethods="0" numMethods="0" />
              <MetadataToken>100663301</MetadataToken>
              <Name>System.Boolean &lt;&gt;f__AnonymousType0`3::Equals(System.Object)</Name>
              <SequencePoints />
              <BranchPoints />
              <MethodPoint vc="0" uspid="121" ordinal="0" offset="0" />
            </Method>
            <Method visited="false" cyclomaticComplexity="1" nPathComplexity="0" sequenceCoverage="0" branchCoverage="0" isConstructor="false" isStatic="false" isGetter="false" isSetter="false">
              <Summary numSequencePoints="0" visitedSequencePoints="0" numBranchPoints="0" visitedBranchPoints="0" sequenceCoverage="0" branchCoverage="0" maxCyclomaticComplexity="1" minCyclomaticComplexity="1" visitedClasses="0" numClasses="0" visitedMethods="0" numMethods="0" />
              <MetadataToken>100663302</MetadataToken>
              <Name>System.Int32 &lt;&gt;f__AnonymousType0`3::GetHashCode()</Name>
              <SequencePoints />
              <BranchPoints />
              <MethodPoint vc="0" uspid="122" ordinal="0" offset="0" />
            </Method>
            <Method visited="false" cyclomaticComplexity="10" nPathComplexity="0" sequenceCoverage="0" branchCoverage="0" isConstructor="false" isStatic="false" isGetter="false" isSetter="false">
              <Summary numSequencePoints="0" visitedSequencePoints="0" numBranchPoints="0" visitedBranchPoints="0" sequenceCoverage="0" branchCoverage="0" maxCyclomaticComplexity="10" minCyclomaticComplexity="10" visitedClasses="0" numClasses="0" visitedMethods="0" numMethods="0" />
              <MetadataToken>100663303</MetadataToken>
              <Name>System.String &lt;&gt;f__AnonymousType0`3::ToString()</Name>
              <SequencePoints />
              <BranchPoints />
              <MethodPoint vc="0" uspid="123" ordinal="0" offset="0" />
            </Method>
          </Methods>
        </Class>
        <Class>
          <Summary numSequencePoints="0" visitedSequencePoints="0" numBranchPoints="0" visitedBranchPoints="0" sequenceCoverage="0" branchCoverage="0" maxCyclomaticComplexity="4" minCyclomaticComplexity="1" visitedClasses="0" numClasses="0" visitedMethods="0" numMethods="0" />
          <FullName>&lt;&gt;f__AnonymousType1`1</FullName>
          <Methods>
            <Method visited="false" cyclomaticComplexity="1" nPathComplexity="0" sequenceCoverage="0" branchCoverage="0" isConstructor="false" isStatic="false" isGetter="true" isSetter="false">
              <Summary numSequencePoints="0" visitedSequencePoints="0" numBranchPoints="0" visitedBranchPoints="0" sequenceCoverage="0" branchCoverage="0" maxCyclomaticComplexity="1" minCyclomaticComplexity="1" visitedClasses="0" numClasses="0" visitedMethods="0" numMethods="0" />
              <MetadataToken>100663304</MetadataToken>
              <Name>&lt;id&gt;j__TPar &lt;&gt;f__AnonymousType1`1::get_id()</Name>
              <SequencePoints />
              <BranchPoints />
              <MethodPoint vc="0" uspid="124" ordinal="0" offset="0" />
            </Method>
            <Method visited="false" cyclomaticComplexity="1" nPathComplexity="0" sequenceCoverage="0" branchCoverage="0" isConstructor="true" isStatic="false" isGetter="false" isSetter="false">
              <Summary numSequencePoints="0" visitedSequencePoints="0" numBranchPoints="0" visitedBranchPoints="0" sequenceCoverage="0" branchCoverage="0" maxCyclomaticComplexity="1" minCyclomaticComplexity="1" visitedClasses="0" numClasses="0" visitedMethods="0" numMethods="0" />
              <MetadataToken>100663305</MetadataToken>
              <Name>System.Void &lt;&gt;f__AnonymousType1`1::.ctor(&lt;id&gt;j__TPar)</Name>
              <SequencePoints />
              <BranchPoints />
              <MethodPoint vc="0" uspid="125" ordinal="0" offset="0" />
            </Method>
            <Method visited="false" cyclomaticComplexity="2" nPathComplexity="0" sequenceCoverage="0" branchCoverage="0" isConstructor="false" isStatic="false" isGetter="false" isSetter="false">
              <Summary numSequencePoints="0" visitedSequencePoints="0" numBranchPoints="0" visitedBranchPoints="0" sequenceCoverage="0" branchCoverage="0" maxCyclomaticComplexity="2" minCyclomaticComplexity="2" visitedClasses="0" numClasses="0" visitedMethods="0" numMethods="0" />
              <MetadataToken>100663306</MetadataToken>
              <Name>System.Boolean &lt;&gt;f__AnonymousType1`1::Equals(System.Object)</Name>
              <SequencePoints />
              <BranchPoints />
              <MethodPoint vc="0" uspid="126" ordinal="0" offset="0" />
            </Method>
            <Method visited="false" cyclomaticComplexity="1" nPathComplexity="0" sequenceCoverage="0" branchCoverage="0" isConstructor="false" isStatic="false" isGetter="false" isSetter="false">
              <Summary numSequencePoints="0" visitedSequencePoints="0" numBranchPoints="0" visitedBranchPoints="0" sequenceCoverage="0" branchCoverage="0" maxCyclomaticComplexity="1" minCyclomaticComplexity="1" visitedClasses="0" numClasses="0" visitedMethods="0" numMethods="0" />
              <MetadataToken>100663307</MetadataToken>
              <Name>System.Int32 &lt;&gt;f__AnonymousType1`1::GetHashCode()</Name>
              <SequencePoints />
              <BranchPoints />
              <MethodPoint vc="0" uspid="127" ordinal="0" offset="0" />
            </Method>
            <Method visited="false" cyclomaticComplexity="4" nPathComplexity="0" sequenceCoverage="0" branchCoverage="0" isConstructor="false" isStatic="false" isGetter="false" isSetter="false">
              <Summary numSequencePoints="0" visitedSequencePoints="0" numBranchPoints="0" visitedBranchPoints="0" sequenceCoverage="0" branchCoverage="0" maxCyclomaticComplexity="4" minCyclomaticComplexity="4" visitedClasses="0" numClasses="0" visitedMethods="0" numMethods="0" />
              <MetadataToken>100663308</MetadataToken>
              <Name>System.String &lt;&gt;f__AnonymousType1`1::ToString()</Name>
              <SequencePoints />
              <BranchPoints />
              <MethodPoint vc="0" uspid="128" ordinal="0" offset="0" />
            </Method>
          </Methods>
        </Class>
        <Class>
          <Summary numSequencePoints="0" visitedSequencePoints="0" numBranchPoints="0" visitedBranchPoints="0" sequenceCoverage="0" branchCoverage="0" maxCyclomaticComplexity="10" minCyclomaticComplexity="1" visitedClasses="0" numClasses="0" visitedMethods="0" numMethods="0" />
          <FullName>&lt;&gt;f__AnonymousType2`3</FullName>
          <Methods>
            <Method visited="false" cyclomaticComplexity="1" nPathComplexity="0" sequenceCoverage="0" branchCoverage="0" isConstructor="false" isStatic="false" isGetter="true" isSetter="false">
              <Summary numSequencePoints="0" visitedSequencePoints="0" numBranchPoints="0" visitedBranchPoints="0" sequenceCoverage="0" branchCoverage="0" maxCyclomaticComplexity="1" minCyclomaticComplexity="1" visitedClasses="0" numClasses="0" visitedMethods="0" numMethods="0" />
              <MetadataToken>100663309</MetadataToken>
              <Name>&lt;controller&gt;j__TPar &lt;&gt;f__AnonymousType2`3::get_controller()</Name>
              <SequencePoints />
              <BranchPoints />
              <MethodPoint vc="0" uspid="129" ordinal="0" offset="0" />
            </Method>
            <Method visited="false" cyclomaticComplexity="1" nPathComplexity="0" sequenceCoverage="0" branchCoverage="0" isConstructor="false" isStatic="false" isGetter="true" isSetter="false">
              <Summary numSequencePoints="0" visitedSequencePoints="0" numBranchPoints="0" visitedBranchPoints="0" sequenceCoverage="0" branchCoverage="0" maxCyclomaticComplexity="1" minCyclomaticComplexity="1" visitedClasses="0" numClasses="0" visitedMethods="0" numMethods="0" />
              <MetadataToken>100663310</MetadataToken>
              <Name>&lt;action&gt;j__TPar &lt;&gt;f__AnonymousType2`3::get_action()</Name>
              <SequencePoints />
              <BranchPoints />
              <MethodPoint vc="0" uspid="130" ordinal="0" offset="0" />
            </Method>
            <Method visited="false" cyclomaticComplexity="1" nPathComplexity="0" sequenceCoverage="0" branchCoverage="0" isConstructor="false" isStatic="false" isGetter="true" isSetter="false">
              <Summary numSequencePoints="0" visitedSequencePoints="0" numBranchPoints="0" visitedBranchPoints="0" sequenceCoverage="0" branchCoverage="0" maxCyclomaticComplexity="1" minCyclomaticComplexity="1" visitedClasses="0" numClasses="0" visitedMethods="0" numMethods="0" />
              <MetadataToken>100663311</MetadataToken>
              <Name>&lt;apiId&gt;j__TPar &lt;&gt;f__AnonymousType2`3::get_apiId()</Name>
              <SequencePoints />
              <BranchPoints />
              <MethodPoint vc="0" uspid="131" ordinal="0" offset="0" />
            </Method>
            <Method visited="false" cyclomaticComplexity="1" nPathComplexity="0" sequenceCoverage="0" branchCoverage="0" isConstructor="true" isStatic="false" isGetter="false" isSetter="false">
              <Summary numSequencePoints="0" visitedSequencePoints="0" numBranchPoints="0" visitedBranchPoints="0" sequenceCoverage="0" branchCoverage="0" maxCyclomaticComplexity="1" minCyclomaticComplexity="1" visitedClasses="0" numClasses="0" visitedMethods="0" numMethods="0" />
              <MetadataToken>100663312</MetadataToken>
              <Name>System.Void &lt;&gt;f__AnonymousType2`3::.ctor(&lt;controller&gt;j__TPar,&lt;action&gt;j__TPar,&lt;apiId&gt;j__TPar)</Name>
              <SequencePoints />
              <BranchPoints />
              <MethodPoint vc="0" uspid="132" ordinal="0" offset="0" />
            </Method>
            <Method visited="false" cyclomaticComplexity="4" nPathComplexity="0" sequenceCoverage="0" branchCoverage="0" isConstructor="false" isStatic="false" isGetter="false" isSetter="false">
              <Summary numSequencePoints="0" visitedSequencePoints="0" numBranchPoints="0" visitedBranchPoints="0" sequenceCoverage="0" branchCoverage="0" maxCyclomaticComplexity="4" minCyclomaticComplexity="4" visitedClasses="0" numClasses="0" visitedMethods="0" numMethods="0" />
              <MetadataToken>100663313</MetadataToken>
              <Name>System.Boolean &lt;&gt;f__AnonymousType2`3::Equals(System.Object)</Name>
              <SequencePoints />
              <BranchPoints />
              <MethodPoint vc="0" uspid="133" ordinal="0" offset="0" />
            </Method>
            <Method visited="false" cyclomaticComplexity="1" nPathComplexity="0" sequenceCoverage="0" branchCoverage="0" isConstructor="false" isStatic="false" isGetter="false" isSetter="false">
              <Summary numSequencePoints="0" visitedSequencePoints="0" numBranchPoints="0" visitedBranchPoints="0" sequenceCoverage="0" branchCoverage="0" maxCyclomaticComplexity="1" minCyclomaticComplexity="1" visitedClasses="0" numClasses="0" visitedMethods="0" numMethods="0" />
              <MetadataToken>100663314</MetadataToken>
              <Name>System.Int32 &lt;&gt;f__AnonymousType2`3::GetHashCode()</Name>
              <SequencePoints />
              <BranchPoints />
              <MethodPoint vc="0" uspid="134" ordinal="0" offset="0" />
            </Method>
            <Method visited="false" cyclomaticComplexity="10" nPathComplexity="0" sequenceCoverage="0" branchCoverage="0" isConstructor="false" isStatic="false" isGetter="false" isSetter="false">
              <Summary numSequencePoints="0" visitedSequencePoints="0" numBranchPoints="0" visitedBranchPoints="0" sequenceCoverage="0" branchCoverage="0" maxCyclomaticComplexity="10" minCyclomaticComplexity="10" visitedClasses="0" numClasses="0" visitedMethods="0" numMethods="0" />
              <MetadataToken>100663315</MetadataToken>
              <Name>System.String &lt;&gt;f__AnonymousType2`3::ToString()</Name>
              <SequencePoints />
              <BranchPoints />
              <MethodPoint vc="0" uspid="135" ordinal="0" offset="0" />
            </Method>
          </Methods>
        </Class>
        <Class>
          <Summary numSequencePoints="6" visitedSequencePoints="0" numBranchPoints="1" visitedBranchPoints="0" sequenceCoverage="0" branchCoverage="0" maxCyclomaticComplexity="1" minCyclomaticComplexity="1" visitedClasses="0" numClasses="1" visitedMethods="0" numMethods="1" />
          <FullName>TaskManagerAPI.BundleConfig</FullName>
          <Methods>
            <Method visited="false" cyclomaticComplexity="1" nPathComplexity="0" sequenceCoverage="0" branchCoverage="0" isConstructor="false" isStatic="true" isGetter="false" isSetter="false">
              <Summary numSequencePoints="6" visitedSequencePoints="0" numBranchPoints="1" visitedBranchPoints="0" sequenceCoverage="0" branchCoverage="0" maxCyclomaticComplexity="1" minCyclomaticComplexity="1" visitedClasses="0" numClasses="0" visitedMethods="0" numMethods="1" />
              <MetadataToken>100663316</MetadataToken>
              <Name>System.Void TaskManagerAPI.BundleConfig::RegisterBundles(System.Web.Optimization.BundleCollection)</Name>
              <FileRef uid="7" />
              <SequencePoints>
                <SequencePoint vc="0" uspid="136" ordinal="0" offset="0" sl="10" sc="9" el="10" ec="10" bec="0" bev="0" fileid="7" />
                <SequencePoint vc="0" uspid="137" ordinal="1" offset="1" sl="11" sc="13" el="12" ec="59" bec="0" bev="0" fileid="7" />
                <SequencePoint vc="0" uspid="138" ordinal="2" offset="34" sl="16" sc="13" el="17" ec="51" bec="0" bev="0" fileid="7" />
                <SequencePoint vc="0" uspid="139" ordinal="3" offset="67" sl="19" sc="13" el="21" ec="48" bec="0" bev="0" fileid="7" />
                <SequencePoint vc="0" uspid="140" ordinal="4" offset="111" sl="23" sc="13" el="25" ec="46" bec="0" bev="0" fileid="7" />
                <SequencePoint vc="0" uspid="141" ordinal="5" offset="155" sl="26" sc="9" el="26" ec="10" bec="0" bev="0" fileid="7" />
              </SequencePoints>
              <BranchPoints />
              <MethodPoint xsi:type="SequencePoint" vc="0" uspid="136" ordinal="0" offset="0" sl="10" sc="9" el="10" ec="10" bec="0" bev="0" fileid="7" />
            </Method>
            <Method visited="false" cyclomaticComplexity="1" nPathComplexity="0" sequenceCoverage="0" branchCoverage="0" isConstructor="true" isStatic="false" isGetter="false" isSetter="false">
              <Summary numSequencePoints="0" visitedSequencePoints="0" numBranchPoints="0" visitedBranchPoints="0" sequenceCoverage="0" branchCoverage="0" maxCyclomaticComplexity="1" minCyclomaticComplexity="1" visitedClasses="0" numClasses="0" visitedMethods="0" numMethods="0" />
              <MetadataToken>100663317</MetadataToken>
              <Name>System.Void TaskManagerAPI.BundleConfig::.ctor()</Name>
              <SequencePoints />
              <BranchPoints />
              <MethodPoint vc="0" uspid="142" ordinal="0" offset="0" />
            </Method>
          </Methods>
        </Class>
        <Class>
          <Summary numSequencePoints="3" visitedSequencePoints="0" numBranchPoints="1" visitedBranchPoints="0" sequenceCoverage="0" branchCoverage="0" maxCyclomaticComplexity="1" minCyclomaticComplexity="1" visitedClasses="0" numClasses="1" visitedMethods="0" numMethods="1" />
          <FullName>TaskManagerAPI.FilterConfig</FullName>
          <Methods>
            <Method visited="false" cyclomaticComplexity="1" nPathComplexity="0" sequenceCoverage="0" branchCoverage="0" isConstructor="false" isStatic="true" isGetter="false" isSetter="false">
              <Summary numSequencePoints="3" visitedSequencePoints="0" numBranchPoints="1" visitedBranchPoints="0" sequenceCoverage="0" branchCoverage="0" maxCyclomaticComplexity="1" minCyclomaticComplexity="1" visitedClasses="0" numClasses="0" visitedMethods="0" numMethods="1" />
              <MetadataToken>100663318</MetadataToken>
              <Name>System.Void TaskManagerAPI.FilterConfig::RegisterGlobalFilters(System.Web.Mvc.GlobalFilterCollection)</Name>
              <FileRef uid="8" />
              <SequencePoints>
                <SequencePoint vc="0" uspid="143" ordinal="0" offset="0" sl="9" sc="9" el="9" ec="10" bec="0" bev="0" fileid="8" />
                <SequencePoint vc="0" uspid="144" ordinal="1" offset="1" sl="10" sc="13" el="10" ec="53" bec="0" bev="0" fileid="8" />
                <SequencePoint vc="0" uspid="145" ordinal="2" offset="13" sl="11" sc="9" el="11" ec="10" bec="0" bev="0" fileid="8" />
              </SequencePoints>
              <BranchPoints />
              <MethodPoint xsi:type="SequencePoint" vc="0" uspid="143" ordinal="0" offset="0" sl="9" sc="9" el="9" ec="10" bec="0" bev="0" fileid="8" />
            </Method>
            <Method visited="false" cyclomaticComplexity="1" nPathComplexity="0" sequenceCoverage="0" branchCoverage="0" isConstructor="true" isStatic="false" isGetter="false" isSetter="false">
              <Summary numSequencePoints="0" visitedSequencePoints="0" numBranchPoints="0" visitedBranchPoints="0" sequenceCoverage="0" branchCoverage="0" maxCyclomaticComplexity="1" minCyclomaticComplexity="1" visitedClasses="0" numClasses="0" visitedMethods="0" numMethods="0" />
              <MetadataToken>100663319</MetadataToken>
              <Name>System.Void TaskManagerAPI.FilterConfig::.ctor()</Name>
              <SequencePoints />
              <BranchPoints />
              <MethodPoint vc="0" uspid="146" ordinal="0" offset="0" />
            </Method>
          </Methods>
        </Class>
        <Class>
          <Summary numSequencePoints="4" visitedSequencePoints="0" numBranchPoints="1" visitedBranchPoints="0" sequenceCoverage="0" branchCoverage="0" maxCyclomaticComplexity="1" minCyclomaticComplexity="1" visitedClasses="0" numClasses="1" visitedMethods="0" numMethods="1" />
          <FullName>TaskManagerAPI.RouteConfig</FullName>
          <Methods>
            <Method visited="false" cyclomaticComplexity="1" nPathComplexity="0" sequenceCoverage="0" branchCoverage="0" isConstructor="false" isStatic="true" isGetter="false" isSetter="false">
              <Summary numSequencePoints="4" visitedSequencePoints="0" numBranchPoints="1" visitedBranchPoints="0" sequenceCoverage="0" branchCoverage="0" maxCyclomaticComplexity="1" minCyclomaticComplexity="1" visitedClasses="0" numClasses="0" visitedMethods="0" numMethods="1" />
              <MetadataToken>100663320</MetadataToken>
              <Name>System.Void TaskManagerAPI.RouteConfig::RegisterRoutes(System.Web.Routing.RouteCollection)</Name>
              <FileRef uid="9" />
              <SequencePoints>
                <SequencePoint vc="0" uspid="147" ordinal="0" offset="0" sl="13" sc="9" el="13" ec="10" bec="0" bev="0" fileid="9" />
                <SequencePoint vc="0" uspid="148" ordinal="1" offset="1" sl="14" sc="13" el="14" ec="62" bec="0" bev="0" fileid="9" />
                <SequencePoint vc="0" uspid="149" ordinal="2" offset="13" sl="16" sc="13" el="20" ec="15" bec="0" bev="0" fileid="9" />
                <SequencePoint vc="0" uspid="150" ordinal="3" offset="50" sl="21" sc="9" el="21" ec="10" bec="0" bev="0" fileid="9" />
              </SequencePoints>
              <BranchPoints />
              <MethodPoint xsi:type="SequencePoint" vc="0" uspid="147" ordinal="0" offset="0" sl="13" sc="9" el="13" ec="10" bec="0" bev="0" fileid="9" />
            </Method>
            <Method visited="false" cyclomaticComplexity="1" nPathComplexity="0" sequenceCoverage="0" branchCoverage="0" isConstructor="true" isStatic="false" isGetter="false" isSetter="false">
              <Summary numSequencePoints="0" visitedSequencePoints="0" numBranchPoints="0" visitedBranchPoints="0" sequenceCoverage="0" branchCoverage="0" maxCyclomaticComplexity="1" minCyclomaticComplexity="1" visitedClasses="0" numClasses="0" visitedMethods="0" numMethods="0" />
              <MetadataToken>100663321</MetadataToken>
              <Name>System.Void TaskManagerAPI.RouteConfig::.ctor()</Name>
              <SequencePoints />
              <BranchPoints />
              <MethodPoint vc="0" uspid="151" ordinal="0" offset="0" />
            </Method>
          </Methods>
        </Class>
        <Class>
          <Summary numSequencePoints="5" visitedSequencePoints="0" numBranchPoints="1" visitedBranchPoints="0" sequenceCoverage="0" branchCoverage="0" maxCyclomaticComplexity="1" minCyclomaticComplexity="1" visitedClasses="0" numClasses="1" visitedMethods="0" numMethods="1" />
          <FullName>TaskManagerAPI.WebApiConfig</FullName>
          <Methods>
            <Method visited="false" cyclomaticComplexity="1" nPathComplexity="0" sequenceCoverage="0" branchCoverage="0" isConstructor="false" isStatic="true" isGetter="false" isSetter="false">
              <Summary numSequencePoints="5" visitedSequencePoints="0" numBranchPoints="1" visitedBranchPoints="0" sequenceCoverage="0" branchCoverage="0" maxCyclomaticComplexity="1" minCyclomaticComplexity="1" visitedClasses="0" numClasses="0" visitedMethods="0" numMethods="1" />
              <MetadataToken>100663322</MetadataToken>
              <Name>System.Void TaskManagerAPI.WebApiConfig::Register(System.Web.Http.HttpConfiguration)</Name>
              <FileRef uid="10" />
              <SequencePoints>
                <SequencePoint vc="0" uspid="152" ordinal="0" offset="0" sl="12" sc="9" el="12" ec="10" bec="0" bev="0" fileid="10" />
                <SequencePoint vc="0" uspid="153" ordinal="1" offset="1" sl="19" sc="13" el="19" ec="45" bec="0" bev="0" fileid="10" />
                <SequencePoint vc="0" uspid="154" ordinal="2" offset="8" sl="20" sc="13" el="20" ec="33" bec="0" bev="0" fileid="10" />
                <SequencePoint vc="0" uspid="155" ordinal="3" offset="15" sl="22" sc="13" el="26" ec="15" bec="0" bev="0" fileid="10" />
                <SequencePoint vc="0" uspid="156" ordinal="4" offset="47" sl="27" sc="9" el="27" ec="10" bec="0" bev="0" fileid="10" />
              </SequencePoints>
              <BranchPoints />
              <MethodPoint xsi:type="SequencePoint" vc="0" uspid="152" ordinal="0" offset="0" sl="12" sc="9" el="12" ec="10" bec="0" bev="0" fileid="10" />
            </Method>
          </Methods>
        </Class>
        <Class>
          <Summary numSequencePoints="8" visitedSequencePoints="0" numBranchPoints="1" visitedBranchPoints="0" sequenceCoverage="0" branchCoverage="0" maxCyclomaticComplexity="1" minCyclomaticComplexity="1" visitedClasses="0" numClasses="1" visitedMethods="0" numMethods="1" />
          <FullName>TaskManagerAPI.WebApiApplication</FullName>
          <Methods>
            <Method visited="false" cyclomaticComplexity="1" nPathComplexity="0" sequenceCoverage="0" branchCoverage="0" isConstructor="false" isStatic="false" isGetter="false" isSetter="false">
              <Summary numSequencePoints="8" visitedSequencePoints="0" numBranchPoints="1" visitedBranchPoints="0" sequenceCoverage="0" branchCoverage="0" maxCyclomaticComplexity="1" minCyclomaticComplexity="1" visitedClasses="0" numClasses="0" visitedMethods="0" numMethods="1" />
              <MetadataToken>100663323</MetadataToken>
              <Name>System.Void TaskManagerAPI.WebApiApplication::Application_Start()</Name>
              <FileRef uid="11" />
              <SequencePoints>
                <SequencePoint vc="0" uspid="157" ordinal="0" offset="0" sl="16" sc="9" el="16" ec="10" bec="0" bev="0" fileid="11" />
                <SequencePoint vc="0" uspid="158" ordinal="1" offset="1" sl="17" sc="13" el="17" ec="49" bec="0" bev="0" fileid="11" />
                <SequencePoint vc="0" uspid="159" ordinal="2" offset="7" sl="18" sc="13" el="18" ec="66" bec="0" bev="0" fileid="11" />
                <SequencePoint vc="0" uspid="160" ordinal="3" offset="25" sl="19" sc="13" el="19" ec="71" bec="0" bev="0" fileid="11" />
                <SequencePoint vc="0" uspid="161" ordinal="4" offset="36" sl="20" sc="13" el="20" ec="59" bec="0" bev="0" fileid="11" />
                <SequencePoint vc="0" uspid="162" ordinal="5" offset="47" sl="21" sc="13" el="21" ec="63" bec="0" bev="0" fileid="11" />
                <SequencePoint vc="0" uspid="163" ordinal="6" offset="58" sl="22" sc="13" el="22" ec="49" bec="0" bev="0" fileid="11" />
                <SequencePoint vc="0" uspid="164" ordinal="7" offset="64" sl="23" sc="9" el="23" ec="10" bec="0" bev="0" fileid="11" />
              </SequencePoints>
              <BranchPoints />
              <MethodPoint xsi:type="SequencePoint" vc="0" uspid="157" ordinal="0" offset="0" sl="16" sc="9" el="16" ec="10" bec="0" bev="0" fileid="11" />
            </Method>
            <Method visited="false" cyclomaticComplexity="1" nPathComplexity="0" sequenceCoverage="0" branchCoverage="0" isConstructor="true" isStatic="false" isGetter="false" isSetter="false">
              <Summary numSequencePoints="0" visitedSequencePoints="0" numBranchPoints="0" visitedBranchPoints="0" sequenceCoverage="0" branchCoverage="0" maxCyclomaticComplexity="1" minCyclomaticComplexity="1" visitedClasses="0" numClasses="0" visitedMethods="0" numMethods="0" />
              <MetadataToken>100663324</MetadataToken>
              <Name>System.Void TaskManagerAPI.WebApiApplication::.ctor()</Name>
              <SequencePoints />
              <BranchPoints />
              <MethodPoint vc="0" uspid="165" ordinal="0" offset="0" />
            </Method>
          </Methods>
        </Class>
        <Class>
          <Summary numSequencePoints="12" visitedSequencePoints="0" numBranchPoints="12" visitedBranchPoints="0" sequenceCoverage="0" branchCoverage="0" maxCyclomaticComplexity="1" minCyclomaticComplexity="1" visitedClasses="0" numClasses="1" visitedMethods="0" numMethods="12" />
          <FullName>TaskManagerAPI.Models.ParentTaskViewModel</FullName>
          <Methods>
            <Method visited="false" cyclomaticComplexity="1" nPathComplexity="0" sequenceCoverage="0" branchCoverage="0" isConstructor="false" isStatic="false" isGetter="true" isSetter="false">
              <Summary numSequencePoints="1" visitedSequencePoints="0" numBranchPoints="1" visitedBranchPoints="0" sequenceCoverage="0" branchCoverage="0" maxCyclomaticComplexity="1" minCyclomaticComplexity="1" visitedClasses="0" numClasses="0" visitedMethods="0" numMethods="1" />
              <MetadataToken>100663325</MetadataToken>
              <Name>System.Int32 TaskManagerAPI.Models.ParentTaskViewModel::get_ParentTaskId()</Name>
              <FileRef uid="12" />
              <SequencePoints>
                <SequencePoint vc="0" uspid="166" ordinal="0" offset="0" sl="10" sc="35" el="10" ec="39" bec="0" bev="0" fileid="12" />
              </SequencePoints>
              <BranchPoints />
              <MethodPoint xsi:type="SequencePoint" vc="0" uspid="166" ordinal="0" offset="0" sl="10" sc="35" el="10" ec="39" bec="0" bev="0" fileid="12" />
            </Method>
            <Method visited="false" cyclomaticComplexity="1" nPathComplexity="0" sequenceCoverage="0" branchCoverage="0" isConstructor="false" isStatic="false" isGetter="false" isSetter="true">
              <Summary numSequencePoints="1" visitedSequencePoints="0" numBranchPoints="1" visitedBranchPoints="0" sequenceCoverage="0" branchCoverage="0" maxCyclomaticComplexity="1" minCyclomaticComplexity="1" visitedClasses="0" numClasses="0" visitedMethods="0" numMethods="1" />
              <MetadataToken>100663326</MetadataToken>
              <Name>System.Void TaskManagerAPI.Models.ParentTaskViewModel::set_ParentTaskId(System.Int32)</Name>
              <FileRef uid="12" />
              <SequencePoints>
                <SequencePoint vc="0" uspid="167" ordinal="0" offset="0" sl="10" sc="40" el="10" ec="44" bec="0" bev="0" fileid="12" />
              </SequencePoints>
              <BranchPoints />
              <MethodPoint xsi:type="SequencePoint" vc="0" uspid="167" ordinal="0" offset="0" sl="10" sc="40" el="10" ec="44" bec="0" bev="0" fileid="12" />
            </Method>
            <Method visited="false" cyclomaticComplexity="1" nPathComplexity="0" sequenceCoverage="0" branchCoverage="0" isConstructor="false" isStatic="false" isGetter="true" isSetter="false">
              <Summary numSequencePoints="1" visitedSequencePoints="0" numBranchPoints="1" visitedBranchPoints="0" sequenceCoverage="0" branchCoverage="0" maxCyclomaticComplexity="1" minCyclomaticComplexity="1" visitedClasses="0" numClasses="0" visitedMethods="0" numMethods="1" />
              <MetadataToken>100663327</MetadataToken>
              <Name>System.String TaskManagerAPI.Models.ParentTaskViewModel::get_ParentTask()</Name>
              <FileRef uid="12" />
              <SequencePoints>
                <SequencePoint vc="0" uspid="168" ordinal="0" offset="0" sl="11" sc="36" el="11" ec="40" bec="0" bev="0" fileid="12" />
              </SequencePoints>
              <BranchPoints />
              <MethodPoint xsi:type="SequencePoint" vc="0" uspid="168" ordinal="0" offset="0" sl="11" sc="36" el="11" ec="40" bec="0" bev="0" fileid="12" />
            </Method>
            <Method visited="false" cyclomaticComplexity="1" nPathComplexity="0" sequenceCoverage="0" branchCoverage="0" isConstructor="false" isStatic="false" isGetter="false" isSetter="true">
              <Summary numSequencePoints="1" visitedSequencePoints="0" numBranchPoints="1" visitedBranchPoints="0" sequenceCoverage="0" branchCoverage="0" maxCyclomaticComplexity="1" minCyclomaticComplexity="1" visitedClasses="0" numClasses="0" visitedMethods="0" numMethods="1" />
              <MetadataToken>100663328</MetadataToken>
              <Name>System.Void TaskManagerAPI.Models.ParentTaskViewModel::set_ParentTask(System.String)</Name>
              <FileRef uid="12" />
              <SequencePoints>
                <SequencePoint vc="0" uspid="169" ordinal="0" offset="0" sl="11" sc="41" el="11" ec="45" bec="0" bev="0" fileid="12" />
              </SequencePoints>
              <BranchPoints />
              <MethodPoint xsi:type="SequencePoint" vc="0" uspid="169" ordinal="0" offset="0" sl="11" sc="41" el="11" ec="45" bec="0" bev="0" fileid="12" />
            </Method>
            <Method visited="false" cyclomaticComplexity="1" nPathComplexity="0" sequenceCoverage="0" branchCoverage="0" isConstructor="false" isStatic="false" isGetter="true" isSetter="false">
              <Summary numSequencePoints="1" visitedSequencePoints="0" numBranchPoints="1" visitedBranchPoints="0" sequenceCoverage="0" branchCoverage="0" maxCyclomaticComplexity="1" minCyclomaticComplexity="1" visitedClasses="0" numClasses="0" visitedMethods="0" numMethods="1" />
              <MetadataToken>100663329</MetadataToken>
              <Name>System.String TaskManagerAPI.Models.ParentTaskViewModel::get_CreatedBy()</Name>
              <FileRef uid="12" />
              <SequencePoints>
                <SequencePoint vc="0" uspid="170" ordinal="0" offset="0" sl="12" sc="35" el="12" ec="39" bec="0" bev="0" fileid="12" />
              </SequencePoints>
              <BranchPoints />
              <MethodPoint xsi:type="SequencePoint" vc="0" uspid="170" ordinal="0" offset="0" sl="12" sc="35" el="12" ec="39" bec="0" bev="0" fileid="12" />
            </Method>
            <Method visited="false" cyclomaticComplexity="1" nPathComplexity="0" sequenceCoverage="0" branchCoverage="0" isConstructor="false" isStatic="false" isGetter="false" isSetter="true">
              <Summary numSequencePoints="1" visitedSequencePoints="0" numBranchPoints="1" visitedBranchPoints="0" sequenceCoverage="0" branchCoverage="0" maxCyclomaticComplexity="1" minCyclomaticComplexity="1" visitedClasses="0" numClasses="0" visitedMethods="0" numMethods="1" />
              <MetadataToken>100663330</MetadataToken>
              <Name>System.Void TaskManagerAPI.Models.ParentTaskViewModel::set_CreatedBy(System.String)</Name>
              <FileRef uid="12" />
              <SequencePoints>
                <SequencePoint vc="0" uspid="171" ordinal="0" offset="0" sl="12" sc="40" el="12" ec="44" bec="0" bev="0" fileid="12" />
              </SequencePoints>
              <BranchPoints />
              <MethodPoint xsi:type="SequencePoint" vc="0" uspid="171" ordinal="0" offset="0" sl="12" sc="40" el="12" ec="44" bec="0" bev="0" fileid="12" />
            </Method>
            <Method visited="false" cyclomaticComplexity="1" nPathComplexity="0" sequenceCoverage="0" branchCoverage="0" isConstructor="false" isStatic="false" isGetter="true" isSetter="false">
              <Summary numSequencePoints="1" visitedSequencePoints="0" numBranchPoints="1" visitedBranchPoints="0" sequenceCoverage="0" branchCoverage="0" maxCyclomaticComplexity="1" minCyclomaticComplexity="1" visitedClasses="0" numClasses="0" visitedMethods="0" numMethods="1" />
              <MetadataToken>100663331</MetadataToken>
              <Name>System.DateTime TaskManagerAPI.Models.ParentTaskViewModel::get_CreatedDate()</Name>
              <FileRef uid="12" />
              <SequencePoints>
                <SequencePoint vc="0" uspid="172" ordinal="0" offset="0" sl="13" sc="39" el="13" ec="43" bec="0" bev="0" fileid="12" />
              </SequencePoints>
              <BranchPoints />
              <MethodPoint xsi:type="SequencePoint" vc="0" uspid="172" ordinal="0" offset="0" sl="13" sc="39" el="13" ec="43" bec="0" bev="0" fileid="12" />
            </Method>
            <Method visited="false" cyclomaticComplexity="1" nPathComplexity="0" sequenceCoverage="0" branchCoverage="0" isConstructor="false" isStatic="false" isGetter="false" isSetter="true">
              <Summary numSequencePoints="1" visitedSequencePoints="0" numBranchPoints="1" visitedBranchPoints="0" sequenceCoverage="0" branchCoverage="0" maxCyclomaticComplexity="1" minCyclomaticComplexity="1" visitedClasses="0" numClasses="0" visitedMethods="0" numMethods="1" />
              <MetadataToken>100663332</MetadataToken>
              <Name>System.Void TaskManagerAPI.Models.ParentTaskViewModel::set_CreatedDate(System.DateTime)</Name>
              <FileRef uid="12" />
              <SequencePoints>
                <SequencePoint vc="0" uspid="173" ordinal="0" offset="0" sl="13" sc="44" el="13" ec="48" bec="0" bev="0" fileid="12" />
              </SequencePoints>
              <BranchPoints />
              <MethodPoint xsi:type="SequencePoint" vc="0" uspid="173" ordinal="0" offset="0" sl="13" sc="44" el="13" ec="48" bec="0" bev="0" fileid="12" />
            </Method>
            <Method visited="false" cyclomaticComplexity="1" nPathComplexity="0" sequenceCoverage="0" branchCoverage="0" isConstructor="false" isStatic="false" isGetter="true" isSetter="false">
              <Summary numSequencePoints="1" visitedSequencePoints="0" numBranchPoints="1" visitedBranchPoints="0" sequenceCoverage="0" branchCoverage="0" maxCyclomaticComplexity="1" minCyclomaticComplexity="1" visitedClasses="0" numClasses="0" visitedMethods="0" numMethods="1" />
              <MetadataToken>100663333</MetadataToken>
              <Name>System.String TaskManagerAPI.Models.ParentTaskViewModel::get_ModifiedBy()</Name>
              <FileRef uid="12" />
              <SequencePoints>
                <SequencePoint vc="0" uspid="174" ordinal="0" offset="0" sl="14" sc="36" el="14" ec="40" bec="0" bev="0" fileid="12" />
              </SequencePoints>
              <BranchPoints />
              <MethodPoint xsi:type="SequencePoint" vc="0" uspid="174" ordinal="0" offset="0" sl="14" sc="36" el="14" ec="40" bec="0" bev="0" fileid="12" />
            </Method>
            <Method visited="false" cyclomaticComplexity="1" nPathComplexity="0" sequenceCoverage="0" branchCoverage="0" isConstructor="false" isStatic="false" isGetter="false" isSetter="true">
              <Summary numSequencePoints="1" visitedSequencePoints="0" numBranchPoints="1" visitedBranchPoints="0" sequenceCoverage="0" branchCoverage="0" maxCyclomaticComplexity="1" minCyclomaticComplexity="1" visitedClasses="0" numClasses="0" visitedMethods="0" numMethods="1" />
              <MetadataToken>100663334</MetadataToken>
              <Name>System.Void TaskManagerAPI.Models.ParentTaskViewModel::set_ModifiedBy(System.String)</Name>
              <FileRef uid="12" />
              <SequencePoints>
                <SequencePoint vc="0" uspid="175" ordinal="0" offset="0" sl="14" sc="41" el="14" ec="45" bec="0" bev="0" fileid="12" />
              </SequencePoints>
              <BranchPoints />
              <MethodPoint xsi:type="SequencePoint" vc="0" uspid="175" ordinal="0" offset="0" sl="14" sc="41" el="14" ec="45" bec="0" bev="0" fileid="12" />
            </Method>
            <Method visited="false" cyclomaticComplexity="1" nPathComplexity="0" sequenceCoverage="0" branchCoverage="0" isConstructor="false" isStatic="false" isGetter="true" isSetter="false">
              <Summary numSequencePoints="1" visitedSequencePoints="0" numBranchPoints="1" visitedBranchPoints="0" sequenceCoverage="0" branchCoverage="0" maxCyclomaticComplexity="1" minCyclomaticComplexity="1" visitedClasses="0" numClasses="0" visitedMethods="0" numMethods="1" />
              <MetadataToken>100663335</MetadataToken>
              <Name>System.Nullable`1&lt;System.DateTime&gt; TaskManagerAPI.Models.ParentTaskViewModel::get_ModifiedDate()</Name>
              <FileRef uid="12" />
              <SequencePoints>
                <SequencePoint vc="0" uspid="176" ordinal="0" offset="0" sl="15" sc="41" el="15" ec="45" bec="0" bev="0" fileid="12" />
              </SequencePoints>
              <BranchPoints />
              <MethodPoint xsi:type="SequencePoint" vc="0" uspid="176" ordinal="0" offset="0" sl="15" sc="41" el="15" ec="45" bec="0" bev="0" fileid="12" />
            </Method>
            <Method visited="false" cyclomaticComplexity="1" nPathComplexity="0" sequenceCoverage="0" branchCoverage="0" isConstructor="false" isStatic="false" isGetter="false" isSetter="true">
              <Summary numSequencePoints="1" visitedSequencePoints="0" numBranchPoints="1" visitedBranchPoints="0" sequenceCoverage="0" branchCoverage="0" maxCyclomaticComplexity="1" minCyclomaticComplexity="1" visitedClasses="0" numClasses="0" visitedMethods="0" numMethods="1" />
              <MetadataToken>100663336</MetadataToken>
              <Name>System.Void TaskManagerAPI.Models.ParentTaskViewModel::set_ModifiedDate(System.Nullable`1&lt;System.DateTime&gt;)</Name>
              <FileRef uid="12" />
              <SequencePoints>
                <SequencePoint vc="0" uspid="177" ordinal="0" offset="0" sl="15" sc="46" el="15" ec="50" bec="0" bev="0" fileid="12" />
              </SequencePoints>
              <BranchPoints />
              <MethodPoint xsi:type="SequencePoint" vc="0" uspid="177" ordinal="0" offset="0" sl="15" sc="46" el="15" ec="50" bec="0" bev="0" fileid="12" />
            </Method>
            <Method visited="false" cyclomaticComplexity="1" nPathComplexity="0" sequenceCoverage="0" branchCoverage="0" isConstructor="true" isStatic="false" isGetter="false" isSetter="false">
              <Summary numSequencePoints="0" visitedSequencePoints="0" numBranchPoints="0" visitedBranchPoints="0" sequenceCoverage="0" branchCoverage="0" maxCyclomaticComplexity="1" minCyclomaticComplexity="1" visitedClasses="0" numClasses="0" visitedMethods="0" numMethods="0" />
              <MetadataToken>100663337</MetadataToken>
              <Name>System.Void TaskManagerAPI.Models.ParentTaskViewModel::.ctor()</Name>
              <SequencePoints />
              <BranchPoints />
              <MethodPoint vc="0" uspid="178" ordinal="0" offset="0" />
            </Method>
          </Methods>
        </Class>
        <Class>
          <Summary numSequencePoints="20" visitedSequencePoints="0" numBranchPoints="20" visitedBranchPoints="0" sequenceCoverage="0" branchCoverage="0" maxCyclomaticComplexity="1" minCyclomaticComplexity="1" visitedClasses="0" numClasses="1" visitedMethods="0" numMethods="20" />
          <FullName>TaskManagerAPI.Models.TaskViewModel</FullName>
          <Methods>
            <Method visited="false" cyclomaticComplexity="1" nPathComplexity="0" sequenceCoverage="0" branchCoverage="0" isConstructor="false" isStatic="false" isGetter="true" isSetter="false">
              <Summary numSequencePoints="1" visitedSequencePoints="0" numBranchPoints="1" visitedBranchPoints="0" sequenceCoverage="0" branchCoverage="0" maxCyclomaticComplexity="1" minCyclomaticComplexity="1" visitedClasses="0" numClasses="0" visitedMethods="0" numMethods="1" />
              <MetadataToken>100663338</MetadataToken>
              <Name>System.Int32 TaskManagerAPI.Models.TaskViewModel::get_TaskId()</Name>
              <FileRef uid="13" />
              <SequencePoints>
                <SequencePoint vc="0" uspid="179" ordinal="0" offset="0" sl="10" sc="29" el="10" ec="33" bec="0" bev="0" fileid="13" />
              </SequencePoints>
              <BranchPoints />
              <MethodPoint xsi:type="SequencePoint" vc="0" uspid="179" ordinal="0" offset="0" sl="10" sc="29" el="10" ec="33" bec="0" bev="0" fileid="13" />
            </Method>
            <Method visited="false" cyclomaticComplexity="1" nPathComplexity="0" sequenceCoverage="0" branchCoverage="0" isConstructor="false" isStatic="false" isGetter="false" isSetter="true">
              <Summary numSequencePoints="1" visitedSequencePoints="0" numBranchPoints="1" visitedBranchPoints="0" sequenceCoverage="0" branchCoverage="0" maxCyclomaticComplexity="1" minCyclomaticComplexity="1" visitedClasses="0" numClasses="0" visitedMethods="0" numMethods="1" />
              <MetadataToken>100663339</MetadataToken>
              <Name>System.Void TaskManagerAPI.Models.TaskViewModel::set_TaskId(System.Int32)</Name>
              <FileRef uid="13" />
              <SequencePoints>
                <SequencePoint vc="0" uspid="180" ordinal="0" offset="0" sl="10" sc="34" el="10" ec="38" bec="0" bev="0" fileid="13" />
              </SequencePoints>
              <BranchPoints />
              <MethodPoint xsi:type="SequencePoint" vc="0" uspid="180" ordinal="0" offset="0" sl="10" sc="34" el="10" ec="38" bec="0" bev="0" fileid="13" />
            </Method>
            <Method visited="false" cyclomaticComplexity="1" nPathComplexity="0" sequenceCoverage="0" branchCoverage="0" isConstructor="false" isStatic="false" isGetter="true" isSetter="false">
              <Summary numSequencePoints="1" visitedSequencePoints="0" numBranchPoints="1" visitedBranchPoints="0" sequenceCoverage="0" branchCoverage="0" maxCyclomaticComplexity="1" minCyclomaticComplexity="1" visitedClasses="0" numClasses="0" visitedMethods="0" numMethods="1" />
              <MetadataToken>100663340</MetadataToken>
              <Name>System.Int32 TaskManagerAPI.Models.TaskViewModel::get_ParentTaskId()</Name>
              <FileRef uid="13" />
              <SequencePoints>
                <SequencePoint vc="0" uspid="181" ordinal="0" offset="0" sl="11" sc="35" el="11" ec="39" bec="0" bev="0" fileid="13" />
              </SequencePoints>
              <BranchPoints />
              <MethodPoint xsi:type="SequencePoint" vc="0" uspid="181" ordinal="0" offset="0" sl="11" sc="35" el="11" ec="39" bec="0" bev="0" fileid="13" />
            </Method>
            <Method visited="false" cyclomaticComplexity="1" nPathComplexity="0" sequenceCoverage="0" branchCoverage="0" isConstructor="false" isStatic="false" isGetter="false" isSetter="true">
              <Summary numSequencePoints="1" visitedSequencePoints="0" numBranchPoints="1" visitedBranchPoints="0" sequenceCoverage="0" branchCoverage="0" maxCyclomaticComplexity="1" minCyclomaticComplexity="1" visitedClasses="0" numClasses="0" visitedMethods="0" numMethods="1" />
              <MetadataToken>100663341</MetadataToken>
              <Name>System.Void TaskManagerAPI.Models.TaskViewModel::set_ParentTaskId(System.Int32)</Name>
              <FileRef uid="13" />
              <SequencePoints>
                <SequencePoint vc="0" uspid="182" ordinal="0" offset="0" sl="11" sc="40" el="11" ec="44" bec="0" bev="0" fileid="13" />
              </SequencePoints>
              <BranchPoints />
              <MethodPoint xsi:type="SequencePoint" vc="0" uspid="182" ordinal="0" offset="0" sl="11" sc="40" el="11" ec="44" bec="0" bev="0" fileid="13" />
            </Method>
            <Method visited="false" cyclomaticComplexity="1" nPathComplexity="0" sequenceCoverage="0" branchCoverage="0" isConstructor="false" isStatic="false" isGetter="true" isSetter="false">
              <Summary numSequencePoints="1" visitedSequencePoints="0" numBranchPoints="1" visitedBranchPoints="0" sequenceCoverage="0" branchCoverage="0" maxCyclomaticComplexity="1" minCyclomaticComplexity="1" visitedClasses="0" numClasses="0" visitedMethods="0" numMethods="1" />
              <MetadataToken>100663342</MetadataToken>
              <Name>System.String TaskManagerAPI.Models.TaskViewModel::get_Task()</Name>
              <FileRef uid="13" />
              <SequencePoints>
                <SequencePoint vc="0" uspid="183" ordinal="0" offset="0" sl="12" sc="30" el="12" ec="34" bec="0" bev="0" fileid="13" />
              </SequencePoints>
              <BranchPoints />
              <MethodPoint xsi:type="SequencePoint" vc="0" uspid="183" ordinal="0" offset="0" sl="12" sc="30" el="12" ec="34" bec="0" bev="0" fileid="13" />
            </Method>
            <Method visited="false" cyclomaticComplexity="1" nPathComplexity="0" sequenceCoverage="0" branchCoverage="0" isConstructor="false" isStatic="false" isGetter="false" isSetter="true">
              <Summary numSequencePoints="1" visitedSequencePoints="0" numBranchPoints="1" visitedBranchPoints="0" sequenceCoverage="0" branchCoverage="0" maxCyclomaticComplexity="1" minCyclomaticComplexity="1" visitedClasses="0" numClasses="0" visitedMethods="0" numMethods="1" />
              <MetadataToken>100663343</MetadataToken>
              <Name>System.Void TaskManagerAPI.Models.TaskViewModel::set_Task(System.String)</Name>
              <FileRef uid="13" />
              <SequencePoints>
                <SequencePoint vc="0" uspid="184" ordinal="0" offset="0" sl="12" sc="35" el="12" ec="39" bec="0" bev="0" fileid="13" />
              </SequencePoints>
              <BranchPoints />
              <MethodPoint xsi:type="SequencePoint" vc="0" uspid="184" ordinal="0" offset="0" sl="12" sc="35" el="12" ec="39" bec="0" bev="0" fileid="13" />
            </Method>
            <Method visited="false" cyclomaticComplexity="1" nPathComplexity="0" sequenceCoverage="0" branchCoverage="0" isConstructor="false" isStatic="false" isGetter="true" isSetter="false">
              <Summary numSequencePoints="1" visitedSequencePoints="0" numBranchPoints="1" visitedBranchPoints="0" sequenceCoverage="0" branchCoverage="0" maxCyclomaticComplexity="1" minCyclomaticComplexity="1" visitedClasses="0" numClasses="0" visitedMethods="0" numMethods="1" />
              <MetadataToken>100663344</MetadataToken>
              <Name>System.DateTime TaskManagerAPI.Models.TaskViewModel::get_StartDate()</Name>
              <FileRef uid="13" />
              <SequencePoints>
                <SequencePoint vc="0" uspid="185" ordinal="0" offset="0" sl="13" sc="37" el="13" ec="41" bec="0" bev="0" fileid="13" />
              </SequencePoints>
              <BranchPoints />
              <MethodPoint xsi:type="SequencePoint" vc="0" uspid="185" ordinal="0" offset="0" sl="13" sc="37" el="13" ec="41" bec="0" bev="0" fileid="13" />
            </Method>
            <Method visited="false" cyclomaticComplexity="1" nPathComplexity="0" sequenceCoverage="0" branchCoverage="0" isConstructor="false" isStatic="false" isGetter="false" isSetter="true">
              <Summary numSequencePoints="1" visitedSequencePoints="0" numBranchPoints="1" visitedBranchPoints="0" sequenceCoverage="0" branchCoverage="0" maxCyclomaticComplexity="1" minCyclomaticComplexity="1" visitedClasses="0" numClasses="0" visitedMethods="0" numMethods="1" />
              <MetadataToken>100663345</MetadataToken>
              <Name>System.Void TaskManagerAPI.Models.TaskViewModel::set_StartDate(System.DateTime)</Name>
              <FileRef uid="13" />
              <SequencePoints>
                <SequencePoint vc="0" uspid="186" ordinal="0" offset="0" sl="13" sc="42" el="13" ec="46" bec="0" bev="0" fileid="13" />
              </SequencePoints>
              <BranchPoints />
              <MethodPoint xsi:type="SequencePoint" vc="0" uspid="186" ordinal="0" offset="0" sl="13" sc="42" el="13" ec="46" bec="0" bev="0" fileid="13" />
            </Method>
            <Method visited="false" cyclomaticComplexity="1" nPathComplexity="0" sequenceCoverage="0" branchCoverage="0" isConstructor="false" isStatic="false" isGetter="true" isSetter="false">
              <Summary numSequencePoints="1" visitedSequencePoints="0" numBranchPoints="1" visitedBranchPoints="0" sequenceCoverage="0" branchCoverage="0" maxCyclomaticComplexity="1" minCyclomaticComplexity="1" visitedClasses="0" numClasses="0" visitedMethods="0" numMethods="1" />
              <MetadataToken>100663346</MetadataToken>
              <Name>System.DateTime TaskManagerAPI.Models.TaskViewModel::get_EndDate()</Name>
              <FileRef uid="13" />
              <SequencePoints>
                <SequencePoint vc="0" uspid="187" ordinal="0" offset="0" sl="14" sc="35" el="14" ec="39" bec="0" bev="0" fileid="13" />
              </SequencePoints>
              <BranchPoints />
              <MethodPoint xsi:type="SequencePoint" vc="0" uspid="187" ordinal="0" offset="0" sl="14" sc="35" el="14" ec="39" bec="0" bev="0" fileid="13" />
            </Method>
            <Method visited="false" cyclomaticComplexity="1" nPathComplexity="0" sequenceCoverage="0" branchCoverage="0" isConstructor="false" isStatic="false" isGetter="false" isSetter="true">
              <Summary numSequencePoints="1" visitedSequencePoints="0" numBranchPoints="1" visitedBranchPoints="0" sequenceCoverage="0" branchCoverage="0" maxCyclomaticComplexity="1" minCyclomaticComplexity="1" visitedClasses="0" numClasses="0" visitedMethods="0" numMethods="1" />
              <MetadataToken>100663347</MetadataToken>
              <Name>System.Void TaskManagerAPI.Models.TaskViewModel::set_EndDate(System.DateTime)</Name>
              <FileRef uid="13" />
              <SequencePoints>
                <SequencePoint vc="0" uspid="188" ordinal="0" offset="0" sl="14" sc="40" el="14" ec="44" bec="0" bev="0" fileid="13" />
              </SequencePoints>
              <BranchPoints />
              <MethodPoint xsi:type="SequencePoint" vc="0" uspid="188" ordinal="0" offset="0" sl="14" sc="40" el="14" ec="44" bec="0" bev="0" fileid="13" />
            </Method>
            <Method visited="false" cyclomaticComplexity="1" nPathComplexity="0" sequenceCoverage="0" branchCoverage="0" isConstructor="false" isStatic="false" isGetter="true" isSetter="false">
              <Summary numSequencePoints="1" visitedSequencePoints="0" numBranchPoints="1" visitedBranchPoints="0" sequenceCoverage="0" branchCoverage="0" maxCyclomaticComplexity="1" minCyclomaticComplexity="1" visitedClasses="0" numClasses="0" visitedMethods="0" numMethods="1" />
              <MetadataToken>100663348</MetadataToken>
              <Name>System.Int32 TaskManagerAPI.Models.TaskViewModel::get_Priority()</Name>
              <FileRef uid="13" />
              <SequencePoints>
                <SequencePoint vc="0" uspid="189" ordinal="0" offset="0" sl="15" sc="31" el="15" ec="35" bec="0" bev="0" fileid="13" />
              </SequencePoints>
              <BranchPoints />
              <MethodPoint xsi:type="SequencePoint" vc="0" uspid="189" ordinal="0" offset="0" sl="15" sc="31" el="15" ec="35" bec="0" bev="0" fileid="13" />
            </Method>
            <Method visited="false" cyclomaticComplexity="1" nPathComplexity="0" sequenceCoverage="0" branchCoverage="0" isConstructor="false" isStatic="false" isGetter="false" isSetter="true">
              <Summary numSequencePoints="1" visitedSequencePoints="0" numBranchPoints="1" visitedBranchPoints="0" sequenceCoverage="0" branchCoverage="0" maxCyclomaticComplexity="1" minCyclomaticComplexity="1" visitedClasses="0" numClasses="0" visitedMethods="0" numMethods="1" />
              <MetadataToken>100663349</MetadataToken>
              <Name>System.Void TaskManagerAPI.Models.TaskViewModel::set_Priority(System.Int32)</Name>
              <FileRef uid="13" />
              <SequencePoints>
                <SequencePoint vc="0" uspid="190" ordinal="0" offset="0" sl="15" sc="36" el="15" ec="40" bec="0" bev="0" fileid="13" />
              </SequencePoints>
              <BranchPoints />
              <MethodPoint xsi:type="SequencePoint" vc="0" uspid="190" ordinal="0" offset="0" sl="15" sc="36" el="15" ec="40" bec="0" bev="0" fileid="13" />
            </Method>
            <Method visited="false" cyclomaticComplexity="1" nPathComplexity="0" sequenceCoverage="0" branchCoverage="0" isConstructor="false" isStatic="false" isGetter="true" isSetter="false">
              <Summary numSequencePoints="1" visitedSequencePoints="0" numBranchPoints="1" visitedBranchPoints="0" sequenceCoverage="0" branchCoverage="0" maxCyclomaticComplexity="1" minCyclomaticComplexity="1" visitedClasses="0" numClasses="0" visitedMethods="0" numMethods="1" />
              <MetadataToken>100663350</MetadataToken>
              <Name>System.String TaskManagerAPI.Models.TaskViewModel::get_CreatedBy()</Name>
              <FileRef uid="13" />
              <SequencePoints>
                <SequencePoint vc="0" uspid="191" ordinal="0" offset="0" sl="16" sc="35" el="16" ec="39" bec="0" bev="0" fileid="13" />
              </SequencePoints>
              <BranchPoints />
              <MethodPoint xsi:type="SequencePoint" vc="0" uspid="191" ordinal="0" offset="0" sl="16" sc="35" el="16" ec="39" bec="0" bev="0" fileid="13" />
            </Method>
            <Method visited="false" cyclomaticComplexity="1" nPathComplexity="0" sequenceCoverage="0" branchCoverage="0" isConstructor="false" isStatic="false" isGetter="false" isSetter="true">
              <Summary numSequencePoints="1" visitedSequencePoints="0" numBranchPoints="1" visitedBranchPoints="0" sequenceCoverage="0" branchCoverage="0" maxCyclomaticComplexity="1" minCyclomaticComplexity="1" visitedClasses="0" numClasses="0" visitedMethods="0" numMethods="1" />
              <MetadataToken>100663351</MetadataToken>
              <Name>System.Void TaskManagerAPI.Models.TaskViewModel::set_CreatedBy(System.String)</Name>
              <FileRef uid="13" />
              <SequencePoints>
                <SequencePoint vc="0" uspid="192" ordinal="0" offset="0" sl="16" sc="40" el="16" ec="44" bec="0" bev="0" fileid="13" />
              </SequencePoints>
              <BranchPoints />
              <MethodPoint xsi:type="SequencePoint" vc="0" uspid="192" ordinal="0" offset="0" sl="16" sc="40" el="16" ec="44" bec="0" bev="0" fileid="13" />
            </Method>
            <Method visited="false" cyclomaticComplexity="1" nPathComplexity="0" sequenceCoverage="0" branchCoverage="0" isConstructor="false" isStatic="false" isGetter="true" isSetter="false">
              <Summary numSequencePoints="1" visitedSequencePoints="0" numBranchPoints="1" visitedBranchPoints="0" sequenceCoverage="0" branchCoverage="0" maxCyclomaticComplexity="1" minCyclomaticComplexity="1" visitedClasses="0" numClasses="0" visitedMethods="0" numMethods="1" />
              <MetadataToken>100663352</MetadataToken>
              <Name>System.DateTime TaskManagerAPI.Models.TaskViewModel::get_CreatedDate()</Name>
              <FileRef uid="13" />
              <SequencePoints>
                <SequencePoint vc="0" uspid="193" ordinal="0" offset="0" sl="17" sc="39" el="17" ec="43" bec="0" bev="0" fileid="13" />
              </SequencePoints>
              <BranchPoints />
              <MethodPoint xsi:type="SequencePoint" vc="0" uspid="193" ordinal="0" offset="0" sl="17" sc="39" el="17" ec="43" bec="0" bev="0" fileid="13" />
            </Method>
            <Method visited="false" cyclomaticComplexity="1" nPathComplexity="0" sequenceCoverage="0" branchCoverage="0" isConstructor="false" isStatic="false" isGetter="false" isSetter="true">
              <Summary numSequencePoints="1" visitedSequencePoints="0" numBranchPoints="1" visitedBranchPoints="0" sequenceCoverage="0" branchCoverage="0" maxCyclomaticComplexity="1" minCyclomaticComplexity="1" visitedClasses="0" numClasses="0" visitedMethods="0" numMethods="1" />
              <MetadataToken>100663353</MetadataToken>
              <Name>System.Void TaskManagerAPI.Models.TaskViewModel::set_CreatedDate(System.DateTime)</Name>
              <FileRef uid="13" />
              <SequencePoints>
                <SequencePoint vc="0" uspid="194" ordinal="0" offset="0" sl="17" sc="44" el="17" ec="48" bec="0" bev="0" fileid="13" />
              </SequencePoints>
              <BranchPoints />
              <MethodPoint xsi:type="SequencePoint" vc="0" uspid="194" ordinal="0" offset="0" sl="17" sc="44" el="17" ec="48" bec="0" bev="0" fileid="13" />
            </Method>
            <Method visited="false" cyclomaticComplexity="1" nPathComplexity="0" sequenceCoverage="0" branchCoverage="0" isConstructor="false" isStatic="false" isGetter="true" isSetter="false">
              <Summary numSequencePoints="1" visitedSequencePoints="0" numBranchPoints="1" visitedBranchPoints="0" sequenceCoverage="0" branchCoverage="0" maxCyclomaticComplexity="1" minCyclomaticComplexity="1" visitedClasses="0" numClasses="0" visitedMethods="0" numMethods="1" />
              <MetadataToken>100663354</MetadataToken>
              <Name>System.String TaskManagerAPI.Models.TaskViewModel::get_ModifiedBy()</Name>
              <FileRef uid="13" />
              <SequencePoints>
                <SequencePoint vc="0" uspid="195" ordinal="0" offset="0" sl="18" sc="36" el="18" ec="40" bec="0" bev="0" fileid="13" />
              </SequencePoints>
              <BranchPoints />
              <MethodPoint xsi:type="SequencePoint" vc="0" uspid="195" ordinal="0" offset="0" sl="18" sc="36" el="18" ec="40" bec="0" bev="0" fileid="13" />
            </Method>
            <Method visited="false" cyclomaticComplexity="1" nPathComplexity="0" sequenceCoverage="0" branchCoverage="0" isConstructor="false" isStatic="false" isGetter="false" isSetter="true">
              <Summary numSequencePoints="1" visitedSequencePoints="0" numBranchPoints="1" visitedBranchPoints="0" sequenceCoverage="0" branchCoverage="0" maxCyclomaticComplexity="1" minCyclomaticComplexity="1" visitedClasses="0" numClasses="0" visitedMethods="0" numMethods="1" />
              <MetadataToken>100663355</MetadataToken>
              <Name>System.Void TaskManagerAPI.Models.TaskViewModel::set_ModifiedBy(System.String)</Name>
              <FileRef uid="13" />
              <SequencePoints>
                <SequencePoint vc="0" uspid="196" ordinal="0" offset="0" sl="18" sc="41" el="18" ec="45" bec="0" bev="0" fileid="13" />
              </SequencePoints>
              <BranchPoints />
              <MethodPoint xsi:type="SequencePoint" vc="0" uspid="196" ordinal="0" offset="0" sl="18" sc="41" el="18" ec="45" bec="0" bev="0" fileid="13" />
            </Method>
            <Method visited="false" cyclomaticComplexity="1" nPathComplexity="0" sequenceCoverage="0" branchCoverage="0" isConstructor="false" isStatic="false" isGetter="true" isSetter="false">
              <Summary numSequencePoints="1" visitedSequencePoints="0" numBranchPoints="1" visitedBranchPoints="0" sequenceCoverage="0" branchCoverage="0" maxCyclomaticComplexity="1" minCyclomaticComplexity="1" visitedClasses="0" numClasses="0" visitedMethods="0" numMethods="1" />
              <MetadataToken>100663356</MetadataToken>
              <Name>System.Nullable`1&lt;System.DateTime&gt; TaskManagerAPI.Models.TaskViewModel::get_ModifiedDate()</Name>
              <FileRef uid="13" />
              <SequencePoints>
                <SequencePoint vc="0" uspid="197" ordinal="0" offset="0" sl="19" sc="41" el="19" ec="45" bec="0" bev="0" fileid="13" />
              </SequencePoints>
              <BranchPoints />
              <MethodPoint xsi:type="SequencePoint" vc="0" uspid="197" ordinal="0" offset="0" sl="19" sc="41" el="19" ec="45" bec="0" bev="0" fileid="13" />
            </Method>
            <Method visited="false" cyclomaticComplexity="1" nPathComplexity="0" sequenceCoverage="0" branchCoverage="0" isConstructor="false" isStatic="false" isGetter="false" isSetter="true">
              <Summary numSequencePoints="1" visitedSequencePoints="0" numBranchPoints="1" visitedBranchPoints="0" sequenceCoverage="0" branchCoverage="0" maxCyclomaticComplexity="1" minCyclomaticComplexity="1" visitedClasses="0" numClasses="0" visitedMethods="0" numMethods="1" />
              <MetadataToken>100663357</MetadataToken>
              <Name>System.Void TaskManagerAPI.Models.TaskViewModel::set_ModifiedDate(System.Nullable`1&lt;System.DateTime&gt;)</Name>
              <FileRef uid="13" />
              <SequencePoints>
                <SequencePoint vc="0" uspid="198" ordinal="0" offset="0" sl="19" sc="46" el="19" ec="50" bec="0" bev="0" fileid="13" />
              </SequencePoints>
              <BranchPoints />
              <MethodPoint xsi:type="SequencePoint" vc="0" uspid="198" ordinal="0" offset="0" sl="19" sc="46" el="19" ec="50" bec="0" bev="0" fileid="13" />
            </Method>
            <Method visited="false" cyclomaticComplexity="1" nPathComplexity="0" sequenceCoverage="0" branchCoverage="0" isConstructor="true" isStatic="false" isGetter="false" isSetter="false">
              <Summary numSequencePoints="0" visitedSequencePoints="0" numBranchPoints="0" visitedBranchPoints="0" sequenceCoverage="0" branchCoverage="0" maxCyclomaticComplexity="1" minCyclomaticComplexity="1" visitedClasses="0" numClasses="0" visitedMethods="0" numMethods="0" />
              <MetadataToken>100663358</MetadataToken>
              <Name>System.Void TaskManagerAPI.Models.TaskViewModel::.ctor()</Name>
              <SequencePoints />
              <BranchPoints />
              <MethodPoint vc="0" uspid="199" ordinal="0" offset="0" />
            </Method>
          </Methods>
        </Class>
        <Class>
          <Summary numSequencePoints="22" visitedSequencePoints="22" numBranchPoints="8" visitedBranchPoints="7" sequenceCoverage="100" branchCoverage="87.5" maxCyclomaticComplexity="2" minCyclomaticComplexity="1" visitedClasses="1" numClasses="1" visitedMethods="6" numMethods="6" />
          <FullName>TaskManagerAPI.Controllers.TaskMangerController</FullName>
          <Methods>
            <Method visited="true" cyclomaticComplexity="1" nPathComplexity="0" sequenceCoverage="100" branchCoverage="100" isConstructor="true" isStatic="false" isGetter="false" isSetter="false">
              <Summary numSequencePoints="4" visitedSequencePoints="4" numBranchPoints="1" visitedBranchPoints="1" sequenceCoverage="100" branchCoverage="100" maxCyclomaticComplexity="1" minCyclomaticComplexity="1" visitedClasses="0" numClasses="0" visitedMethods="1" numMethods="1" />
              <MetadataToken>100663359</MetadataToken>
              <Name>System.Void TaskManagerAPI.Controllers.TaskMangerController::.ctor()</Name>
              <FileRef uid="14" />
              <SequencePoints>
                <SequencePoint vc="1" uspid="200" ordinal="0" offset="0" sl="18" sc="9" el="18" ec="38" bec="0" bev="0" fileid="14" />
                <SequencePoint vc="1" uspid="201" ordinal="1" offset="7" sl="19" sc="9" el="19" ec="10" bec="0" bev="0" fileid="14" />
                <SequencePoint vc="1" uspid="202" ordinal="2" offset="8" sl="20" sc="13" el="20" ec="55" bec="0" bev="0" fileid="14" />
                <SequencePoint vc="1" uspid="203" ordinal="3" offset="19" sl="21" sc="9" el="21" ec="10" bec="0" bev="0" fileid="14" />
              </SequencePoints>
              <BranchPoints />
              <MethodPoint xsi:type="SequencePoint" vc="1" uspid="200" ordinal="0" offset="0" sl="18" sc="9" el="18" ec="38" bec="0" bev="0" fileid="14" />
            </Method>
            <Method visited="true" cyclomaticComplexity="1" nPathComplexity="0" sequenceCoverage="100" branchCoverage="100" isConstructor="false" isStatic="false" isGetter="false" isSetter="false">
              <Summary numSequencePoints="3" visitedSequencePoints="3" numBranchPoints="1" visitedBranchPoints="1" sequenceCoverage="100" branchCoverage="100" maxCyclomaticComplexity="1" minCyclomaticComplexity="1" visitedClasses="0" numClasses="0" visitedMethods="1" numMethods="1" />
              <MetadataToken>100663360</MetadataToken>
              <Name>System.Void TaskManagerAPI.Controllers.TaskMangerController::AddTask(TaskManagerApi.Models.Models.TaskModel)</Name>
              <FileRef uid="14" />
              <SequencePoints>
                <SequencePoint vc="2" uspid="204" ordinal="0" offset="0" sl="24" sc="9" el="24" ec="10" bec="0" bev="0" fileid="14" />
                <SequencePoint vc="2" uspid="205" ordinal="1" offset="1" sl="25" sc="13" el="25" ec="53" bec="0" bev="0" fileid="14" />
                <SequencePoint vc="1" uspid="206" ordinal="2" offset="14" sl="26" sc="9" el="26" ec="10" bec="0" bev="0" fileid="14" />
              </SequencePoints>
              <BranchPoints />
              <MethodPoint xsi:type="SequencePoint" vc="2" uspid="204" ordinal="0" offset="0" sl="24" sc="9" el="24" ec="10" bec="0" bev="0" fileid="14" />
            </Method>
            <Method visited="true" cyclomaticComplexity="1" nPathComplexity="0" sequenceCoverage="100" branchCoverage="100" isConstructor="false" isStatic="false" isGetter="false" isSetter="false">
              <Summary numSequencePoints="3" visitedSequencePoints="3" numBranchPoints="1" visitedBranchPoints="1" sequenceCoverage="100" branchCoverage="100" maxCyclomaticComplexity="1" minCyclomaticComplexity="1" visitedClasses="0" numClasses="0" visitedMethods="1" numMethods="1" />
              <MetadataToken>100663361</MetadataToken>
              <Name>System.Collections.Generic.List`1&lt;TaskManagerApi.Models.Models.TaskDetailsModel&gt; TaskManagerAPI.Controllers.TaskMangerController::ViewTasks(TaskManagerApi.Models.Models.TaskSearchModel)</Name>
              <FileRef uid="14" />
              <SequencePoints>
                <SequencePoint vc="1" uspid="207" ordinal="0" offset="0" sl="29" sc="9" el="29" ec="10" bec="0" bev="0" fileid="14" />
                <SequencePoint vc="1" uspid="208" ordinal="1" offset="1" sl="30" sc="12" el="30" ec="70" bec="0" bev="0" fileid="14" />
                <SequencePoint vc="1" uspid="209" ordinal="2" offset="16" sl="31" sc="9" el="31" ec="10" bec="0" bev="0" fileid="14" />
              </SequencePoints>
              <BranchPoints />
              <MethodPoint xsi:type="SequencePoint" vc="1" uspid="207" ordinal="0" offset="0" sl="29" sc="9" el="29" ec="10" bec="0" bev="0" fileid="14" />
            </Method>
            <Method visited="true" cyclomaticComplexity="2" nPathComplexity="2" sequenceCoverage="100" branchCoverage="66.67" isConstructor="false" isStatic="false" isGetter="false" isSetter="false">
              <Summary numSequencePoints="5" visitedSequencePoints="5" numBranchPoints="3" visitedBranchPoints="2" sequenceCoverage="100" branchCoverage="66.67" maxCyclomaticComplexity="2" minCyclomaticComplexity="2" visitedClasses="0" numClasses="0" visitedMethods="1" numMethods="1" />
              <MetadataToken>100663362</MetadataToken>
              <Name>System.Void TaskManagerAPI.Controllers.TaskMangerController::DeleteTask(TaskManagerApi.Models.Models.TaskModel)</Name>
              <FileRef uid="14" />
              <SequencePoints>
                <SequencePoint vc="1" uspid="210" ordinal="0" offset="0" sl="35" sc="9" el="35" ec="10" bec="0" bev="0" fileid="14" />
                <SequencePoint vc="1" uspid="211" ordinal="1" offset="1" sl="36" sc="13" el="36" ec="79" bec="0" bev="0" fileid="14" />
                <SequencePoint vc="1" uspid="212" ordinal="2" offset="19" sl="37" sc="13" el="37" ec="27" bec="2" bev="1" fileid="14" />
                <SequencePoint vc="1" uspid="213" ordinal="3" offset="27" sl="38" sc="13" el="38" ec="48" bec="0" bev="0" fileid="14" />
                <SequencePoint vc="1" uspid="214" ordinal="4" offset="40" sl="39" sc="9" el="39" ec="10" bec="0" bev="0" fileid="14" />
              </SequencePoints>
              <BranchPoints>
                <BranchPoint vc="1" uspid="215" ordinal="0" offset="25" sl="37" path="0" offsetend="27" fileid="14" />
                <BranchPoint vc="0" uspid="216" ordinal="1" offset="25" sl="37" path="1" offsetend="40" fileid="14" />
              </BranchPoints>
              <MethodPoint xsi:type="SequencePoint" vc="1" uspid="210" ordinal="0" offset="0" sl="35" sc="9" el="35" ec="10" bec="0" bev="0" fileid="14" />
            </Method>
            <Method visited="true" cyclomaticComplexity="1" nPathComplexity="0" sequenceCoverage="100" branchCoverage="100" isConstructor="false" isStatic="false" isGetter="false" isSetter="false">
              <Summary numSequencePoints="4" visitedSequencePoints="4" numBranchPoints="1" visitedBranchPoints="1" sequenceCoverage="100" branchCoverage="100" maxCyclomaticComplexity="1" minCyclomaticComplexity="1" visitedClasses="0" numClasses="0" visitedMethods="1" numMethods="1" />
              <MetadataToken>100663363</MetadataToken>
              <Name>TaskManagerApi.Models.Models.TaskModel TaskManagerAPI.Controllers.TaskMangerController::GetTaskById(TaskManagerApi.Models.Models.TaskModel)</Name>
              <FileRef uid="14" />
              <SequencePoints>
                <SequencePoint vc="1" uspid="217" ordinal="0" offset="0" sl="42" sc="9" el="42" ec="10" bec="0" bev="0" fileid="14" />
                <SequencePoint vc="1" uspid="218" ordinal="1" offset="1" sl="43" sc="13" el="43" ec="79" bec="0" bev="0" fileid="14" />
                <SequencePoint vc="1" uspid="219" ordinal="2" offset="19" sl="44" sc="13" el="44" ec="25" bec="0" bev="0" fileid="14" />
                <SequencePoint vc="1" uspid="220" ordinal="3" offset="23" sl="45" sc="9" el="45" ec="10" bec="0" bev="0" fileid="14" />
              </SequencePoints>
              <BranchPoints />
              <MethodPoint xsi:type="SequencePoint" vc="1" uspid="217" ordinal="0" offset="0" sl="42" sc="9" el="42" ec="10" bec="0" bev="0" fileid="14" />
            </Method>
            <Method visited="true" cyclomaticComplexity="1" nPathComplexity="0" sequenceCoverage="100" branchCoverage="100" isConstructor="false" isStatic="false" isGetter="false" isSetter="false">
              <Summary numSequencePoints="3" visitedSequencePoints="3" numBranchPoints="1" visitedBranchPoints="1" sequenceCoverage="100" branchCoverage="100" maxCyclomaticComplexity="1" minCyclomaticComplexity="1" visitedClasses="0" numClasses="0" visitedMethods="1" numMethods="1" />
              <MetadataToken>100663364</MetadataToken>
              <Name>System.Collections.Generic.List`1&lt;TaskManagerApi.Models.Models.TaskDetailsModel&gt; TaskManagerAPI.Controllers.TaskMangerController::GetParentTaskDetails()</Name>
              <FileRef uid="14" />
              <SequencePoints>
                <SequencePoint vc="1" uspid="221" ordinal="0" offset="0" sl="48" sc="9" el="48" ec="10" bec="0" bev="0" fileid="14" />
                <SequencePoint vc="1" uspid="222" ordinal="1" offset="1" sl="49" sc="13" el="49" ec="61" bec="0" bev="0" fileid="14" />
                <SequencePoint vc="1" uspid="223" ordinal="2" offset="15" sl="50" sc="9" el="50" ec="10" bec="0" bev="0" fileid="14" />
              </SequencePoints>
              <BranchPoints />
              <MethodPoint xsi:type="SequencePoint" vc="1" uspid="221" ordinal="0" offset="0" sl="48" sc="9" el="48" ec="10" bec="0" bev="0" fileid="14" />
            </Method>
          </Methods>
        </Class>
        <Class>
          <Summary numSequencePoints="19" visitedSequencePoints="0" numBranchPoints="5" visitedBranchPoints="0" sequenceCoverage="0" branchCoverage="0" maxCyclomaticComplexity="3" minCyclomaticComplexity="3" visitedClasses="0" numClasses="1" visitedMethods="0" numMethods="1" />
          <FullName>TaskManagerAPI.Areas.HelpPage.ApiDescriptionExtensions</FullName>
          <Methods>
            <Method visited="false" cyclomaticComplexity="3" nPathComplexity="4" sequenceCoverage="0" branchCoverage="0" isConstructor="false" isStatic="true" isGetter="false" isSetter="false">
              <Summary numSequencePoints="19" visitedSequencePoints="0" numBranchPoints="5" visitedBranchPoints="0" sequenceCoverage="0" branchCoverage="0" maxCyclomaticComplexity="3" minCyclomaticComplexity="3" visitedClasses="0" numClasses="0" visitedMethods="0" numMethods="1" />
              <MetadataToken>100663365</MetadataToken>
              <Name>System.String TaskManagerAPI.Areas.HelpPage.ApiDescriptionExtensions::GetFriendlyId(System.Web.Http.Description.ApiDescription)</Name>
              <FileRef uid="15" />
              <SequencePoints>
                <SequencePoint vc="0" uspid="224" ordinal="0" offset="0" sl="16" sc="9" el="16" ec="10" bec="0" bev="0" fileid="15" />
                <SequencePoint vc="0" uspid="225" ordinal="1" offset="1" sl="17" sc="13" el="17" ec="52" bec="0" bev="0" fileid="15" />
                <SequencePoint vc="0" uspid="226" ordinal="2" offset="8" sl="18" sc="13" el="18" ec="49" bec="0" bev="0" fileid="15" />
                <SequencePoint vc="0" uspid="227" ordinal="3" offset="26" sl="19" sc="13" el="19" ec="44" bec="0" bev="0" fileid="15" />
                <SequencePoint vc="0" uspid="228" ordinal="4" offset="30" sl="20" sc="13" el="20" ec="42" bec="0" bev="0" fileid="15" />
                <SequencePoint vc="0" uspid="229" ordinal="5" offset="32" sl="21" sc="13" el="21" ec="37" bec="2" bev="0" fileid="15" />
                <SequencePoint vc="0" uspid="230" ordinal="6" offset="44" sl="22" sc="13" el="22" ec="14" bec="0" bev="0" fileid="15" />
                <SequencePoint vc="0" uspid="231" ordinal="7" offset="45" sl="23" sc="17" el="23" ec="44" bec="0" bev="0" fileid="15" />
                <SequencePoint vc="0" uspid="232" ordinal="8" offset="50" sl="24" sc="17" el="24" ec="82" bec="0" bev="0" fileid="15" />
                <SequencePoint vc="0" uspid="233" ordinal="9" offset="64" sl="25" sc="17" el="25" ec="62" bec="0" bev="0" fileid="15" />
                <SequencePoint vc="0" uspid="234" ordinal="10" offset="77" sl="26" sc="13" el="26" ec="14" bec="0" bev="0" fileid="15" />
                <SequencePoint vc="0" uspid="235" ordinal="11" offset="78" sl="28" sc="13" el="28" ec="62" bec="0" bev="0" fileid="15" />
                <SequencePoint vc="0" uspid="236" ordinal="12" offset="85" sl="29" sc="13" el="31" ec="100" bec="0" bev="0" fileid="15" />
                <SequencePoint vc="0" uspid="237" ordinal="13" offset="155" sl="32" sc="13" el="32" ec="40" bec="2" bev="0" fileid="15" />
                <SequencePoint vc="0" uspid="238" ordinal="14" offset="165" sl="33" sc="13" el="33" ec="14" bec="0" bev="0" fileid="15" />
                <SequencePoint vc="0" uspid="239" ordinal="15" offset="166" sl="34" sc="17" el="34" ec="85" bec="0" bev="0" fileid="15" />
                <SequencePoint vc="0" uspid="240" ordinal="16" offset="189" sl="35" sc="13" el="35" ec="14" bec="0" bev="0" fileid="15" />
                <SequencePoint vc="0" uspid="241" ordinal="17" offset="190" sl="36" sc="13" el="36" ec="44" bec="0" bev="0" fileid="15" />
                <SequencePoint vc="0" uspid="242" ordinal="18" offset="201" sl="37" sc="9" el="37" ec="10" bec="0" bev="0" fileid="15" />
              </SequencePoints>
              <BranchPoints>
                <BranchPoint vc="0" uspid="243" ordinal="0" offset="42" sl="21" path="0" offsetend="44" fileid="15" />
                <BranchPoint vc="0" uspid="244" ordinal="1" offset="42" sl="21" path="1" offsetend="78" fileid="15" />
                <BranchPoint vc="0" uspid="245" ordinal="2" offset="163" sl="32" path="0" offsetend="165" fileid="15" />
                <BranchPoint vc="0" uspid="246" ordinal="3" offset="163" sl="32" path="1" offsetend="190" fileid="15" />
              </BranchPoints>
              <MethodPoint xsi:type="SequencePoint" vc="0" uspid="224" ordinal="0" offset="0" sl="16" sc="9" el="16" ec="10" bec="0" bev="0" fileid="15" />
            </Method>
          </Methods>
        </Class>
        <Class>
          <Summary numSequencePoints="3" visitedSequencePoints="0" numBranchPoints="1" visitedBranchPoints="0" sequenceCoverage="0" branchCoverage="0" maxCyclomaticComplexity="1" minCyclomaticComplexity="1" visitedClasses="0" numClasses="1" visitedMethods="0" numMethods="1" />
          <FullName>TaskManagerAPI.Areas.HelpPage.HelpPageConfig</FullName>
          <Methods>
            <Method visited="false" cyclomaticComplexity="1" nPathComplexity="0" sequenceCoverage="0" branchCoverage="0" isConstructor="false" isStatic="true" isGetter="false" isSetter="false">
              <Summary numSequencePoints="3" visitedSequencePoints="0" numBranchPoints="1" visitedBranchPoints="0" sequenceCoverage="0" branchCoverage="0" maxCyclomaticComplexity="1" minCyclomaticComplexity="1" visitedClasses="0" numClasses="0" visitedMethods="0" numMethods="1" />
              <MetadataToken>100663366</MetadataToken>
              <Name>System.Void TaskManagerAPI.Areas.HelpPage.HelpPageConfig::Register(System.Web.Http.HttpConfiguration)</Name>
              <FileRef uid="16" />
              <SequencePoints>
                <SequencePoint vc="0" uspid="247" ordinal="0" offset="0" sl="35" sc="9" el="35" ec="10" bec="0" bev="0" fileid="16" />
                <SequencePoint vc="0" uspid="248" ordinal="1" offset="1" sl="58" sc="13" el="60" ec="63" bec="0" bev="0" fileid="16" />
                <SequencePoint vc="0" uspid="249" ordinal="2" offset="28" sl="81" sc="9" el="81" ec="10" bec="0" bev="0" fileid="16" />
              </SequencePoints>
              <BranchPoints />
              <MethodPoint xsi:type="SequencePoint" vc="0" uspid="247" ordinal="0" offset="0" sl="35" sc="9" el="35" ec="10" bec="0" bev="0" fileid="16" />
            </Method>
          </Methods>
        </Class>
        <Class>
          <Summary numSequencePoints="7" visitedSequencePoints="0" numBranchPoints="2" visitedBranchPoints="0" sequenceCoverage="0" branchCoverage="0" maxCyclomaticComplexity="1" minCyclomaticComplexity="1" visitedClasses="0" numClasses="1" visitedMethods="0" numMethods="2" />
          <FullName>TaskManagerAPI.Areas.HelpPage.HelpPageAreaRegistration</FullName>
          <Methods>
            <Method visited="false" cyclomaticComplexity="1" nPathComplexity="0" sequenceCoverage="0" branchCoverage="0" isConstructor="false" isStatic="false" isGetter="true" isSetter="false">
              <Summary numSequencePoints="3" visitedSequencePoints="0" numBranchPoints="1" visitedBranchPoints="0" sequenceCoverage="0" branchCoverage="0" maxCyclomaticComplexity="1" minCyclomaticComplexity="1" visitedClasses="0" numClasses="0" visitedMethods="0" numMethods="1" />
              <MetadataToken>100663367</MetadataToken>
              <Name>System.String TaskManagerAPI.Areas.HelpPage.HelpPageAreaRegistration::get_AreaName()</Name>
              <FileRef uid="17" />
              <SequencePoints>
                <SequencePoint vc="0" uspid="250" ordinal="0" offset="0" sl="11" sc="13" el="11" ec="14" bec="0" bev="0" fileid="17" />
                <SequencePoint vc="0" uspid="251" ordinal="1" offset="1" sl="12" sc="17" el="12" ec="35" bec="0" bev="0" fileid="17" />
                <SequencePoint vc="0" uspid="252" ordinal="2" offset="9" sl="13" sc="13" el="13" ec="14" bec="0" bev="0" fileid="17" />
              </SequencePoints>
              <BranchPoints />
              <MethodPoint xsi:type="SequencePoint" vc="0" uspid="250" ordinal="0" offset="0" sl="11" sc="13" el="11" ec="14" bec="0" bev="0" fileid="17" />
            </Method>
            <Method visited="false" cyclomaticComplexity="1" nPathComplexity="0" sequenceCoverage="0" branchCoverage="0" isConstructor="false" isStatic="false" isGetter="false" isSetter="false">
              <Summary numSequencePoints="4" visitedSequencePoints="0" numBranchPoints="1" visitedBranchPoints="0" sequenceCoverage="0" branchCoverage="0" maxCyclomaticComplexity="1" minCyclomaticComplexity="1" visitedClasses="0" numClasses="0" visitedMethods="0" numMethods="1" />
              <MetadataToken>100663368</MetadataToken>
              <Name>System.Void TaskManagerAPI.Areas.HelpPage.HelpPageAreaRegistration::RegisterArea(System.Web.Mvc.AreaRegistrationContext)</Name>
              <FileRef uid="17" />
              <SequencePoints>
                <SequencePoint vc="0" uspid="253" ordinal="0" offset="0" sl="17" sc="9" el="17" ec="10" bec="0" bev="0" fileid="17" />
                <SequencePoint vc="0" uspid="254" ordinal="1" offset="1" sl="18" sc="13" el="21" ec="95" bec="0" bev="0" fileid="17" />
                <SequencePoint vc="0" uspid="255" ordinal="2" offset="38" sl="23" sc="13" el="23" ec="72" bec="0" bev="0" fileid="17" />
                <SequencePoint vc="0" uspid="256" ordinal="3" offset="49" sl="24" sc="9" el="24" ec="10" bec="0" bev="0" fileid="17" />
              </SequencePoints>
              <BranchPoints />
              <MethodPoint xsi:type="SequencePoint" vc="0" uspid="253" ordinal="0" offset="0" sl="17" sc="9" el="17" ec="10" bec="0" bev="0" fileid="17" />
            </Method>
            <Method visited="false" cyclomaticComplexity="1" nPathComplexity="0" sequenceCoverage="0" branchCoverage="0" isConstructor="true" isStatic="false" isGetter="false" isSetter="false">
              <Summary numSequencePoints="0" visitedSequencePoints="0" numBranchPoints="0" visitedBranchPoints="0" sequenceCoverage="0" branchCoverage="0" maxCyclomaticComplexity="1" minCyclomaticComplexity="1" visitedClasses="0" numClasses="0" visitedMethods="0" numMethods="0" />
              <MetadataToken>100663369</MetadataToken>
              <Name>System.Void TaskManagerAPI.Areas.HelpPage.HelpPageAreaRegistration::.ctor()</Name>
              <SequencePoints />
              <BranchPoints />
              <MethodPoint vc="0" uspid="257" ordinal="0" offset="0" />
            </Method>
          </Methods>
        </Class>
        <Class>
          <Summary numSequencePoints="225" visitedSequencePoints="0" numBranchPoints="64" visitedBranchPoints="0" sequenceCoverage="0" branchCoverage="0" maxCyclomaticComplexity="12" minCyclomaticComplexity="1" visitedClasses="0" numClasses="1" visitedMethods="0" numMethods="26" />
          <FullName>TaskManagerAPI.Areas.HelpPage.HelpPageConfigurationExtensions</FullName>
          <Methods>
            <Method visited="false" cyclomaticComplexity="1" nPathComplexity="0" sequenceCoverage="0" branchCoverage="0" isConstructor="false" isStatic="true" isGetter="false" isSetter="false">
              <Summary numSequencePoints="3" visitedSequencePoints="0" numBranchPoints="1" visitedBranchPoints="0" sequenceCoverage="0" branchCoverage="0" maxCyclomaticComplexity="1" minCyclomaticComplexity="1" visitedClasses="0" numClasses="0" visitedMethods="0" numMethods="1" />
              <MetadataToken>100663370</MetadataToken>
              <Name>System.Void TaskManagerAPI.Areas.HelpPage.HelpPageConfigurationExtensions::SetDocumentationProvider(System.Web.Http.HttpConfiguration,System.Web.Http.Description.IDocumentationProvider)</Name>
              <FileRef uid="18" />
              <SequencePoints>
                <SequencePoint vc="0" uspid="258" ordinal="0" offset="0" sl="29" sc="9" el="29" ec="10" bec="0" bev="0" fileid="18" />
                <SequencePoint vc="0" uspid="259" ordinal="1" offset="1" sl="30" sc="13" el="30" ec="92" bec="0" bev="0" fileid="18" />
                <SequencePoint vc="0" uspid="260" ordinal="2" offset="24" sl="31" sc="9" el="31" ec="10" bec="0" bev="0" fileid="18" />
              </SequencePoints>
              <BranchPoints />
              <MethodPoint xsi:type="SequencePoint" vc="0" uspid="258" ordinal="0" offset="0" sl="29" sc="9" el="29" ec="10" bec="0" bev="0" fileid="18" />
            </Method>
            <Method visited="false" cyclomaticComplexity="1" nPathComplexity="0" sequenceCoverage="0" branchCoverage="0" isConstructor="false" isStatic="true" isGetter="false" isSetter="false">
              <Summary numSequencePoints="3" visitedSequencePoints="0" numBranchPoints="1" visitedBranchPoints="0" sequenceCoverage="0" branchCoverage="0" maxCyclomaticComplexity="1" minCyclomaticComplexity="1" visitedClasses="0" numClasses="0" visitedMethods="0" numMethods="1" />
              <MetadataToken>100663371</MetadataToken>
              <Name>System.Void TaskManagerAPI.Areas.HelpPage.HelpPageConfigurationExtensions::SetSampleObjects(System.Web.Http.HttpConfiguration,System.Collections.Generic.IDictionary`2&lt;System.Type,System.Object&gt;)</Name>
              <FileRef uid="18" />
              <SequencePoints>
                <SequencePoint vc="0" uspid="261" ordinal="0" offset="0" sl="39" sc="9" el="39" ec="10" bec="0" bev="0" fileid="18" />
                <SequencePoint vc="0" uspid="262" ordinal="1" offset="1" sl="40" sc="13" el="40" ec="79" bec="0" bev="0" fileid="18" />
                <SequencePoint vc="0" uspid="263" ordinal="2" offset="14" sl="41" sc="9" el="41" ec="10" bec="0" bev="0" fileid="18" />
              </SequencePoints>
              <BranchPoints />
              <MethodPoint xsi:type="SequencePoint" vc="0" uspid="261" ordinal="0" offset="0" sl="39" sc="9" el="39" ec="10" bec="0" bev="0" fileid="18" />
            </Method>
            <Method visited="false" cyclomaticComplexity="1" nPathComplexity="0" sequenceCoverage="0" branchCoverage="0" isConstructor="false" isStatic="true" isGetter="false" isSetter="false">
              <Summary numSequencePoints="3" visitedSequencePoints="0" numBranchPoints="1" visitedBranchPoints="0" sequenceCoverage="0" branchCoverage="0" maxCyclomaticComplexity="1" minCyclomaticComplexity="1" visitedClasses="0" numClasses="0" visitedMethods="0" numMethods="1" />
              <MetadataToken>100663372</MetadataToken>
              <Name>System.Void TaskManagerAPI.Areas.HelpPage.HelpPageConfigurationExtensions::SetSampleRequest(System.Web.Http.HttpConfiguration,System.Object,System.Net.Http.Headers.MediaTypeHeaderValue,System.String,System.String)</Name>
              <FileRef uid="18" />
              <SequencePoints>
                <SequencePoint vc="0" uspid="264" ordinal="0" offset="0" sl="52" sc="9" el="52" ec="10" bec="0" bev="0" fileid="18" />
                <SequencePoint vc="0" uspid="265" ordinal="1" offset="1" sl="53" sc="13" el="53" ec="177" bec="0" bev="0" fileid="18" />
                <SequencePoint vc="0" uspid="266" ordinal="2" offset="43" sl="54" sc="9" el="54" ec="10" bec="0" bev="0" fileid="18" />
              </SequencePoints>
              <BranchPoints />
              <MethodPoint xsi:type="SequencePoint" vc="0" uspid="264" ordinal="0" offset="0" sl="52" sc="9" el="52" ec="10" bec="0" bev="0" fileid="18" />
            </Method>
            <Method visited="false" cyclomaticComplexity="1" nPathComplexity="0" sequenceCoverage="0" branchCoverage="0" isConstructor="false" isStatic="true" isGetter="false" isSetter="false">
              <Summary numSequencePoints="3" visitedSequencePoints="0" numBranchPoints="1" visitedBranchPoints="0" sequenceCoverage="0" branchCoverage="0" maxCyclomaticComplexity="1" minCyclomaticComplexity="1" visitedClasses="0" numClasses="0" visitedMethods="0" numMethods="1" />
              <MetadataToken>100663373</MetadataToken>
              <Name>System.Void TaskManagerAPI.Areas.HelpPage.HelpPageConfigurationExtensions::SetSampleRequest(System.Web.Http.HttpConfiguration,System.Object,System.Net.Http.Headers.MediaTypeHeaderValue,System.String,System.String,System.String[])</Name>
              <FileRef uid="18" />
              <SequencePoints>
                <SequencePoint vc="0" uspid="267" ordinal="0" offset="0" sl="66" sc="9" el="66" ec="10" bec="0" bev="0" fileid="18" />
                <SequencePoint vc="0" uspid="268" ordinal="1" offset="1" sl="67" sc="13" el="67" ec="178" bec="0" bev="0" fileid="18" />
                <SequencePoint vc="0" uspid="269" ordinal="2" offset="31" sl="68" sc="9" el="68" ec="10" bec="0" bev="0" fileid="18" />
              </SequencePoints>
              <BranchPoints />
              <MethodPoint xsi:type="SequencePoint" vc="0" uspid="267" ordinal="0" offset="0" sl="66" sc="9" el="66" ec="10" bec="0" bev="0" fileid="18" />
            </Method>
            <Method visited="false" cyclomaticComplexity="1" nPathComplexity="0" sequenceCoverage="0" branchCoverage="0" isConstructor="false" isStatic="true" isGetter="false" isSetter="false">
              <Summary numSequencePoints="3" visitedSequencePoints="0" numBranchPoints="1" visitedBranchPoints="0" sequenceCoverage="0" branchCoverage="0" maxCyclomaticComplexity="1" minCyclomaticComplexity="1" visitedClasses="0" numClasses="0" visitedMethods="0" numMethods="1" />
              <MetadataToken>100663374</MetadataToken>
              <Name>System.Void TaskManagerAPI.Areas.HelpPage.HelpPageConfigurationExtensions::SetSampleResponse(System.Web.Http.HttpConfiguration,System.Object,System.Net.Http.Headers.MediaTypeHeaderValue,System.String,System.String)</Name>
              <FileRef uid="18" />
              <SequencePoints>
                <SequencePoint vc="0" uspid="270" ordinal="0" offset="0" sl="79" sc="9" el="79" ec="10" bec="0" bev="0" fileid="18" />
                <SequencePoint vc="0" uspid="271" ordinal="1" offset="1" sl="80" sc="13" el="80" ec="178" bec="0" bev="0" fileid="18" />
                <SequencePoint vc="0" uspid="272" ordinal="2" offset="43" sl="81" sc="9" el="81" ec="10" bec="0" bev="0" fileid="18" />
              </SequencePoints>
              <BranchPoints />
              <MethodPoint xsi:type="SequencePoint" vc="0" uspid="270" ordinal="0" offset="0" sl="79" sc="9" el="79" ec="10" bec="0" bev="0" fileid="18" />
            </Method>
            <Method visited="false" cyclomaticComplexity="1" nPathComplexity="0" sequenceCoverage="0" branchCoverage="0" isConstructor="false" isStatic="true" isGetter="false" isSetter="false">
              <Summary numSequencePoints="3" visitedSequencePoints="0" numBranchPoints="1" visitedBranchPoints="0" sequenceCoverage="0" branchCoverage="0" maxCyclomaticComplexity="1" minCyclomaticComplexity="1" visitedClasses="0" numClasses="0" visitedMethods="0" numMethods="1" />
              <MetadataToken>100663375</MetadataToken>
              <Name>System.Void TaskManagerAPI.Areas.HelpPage.HelpPageConfigurationExtensions::SetSampleResponse(System.Web.Http.HttpConfiguration,System.Object,System.Net.Http.Headers.MediaTypeHeaderValue,System.String,System.String,System.String[])</Name>
              <FileRef uid="18" />
              <SequencePoints>
                <SequencePoint vc="0" uspid="273" ordinal="0" offset="0" sl="93" sc="9" el="93" ec="10" bec="0" bev="0" fileid="18" />
                <SequencePoint vc="0" uspid="274" ordinal="1" offset="1" sl="94" sc="13" el="94" ec="179" bec="0" bev="0" fileid="18" />
                <SequencePoint vc="0" uspid="275" ordinal="2" offset="31" sl="95" sc="9" el="95" ec="10" bec="0" bev="0" fileid="18" />
              </SequencePoints>
              <BranchPoints />
              <MethodPoint xsi:type="SequencePoint" vc="0" uspid="273" ordinal="0" offset="0" sl="93" sc="9" el="93" ec="10" bec="0" bev="0" fileid="18" />
            </Method>
            <Method visited="false" cyclomaticComplexity="1" nPathComplexity="0" sequenceCoverage="0" branchCoverage="0" isConstructor="false" isStatic="true" isGetter="false" isSetter="false">
              <Summary numSequencePoints="3" visitedSequencePoints="0" numBranchPoints="1" visitedBranchPoints="0" sequenceCoverage="0" branchCoverage="0" maxCyclomaticComplexity="1" minCyclomaticComplexity="1" visitedClasses="0" numClasses="0" visitedMethods="0" numMethods="1" />
              <MetadataToken>100663376</MetadataToken>
              <Name>System.Void TaskManagerAPI.Areas.HelpPage.HelpPageConfigurationExtensions::SetSampleForMediaType(System.Web.Http.HttpConfiguration,System.Object,System.Net.Http.Headers.MediaTypeHeaderValue)</Name>
              <FileRef uid="18" />
              <SequencePoints>
                <SequencePoint vc="0" uspid="276" ordinal="0" offset="0" sl="104" sc="9" el="104" ec="10" bec="0" bev="0" fileid="18" />
                <SequencePoint vc="0" uspid="277" ordinal="1" offset="1" sl="105" sc="13" el="105" ec="109" bec="0" bev="0" fileid="18" />
                <SequencePoint vc="0" uspid="278" ordinal="2" offset="25" sl="106" sc="9" el="106" ec="10" bec="0" bev="0" fileid="18" />
              </SequencePoints>
              <BranchPoints />
              <MethodPoint xsi:type="SequencePoint" vc="0" uspid="276" ordinal="0" offset="0" sl="104" sc="9" el="104" ec="10" bec="0" bev="0" fileid="18" />
            </Method>
            <Method visited="false" cyclomaticComplexity="1" nPathComplexity="0" sequenceCoverage="0" branchCoverage="0" isConstructor="false" isStatic="true" isGetter="false" isSetter="false">
              <Summary numSequencePoints="3" visitedSequencePoints="0" numBranchPoints="1" visitedBranchPoints="0" sequenceCoverage="0" branchCoverage="0" maxCyclomaticComplexity="1" minCyclomaticComplexity="1" visitedClasses="0" numClasses="0" visitedMethods="0" numMethods="1" />
              <MetadataToken>100663377</MetadataToken>
              <Name>System.Void TaskManagerAPI.Areas.HelpPage.HelpPageConfigurationExtensions::SetSampleForType(System.Web.Http.HttpConfiguration,System.Object,System.Net.Http.Headers.MediaTypeHeaderValue,System.Type)</Name>
              <FileRef uid="18" />
              <SequencePoints>
                <SequencePoint vc="0" uspid="279" ordinal="0" offset="0" sl="116" sc="9" el="116" ec="10" bec="0" bev="0" fileid="18" />
                <SequencePoint vc="0" uspid="280" ordinal="1" offset="1" sl="117" sc="13" el="117" ec="115" bec="0" bev="0" fileid="18" />
                <SequencePoint vc="0" uspid="281" ordinal="2" offset="26" sl="118" sc="9" el="118" ec="10" bec="0" bev="0" fileid="18" />
              </SequencePoints>
              <BranchPoints />
              <MethodPoint xsi:type="SequencePoint" vc="0" uspid="279" ordinal="0" offset="0" sl="116" sc="9" el="116" ec="10" bec="0" bev="0" fileid="18" />
            </Method>
            <Method visited="false" cyclomaticComplexity="1" nPathComplexity="0" sequenceCoverage="0" branchCoverage="0" isConstructor="false" isStatic="true" isGetter="false" isSetter="false">
              <Summary numSequencePoints="3" visitedSequencePoints="0" numBranchPoints="1" visitedBranchPoints="0" sequenceCoverage="0" branchCoverage="0" maxCyclomaticComplexity="1" minCyclomaticComplexity="1" visitedClasses="0" numClasses="0" visitedMethods="0" numMethods="1" />
              <MetadataToken>100663378</MetadataToken>
              <Name>System.Void TaskManagerAPI.Areas.HelpPage.HelpPageConfigurationExtensions::SetActualRequestType(System.Web.Http.HttpConfiguration,System.Type,System.String,System.String)</Name>
              <FileRef uid="18" />
              <SequencePoints>
                <SequencePoint vc="0" uspid="282" ordinal="0" offset="0" sl="129" sc="9" el="129" ec="10" bec="0" bev="0" fileid="18" />
                <SequencePoint vc="0" uspid="283" ordinal="1" offset="1" sl="130" sc="13" el="130" ec="173" bec="0" bev="0" fileid="18" />
                <SequencePoint vc="0" uspid="284" ordinal="2" offset="41" sl="131" sc="9" el="131" ec="10" bec="0" bev="0" fileid="18" />
              </SequencePoints>
              <BranchPoints />
              <MethodPoint xsi:type="SequencePoint" vc="0" uspid="282" ordinal="0" offset="0" sl="129" sc="9" el="129" ec="10" bec="0" bev="0" fileid="18" />
            </Method>
            <Method visited="false" cyclomaticComplexity="1" nPathComplexity="0" sequenceCoverage="0" branchCoverage="0" isConstructor="false" isStatic="true" isGetter="false" isSetter="false">
              <Summary numSequencePoints="3" visitedSequencePoints="0" numBranchPoints="1" visitedBranchPoints="0" sequenceCoverage="0" branchCoverage="0" maxCyclomaticComplexity="1" minCyclomaticComplexity="1" visitedClasses="0" numClasses="0" visitedMethods="0" numMethods="1" />
              <MetadataToken>100663379</MetadataToken>
              <Name>System.Void TaskManagerAPI.Areas.HelpPage.HelpPageConfigurationExtensions::SetActualRequestType(System.Web.Http.HttpConfiguration,System.Type,System.String,System.String,System.String[])</Name>
              <FileRef uid="18" />
              <SequencePoints>
                <SequencePoint vc="0" uspid="285" ordinal="0" offset="0" sl="143" sc="9" el="143" ec="10" bec="0" bev="0" fileid="18" />
                <SequencePoint vc="0" uspid="286" ordinal="1" offset="1" sl="144" sc="13" el="144" ec="174" bec="0" bev="0" fileid="18" />
                <SequencePoint vc="0" uspid="287" ordinal="2" offset="29" sl="145" sc="9" el="145" ec="10" bec="0" bev="0" fileid="18" />
              </SequencePoints>
              <BranchPoints />
              <MethodPoint xsi:type="SequencePoint" vc="0" uspid="285" ordinal="0" offset="0" sl="143" sc="9" el="143" ec="10" bec="0" bev="0" fileid="18" />
            </Method>
            <Method visited="false" cyclomaticComplexity="1" nPathComplexity="0" sequenceCoverage="0" branchCoverage="0" isConstructor="false" isStatic="true" isGetter="false" isSetter="false">
              <Summary numSequencePoints="3" visitedSequencePoints="0" numBranchPoints="1" visitedBranchPoints="0" sequenceCoverage="0" branchCoverage="0" maxCyclomaticComplexity="1" minCyclomaticComplexity="1" visitedClasses="0" numClasses="0" visitedMethods="0" numMethods="1" />
              <MetadataToken>100663380</MetadataToken>
              <Name>System.Void TaskManagerAPI.Areas.HelpPage.HelpPageConfigurationExtensions::SetActualResponseType(System.Web.Http.HttpConfiguration,System.Type,System.String,System.String)</Name>
              <FileRef uid="18" />
              <SequencePoints>
                <SequencePoint vc="0" uspid="288" ordinal="0" offset="0" sl="156" sc="9" el="156" ec="10" bec="0" bev="0" fileid="18" />
                <SequencePoint vc="0" uspid="289" ordinal="1" offset="1" sl="157" sc="13" el="157" ec="174" bec="0" bev="0" fileid="18" />
                <SequencePoint vc="0" uspid="290" ordinal="2" offset="41" sl="158" sc="9" el="158" ec="10" bec="0" bev="0" fileid="18" />
              </SequencePoints>
              <BranchPoints />
              <MethodPoint xsi:type="SequencePoint" vc="0" uspid="288" ordinal="0" offset="0" sl="156" sc="9" el="156" ec="10" bec="0" bev="0" fileid="18" />
            </Method>
            <Method visited="false" cyclomaticComplexity="1" nPathComplexity="0" sequenceCoverage="0" branchCoverage="0" isConstructor="false" isStatic="true" isGetter="false" isSetter="false">
              <Summary numSequencePoints="3" visitedSequencePoints="0" numBranchPoints="1" visitedBranchPoints="0" sequenceCoverage="0" branchCoverage="0" maxCyclomaticComplexity="1" minCyclomaticComplexity="1" visitedClasses="0" numClasses="0" visitedMethods="0" numMethods="1" />
              <MetadataToken>100663381</MetadataToken>
              <Name>System.Void TaskManagerAPI.Areas.HelpPage.HelpPageConfigurationExtensions::SetActualResponseType(System.Web.Http.HttpConfiguration,System.Type,System.String,System.String,System.String[])</Name>
              <FileRef uid="18" />
              <SequencePoints>
                <SequencePoint vc="0" uspid="291" ordinal="0" offset="0" sl="170" sc="9" el="170" ec="10" bec="0" bev="0" fileid="18" />
                <SequencePoint vc="0" uspid="292" ordinal="1" offset="1" sl="171" sc="13" el="171" ec="175" bec="0" bev="0" fileid="18" />
                <SequencePoint vc="0" uspid="293" ordinal="2" offset="29" sl="172" sc="9" el="172" ec="10" bec="0" bev="0" fileid="18" />
              </SequencePoints>
              <BranchPoints />
              <MethodPoint xsi:type="SequencePoint" vc="0" uspid="291" ordinal="0" offset="0" sl="170" sc="9" el="170" ec="10" bec="0" bev="0" fileid="18" />
            </Method>
            <Method visited="false" cyclomaticComplexity="2" nPathComplexity="0" sequenceCoverage="0" branchCoverage="0" isConstructor="false" isStatic="true" isGetter="false" isSetter="false">
              <Summary numSequencePoints="3" visitedSequencePoints="0" numBranchPoints="1" visitedBranchPoints="0" sequenceCoverage="0" branchCoverage="0" maxCyclomaticComplexity="2" minCyclomaticComplexity="2" visitedClasses="0" numClasses="0" visitedMethods="0" numMethods="1" />
              <MetadataToken>100663382</MetadataToken>
              <Name>TaskManagerAPI.Areas.HelpPage.HelpPageSampleGenerator TaskManagerAPI.Areas.HelpPage.HelpPageConfigurationExtensions::GetHelpPageSampleGenerator(System.Web.Http.HttpConfiguration)</Name>
              <FileRef uid="18" />
              <SequencePoints>
                <SequencePoint vc="0" uspid="294" ordinal="0" offset="0" sl="180" sc="9" el="180" ec="10" bec="0" bev="0" fileid="18" />
                <SequencePoint vc="0" uspid="295" ordinal="1" offset="1" sl="181" sc="13" el="183" ec="53" bec="0" bev="0" fileid="18" />
                <SequencePoint vc="0" uspid="296" ordinal="2" offset="61" sl="184" sc="9" el="184" ec="10" bec="0" bev="0" fileid="18" />
              </SequencePoints>
              <BranchPoints />
              <MethodPoint xsi:type="SequencePoint" vc="0" uspid="294" ordinal="0" offset="0" sl="180" sc="9" el="180" ec="10" bec="0" bev="0" fileid="18" />
            </Method>
            <Method visited="false" cyclomaticComplexity="1" nPathComplexity="0" sequenceCoverage="0" branchCoverage="0" isConstructor="false" isStatic="true" isGetter="false" isSetter="false">
              <Summary numSequencePoints="3" visitedSequencePoints="0" numBranchPoints="1" visitedBranchPoints="0" sequenceCoverage="0" branchCoverage="0" maxCyclomaticComplexity="1" minCyclomaticComplexity="1" visitedClasses="0" numClasses="0" visitedMethods="0" numMethods="1" />
              <MetadataToken>100663383</MetadataToken>
              <Name>System.Void TaskManagerAPI.Areas.HelpPage.HelpPageConfigurationExtensions::SetHelpPageSampleGenerator(System.Web.Http.HttpConfiguration,TaskManagerAPI.Areas.HelpPage.HelpPageSampleGenerator)</Name>
              <FileRef uid="18" />
              <SequencePoints>
                <SequencePoint vc="0" uspid="299" ordinal="0" offset="13" sl="192" sc="9" el="192" ec="10" bec="0" bev="0" fileid="18" />
                <SequencePoint vc="0" uspid="300" ordinal="1" offset="14" sl="193" sc="13" el="196" ec="44" bec="0" bev="0" fileid="18" />
                <SequencePoint vc="0" uspid="301" ordinal="2" offset="60" sl="197" sc="9" el="197" ec="10" bec="0" bev="0" fileid="18" />
              </SequencePoints>
              <BranchPoints />
              <MethodPoint vc="0" uspid="302" ordinal="0" offset="0" />
            </Method>
            <Method visited="false" cyclomaticComplexity="1" nPathComplexity="0" sequenceCoverage="0" branchCoverage="0" isConstructor="false" isStatic="true" isGetter="false" isSetter="false">
              <Summary numSequencePoints="3" visitedSequencePoints="0" numBranchPoints="1" visitedBranchPoints="0" sequenceCoverage="0" branchCoverage="0" maxCyclomaticComplexity="1" minCyclomaticComplexity="1" visitedClasses="0" numClasses="0" visitedMethods="0" numMethods="1" />
              <MetadataToken>100663384</MetadataToken>
              <Name>TaskManagerAPI.Areas.HelpPage.ModelDescriptions.ModelDescriptionGenerator TaskManagerAPI.Areas.HelpPage.HelpPageConfigurationExtensions::GetModelDescriptionGenerator(System.Web.Http.HttpConfiguration)</Name>
              <FileRef uid="18" />
              <SequencePoints>
                <SequencePoint vc="0" uspid="303" ordinal="0" offset="13" sl="205" sc="9" el="205" ec="10" bec="0" bev="0" fileid="18" />
                <SequencePoint vc="0" uspid="304" ordinal="1" offset="14" sl="206" sc="13" el="208" ec="67" bec="0" bev="0" fileid="18" />
                <SequencePoint vc="0" uspid="305" ordinal="2" offset="60" sl="209" sc="9" el="209" ec="10" bec="0" bev="0" fileid="18" />
              </SequencePoints>
              <BranchPoints />
              <MethodPoint vc="0" uspid="306" ordinal="0" offset="0" />
            </Method>
            <Method visited="false" cyclomaticComplexity="3" nPathComplexity="4" sequenceCoverage="0" branchCoverage="0" isConstructor="false" isStatic="true" isGetter="false" isSetter="false">
              <Summary numSequencePoints="14" visitedSequencePoints="0" numBranchPoints="5" visitedBranchPoints="0" sequenceCoverage="0" branchCoverage="0" maxCyclomaticComplexity="3" minCyclomaticComplexity="3" visitedClasses="0" numClasses="0" visitedMethods="0" numMethods="1" />
              <MetadataToken>100663385</MetadataToken>
              <Name>TaskManagerAPI.Areas.HelpPage.Models.HelpPageApiModel TaskManagerAPI.Areas.HelpPage.HelpPageConfigurationExtensions::GetHelpPageApiModel(System.Web.Http.HttpConfiguration,System.String)</Name>
              <FileRef uid="18" />
              <SequencePoints>
                <SequencePoint vc="0" uspid="307" ordinal="0" offset="13" sl="220" sc="9" el="220" ec="10" bec="0" bev="0" fileid="18" />
                <SequencePoint vc="0" uspid="308" ordinal="1" offset="14" sl="222" sc="13" el="222" ec="64" bec="0" bev="0" fileid="18" />
                <SequencePoint vc="0" uspid="309" ordinal="2" offset="31" sl="223" sc="13" el="223" ec="68" bec="2" bev="0" fileid="18" />
                <SequencePoint vc="0" uspid="310" ordinal="3" offset="52" sl="224" sc="13" el="224" ec="14" bec="0" bev="0" fileid="18" />
                <SequencePoint vc="0" uspid="311" ordinal="4" offset="53" sl="225" sc="17" el="225" ec="111" bec="0" bev="0" fileid="18" />
                <SequencePoint vc="0" uspid="312" ordinal="5" offset="71" sl="226" sc="17" el="226" ec="177" bec="0" bev="0" fileid="18" />
                <SequencePoint vc="0" uspid="313" ordinal="6" offset="92" sl="227" sc="17" el="227" ec="44" bec="2" bev="0" fileid="18" />
                <SequencePoint vc="0" uspid="314" ordinal="7" offset="103" sl="228" sc="17" el="228" ec="18" bec="0" bev="0" fileid="18" />
                <SequencePoint vc="0" uspid="315" ordinal="8" offset="104" sl="229" sc="21" el="229" ec="70" bec="0" bev="0" fileid="18" />
                <SequencePoint vc="0" uspid="316" ordinal="9" offset="113" sl="230" sc="21" el="230" ec="62" bec="0" bev="0" fileid="18" />
                <SequencePoint vc="0" uspid="317" ordinal="10" offset="127" sl="231" sc="17" el="231" ec="18" bec="0" bev="0" fileid="18" />
                <SequencePoint vc="0" uspid="318" ordinal="11" offset="128" sl="232" sc="13" el="232" ec="14" bec="0" bev="0" fileid="18" />
                <SequencePoint vc="0" uspid="319" ordinal="12" offset="129" sl="234" sc="13" el="234" ec="44" bec="0" bev="0" fileid="18" />
                <SequencePoint vc="0" uspid="320" ordinal="13" offset="139" sl="235" sc="9" el="235" ec="10" bec="0" bev="0" fileid="18" />
              </SequencePoints>
              <BranchPoints>
                <BranchPoint vc="0" uspid="321" ordinal="0" offset="50" sl="223" path="0" offsetend="52" fileid="18" />
                <BranchPoint vc="0" uspid="322" ordinal="1" offset="50" sl="223" path="1" offsetend="129" fileid="18" />
                <BranchPoint vc="0" uspid="323" ordinal="2" offset="101" sl="227" path="0" offsetend="103" fileid="18" />
                <BranchPoint vc="0" uspid="324" ordinal="3" offset="101" sl="227" path="1" offsetend="128" fileid="18" />
              </BranchPoints>
              <MethodPoint vc="0" uspid="325" ordinal="0" offset="0" />
            </Method>
            <Method visited="false" cyclomaticComplexity="1" nPathComplexity="0" sequenceCoverage="0" branchCoverage="0" isConstructor="false" isStatic="true" isGetter="false" isSetter="false">
              <Summary numSequencePoints="10" visitedSequencePoints="0" numBranchPoints="1" visitedBranchPoints="0" sequenceCoverage="0" branchCoverage="0" maxCyclomaticComplexity="1" minCyclomaticComplexity="1" visitedClasses="0" numClasses="0" visitedMethods="0" numMethods="1" />
              <MetadataToken>100663386</MetadataToken>
              <Name>TaskManagerAPI.Areas.HelpPage.Models.HelpPageApiModel TaskManagerAPI.Areas.HelpPage.HelpPageConfigurationExtensions::GenerateApiModel(System.Web.Http.Description.ApiDescription,System.Web.Http.HttpConfiguration)</Name>
              <FileRef uid="18" />
              <SequencePoints>
                <SequencePoint vc="0" uspid="326" ordinal="0" offset="0" sl="238" sc="9" el="238" ec="10" bec="0" bev="0" fileid="18" />
                <SequencePoint vc="0" uspid="327" ordinal="1" offset="1" sl="239" sc="13" el="242" ec="15" bec="0" bev="0" fileid="18" />
                <SequencePoint vc="0" uspid="328" ordinal="2" offset="15" sl="244" sc="13" el="244" ec="94" bec="0" bev="0" fileid="18" />
                <SequencePoint vc="0" uspid="329" ordinal="3" offset="22" sl="245" sc="13" el="245" ec="91" bec="0" bev="0" fileid="18" />
                <SequencePoint vc="0" uspid="330" ordinal="4" offset="29" sl="246" sc="13" el="246" ec="61" bec="0" bev="0" fileid="18" />
                <SequencePoint vc="0" uspid="331" ordinal="5" offset="37" sl="247" sc="13" el="247" ec="88" bec="0" bev="0" fileid="18" />
                <SequencePoint vc="0" uspid="332" ordinal="6" offset="46" sl="248" sc="13" el="248" ec="67" bec="0" bev="0" fileid="18" />
                <SequencePoint vc="0" uspid="333" ordinal="7" offset="54" sl="249" sc="13" el="249" ec="56" bec="0" bev="0" fileid="18" />
                <SequencePoint vc="0" uspid="334" ordinal="8" offset="62" sl="251" sc="13" el="251" ec="29" bec="0" bev="0" fileid="18" />
                <SequencePoint vc="0" uspid="335" ordinal="9" offset="66" sl="252" sc="9" el="252" ec="10" bec="0" bev="0" fileid="18" />
              </SequencePoints>
              <BranchPoints />
              <MethodPoint xsi:type="SequencePoint" vc="0" uspid="326" ordinal="0" offset="0" sl="238" sc="9" el="238" ec="10" bec="0" bev="0" fileid="18" />
            </Method>
            <Method visited="false" cyclomaticComplexity="12" nPathComplexity="64" sequenceCoverage="0" branchCoverage="0" isConstructor="false" isStatic="true" isGetter="false" isSetter="false">
              <Summary numSequencePoints="50" visitedSequencePoints="0" numBranchPoints="13" visitedBranchPoints="0" sequenceCoverage="0" branchCoverage="0" maxCyclomaticComplexity="12" minCyclomaticComplexity="12" visitedClasses="0" numClasses="0" visitedMethods="0" numMethods="1" />
              <MetadataToken>100663387</MetadataToken>
              <Name>System.Void TaskManagerAPI.Areas.HelpPage.HelpPageConfigurationExtensions::GenerateUriParameters(TaskManagerAPI.Areas.HelpPage.Models.HelpPageApiModel,TaskManagerAPI.Areas.HelpPage.ModelDescriptions.ModelDescriptionGenerator)</Name>
              <FileRef uid="18" />
              <SequencePoints>
                <SequencePoint vc="0" uspid="336" ordinal="0" offset="0" sl="255" sc="9" el="255" ec="10" bec="0" bev="0" fileid="18" />
                <SequencePoint vc="0" uspid="337" ordinal="1" offset="1" sl="256" sc="13" el="256" ec="69" bec="0" bev="0" fileid="18" />
                <SequencePoint vc="0" uspid="338" ordinal="2" offset="8" sl="257" sc="13" el="257" ec="20" bec="0" bev="0" fileid="18" />
                <SequencePoint vc="0" uspid="339" ordinal="3" offset="9" sl="257" sc="62" el="257" ec="98" bec="0" bev="0" fileid="18" />
                <SequencePoint vc="0" uspid="340" ordinal="4" offset="26" sl="257" sc="22" el="257" ec="58" bec="0" bev="0" fileid="18" />
                <SequencePoint vc="0" uspid="341" ordinal="5" offset="33" sl="258" sc="13" el="258" ec="14" bec="0" bev="0" fileid="18" />
                <SequencePoint vc="0" uspid="342" ordinal="6" offset="34" sl="259" sc="17" el="259" ec="71" bec="2" bev="0" fileid="18" />
                <SequencePoint vc="0" uspid="343" ordinal="7" offset="50" sl="260" sc="17" el="260" ec="18" bec="0" bev="0" fileid="18" />
                <SequencePoint vc="0" uspid="344" ordinal="8" offset="51" sl="261" sc="21" el="261" ec="100" bec="0" bev="0" fileid="18" />
                <SequencePoint vc="0" uspid="345" ordinal="9" offset="59" sl="262" sc="21" el="262" ec="47" bec="0" bev="0" fileid="18" />
                <SequencePoint vc="0" uspid="346" ordinal="10" offset="62" sl="263" sc="21" el="263" ec="61" bec="0" bev="0" fileid="18" />
                <SequencePoint vc="0" uspid="347" ordinal="11" offset="65" sl="264" sc="21" el="264" ec="79" bec="0" bev="0" fileid="18" />
                <SequencePoint vc="0" uspid="348" ordinal="12" offset="68" sl="265" sc="21" el="265" ec="53" bec="2" bev="0" fileid="18" />
                <SequencePoint vc="0" uspid="349" ordinal="13" offset="79" sl="266" sc="21" el="266" ec="22" bec="0" bev="0" fileid="18" />
                <SequencePoint vc="0" uspid="350" ordinal="14" offset="80" sl="267" sc="25" el="267" ec="75" bec="0" bev="0" fileid="18" />
                <SequencePoint vc="0" uspid="351" ordinal="15" offset="89" sl="268" sc="25" el="268" ec="101" bec="0" bev="0" fileid="18" />
                <SequencePoint vc="0" uspid="352" ordinal="16" offset="99" sl="269" sc="25" el="269" ec="97" bec="0" bev="0" fileid="18" />
                <SequencePoint vc="0" uspid="353" ordinal="17" offset="108" sl="270" sc="21" el="270" ec="22" bec="0" bev="0" fileid="18" />
                <SequencePoint vc="0" uspid="354" ordinal="18" offset="109" sl="292" sc="21" el="293" ec="72" bec="2" bev="0" fileid="18" />
                <SequencePoint vc="0" uspid="355" ordinal="19" offset="132" sl="294" sc="21" el="294" ec="22" bec="0" bev="0" fileid="18" />
                <SequencePoint vc="0" uspid="356" ordinal="20" offset="133" sl="295" sc="25" el="295" ec="32" bec="0" bev="0" fileid="18" />
                <SequencePoint vc="0" uspid="357" ordinal="21" offset="134" sl="295" sc="71" el="295" ec="104" bec="0" bev="0" fileid="18" />
                <SequencePoint vc="0" uspid="358" ordinal="22" offset="150" sl="295" sc="34" el="295" ec="67" bec="0" bev="0" fileid="18" />
                <SequencePoint vc="0" uspid="359" ordinal="23" offset="159" sl="296" sc="25" el="296" ec="26" bec="0" bev="0" fileid="18" />
                <SequencePoint vc="0" uspid="360" ordinal="24" offset="160" sl="297" sc="29" el="297" ec="70" bec="0" bev="0" fileid="18" />
                <SequencePoint vc="0" uspid="361" ordinal="25" offset="174" sl="298" sc="25" el="298" ec="26" bec="0" bev="0" fileid="18" />
                <SequencePoint vc="0" uspid="362" ordinal="26" offset="175" sl="295" sc="68" el="295" ec="70" bec="0" bev="0" fileid="18" />
                <SequencePoint vc="0" uspid="363" ordinal="27" offset="199" sl="299" sc="21" el="299" ec="22" bec="0" bev="0" fileid="18" />
                <SequencePoint vc="0" uspid="364" ordinal="28" offset="205" sl="300" sc="26" el="300" ec="58" bec="2" bev="0" fileid="18" />
                <SequencePoint vc="0" uspid="365" ordinal="29" offset="219" sl="301" sc="21" el="301" ec="22" bec="0" bev="0" fileid="18" />
                <SequencePoint vc="0" uspid="366" ordinal="30" offset="220" sl="302" sc="25" el="303" ec="94" bec="0" bev="0" fileid="18" />
                <SequencePoint vc="0" uspid="367" ordinal="31" offset="231" sl="305" sc="25" el="305" ec="61" bec="2" bev="0" fileid="18" />
                <SequencePoint vc="0" uspid="368" ordinal="32" offset="247" sl="306" sc="25" el="306" ec="26" bec="0" bev="0" fileid="18" />
                <SequencePoint vc="0" uspid="369" ordinal="33" offset="248" sl="307" sc="29" el="307" ec="116" bec="0" bev="0" fileid="18" />
                <SequencePoint vc="0" uspid="370" ordinal="34" offset="278" sl="308" sc="25" el="308" ec="26" bec="0" bev="0" fileid="18" />
                <SequencePoint vc="0" uspid="371" ordinal="35" offset="279" sl="310" sc="25" el="310" ec="80" bec="0" bev="0" fileid="18" />
                <SequencePoint vc="0" uspid="372" ordinal="36" offset="288" sl="311" sc="25" el="311" ec="50" bec="2" bev="0" fileid="18" />
                <SequencePoint vc="0" uspid="373" ordinal="37" offset="299" sl="312" sc="25" el="312" ec="26" bec="0" bev="0" fileid="18" />
                <SequencePoint vc="0" uspid="374" ordinal="38" offset="300" sl="313" sc="29" el="313" ec="188" bec="0" bev="0" fileid="18" />
                <SequencePoint vc="0" uspid="375" ordinal="39" offset="347" sl="314" sc="25" el="314" ec="26" bec="0" bev="0" fileid="18" />
                <SequencePoint vc="0" uspid="376" ordinal="40" offset="348" sl="315" sc="21" el="315" ec="22" bec="0" bev="0" fileid="18" />
                <SequencePoint vc="0" uspid="377" ordinal="41" offset="351" sl="317" sc="21" el="317" ec="22" bec="0" bev="0" fileid="18" />
                <SequencePoint vc="0" uspid="378" ordinal="42" offset="352" sl="318" sc="25" el="318" ec="67" bec="0" bev="0" fileid="18" />
                <SequencePoint vc="0" uspid="379" ordinal="43" offset="363" sl="323" sc="25" el="323" ec="120" bec="0" bev="0" fileid="18" />
                <SequencePoint vc="0" uspid="380" ordinal="44" offset="381" sl="324" sc="25" el="324" ec="91" bec="0" bev="0" fileid="18" />
                <SequencePoint vc="0" uspid="381" ordinal="45" offset="391" sl="325" sc="21" el="325" ec="22" bec="0" bev="0" fileid="18" />
                <SequencePoint vc="0" uspid="382" ordinal="46" offset="392" sl="326" sc="17" el="326" ec="18" bec="0" bev="0" fileid="18" />
                <SequencePoint vc="0" uspid="383" ordinal="47" offset="393" sl="327" sc="13" el="327" ec="14" bec="0" bev="0" fileid="18" />
                <SequencePoint vc="0" uspid="384" ordinal="48" offset="394" sl="257" sc="59" el="257" ec="61" bec="0" bev="0" fileid="18" />
                <SequencePoint vc="0" uspid="385" ordinal="49" offset="418" sl="328" sc="9" el="328" ec="10" bec="0" bev="0" fileid="18" />
              </SequencePoints>
              <BranchPoints>
                <BranchPoint vc="0" uspid="386" ordinal="0" offset="45" sl="259" path="0" offsetend="50" fileid="18" />
                <BranchPoint vc="0" uspid="387" ordinal="1" offset="45" sl="259" path="1" offsetend="393" fileid="18" />
                <BranchPoint vc="0" uspid="388" ordinal="2" offset="77" sl="265" path="0" offsetend="79" fileid="18" />
                <BranchPoint vc="0" uspid="389" ordinal="3" offset="77" sl="265" path="1" offsetend="109" fileid="18" />
                <BranchPoint vc="0" uspid="392" ordinal="6" offset="130" sl="292" path="0" offsetend="132" fileid="18" />
                <BranchPoint vc="0" uspid="393" ordinal="7" offset="130" sl="292" path="1" offsetend="205" fileid="18" />
                <BranchPoint vc="0" uspid="396" ordinal="10" offset="214" sl="300" path="0" offsetend="219" fileid="18" />
                <BranchPoint vc="0" uspid="397" ordinal="11" offset="214" sl="300" path="1" offsetend="351" fileid="18" />
                <BranchPoint vc="0" uspid="398" ordinal="12" offset="245" sl="305" path="0" offsetend="247" fileid="18" />
                <BranchPoint vc="0" uspid="399" ordinal="13" offset="245" sl="305" path="1" offsetend="279" fileid="18" />
                <BranchPoint vc="0" uspid="400" ordinal="14" offset="297" sl="311" path="0" offsetend="299" fileid="18" />
                <BranchPoint vc="0" uspid="401" ordinal="15" offset="297" sl="311" path="1" offsetend="348" fileid="18" />
              </BranchPoints>
              <MethodPoint xsi:type="SequencePoint" vc="0" uspid="336" ordinal="0" offset="0" sl="255" sc="9" el="255" ec="10" bec="0" bev="0" fileid="18" />
            </Method>
            <Method visited="false" cyclomaticComplexity="2" nPathComplexity="2" sequenceCoverage="0" branchCoverage="0" isConstructor="false" isStatic="true" isGetter="false" isSetter="false">
              <Summary numSequencePoints="6" visitedSequencePoints="0" numBranchPoints="3" visitedBranchPoints="0" sequenceCoverage="0" branchCoverage="0" maxCyclomaticComplexity="2" minCyclomaticComplexity="2" visitedClasses="0" numClasses="0" visitedMethods="0" numMethods="1" />
              <MetadataToken>100663388</MetadataToken>
              <Name>System.Boolean TaskManagerAPI.Areas.HelpPage.HelpPageConfigurationExtensions::IsBindableWithTypeConverter(System.Type)</Name>
              <FileRef uid="18" />
              <SequencePoints>
                <SequencePoint vc="0" uspid="404" ordinal="0" offset="0" sl="331" sc="9" el="331" ec="10" bec="0" bev="0" fileid="18" />
                <SequencePoint vc="0" uspid="405" ordinal="1" offset="1" sl="332" sc="13" el="332" ec="39" bec="2" bev="0" fileid="18" />
                <SequencePoint vc="0" uspid="406" ordinal="2" offset="12" sl="333" sc="13" el="333" ec="14" bec="0" bev="0" fileid="18" />
                <SequencePoint vc="0" uspid="407" ordinal="3" offset="13" sl="334" sc="17" el="334" ec="30" bec="0" bev="0" fileid="18" />
                <SequencePoint vc="0" uspid="408" ordinal="4" offset="17" sl="337" sc="13" el="337" ec="94" bec="0" bev="0" fileid="18" />
                <SequencePoint vc="0" uspid="409" ordinal="5" offset="41" sl="338" sc="9" el="338" ec="10" bec="0" bev="0" fileid="18" />
              </SequencePoints>
              <BranchPoints>
                <BranchPoint vc="0" uspid="410" ordinal="0" offset="10" sl="332" path="0" offsetend="12" fileid="18" />
                <BranchPoint vc="0" uspid="411" ordinal="1" offset="10" sl="332" path="1" offsetend="17" fileid="18" />
              </BranchPoints>
              <MethodPoint xsi:type="SequencePoint" vc="0" uspid="404" ordinal="0" offset="0" sl="331" sc="9" el="331" ec="10" bec="0" bev="0" fileid="18" />
            </Method>
            <Method visited="false" cyclomaticComplexity="1" nPathComplexity="0" sequenceCoverage="0" branchCoverage="0" isConstructor="false" isStatic="true" isGetter="false" isSetter="false">
              <Summary numSequencePoints="5" visitedSequencePoints="0" numBranchPoints="1" visitedBranchPoints="0" sequenceCoverage="0" branchCoverage="0" maxCyclomaticComplexity="1" minCyclomaticComplexity="1" visitedClasses="0" numClasses="0" visitedMethods="0" numMethods="1" />
              <MetadataToken>100663389</MetadataToken>
              <Name>TaskManagerAPI.Areas.HelpPage.ModelDescriptions.ParameterDescription TaskManagerAPI.Areas.HelpPage.HelpPageConfigurationExtensions::AddParameterDescription(TaskManagerAPI.Areas.HelpPage.Models.HelpPageApiModel,System.Web.Http.Description.ApiParameterDescription,TaskManagerAPI.Areas.HelpPage.ModelDescriptions.ModelDescription)</Name>
              <FileRef uid="18" />
              <SequencePoints>
                <SequencePoint vc="0" uspid="412" ordinal="0" offset="0" sl="342" sc="9" el="342" ec="10" bec="0" bev="0" fileid="18" />
                <SequencePoint vc="0" uspid="413" ordinal="1" offset="1" sl="343" sc="13" el="348" ec="15" bec="0" bev="0" fileid="18" />
                <SequencePoint vc="0" uspid="414" ordinal="2" offset="41" sl="350" sc="13" el="350" ec="62" bec="0" bev="0" fileid="18" />
                <SequencePoint vc="0" uspid="415" ordinal="3" offset="54" sl="351" sc="13" el="351" ec="41" bec="0" bev="0" fileid="18" />
                <SequencePoint vc="0" uspid="416" ordinal="4" offset="58" sl="352" sc="9" el="352" ec="10" bec="0" bev="0" fileid="18" />
              </SequencePoints>
              <BranchPoints />
              <MethodPoint xsi:type="SequencePoint" vc="0" uspid="412" ordinal="0" offset="0" sl="342" sc="9" el="342" ec="10" bec="0" bev="0" fileid="18" />
            </Method>
            <Method visited="false" cyclomaticComplexity="7" nPathComplexity="8" sequenceCoverage="0" branchCoverage="0" isConstructor="false" isStatic="true" isGetter="false" isSetter="false">
              <Summary numSequencePoints="23" visitedSequencePoints="0" numBranchPoints="7" visitedBranchPoints="0" sequenceCoverage="0" branchCoverage="0" maxCyclomaticComplexity="7" minCyclomaticComplexity="7" visitedClasses="0" numClasses="0" visitedMethods="0" numMethods="1" />
              <MetadataToken>100663390</MetadataToken>
              <Name>System.Void TaskManagerAPI.Areas.HelpPage.HelpPageConfigurationExtensions::GenerateRequestModelDescription(TaskManagerAPI.Areas.HelpPage.Models.HelpPageApiModel,TaskManagerAPI.Areas.HelpPage.ModelDescriptions.ModelDescriptionGenerator,TaskManagerAPI.Areas.HelpPage.HelpPageSampleGenerator)</Name>
              <FileRef uid="18" />
              <SequencePoints>
                <SequencePoint vc="0" uspid="417" ordinal="0" offset="0" sl="355" sc="9" el="355" ec="10" bec="0" bev="0" fileid="18" />
                <SequencePoint vc="0" uspid="418" ordinal="1" offset="1" sl="356" sc="13" el="356" ec="69" bec="0" bev="0" fileid="18" />
                <SequencePoint vc="0" uspid="419" ordinal="2" offset="8" sl="357" sc="13" el="357" ec="20" bec="0" bev="0" fileid="18" />
                <SequencePoint vc="0" uspid="420" ordinal="3" offset="9" sl="357" sc="62" el="357" ec="98" bec="0" bev="0" fileid="18" />
                <SequencePoint vc="0" uspid="421" ordinal="4" offset="26" sl="357" sc="22" el="357" ec="58" bec="0" bev="0" fileid="18" />
                <SequencePoint vc="0" uspid="422" ordinal="5" offset="33" sl="358" sc="13" el="358" ec="14" bec="0" bev="0" fileid="18" />
                <SequencePoint vc="0" uspid="423" ordinal="6" offset="34" sl="359" sc="17" el="359" ec="72" bec="2" bev="0" fileid="18" />
                <SequencePoint vc="0" uspid="424" ordinal="7" offset="47" sl="360" sc="17" el="360" ec="18" bec="0" bev="0" fileid="18" />
                <SequencePoint vc="0" uspid="425" ordinal="8" offset="48" sl="361" sc="21" el="361" ec="89" bec="0" bev="0" fileid="18" />
                <SequencePoint vc="0" uspid="426" ordinal="9" offset="61" sl="362" sc="21" el="362" ec="114" bec="0" bev="0" fileid="18" />
                <SequencePoint vc="0" uspid="427" ordinal="10" offset="76" sl="363" sc="21" el="363" ec="80" bec="0" bev="0" fileid="18" />
                <SequencePoint vc="0" uspid="428" ordinal="11" offset="89" sl="364" sc="17" el="364" ec="18" bec="0" bev="0" fileid="18" />
                <SequencePoint vc="0" uspid="429" ordinal="12" offset="92" sl="365" sc="22" el="366" ec="98" bec="2" bev="0" fileid="18" />
                <SequencePoint vc="0" uspid="430" ordinal="13" offset="135" sl="367" sc="17" el="367" ec="18" bec="0" bev="0" fileid="18" />
                <SequencePoint vc="0" uspid="431" ordinal="14" offset="136" sl="368" sc="21" el="368" ec="104" bec="0" bev="0" fileid="18" />
                <SequencePoint vc="0" uspid="432" ordinal="15" offset="145" sl="370" sc="21" el="370" ec="47" bec="2" bev="0" fileid="18" />
                <SequencePoint vc="0" uspid="433" ordinal="16" offset="159" sl="371" sc="21" el="371" ec="22" bec="0" bev="0" fileid="18" />
                <SequencePoint vc="0" uspid="434" ordinal="17" offset="160" sl="372" sc="25" el="372" ec="118" bec="0" bev="0" fileid="18" />
                <SequencePoint vc="0" uspid="435" ordinal="18" offset="175" sl="373" sc="21" el="373" ec="22" bec="0" bev="0" fileid="18" />
                <SequencePoint vc="0" uspid="436" ordinal="19" offset="176" sl="374" sc="17" el="374" ec="18" bec="0" bev="0" fileid="18" />
                <SequencePoint vc="0" uspid="437" ordinal="20" offset="177" sl="375" sc="13" el="375" ec="14" bec="0" bev="0" fileid="18" />
                <SequencePoint vc="0" uspid="438" ordinal="21" offset="178" sl="357" sc="59" el="357" ec="61" bec="0" bev="0" fileid="18" />
                <SequencePoint vc="0" uspid="439" ordinal="22" offset="202" sl="376" sc="9" el="376" ec="10" bec="0" bev="0" fileid="18" />
              </SequencePoints>
              <BranchPoints>
                <BranchPoint vc="0" uspid="440" ordinal="0" offset="45" sl="359" path="0" offsetend="47" fileid="18" />
                <BranchPoint vc="0" uspid="441" ordinal="1" offset="45" sl="359" path="1" offsetend="92" fileid="18" />
                <BranchPoint vc="0" uspid="444" ordinal="4" offset="133" sl="365" path="0" offsetend="135" fileid="18" />
                <BranchPoint vc="0" uspid="445" ordinal="5" offset="133" sl="365" path="1" offsetend="177" fileid="18" />
                <BranchPoint vc="0" uspid="446" ordinal="6" offset="157" sl="370" path="0" offsetend="159" fileid="18" />
                <BranchPoint vc="0" uspid="447" ordinal="7" offset="157" sl="370" path="1" offsetend="176" fileid="18" />
              </BranchPoints>
              <MethodPoint xsi:type="SequencePoint" vc="0" uspid="417" ordinal="0" offset="0" sl="355" sc="9" el="355" ec="10" bec="0" bev="0" fileid="18" />
            </Method>
            <Method visited="false" cyclomaticComplexity="4" nPathComplexity="4" sequenceCoverage="0" branchCoverage="0" isConstructor="false" isStatic="true" isGetter="false" isSetter="false">
              <Summary numSequencePoints="8" visitedSequencePoints="0" numBranchPoints="5" visitedBranchPoints="0" sequenceCoverage="0" branchCoverage="0" maxCyclomaticComplexity="4" minCyclomaticComplexity="4" visitedClasses="0" numClasses="0" visitedMethods="0" numMethods="1" />
              <MetadataToken>100663391</MetadataToken>
              <Name>System.Void TaskManagerAPI.Areas.HelpPage.HelpPageConfigurationExtensions::GenerateResourceDescription(TaskManagerAPI.Areas.HelpPage.Models.HelpPageApiModel,TaskManagerAPI.Areas.HelpPage.ModelDescriptions.ModelDescriptionGenerator)</Name>
              <FileRef uid="18" />
              <SequencePoints>
                <SequencePoint vc="0" uspid="450" ordinal="0" offset="0" sl="379" sc="9" el="379" ec="10" bec="0" bev="0" fileid="18" />
                <SequencePoint vc="0" uspid="451" ordinal="1" offset="1" sl="380" sc="13" el="380" ec="88" bec="0" bev="0" fileid="18" />
                <SequencePoint vc="0" uspid="452" ordinal="2" offset="13" sl="381" sc="13" el="381" ec="80" bec="2" bev="0" fileid="18" />
                <SequencePoint vc="0" uspid="453" ordinal="3" offset="30" sl="382" sc="13" el="382" ec="70" bec="2" bev="0" fileid="18" />
                <SequencePoint vc="0" uspid="454" ordinal="4" offset="62" sl="383" sc="13" el="383" ec="14" bec="0" bev="0" fileid="18" />
                <SequencePoint vc="0" uspid="455" ordinal="5" offset="63" sl="384" sc="17" el="384" ec="105" bec="0" bev="0" fileid="18" />
                <SequencePoint vc="0" uspid="456" ordinal="6" offset="77" sl="385" sc="13" el="385" ec="14" bec="0" bev="0" fileid="18" />
                <SequencePoint vc="0" uspid="457" ordinal="7" offset="78" sl="386" sc="9" el="386" ec="10" bec="0" bev="0" fileid="18" />
              </SequencePoints>
              <BranchPoints>
                <BranchPoint vc="0" uspid="458" ordinal="0" offset="20" sl="381" path="0" offsetend="22" fileid="18" />
                <BranchPoint vc="0" uspid="459" ordinal="1" offset="20" sl="381" path="1" offsetend="29" fileid="18" />
                <BranchPoint vc="0" uspid="462" ordinal="4" offset="60" sl="382" path="0" offsetend="62" fileid="18" />
                <BranchPoint vc="0" uspid="463" ordinal="5" offset="60" sl="382" path="1" offsetend="78" fileid="18" />
              </BranchPoints>
              <MethodPoint xsi:type="SequencePoint" vc="0" uspid="450" ordinal="0" offset="0" sl="379" sc="9" el="379" ec="10" bec="0" bev="0" fileid="18" />
            </Method>
            <Method visited="false" cyclomaticComplexity="5" nPathComplexity="0" sequenceCoverage="0" branchCoverage="0" isConstructor="false" isStatic="true" isGetter="false" isSetter="false">
              <Summary numSequencePoints="24" visitedSequencePoints="0" numBranchPoints="1" visitedBranchPoints="0" sequenceCoverage="0" branchCoverage="0" maxCyclomaticComplexity="5" minCyclomaticComplexity="5" visitedClasses="0" numClasses="0" visitedMethods="0" numMethods="1" />
              <MetadataToken>100663392</MetadataToken>
              <Name>System.Void TaskManagerAPI.Areas.HelpPage.HelpPageConfigurationExtensions::GenerateSamples(TaskManagerAPI.Areas.HelpPage.Models.HelpPageApiModel,TaskManagerAPI.Areas.HelpPage.HelpPageSampleGenerator)</Name>
              <FileRef uid="18" />
              <SequencePoints>
                <SequencePoint vc="0" uspid="464" ordinal="0" offset="0" sl="390" sc="9" el="390" ec="10" bec="0" bev="0" fileid="18" />
                <SequencePoint vc="0" uspid="465" ordinal="1" offset="1" sl="392" sc="13" el="392" ec="14" bec="0" bev="0" fileid="18" />
                <SequencePoint vc="0" uspid="466" ordinal="2" offset="2" sl="393" sc="17" el="393" ec="24" bec="0" bev="0" fileid="18" />
                <SequencePoint vc="0" uspid="467" ordinal="3" offset="3" sl="393" sc="38" el="393" ec="96" bec="0" bev="0" fileid="18" />
                <SequencePoint vc="0" uspid="468" ordinal="4" offset="23" sl="393" sc="26" el="393" ec="34" bec="0" bev="0" fileid="18" />
                <SequencePoint vc="0" uspid="469" ordinal="5" offset="30" sl="394" sc="17" el="394" ec="18" bec="0" bev="0" fileid="18" />
                <SequencePoint vc="0" uspid="470" ordinal="6" offset="31" sl="395" sc="21" el="395" ec="71" bec="0" bev="0" fileid="18" />
                <SequencePoint vc="0" uspid="471" ordinal="7" offset="57" sl="396" sc="21" el="396" ec="67" bec="0" bev="0" fileid="18" />
                <SequencePoint vc="0" uspid="472" ordinal="8" offset="71" sl="397" sc="17" el="397" ec="18" bec="0" bev="0" fileid="18" />
                <SequencePoint vc="0" uspid="473" ordinal="9" offset="72" sl="393" sc="35" el="393" ec="37" bec="0" bev="0" fileid="18" />
                <SequencePoint vc="0" uspid="474" ordinal="10" offset="93" sl="399" sc="17" el="399" ec="24" bec="0" bev="0" fileid="18" />
                <SequencePoint vc="0" uspid="475" ordinal="11" offset="94" sl="399" sc="38" el="399" ec="97" bec="0" bev="0" fileid="18" />
                <SequencePoint vc="0" uspid="476" ordinal="12" offset="114" sl="399" sc="26" el="399" ec="34" bec="0" bev="0" fileid="18" />
                <SequencePoint vc="0" uspid="477" ordinal="13" offset="121" sl="400" sc="17" el="400" ec="18" bec="0" bev="0" fileid="18" />
                <SequencePoint vc="0" uspid="478" ordinal="14" offset="122" sl="401" sc="21" el="401" ec="72" bec="0" bev="0" fileid="18" />
                <SequencePoint vc="0" uspid="479" ordinal="15" offset="148" sl="402" sc="21" el="402" ec="67" bec="0" bev="0" fileid="18" />
                <SequencePoint vc="0" uspid="480" ordinal="16" offset="162" sl="403" sc="17" el="403" ec="18" bec="0" bev="0" fileid="18" />
                <SequencePoint vc="0" uspid="481" ordinal="17" offset="163" sl="399" sc="35" el="399" ec="37" bec="0" bev="0" fileid="18" />
                <SequencePoint vc="0" uspid="482" ordinal="18" offset="184" sl="404" sc="13" el="404" ec="14" bec="0" bev="0" fileid="18" />
                <SequencePoint vc="0" uspid="483" ordinal="19" offset="187" sl="405" sc="13" el="405" ec="32" bec="0" bev="0" fileid="18" />
                <SequencePoint vc="0" uspid="484" ordinal="20" offset="189" sl="406" sc="13" el="406" ec="14" bec="0" bev="0" fileid="18" />
                <SequencePoint vc="0" uspid="485" ordinal="21" offset="190" sl="407" sc="17" el="409" ec="74" bec="0" bev="0" fileid="18" />
                <SequencePoint vc="0" uspid="486" ordinal="22" offset="238" sl="410" sc="13" el="410" ec="14" bec="0" bev="0" fileid="18" />
                <SequencePoint vc="0" uspid="487" ordinal="23" offset="241" sl="411" sc="9" el="411" ec="10" bec="0" bev="0" fileid="18" />
              </SequencePoints>
              <BranchPoints />
              <MethodPoint xsi:type="SequencePoint" vc="0" uspid="464" ordinal="0" offset="0" sl="390" sc="9" el="390" ec="10" bec="0" bev="0" fileid="18" />
            </Method>
            <Method visited="false" cyclomaticComplexity="5" nPathComplexity="8" sequenceCoverage="0" branchCoverage="0" isConstructor="false" isStatic="true" isGetter="false" isSetter="false">
              <Summary numSequencePoints="18" visitedSequencePoints="0" numBranchPoints="7" visitedBranchPoints="0" sequenceCoverage="0" branchCoverage="0" maxCyclomaticComplexity="5" minCyclomaticComplexity="5" visitedClasses="0" numClasses="0" visitedMethods="0" numMethods="1" />
              <MetadataToken>100663393</MetadataToken>
              <Name>System.Boolean TaskManagerAPI.Areas.HelpPage.HelpPageConfigurationExtensions::TryGetResourceParameter(System.Web.Http.Description.ApiDescription,System.Web.Http.HttpConfiguration,System.Web.Http.Description.ApiParameterDescription&amp;,System.Type&amp;)</Name>
              <FileRef uid="18" />
              <SequencePoints>
                <SequencePoint vc="0" uspid="492" ordinal="0" offset="0" sl="414" sc="9" el="414" ec="10" bec="0" bev="0" fileid="18" />
                <SequencePoint vc="0" uspid="493" ordinal="1" offset="1" sl="415" sc="13" el="417" ec="123" bec="0" bev="0" fileid="18" />
                <SequencePoint vc="0" uspid="494" ordinal="2" offset="45" sl="419" sc="13" el="419" ec="46" bec="2" bev="0" fileid="18" />
                <SequencePoint vc="0" uspid="495" ordinal="3" offset="54" sl="420" sc="13" el="420" ec="14" bec="0" bev="0" fileid="18" />
                <SequencePoint vc="0" uspid="496" ordinal="4" offset="55" sl="421" sc="17" el="421" ec="37" bec="0" bev="0" fileid="18" />
                <SequencePoint vc="0" uspid="497" ordinal="5" offset="58" sl="422" sc="17" el="422" ec="30" bec="0" bev="0" fileid="18" />
                <SequencePoint vc="0" uspid="498" ordinal="6" offset="62" sl="425" sc="13" el="425" ec="83" bec="0" bev="0" fileid="18" />
                <SequencePoint vc="0" uspid="499" ordinal="7" offset="76" sl="427" sc="13" el="427" ec="60" bec="2" bev="0" fileid="18" />
                <SequencePoint vc="0" uspid="500" ordinal="8" offset="97" sl="428" sc="13" el="428" ec="14" bec="0" bev="0" fileid="18" />
                <SequencePoint vc="0" uspid="501" ordinal="9" offset="98" sl="429" sc="17" el="429" ec="95" bec="0" bev="0" fileid="18" />
                <SequencePoint vc="0" uspid="502" ordinal="10" offset="105" sl="430" sc="17" el="430" ec="94" bec="0" bev="0" fileid="18" />
                <SequencePoint vc="0" uspid="503" ordinal="11" offset="114" sl="431" sc="13" el="431" ec="14" bec="0" bev="0" fileid="18" />
                <SequencePoint vc="0" uspid="504" ordinal="12" offset="115" sl="433" sc="13" el="433" ec="38" bec="2" bev="0" fileid="18" />
                <SequencePoint vc="0" uspid="505" ordinal="13" offset="129" sl="434" sc="13" el="434" ec="14" bec="0" bev="0" fileid="18" />
                <SequencePoint vc="0" uspid="506" ordinal="14" offset="130" sl="435" sc="17" el="435" ec="45" bec="0" bev="0" fileid="18" />
                <SequencePoint vc="0" uspid="507" ordinal="15" offset="133" sl="436" sc="17" el="436" ec="30" bec="0" bev="0" fileid="18" />
                <SequencePoint vc="0" uspid="508" ordinal="16" offset="137" sl="439" sc="13" el="439" ec="25" bec="0" bev="0" fileid="18" />
                <SequencePoint vc="0" uspid="509" ordinal="17" offset="141" sl="440" sc="9" el="440" ec="10" bec="0" bev="0" fileid="18" />
              </SequencePoints>
              <BranchPoints>
                <BranchPoint vc="0" uspid="512" ordinal="2" offset="52" sl="419" path="0" offsetend="54" fileid="18" />
                <BranchPoint vc="0" uspid="513" ordinal="3" offset="52" sl="419" path="1" offsetend="62" fileid="18" />
                <BranchPoint vc="0" uspid="514" ordinal="4" offset="95" sl="427" path="0" offsetend="97" fileid="18" />
                <BranchPoint vc="0" uspid="515" ordinal="5" offset="95" sl="427" path="1" offsetend="115" fileid="18" />
                <BranchPoint vc="0" uspid="516" ordinal="6" offset="127" sl="433" path="0" offsetend="129" fileid="18" />
                <BranchPoint vc="0" uspid="517" ordinal="7" offset="127" sl="433" path="1" offsetend="137" fileid="18" />
              </BranchPoints>
              <MethodPoint xsi:type="SequencePoint" vc="0" uspid="492" ordinal="0" offset="0" sl="414" sc="9" el="414" ec="10" bec="0" bev="0" fileid="18" />
            </Method>
            <Method visited="false" cyclomaticComplexity="4" nPathComplexity="2" sequenceCoverage="0" branchCoverage="0" isConstructor="false" isStatic="true" isGetter="false" isSetter="false">
              <Summary numSequencePoints="15" visitedSequencePoints="0" numBranchPoints="3" visitedBranchPoints="0" sequenceCoverage="0" branchCoverage="0" maxCyclomaticComplexity="4" minCyclomaticComplexity="4" visitedClasses="0" numClasses="0" visitedMethods="0" numMethods="1" />
              <MetadataToken>100663394</MetadataToken>
              <Name>TaskManagerAPI.Areas.HelpPage.ModelDescriptions.ModelDescriptionGenerator TaskManagerAPI.Areas.HelpPage.HelpPageConfigurationExtensions::InitializeModelDescriptionGenerator(System.Web.Http.HttpConfiguration)</Name>
              <FileRef uid="18" />
              <SequencePoints>
                <SequencePoint vc="0" uspid="518" ordinal="0" offset="0" sl="443" sc="9" el="443" ec="10" bec="0" bev="0" fileid="18" />
                <SequencePoint vc="0" uspid="519" ordinal="1" offset="1" sl="444" sc="13" el="444" ec="94" bec="0" bev="0" fileid="18" />
                <SequencePoint vc="0" uspid="520" ordinal="2" offset="8" sl="445" sc="13" el="445" ec="96" bec="0" bev="0" fileid="18" />
                <SequencePoint vc="0" uspid="521" ordinal="3" offset="25" sl="446" sc="13" el="446" ec="20" bec="0" bev="0" fileid="18" />
                <SequencePoint vc="0" uspid="522" ordinal="4" offset="26" sl="446" sc="44" el="446" ec="48" bec="0" bev="0" fileid="18" />
                <SequencePoint vc="0" uspid="523" ordinal="5" offset="35" sl="446" sc="22" el="446" ec="40" bec="0" bev="0" fileid="18" />
                <SequencePoint vc="0" uspid="524" ordinal="6" offset="42" sl="447" sc="13" el="447" ec="14" bec="0" bev="0" fileid="18" />
                <SequencePoint vc="0" uspid="525" ordinal="7" offset="43" sl="450" sc="17" el="450" ec="103" bec="2" bev="0" fileid="18" />
                <SequencePoint vc="0" uspid="526" ordinal="8" offset="60" sl="451" sc="17" el="451" ec="18" bec="0" bev="0" fileid="18" />
                <SequencePoint vc="0" uspid="527" ordinal="9" offset="61" sl="452" sc="21" el="452" ec="79" bec="0" bev="0" fileid="18" />
                <SequencePoint vc="0" uspid="528" ordinal="10" offset="70" sl="453" sc="17" el="453" ec="18" bec="0" bev="0" fileid="18" />
                <SequencePoint vc="0" uspid="529" ordinal="11" offset="71" sl="454" sc="13" el="454" ec="14" bec="0" bev="0" fileid="18" />
                <SequencePoint vc="0" uspid="530" ordinal="12" offset="72" sl="446" sc="41" el="446" ec="43" bec="0" bev="0" fileid="18" />
                <SequencePoint vc="0" uspid="531" ordinal="13" offset="93" sl="455" sc="13" el="455" ec="35" bec="0" bev="0" fileid="18" />
                <SequencePoint vc="0" uspid="532" ordinal="14" offset="98" sl="456" sc="9" el="456" ec="10" bec="0" bev="0" fileid="18" />
              </SequencePoints>
              <BranchPoints>
                <BranchPoint vc="0" uspid="533" ordinal="0" offset="58" sl="450" path="0" offsetend="60" fileid="18" />
                <BranchPoint vc="0" uspid="534" ordinal="1" offset="58" sl="450" path="1" offsetend="71" fileid="18" />
              </BranchPoints>
              <MethodPoint xsi:type="SequencePoint" vc="0" uspid="518" ordinal="0" offset="0" sl="443" sc="9" el="443" ec="10" bec="0" bev="0" fileid="18" />
            </Method>
            <Method visited="false" cyclomaticComplexity="2" nPathComplexity="2" sequenceCoverage="0" branchCoverage="0" isConstructor="false" isStatic="true" isGetter="false" isSetter="false">
              <Summary numSequencePoints="7" visitedSequencePoints="0" numBranchPoints="3" visitedBranchPoints="0" sequenceCoverage="0" branchCoverage="0" maxCyclomaticComplexity="2" minCyclomaticComplexity="2" visitedClasses="0" numClasses="0" visitedMethods="0" numMethods="1" />
              <MetadataToken>100663395</MetadataToken>
              <Name>System.Void TaskManagerAPI.Areas.HelpPage.HelpPageConfigurationExtensions::LogInvalidSampleAsError(TaskManagerAPI.Areas.HelpPage.Models.HelpPageApiModel,System.Object)</Name>
              <FileRef uid="18" />
              <SequencePoints>
                <SequencePoint vc="0" uspid="537" ordinal="0" offset="0" sl="459" sc="9" el="459" ec="10" bec="0" bev="0" fileid="18" />
                <SequencePoint vc="0" uspid="538" ordinal="1" offset="1" sl="460" sc="13" el="460" ec="67" bec="0" bev="0" fileid="18" />
                <SequencePoint vc="0" uspid="539" ordinal="2" offset="8" sl="461" sc="13" el="461" ec="39" bec="2" bev="0" fileid="18" />
                <SequencePoint vc="0" uspid="540" ordinal="3" offset="16" sl="462" sc="13" el="462" ec="14" bec="0" bev="0" fileid="18" />
                <SequencePoint vc="0" uspid="541" ordinal="4" offset="17" sl="463" sc="17" el="463" ec="72" bec="0" bev="0" fileid="18" />
                <SequencePoint vc="0" uspid="542" ordinal="5" offset="35" sl="464" sc="13" el="464" ec="14" bec="0" bev="0" fileid="18" />
                <SequencePoint vc="0" uspid="543" ordinal="6" offset="36" sl="465" sc="9" el="465" ec="10" bec="0" bev="0" fileid="18" />
              </SequencePoints>
              <BranchPoints>
                <BranchPoint vc="0" uspid="544" ordinal="0" offset="14" sl="461" path="0" offsetend="16" fileid="18" />
                <BranchPoint vc="0" uspid="545" ordinal="1" offset="14" sl="461" path="1" offsetend="36" fileid="18" />
              </BranchPoints>
              <MethodPoint xsi:type="SequencePoint" vc="0" uspid="537" ordinal="0" offset="0" sl="459" sc="9" el="459" ec="10" bec="0" bev="0" fileid="18" />
            </Method>
          </Methods>
        </Class>
        <Class>
          <Summary numSequencePoints="2" visitedSequencePoints="0" numBranchPoints="2" visitedBranchPoints="0" sequenceCoverage="0" branchCoverage="0" maxCyclomaticComplexity="4" minCyclomaticComplexity="1" visitedClasses="0" numClasses="1" visitedMethods="0" numMethods="2" />
          <FullName>TaskManagerAPI.Areas.HelpPage.HelpPageConfigurationExtensions/&lt;&gt;c</FullName>
          <Methods>
            <Method visited="false" cyclomaticComplexity="1" nPathComplexity="0" sequenceCoverage="0" branchCoverage="0" isConstructor="true" isStatic="true" isGetter="false" isSetter="false">
              <Summary numSequencePoints="0" visitedSequencePoints="0" numBranchPoints="0" visitedBranchPoints="0" sequenceCoverage="0" branchCoverage="0" maxCyclomaticComplexity="1" minCyclomaticComplexity="1" visitedClasses="0" numClasses="0" visitedMethods="0" numMethods="0" />
              <MetadataToken>100663576</MetadataToken>
              <Name>System.Void TaskManagerAPI.Areas.HelpPage.HelpPageConfigurationExtensions/&lt;&gt;c::.cctor()</Name>
              <SequencePoints />
              <BranchPoints />
              <MethodPoint vc="0" uspid="546" ordinal="0" offset="0" />
            </Method>
            <Method visited="false" cyclomaticComplexity="1" nPathComplexity="0" sequenceCoverage="0" branchCoverage="0" isConstructor="true" isStatic="false" isGetter="false" isSetter="false">
              <Summary numSequencePoints="0" visitedSequencePoints="0" numBranchPoints="0" visitedBranchPoints="0" sequenceCoverage="0" branchCoverage="0" maxCyclomaticComplexity="1" minCyclomaticComplexity="1" visitedClasses="0" numClasses="0" visitedMethods="0" numMethods="0" />
              <MetadataToken>100663577</MetadataToken>
              <Name>System.Void TaskManagerAPI.Areas.HelpPage.HelpPageConfigurationExtensions/&lt;&gt;c::.ctor()</Name>
              <SequencePoints />
              <BranchPoints />
              <MethodPoint vc="0" uspid="547" ordinal="0" offset="0" />
            </Method>
            <Method visited="false" cyclomaticComplexity="1" nPathComplexity="0" sequenceCoverage="0" branchCoverage="0" isConstructor="false" isStatic="false" isGetter="false" isSetter="false">
              <Summary numSequencePoints="1" visitedSequencePoints="0" numBranchPoints="1" visitedBranchPoints="0" sequenceCoverage="0" branchCoverage="0" maxCyclomaticComplexity="1" minCyclomaticComplexity="1" visitedClasses="0" numClasses="0" visitedMethods="0" numMethods="1" />
              <MetadataToken>100663578</MetadataToken>
              <Name>System.Object TaskManagerAPI.Areas.HelpPage.HelpPageConfigurationExtensions/&lt;&gt;c::&lt;GetHelpPageSampleGenerator&gt;b__13_0(System.Object)</Name>
              <FileRef uid="18" />
              <SequencePoints>
                <SequencePoint vc="0" uspid="548" ordinal="0" offset="0" sl="183" sc="22" el="183" ec="51" bec="0" bev="0" fileid="18" />
              </SequencePoints>
              <BranchPoints />
              <MethodPoint xsi:type="SequencePoint" vc="0" uspid="548" ordinal="0" offset="0" sl="183" sc="22" el="183" ec="51" bec="0" bev="0" fileid="18" />
            </Method>
            <Method visited="false" cyclomaticComplexity="4" nPathComplexity="0" sequenceCoverage="0" branchCoverage="0" isConstructor="false" isStatic="false" isGetter="false" isSetter="false">
              <Summary numSequencePoints="1" visitedSequencePoints="0" numBranchPoints="1" visitedBranchPoints="0" sequenceCoverage="0" branchCoverage="0" maxCyclomaticComplexity="4" minCyclomaticComplexity="4" visitedClasses="0" numClasses="0" visitedMethods="0" numMethods="1" />
              <MetadataToken>100663579</MetadataToken>
              <Name>System.Boolean TaskManagerAPI.Areas.HelpPage.HelpPageConfigurationExtensions/&lt;&gt;c::&lt;TryGetResourceParameter&gt;b__24_0(System.Web.Http.Description.ApiParameterDescription)</Name>
              <FileRef uid="18" />
              <SequencePoints>
                <SequencePoint vc="0" uspid="549" ordinal="0" offset="0" sl="416" sc="22" el="417" ec="121" bec="0" bev="0" fileid="18" />
              </SequencePoints>
              <BranchPoints />
              <MethodPoint xsi:type="SequencePoint" vc="0" uspid="549" ordinal="0" offset="0" sl="416" sc="22" el="417" ec="121" bec="0" bev="0" fileid="18" />
            </Method>
          </Methods>
        </Class>
        <Class>
          <Summary numSequencePoints="2" visitedSequencePoints="0" numBranchPoints="2" visitedBranchPoints="0" sequenceCoverage="0" branchCoverage="0" maxCyclomaticComplexity="1" minCyclomaticComplexity="1" visitedClasses="0" numClasses="1" visitedMethods="0" numMethods="2" />
          <FullName>TaskManagerAPI.Areas.HelpPage.HelpPageConfigurationExtensions/&lt;&gt;c__DisplayClass14_0</FullName>
          <Methods>
            <Method visited="false" cyclomaticComplexity="1" nPathComplexity="0" sequenceCoverage="0" branchCoverage="0" isConstructor="true" isStatic="false" isGetter="false" isSetter="false">
              <Summary numSequencePoints="0" visitedSequencePoints="0" numBranchPoints="0" visitedBranchPoints="0" sequenceCoverage="0" branchCoverage="0" maxCyclomaticComplexity="1" minCyclomaticComplexity="1" visitedClasses="0" numClasses="0" visitedMethods="0" numMethods="0" />
              <MetadataToken>100663580</MetadataToken>
              <Name>System.Void TaskManagerAPI.Areas.HelpPage.HelpPageConfigurationExtensions/&lt;&gt;c__DisplayClass14_0::.ctor()</Name>
              <SequencePoints />
              <BranchPoints />
              <MethodPoint vc="0" uspid="554" ordinal="0" offset="0" />
            </Method>
            <Method visited="false" cyclomaticComplexity="1" nPathComplexity="0" sequenceCoverage="0" branchCoverage="0" isConstructor="false" isStatic="false" isGetter="false" isSetter="false">
              <Summary numSequencePoints="1" visitedSequencePoints="0" numBranchPoints="1" visitedBranchPoints="0" sequenceCoverage="0" branchCoverage="0" maxCyclomaticComplexity="1" minCyclomaticComplexity="1" visitedClasses="0" numClasses="0" visitedMethods="0" numMethods="1" />
              <MetadataToken>100663581</MetadataToken>
              <Name>System.Object TaskManagerAPI.Areas.HelpPage.HelpPageConfigurationExtensions/&lt;&gt;c__DisplayClass14_0::&lt;SetHelpPageSampleGenerator&gt;b__0(System.Object)</Name>
              <FileRef uid="18" />
              <SequencePoints>
                <SequencePoint vc="0" uspid="555" ordinal="0" offset="0" sl="195" sc="22" el="195" ec="37" bec="0" bev="0" fileid="18" />
              </SequencePoints>
              <BranchPoints />
              <MethodPoint xsi:type="SequencePoint" vc="0" uspid="555" ordinal="0" offset="0" sl="195" sc="22" el="195" ec="37" bec="0" bev="0" fileid="18" />
            </Method>
            <Method visited="false" cyclomaticComplexity="1" nPathComplexity="0" sequenceCoverage="0" branchCoverage="0" isConstructor="false" isStatic="false" isGetter="false" isSetter="false">
              <Summary numSequencePoints="1" visitedSequencePoints="0" numBranchPoints="1" visitedBranchPoints="0" sequenceCoverage="0" branchCoverage="0" maxCyclomaticComplexity="1" minCyclomaticComplexity="1" visitedClasses="0" numClasses="0" visitedMethods="0" numMethods="1" />
              <MetadataToken>100663582</MetadataToken>
              <Name>System.Object TaskManagerAPI.Areas.HelpPage.HelpPageConfigurationExtensions/&lt;&gt;c__DisplayClass14_0::&lt;SetHelpPageSampleGenerator&gt;b__1(System.Object,System.Object)</Name>
              <FileRef uid="18" />
              <SequencePoints>
                <SequencePoint vc="0" uspid="556" ordinal="0" offset="0" sl="196" sc="27" el="196" ec="42" bec="0" bev="0" fileid="18" />
              </SequencePoints>
              <BranchPoints />
              <MethodPoint xsi:type="SequencePoint" vc="0" uspid="556" ordinal="0" offset="0" sl="196" sc="27" el="196" ec="42" bec="0" bev="0" fileid="18" />
            </Method>
          </Methods>
        </Class>
        <Class>
          <Summary numSequencePoints="1" visitedSequencePoints="0" numBranchPoints="1" visitedBranchPoints="0" sequenceCoverage="0" branchCoverage="0" maxCyclomaticComplexity="1" minCyclomaticComplexity="1" visitedClasses="0" numClasses="1" visitedMethods="0" numMethods="1" />
          <FullName>TaskManagerAPI.Areas.HelpPage.HelpPageConfigurationExtensions/&lt;&gt;c__DisplayClass15_0</FullName>
          <Methods>
            <Method visited="false" cyclomaticComplexity="1" nPathComplexity="0" sequenceCoverage="0" branchCoverage="0" isConstructor="true" isStatic="false" isGetter="false" isSetter="false">
              <Summary numSequencePoints="0" visitedSequencePoints="0" numBranchPoints="0" visitedBranchPoints="0" sequenceCoverage="0" branchCoverage="0" maxCyclomaticComplexity="1" minCyclomaticComplexity="1" visitedClasses="0" numClasses="0" visitedMethods="0" numMethods="0" />
              <MetadataToken>100663583</MetadataToken>
              <Name>System.Void TaskManagerAPI.Areas.HelpPage.HelpPageConfigurationExtensions/&lt;&gt;c__DisplayClass15_0::.ctor()</Name>
              <SequencePoints />
              <BranchPoints />
              <MethodPoint vc="0" uspid="557" ordinal="0" offset="0" />
            </Method>
            <Method visited="false" cyclomaticComplexity="1" nPathComplexity="0" sequenceCoverage="0" branchCoverage="0" isConstructor="false" isStatic="false" isGetter="false" isSetter="false">
              <Summary numSequencePoints="1" visitedSequencePoints="0" numBranchPoints="1" visitedBranchPoints="0" sequenceCoverage="0" branchCoverage="0" maxCyclomaticComplexity="1" minCyclomaticComplexity="1" visitedClasses="0" numClasses="0" visitedMethods="0" numMethods="1" />
              <MetadataToken>100663584</MetadataToken>
              <Name>System.Object TaskManagerAPI.Areas.HelpPage.HelpPageConfigurationExtensions/&lt;&gt;c__DisplayClass15_0::&lt;GetModelDescriptionGenerator&gt;b__0(System.Object)</Name>
              <FileRef uid="18" />
              <SequencePoints>
                <SequencePoint vc="0" uspid="558" ordinal="0" offset="0" sl="208" sc="22" el="208" ec="65" bec="0" bev="0" fileid="18" />
              </SequencePoints>
              <BranchPoints />
              <MethodPoint xsi:type="SequencePoint" vc="0" uspid="558" ordinal="0" offset="0" sl="208" sc="22" el="208" ec="65" bec="0" bev="0" fileid="18" />
            </Method>
          </Methods>
        </Class>
        <Class>
          <Summary numSequencePoints="1" visitedSequencePoints="0" numBranchPoints="1" visitedBranchPoints="0" sequenceCoverage="0" branchCoverage="0" maxCyclomaticComplexity="1" minCyclomaticComplexity="1" visitedClasses="0" numClasses="1" visitedMethods="0" numMethods="1" />
          <FullName>TaskManagerAPI.Areas.HelpPage.HelpPageConfigurationExtensions/&lt;&gt;c__DisplayClass16_0</FullName>
          <Methods>
            <Method visited="false" cyclomaticComplexity="1" nPathComplexity="0" sequenceCoverage="0" branchCoverage="0" isConstructor="true" isStatic="false" isGetter="false" isSetter="false">
              <Summary numSequencePoints="0" visitedSequencePoints="0" numBranchPoints="0" visitedBranchPoints="0" sequenceCoverage="0" branchCoverage="0" maxCyclomaticComplexity="1" minCyclomaticComplexity="1" visitedClasses="0" numClasses="0" visitedMethods="0" numMethods="0" />
              <MetadataToken>100663585</MetadataToken>
              <Name>System.Void TaskManagerAPI.Areas.HelpPage.HelpPageConfigurationExtensions/&lt;&gt;c__DisplayClass16_0::.ctor()</Name>
              <SequencePoints />
              <BranchPoints />
              <MethodPoint vc="0" uspid="559" ordinal="0" offset="0" />
            </Method>
            <Method visited="false" cyclomaticComplexity="1" nPathComplexity="0" sequenceCoverage="0" branchCoverage="0" isConstructor="false" isStatic="false" isGetter="false" isSetter="false">
              <Summary numSequencePoints="1" visitedSequencePoints="0" numBranchPoints="1" visitedBranchPoints="0" sequenceCoverage="0" branchCoverage="0" maxCyclomaticComplexity="1" minCyclomaticComplexity="1" visitedClasses="0" numClasses="0" visitedMethods="0" numMethods="1" />
              <MetadataToken>100663586</MetadataToken>
              <Name>System.Boolean TaskManagerAPI.Areas.HelpPage.HelpPageConfigurationExtensions/&lt;&gt;c__DisplayClass16_0::&lt;GetHelpPageApiModel&gt;b__0(System.Web.Http.Description.ApiDescription)</Name>
              <FileRef uid="18" />
              <SequencePoints>
                <SequencePoint vc="0" uspid="560" ordinal="0" offset="0" sl="226" sc="87" el="226" ec="175" bec="0" bev="0" fileid="18" />
              </SequencePoints>
              <BranchPoints />
              <MethodPoint xsi:type="SequencePoint" vc="0" uspid="560" ordinal="0" offset="0" sl="226" sc="87" el="226" ec="175" bec="0" bev="0" fileid="18" />
            </Method>
          </Methods>
        </Class>
        <Class>
          <Summary numSequencePoints="224" visitedSequencePoints="0" numBranchPoints="73" visitedBranchPoints="0" sequenceCoverage="0" branchCoverage="0" maxCyclomaticComplexity="14" minCyclomaticComplexity="1" visitedClasses="0" numClasses="1" visitedMethods="0" numMethods="23" />
          <FullName>TaskManagerAPI.Areas.HelpPage.HelpPageSampleGenerator</FullName>
          <Methods>
            <Method visited="false" cyclomaticComplexity="1" nPathComplexity="0" sequenceCoverage="0" branchCoverage="0" isConstructor="false" isStatic="false" isGetter="true" isSetter="false">
              <Summary numSequencePoints="1" visitedSequencePoints="0" numBranchPoints="1" visitedBranchPoints="0" sequenceCoverage="0" branchCoverage="0" maxCyclomaticComplexity="1" minCyclomaticComplexity="1" visitedClasses="0" numClasses="0" visitedMethods="0" numMethods="1" />
              <MetadataToken>100663397</MetadataToken>
              <Name>System.Collections.Generic.IDictionary`2&lt;TaskManagerAPI.Areas.HelpPage.HelpPageSampleKey,System.Type&gt; TaskManagerAPI.Areas.HelpPage.HelpPageSampleGenerator::get_ActualHttpMessageTypes()</Name>
              <FileRef uid="23" />
              <SequencePoints>
                <SequencePoint vc="0" uspid="561" ordinal="0" offset="0" sl="40" sc="78" el="40" ec="82" bec="0" bev="0" fileid="23" />
              </SequencePoints>
              <BranchPoints />
              <MethodPoint xsi:type="SequencePoint" vc="0" uspid="561" ordinal="0" offset="0" sl="40" sc="78" el="40" ec="82" bec="0" bev="0" fileid="23" />
            </Method>
            <Method visited="false" cyclomaticComplexity="1" nPathComplexity="0" sequenceCoverage="0" branchCoverage="0" isConstructor="false" isStatic="false" isGetter="false" isSetter="true">
              <Summary numSequencePoints="1" visitedSequencePoints="0" numBranchPoints="1" visitedBranchPoints="0" sequenceCoverage="0" branchCoverage="0" maxCyclomaticComplexity="1" minCyclomaticComplexity="1" visitedClasses="0" numClasses="0" visitedMethods="0" numMethods="1" />
              <MetadataToken>100663398</MetadataToken>
              <Name>System.Void TaskManagerAPI.Areas.HelpPage.HelpPageSampleGenerator::set_ActualHttpMessageTypes(System.Collections.Generic.IDictionary`2&lt;TaskManagerAPI.Areas.HelpPage.HelpPageSampleKey,System.Type&gt;)</Name>
              <FileRef uid="23" />
              <SequencePoints>
                <SequencePoint vc="0" uspid="562" ordinal="0" offset="0" sl="40" sc="83" el="40" ec="96" bec="0" bev="0" fileid="23" />
              </SequencePoints>
              <BranchPoints />
              <MethodPoint xsi:type="SequencePoint" vc="0" uspid="562" ordinal="0" offset="0" sl="40" sc="83" el="40" ec="96" bec="0" bev="0" fileid="23" />
            </Method>
            <Method visited="false" cyclomaticComplexity="1" nPathComplexity="0" sequenceCoverage="0" branchCoverage="0" isConstructor="false" isStatic="false" isGetter="true" isSetter="false">
              <Summary numSequencePoints="1" visitedSequencePoints="0" numBranchPoints="1" visitedBranchPoints="0" sequenceCoverage="0" branchCoverage="0" maxCyclomaticComplexity="1" minCyclomaticComplexity="1" visitedClasses="0" numClasses="0" visitedMethods="0" numMethods="1" />
              <MetadataToken>100663399</MetadataToken>
              <Name>System.Collections.Generic.IDictionary`2&lt;TaskManagerAPI.Areas.HelpPage.HelpPageSampleKey,System.Object&gt; TaskManagerAPI.Areas.HelpPage.HelpPageSampleGenerator::get_ActionSamples()</Name>
              <FileRef uid="23" />
              <SequencePoints>
                <SequencePoint vc="0" uspid="563" ordinal="0" offset="0" sl="45" sc="71" el="45" ec="75" bec="0" bev="0" fileid="23" />
              </SequencePoints>
              <BranchPoints />
              <MethodPoint xsi:type="SequencePoint" vc="0" uspid="563" ordinal="0" offset="0" sl="45" sc="71" el="45" ec="75" bec="0" bev="0" fileid="23" />
            </Method>
            <Method visited="false" cyclomaticComplexity="1" nPathComplexity="0" sequenceCoverage="0" branchCoverage="0" isConstructor="false" isStatic="false" isGetter="false" isSetter="true">
              <Summary numSequencePoints="1" visitedSequencePoints="0" numBranchPoints="1" visitedBranchPoints="0" sequenceCoverage="0" branchCoverage="0" maxCyclomaticComplexity="1" minCyclomaticComplexity="1" visitedClasses="0" numClasses="0" visitedMethods="0" numMethods="1" />
              <MetadataToken>100663400</MetadataToken>
              <Name>System.Void TaskManagerAPI.Areas.HelpPage.HelpPageSampleGenerator::set_ActionSamples(System.Collections.Generic.IDictionary`2&lt;TaskManagerAPI.Areas.HelpPage.HelpPageSampleKey,System.Object&gt;)</Name>
              <FileRef uid="23" />
              <SequencePoints>
                <SequencePoint vc="0" uspid="564" ordinal="0" offset="0" sl="45" sc="76" el="45" ec="89" bec="0" bev="0" fileid="23" />
              </SequencePoints>
              <BranchPoints />
              <MethodPoint xsi:type="SequencePoint" vc="0" uspid="564" ordinal="0" offset="0" sl="45" sc="76" el="45" ec="89" bec="0" bev="0" fileid="23" />
            </Method>
            <Method visited="false" cyclomaticComplexity="1" nPathComplexity="0" sequenceCoverage="0" branchCoverage="0" isConstructor="false" isStatic="false" isGetter="true" isSetter="false">
              <Summary numSequencePoints="1" visitedSequencePoints="0" numBranchPoints="1" visitedBranchPoints="0" sequenceCoverage="0" branchCoverage="0" maxCyclomaticComplexity="1" minCyclomaticComplexity="1" visitedClasses="0" numClasses="0" visitedMethods="0" numMethods="1" />
              <MetadataToken>100663401</MetadataToken>
              <Name>System.Collections.Generic.IDictionary`2&lt;System.Type,System.Object&gt; TaskManagerAPI.Areas.HelpPage.HelpPageSampleGenerator::get_SampleObjects()</Name>
              <FileRef uid="23" />
              <SequencePoints>
                <SequencePoint vc="0" uspid="565" ordinal="0" offset="0" sl="50" sc="58" el="50" ec="62" bec="0" bev="0" fileid="23" />
              </SequencePoints>
              <BranchPoints />
              <MethodPoint xsi:type="SequencePoint" vc="0" uspid="565" ordinal="0" offset="0" sl="50" sc="58" el="50" ec="62" bec="0" bev="0" fileid="23" />
            </Method>
            <Method visited="false" cyclomaticComplexity="1" nPathComplexity="0" sequenceCoverage="0" branchCoverage="0" isConstructor="false" isStatic="false" isGetter="false" isSetter="true">
              <Summary numSequencePoints="1" visitedSequencePoints="0" numBranchPoints="1" visitedBranchPoints="0" sequenceCoverage="0" branchCoverage="0" maxCyclomaticComplexity="1" minCyclomaticComplexity="1" visitedClasses="0" numClasses="0" visitedMethods="0" numMethods="1" />
              <MetadataToken>100663402</MetadataToken>
              <Name>System.Void TaskManagerAPI.Areas.HelpPage.HelpPageSampleGenerator::set_SampleObjects(System.Collections.Generic.IDictionary`2&lt;System.Type,System.Object&gt;)</Name>
              <FileRef uid="23" />
              <SequencePoints>
                <SequencePoint vc="0" uspid="566" ordinal="0" offset="0" sl="50" sc="63" el="50" ec="76" bec="0" bev="0" fileid="23" />
              </SequencePoints>
              <BranchPoints />
              <MethodPoint xsi:type="SequencePoint" vc="0" uspid="566" ordinal="0" offset="0" sl="50" sc="63" el="50" ec="76" bec="0" bev="0" fileid="23" />
            </Method>
            <Method visited="false" cyclomaticComplexity="1" nPathComplexity="0" sequenceCoverage="0" branchCoverage="0" isConstructor="false" isStatic="false" isGetter="true" isSetter="false">
              <Summary numSequencePoints="1" visitedSequencePoints="0" numBranchPoints="1" visitedBranchPoints="0" sequenceCoverage="0" branchCoverage="0" maxCyclomaticComplexity="1" minCyclomaticComplexity="1" visitedClasses="0" numClasses="0" visitedMethods="0" numMethods="1" />
              <MetadataToken>100663403</MetadataToken>
              <Name>System.Collections.Generic.IList`1&lt;System.Func`3&lt;TaskManagerAPI.Areas.HelpPage.HelpPageSampleGenerator,System.Type,System.Object&gt;&gt; TaskManagerAPI.Areas.HelpPage.HelpPageSampleGenerator::get_SampleObjectFactories()</Name>
              <FileRef uid="23" />
              <SequencePoints>
                <SequencePoint vc="0" uspid="567" ordinal="0" offset="0" sl="62" sc="91" el="62" ec="95" bec="0" bev="0" fileid="23" />
              </SequencePoints>
              <BranchPoints />
              <MethodPoint xsi:type="SequencePoint" vc="0" uspid="567" ordinal="0" offset="0" sl="62" sc="91" el="62" ec="95" bec="0" bev="0" fileid="23" />
            </Method>
            <Method visited="false" cyclomaticComplexity="1" nPathComplexity="0" sequenceCoverage="0" branchCoverage="0" isConstructor="false" isStatic="false" isGetter="false" isSetter="true">
              <Summary numSequencePoints="1" visitedSequencePoints="0" numBranchPoints="1" visitedBranchPoints="0" sequenceCoverage="0" branchCoverage="0" maxCyclomaticComplexity="1" minCyclomaticComplexity="1" visitedClasses="0" numClasses="0" visitedMethods="0" numMethods="1" />
              <MetadataToken>100663404</MetadataToken>
              <Name>System.Void TaskManagerAPI.Areas.HelpPage.HelpPageSampleGenerator::set_SampleObjectFactories(System.Collections.Generic.IList`1&lt;System.Func`3&lt;TaskManagerAPI.Areas.HelpPage.HelpPageSampleGenerator,System.Type,System.Object&gt;&gt;)</Name>
              <FileRef uid="23" />
              <SequencePoints>
                <SequencePoint vc="0" uspid="568" ordinal="0" offset="0" sl="62" sc="96" el="62" ec="108" bec="0" bev="0" fileid="23" />
              </SequencePoints>
              <BranchPoints />
              <MethodPoint xsi:type="SequencePoint" vc="0" uspid="568" ordinal="0" offset="0" sl="62" sc="96" el="62" ec="108" bec="0" bev="0" fileid="23" />
            </Method>
            <Method visited="false" cyclomaticComplexity="1" nPathComplexity="0" sequenceCoverage="0" branchCoverage="0" isConstructor="true" isStatic="false" isGetter="false" isSetter="false">
              <Summary numSequencePoints="7" visitedSequencePoints="0" numBranchPoints="1" visitedBranchPoints="0" sequenceCoverage="0" branchCoverage="0" maxCyclomaticComplexity="1" minCyclomaticComplexity="1" visitedClasses="0" numClasses="0" visitedMethods="0" numMethods="1" />
              <MetadataToken>100663396</MetadataToken>
              <Name>System.Void TaskManagerAPI.Areas.HelpPage.HelpPageSampleGenerator::.ctor()</Name>
              <FileRef uid="23" />
              <SequencePoints>
                <SequencePoint vc="0" uspid="569" ordinal="0" offset="0" sl="26" sc="9" el="26" ec="41" bec="0" bev="0" fileid="23" />
                <SequencePoint vc="0" uspid="570" ordinal="1" offset="7" sl="27" sc="9" el="27" ec="10" bec="0" bev="0" fileid="23" />
                <SequencePoint vc="0" uspid="571" ordinal="2" offset="8" sl="28" sc="13" el="28" ec="80" bec="0" bev="0" fileid="23" />
                <SequencePoint vc="0" uspid="572" ordinal="3" offset="20" sl="29" sc="13" el="29" ec="73" bec="0" bev="0" fileid="23" />
                <SequencePoint vc="0" uspid="573" ordinal="4" offset="32" sl="30" sc="13" el="30" ec="60" bec="0" bev="0" fileid="23" />
                <SequencePoint vc="0" uspid="574" ordinal="5" offset="44" sl="31" sc="13" el="34" ec="15" bec="0" bev="0" fileid="23" />
                <SequencePoint vc="0" uspid="575" ordinal="6" offset="75" sl="35" sc="9" el="35" ec="10" bec="0" bev="0" fileid="23" />
              </SequencePoints>
              <BranchPoints />
              <MethodPoint xsi:type="SequencePoint" vc="0" uspid="569" ordinal="0" offset="0" sl="26" sc="9" el="26" ec="41" bec="0" bev="0" fileid="23" />
            </Method>
            <Method visited="false" cyclomaticComplexity="1" nPathComplexity="0" sequenceCoverage="0" branchCoverage="0" isConstructor="false" isStatic="false" isGetter="false" isSetter="false">
              <Summary numSequencePoints="3" visitedSequencePoints="0" numBranchPoints="1" visitedBranchPoints="0" sequenceCoverage="0" branchCoverage="0" maxCyclomaticComplexity="1" minCyclomaticComplexity="1" visitedClasses="0" numClasses="0" visitedMethods="0" numMethods="1" />
              <MetadataToken>100663405</MetadataToken>
              <Name>System.Collections.Generic.IDictionary`2&lt;System.Net.Http.Headers.MediaTypeHeaderValue,System.Object&gt; TaskManagerAPI.Areas.HelpPage.HelpPageSampleGenerator::GetSampleRequests(System.Web.Http.Description.ApiDescription)</Name>
              <FileRef uid="23" />
              <SequencePoints>
                <SequencePoint vc="0" uspid="576" ordinal="0" offset="0" sl="70" sc="9" el="70" ec="10" bec="0" bev="0" fileid="23" />
                <SequencePoint vc="0" uspid="577" ordinal="1" offset="1" sl="71" sc="13" el="71" ec="60" bec="0" bev="0" fileid="23" />
                <SequencePoint vc="0" uspid="578" ordinal="2" offset="12" sl="72" sc="9" el="72" ec="10" bec="0" bev="0" fileid="23" />
              </SequencePoints>
              <BranchPoints />
              <MethodPoint xsi:type="SequencePoint" vc="0" uspid="576" ordinal="0" offset="0" sl="70" sc="9" el="70" ec="10" bec="0" bev="0" fileid="23" />
            </Method>
            <Method visited="false" cyclomaticComplexity="1" nPathComplexity="0" sequenceCoverage="0" branchCoverage="0" isConstructor="false" isStatic="false" isGetter="false" isSetter="false">
              <Summary numSequencePoints="3" visitedSequencePoints="0" numBranchPoints="1" visitedBranchPoints="0" sequenceCoverage="0" branchCoverage="0" maxCyclomaticComplexity="1" minCyclomaticComplexity="1" visitedClasses="0" numClasses="0" visitedMethods="0" numMethods="1" />
              <MetadataToken>100663406</MetadataToken>
              <Name>System.Collections.Generic.IDictionary`2&lt;System.Net.Http.Headers.MediaTypeHeaderValue,System.Object&gt; TaskManagerAPI.Areas.HelpPage.HelpPageSampleGenerator::GetSampleResponses(System.Web.Http.Description.ApiDescription)</Name>
              <FileRef uid="23" />
              <SequencePoints>
                <SequencePoint vc="0" uspid="579" ordinal="0" offset="0" sl="80" sc="9" el="80" ec="10" bec="0" bev="0" fileid="23" />
                <SequencePoint vc="0" uspid="580" ordinal="1" offset="1" sl="81" sc="13" el="81" ec="61" bec="0" bev="0" fileid="23" />
                <SequencePoint vc="0" uspid="581" ordinal="2" offset="12" sl="82" sc="9" el="82" ec="10" bec="0" bev="0" fileid="23" />
              </SequencePoints>
              <BranchPoints />
              <MethodPoint xsi:type="SequencePoint" vc="0" uspid="579" ordinal="0" offset="0" sl="80" sc="9" el="80" ec="10" bec="0" bev="0" fileid="23" />
            </Method>
            <Method visited="false" cyclomaticComplexity="14" nPathComplexity="16" sequenceCoverage="0" branchCoverage="0" isConstructor="false" isStatic="false" isGetter="false" isSetter="false">
              <Summary numSequencePoints="44" visitedSequencePoints="0" numBranchPoints="9" visitedBranchPoints="0" sequenceCoverage="0" branchCoverage="0" maxCyclomaticComplexity="14" minCyclomaticComplexity="14" visitedClasses="0" numClasses="0" visitedMethods="0" numMethods="1" />
              <MetadataToken>100663407</MetadataToken>
              <Name>System.Collections.Generic.IDictionary`2&lt;System.Net.Http.Headers.MediaTypeHeaderValue,System.Object&gt; TaskManagerAPI.Areas.HelpPage.HelpPageSampleGenerator::GetSample(System.Web.Http.Description.ApiDescription,TaskManagerAPI.Areas.HelpPage.SampleDirection)</Name>
              <FileRef uid="23" />
              <SequencePoints>
                <SequencePoint vc="0" uspid="582" ordinal="0" offset="0" sl="91" sc="9" el="91" ec="10" bec="0" bev="0" fileid="23" />
                <SequencePoint vc="0" uspid="583" ordinal="1" offset="1" sl="92" sc="13" el="92" ec="29" bec="2" bev="0" fileid="23" />
                <SequencePoint vc="0" uspid="584" ordinal="2" offset="11" sl="93" sc="13" el="93" ec="14" bec="0" bev="0" fileid="23" />
                <SequencePoint vc="0" uspid="585" ordinal="3" offset="12" sl="94" sc="17" el="94" ec="56" bec="0" bev="0" fileid="23" />
                <SequencePoint vc="0" uspid="586" ordinal="4" offset="23" sl="96" sc="13" el="96" ec="94" bec="0" bev="0" fileid="23" />
                <SequencePoint vc="0" uspid="587" ordinal="5" offset="40" sl="97" sc="13" el="97" ec="65" bec="0" bev="0" fileid="23" />
                <SequencePoint vc="0" uspid="588" ordinal="6" offset="52" sl="98" sc="13" el="98" ec="96" bec="0" bev="0" fileid="23" />
                <SequencePoint vc="0" uspid="589" ordinal="7" offset="95" sl="100" sc="13" el="100" ec="119" bec="0" bev="0" fileid="23" />
                <SequencePoint vc="0" uspid="590" ordinal="8" offset="110" sl="101" sc="13" el="101" ec="74" bec="0" bev="0" fileid="23" />
                <SequencePoint vc="0" uspid="591" ordinal="9" offset="117" sl="104" sc="13" el="104" ec="114" bec="0" bev="0" fileid="23" />
                <SequencePoint vc="0" uspid="592" ordinal="10" offset="129" sl="105" sc="13" el="105" ec="20" bec="0" bev="0" fileid="23" />
                <SequencePoint vc="0" uspid="593" ordinal="11" offset="130" sl="105" sc="42" el="105" ec="55" bec="0" bev="0" fileid="23" />
                <SequencePoint vc="0" uspid="594" ordinal="12" offset="141" sl="105" sc="22" el="105" ec="38" bec="0" bev="0" fileid="23" />
                <SequencePoint vc="0" uspid="595" ordinal="13" offset="150" sl="106" sc="13" el="106" ec="14" bec="0" bev="0" fileid="23" />
                <SequencePoint vc="0" uspid="596" ordinal="14" offset="151" sl="107" sc="17" el="107" ec="97" bec="0" bev="0" fileid="23" />
                <SequencePoint vc="0" uspid="597" ordinal="15" offset="183" sl="108" sc="13" el="108" ec="14" bec="0" bev="0" fileid="23" />
                <SequencePoint vc="0" uspid="598" ordinal="16" offset="184" sl="105" sc="39" el="105" ec="41" bec="0" bev="0" fileid="23" />
                <SequencePoint vc="0" uspid="599" ordinal="17" offset="208" sl="112" sc="13" el="112" ec="85" bec="2" bev="0" fileid="23" />
                <SequencePoint vc="0" uspid="600" ordinal="18" offset="250" sl="113" sc="13" el="113" ec="14" bec="0" bev="0" fileid="23" />
                <SequencePoint vc="0" uspid="601" ordinal="19" offset="251" sl="114" sc="17" el="114" ec="61" bec="0" bev="0" fileid="23" />
                <SequencePoint vc="0" uspid="602" ordinal="20" offset="261" sl="115" sc="17" el="115" ec="24" bec="0" bev="0" fileid="23" />
                <SequencePoint vc="0" uspid="603" ordinal="21" offset="262" sl="115" sc="43" el="115" ec="53" bec="0" bev="0" fileid="23" />
                <SequencePoint vc="0" uspid="604" ordinal="22" offset="275" sl="115" sc="26" el="115" ec="39" bec="0" bev="0" fileid="23" />
                <SequencePoint vc="0" uspid="605" ordinal="23" offset="284" sl="116" sc="17" el="116" ec="18" bec="0" bev="0" fileid="23" />
                <SequencePoint vc="0" uspid="606" ordinal="24" offset="285" sl="117" sc="21" el="117" ec="28" bec="0" bev="0" fileid="23" />
                <SequencePoint vc="0" uspid="607" ordinal="25" offset="286" sl="117" sc="64" el="117" ec="93" bec="0" bev="0" fileid="23" />
                <SequencePoint vc="0" uspid="608" ordinal="26" offset="302" sl="117" sc="30" el="117" ec="60" bec="0" bev="0" fileid="23" />
                <SequencePoint vc="0" uspid="609" ordinal="27" offset="311" sl="118" sc="21" el="118" ec="22" bec="0" bev="0" fileid="23" />
                <SequencePoint vc="0" uspid="610" ordinal="28" offset="312" sl="119" sc="25" el="119" ec="61" bec="2" bev="0" fileid="23" />
                <SequencePoint vc="0" uspid="611" ordinal="29" offset="330" sl="120" sc="25" el="120" ec="26" bec="0" bev="0" fileid="23" />
                <SequencePoint vc="0" uspid="612" ordinal="30" offset="331" sl="121" sc="29" el="121" ec="150" bec="0" bev="0" fileid="23" />
                <SequencePoint vc="0" uspid="613" ordinal="31" offset="349" sl="124" sc="29" el="124" ec="72" bec="2" bev="0" fileid="23" />
                <SequencePoint vc="0" uspid="614" ordinal="32" offset="367" sl="125" sc="29" el="125" ec="30" bec="0" bev="0" fileid="23" />
                <SequencePoint vc="0" uspid="615" ordinal="33" offset="368" sl="126" sc="33" el="126" ec="116" bec="0" bev="0" fileid="23" />
                <SequencePoint vc="0" uspid="616" ordinal="34" offset="384" sl="127" sc="29" el="127" ec="30" bec="0" bev="0" fileid="23" />
                <SequencePoint vc="0" uspid="617" ordinal="35" offset="385" sl="129" sc="29" el="129" ec="80" bec="0" bev="0" fileid="23" />
                <SequencePoint vc="0" uspid="618" ordinal="36" offset="402" sl="130" sc="25" el="130" ec="26" bec="0" bev="0" fileid="23" />
                <SequencePoint vc="0" uspid="619" ordinal="37" offset="403" sl="131" sc="21" el="131" ec="22" bec="0" bev="0" fileid="23" />
                <SequencePoint vc="0" uspid="620" ordinal="38" offset="404" sl="117" sc="61" el="117" ec="63" bec="0" bev="0" fileid="23" />
                <SequencePoint vc="0" uspid="621" ordinal="39" offset="428" sl="132" sc="17" el="132" ec="18" bec="0" bev="0" fileid="23" />
                <SequencePoint vc="0" uspid="622" ordinal="40" offset="429" sl="115" sc="40" el="115" ec="42" bec="0" bev="0" fileid="23" />
                <SequencePoint vc="0" uspid="623" ordinal="41" offset="456" sl="133" sc="13" el="133" ec="14" bec="0" bev="0" fileid="23" />
                <SequencePoint vc="0" uspid="624" ordinal="42" offset="457" sl="135" sc="13" el="135" ec="28" bec="0" bev="0" fileid="23" />
                <SequencePoint vc="0" uspid="625" ordinal="43" offset="463" sl="136" sc="9" el="136" ec="10" bec="0" bev="0" fileid="23" />
              </SequencePoints>
              <BranchPoints>
                <BranchPoint vc="0" uspid="626" ordinal="0" offset="9" sl="92" path="0" offsetend="11" fileid="23" />
                <BranchPoint vc="0" uspid="627" ordinal="1" offset="9" sl="92" path="1" offsetend="23" fileid="23" />
                <BranchPoint vc="0" uspid="634" ordinal="8" offset="245" sl="112" path="0" offsetend="250" fileid="23" />
                <BranchPoint vc="0" uspid="635" ordinal="9" offset="245" sl="112" path="1" offsetend="457" fileid="23" />
                <BranchPoint vc="0" uspid="636" ordinal="10" offset="328" sl="119" path="0" offsetend="330" fileid="23" />
                <BranchPoint vc="0" uspid="637" ordinal="11" offset="328" sl="119" path="1" offsetend="403" fileid="23" />
                <BranchPoint vc="0" uspid="640" ordinal="14" offset="365" sl="124" path="0" offsetend="367" fileid="23" />
                <BranchPoint vc="0" uspid="641" ordinal="15" offset="365" sl="124" path="1" offsetend="385" fileid="23" />
              </BranchPoints>
              <MethodPoint xsi:type="SequencePoint" vc="0" uspid="582" ordinal="0" offset="0" sl="91" sc="9" el="91" ec="10" bec="0" bev="0" fileid="23" />
            </Method>
            <Method visited="false" cyclomaticComplexity="5" nPathComplexity="2" sequenceCoverage="0" branchCoverage="0" isConstructor="false" isStatic="false" isGetter="false" isSetter="false">
              <Summary numSequencePoints="6" visitedSequencePoints="0" numBranchPoints="3" visitedBranchPoints="0" sequenceCoverage="0" branchCoverage="0" maxCyclomaticComplexity="5" minCyclomaticComplexity="5" visitedClasses="0" numClasses="0" visitedMethods="0" numMethods="1" />
              <MetadataToken>100663408</MetadataToken>
              <Name>System.Object TaskManagerAPI.Areas.HelpPage.HelpPageSampleGenerator::GetActionSample(System.String,System.String,System.Collections.Generic.IEnumerable`1&lt;System.String&gt;,System.Type,System.Net.Http.Formatting.MediaTypeFormatter,System.Net.Http.Headers.MediaTypeHeaderValue,TaskManagerAPI.Areas.HelpPage.SampleDirection)</Name>
              <FileRef uid="23" />
              <SequencePoints>
                <SequencePoint vc="0" uspid="646" ordinal="0" offset="0" sl="150" sc="9" el="150" ec="10" bec="0" bev="0" fileid="23" />
                <SequencePoint vc="0" uspid="647" ordinal="1" offset="1" sl="157" sc="13" el="160" ec="89" bec="2" bev="0" fileid="23" />
                <SequencePoint vc="0" uspid="648" ordinal="2" offset="119" sl="161" sc="13" el="161" ec="14" bec="0" bev="0" fileid="23" />
                <SequencePoint vc="0" uspid="649" ordinal="3" offset="120" sl="162" sc="17" el="162" ec="31" bec="0" bev="0" fileid="23" />
                <SequencePoint vc="0" uspid="650" ordinal="4" offset="124" sl="165" sc="13" el="165" ec="25" bec="0" bev="0" fileid="23" />
                <SequencePoint vc="0" uspid="651" ordinal="5" offset="128" sl="166" sc="9" el="166" ec="10" bec="0" bev="0" fileid="23" />
              </SequencePoints>
              <BranchPoints>
                <BranchPoint vc="0" uspid="658" ordinal="6" offset="117" sl="157" path="0" offsetend="119" fileid="23" />
                <BranchPoint vc="0" uspid="659" ordinal="7" offset="117" sl="157" path="1" offsetend="124" fileid="23" />
              </BranchPoints>
              <MethodPoint xsi:type="SequencePoint" vc="0" uspid="646" ordinal="0" offset="0" sl="150" sc="9" el="150" ec="10" bec="0" bev="0" fileid="23" />
            </Method>
            <Method visited="false" cyclomaticComplexity="6" nPathComplexity="8" sequenceCoverage="0" branchCoverage="0" isConstructor="false" isStatic="false" isGetter="false" isSetter="false">
              <Summary numSequencePoints="24" visitedSequencePoints="0" numBranchPoints="7" visitedBranchPoints="0" sequenceCoverage="0" branchCoverage="0" maxCyclomaticComplexity="6" minCyclomaticComplexity="6" visitedClasses="0" numClasses="0" visitedMethods="0" numMethods="1" />
              <MetadataToken>100663409</MetadataToken>
              <Name>System.Object TaskManagerAPI.Areas.HelpPage.HelpPageSampleGenerator::GetSampleObject(System.Type)</Name>
              <FileRef uid="23" />
              <SequencePoints>
                <SequencePoint vc="0" uspid="660" ordinal="0" offset="0" sl="179" sc="9" el="179" ec="10" bec="0" bev="0" fileid="23" />
                <SequencePoint vc="0" uspid="661" ordinal="1" offset="1" sl="182" sc="13" el="182" ec="68" bec="2" bev="0" fileid="23" />
                <SequencePoint vc="0" uspid="662" ordinal="2" offset="22" sl="183" sc="13" el="183" ec="14" bec="0" bev="0" fileid="23" />
                <SequencePoint vc="0" uspid="663" ordinal="3" offset="23" sl="185" sc="17" el="185" ec="24" bec="0" bev="0" fileid="23" />
                <SequencePoint vc="0" uspid="664" ordinal="4" offset="24" sl="185" sc="81" el="185" ec="102" bec="0" bev="0" fileid="23" />
                <SequencePoint vc="0" uspid="665" ordinal="5" offset="38" sl="185" sc="26" el="185" ec="77" bec="0" bev="0" fileid="23" />
                <SequencePoint vc="0" uspid="666" ordinal="6" offset="45" sl="186" sc="17" el="186" ec="18" bec="0" bev="0" fileid="23" />
                <SequencePoint vc="0" uspid="667" ordinal="7" offset="46" sl="187" sc="21" el="187" ec="41" bec="2" bev="0" fileid="23" />
                <SequencePoint vc="0" uspid="668" ordinal="8" offset="56" sl="188" sc="21" el="188" ec="22" bec="0" bev="0" fileid="23" />
                <SequencePoint vc="0" uspid="669" ordinal="9" offset="57" sl="189" sc="25" el="189" ec="34" bec="0" bev="0" fileid="23" />
                <SequencePoint vc="0" uspid="670" ordinal="10" offset="60" sl="193" sc="21" el="193" ec="22" bec="0" bev="0" fileid="23" />
                <SequencePoint vc="0" uspid="671" ordinal="11" offset="61" sl="194" sc="25" el="194" ec="60" bec="0" bev="0" fileid="23" />
                <SequencePoint vc="0" uspid="672" ordinal="12" offset="70" sl="195" sc="25" el="195" ec="50" bec="2" bev="0" fileid="23" />
                <SequencePoint vc="0" uspid="673" ordinal="13" offset="80" sl="196" sc="25" el="196" ec="26" bec="0" bev="0" fileid="23" />
                <SequencePoint vc="0" uspid="674" ordinal="14" offset="81" sl="197" sc="29" el="197" ec="35" bec="0" bev="0" fileid="23" />
                <SequencePoint vc="0" uspid="675" ordinal="15" offset="83" sl="199" sc="21" el="199" ec="22" bec="0" bev="0" fileid="23" />
                <SequencePoint vc="0" uspid="676" ordinal="16" offset="86" sl="200" sc="21" el="200" ec="26" bec="0" bev="0" fileid="23" />
                <SequencePoint vc="0" uspid="677" ordinal="17" offset="87" sl="201" sc="21" el="201" ec="22" bec="0" bev="0" fileid="23" />
                <SequencePoint vc="0" uspid="678" ordinal="18" offset="88" sl="203" sc="21" el="203" ec="22" bec="0" bev="0" fileid="23" />
                <SequencePoint vc="0" uspid="679" ordinal="19" offset="91" sl="204" sc="17" el="204" ec="18" bec="0" bev="0" fileid="23" />
                <SequencePoint vc="0" uspid="680" ordinal="20" offset="92" sl="185" sc="78" el="185" ec="80" bec="0" bev="0" fileid="23" />
                <SequencePoint vc="0" uspid="681" ordinal="21" offset="113" sl="205" sc="13" el="205" ec="14" bec="0" bev="0" fileid="23" />
                <SequencePoint vc="0" uspid="682" ordinal="22" offset="114" sl="207" sc="13" el="207" ec="33" bec="0" bev="0" fileid="23" />
                <SequencePoint vc="0" uspid="683" ordinal="23" offset="119" sl="208" sc="9" el="208" ec="10" bec="0" bev="0" fileid="23" />
              </SequencePoints>
              <BranchPoints>
                <BranchPoint vc="0" uspid="684" ordinal="0" offset="20" sl="182" path="0" offsetend="22" fileid="23" />
                <BranchPoint vc="0" uspid="685" ordinal="1" offset="20" sl="182" path="1" offsetend="114" fileid="23" />
                <BranchPoint vc="0" uspid="686" ordinal="2" offset="54" sl="187" path="0" offsetend="56" fileid="23" />
                <BranchPoint vc="0" uspid="687" ordinal="3" offset="54" sl="187" path="1" offsetend="59" fileid="23" />
                <BranchPoint vc="0" uspid="688" ordinal="4" offset="78" sl="195" path="0" offsetend="80" fileid="23" />
                <BranchPoint vc="0" uspid="689" ordinal="5" offset="78" sl="195" path="1" offsetend="83" fileid="23" />
              </BranchPoints>
              <MethodPoint xsi:type="SequencePoint" vc="0" uspid="660" ordinal="0" offset="0" sl="179" sc="9" el="179" ec="10" bec="0" bev="0" fileid="23" />
            </Method>
            <Method visited="false" cyclomaticComplexity="2" nPathComplexity="0" sequenceCoverage="0" branchCoverage="0" isConstructor="false" isStatic="false" isGetter="false" isSetter="false">
              <Summary numSequencePoints="6" visitedSequencePoints="0" numBranchPoints="1" visitedBranchPoints="0" sequenceCoverage="0" branchCoverage="0" maxCyclomaticComplexity="2" minCyclomaticComplexity="2" visitedClasses="0" numClasses="0" visitedMethods="0" numMethods="1" />
              <MetadataToken>100663410</MetadataToken>
              <Name>System.Type TaskManagerAPI.Areas.HelpPage.HelpPageSampleGenerator::ResolveHttpRequestMessageType(System.Web.Http.Description.ApiDescription)</Name>
              <FileRef uid="23" />
              <SequencePoints>
                <SequencePoint vc="0" uspid="692" ordinal="0" offset="0" sl="216" sc="9" el="216" ec="10" bec="0" bev="0" fileid="23" />
                <SequencePoint vc="0" uspid="693" ordinal="1" offset="1" sl="217" sc="13" el="217" ec="94" bec="0" bev="0" fileid="23" />
                <SequencePoint vc="0" uspid="694" ordinal="2" offset="18" sl="218" sc="13" el="218" ec="65" bec="0" bev="0" fileid="23" />
                <SequencePoint vc="0" uspid="695" ordinal="3" offset="30" sl="219" sc="13" el="219" ec="96" bec="0" bev="0" fileid="23" />
                <SequencePoint vc="0" uspid="696" ordinal="4" offset="73" sl="221" sc="13" el="221" ec="122" bec="0" bev="0" fileid="23" />
                <SequencePoint vc="0" uspid="697" ordinal="5" offset="90" sl="222" sc="9" el="222" ec="10" bec="0" bev="0" fileid="23" />
              </SequencePoints>
              <BranchPoints />
              <MethodPoint xsi:type="SequencePoint" vc="0" uspid="692" ordinal="0" offset="0" sl="216" sc="9" el="216" ec="10" bec="0" bev="0" fileid="23" />
            </Method>
            <Method visited="false" cyclomaticComplexity="13" nPathComplexity="64" sequenceCoverage="0" branchCoverage="0" isConstructor="false" isStatic="false" isGetter="false" isSetter="false">
              <Summary numSequencePoints="34" visitedSequencePoints="0" numBranchPoints="13" visitedBranchPoints="0" sequenceCoverage="0" branchCoverage="0" maxCyclomaticComplexity="13" minCyclomaticComplexity="13" visitedClasses="0" numClasses="0" visitedMethods="0" numMethods="1" />
              <MetadataToken>100663411</MetadataToken>
              <Name>System.Type TaskManagerAPI.Areas.HelpPage.HelpPageSampleGenerator::ResolveType(System.Web.Http.Description.ApiDescription,System.String,System.String,System.Collections.Generic.IEnumerable`1&lt;System.String&gt;,TaskManagerAPI.Areas.HelpPage.SampleDirection,System.Collections.ObjectModel.Collection`1&lt;System.Net.Http.Formatting.MediaTypeFormatter&gt;&amp;)</Name>
              <FileRef uid="23" />
              <SequencePoints>
                <SequencePoint vc="0" uspid="700" ordinal="0" offset="0" sl="235" sc="9" el="235" ec="10" bec="0" bev="0" fileid="23" />
                <SequencePoint vc="0" uspid="701" ordinal="1" offset="1" sl="236" sc="13" el="236" ec="75" bec="2" bev="0" fileid="23" />
                <SequencePoint vc="0" uspid="702" ordinal="2" offset="30" sl="237" sc="13" el="237" ec="14" bec="0" bev="0" fileid="23" />
                <SequencePoint vc="0" uspid="703" ordinal="3" offset="31" sl="238" sc="17" el="238" ec="122" bec="0" bev="0" fileid="23" />
                <SequencePoint vc="0" uspid="704" ordinal="4" offset="54" sl="240" sc="13" el="240" ec="29" bec="2" bev="0" fileid="23" />
                <SequencePoint vc="0" uspid="705" ordinal="5" offset="62" sl="241" sc="13" el="241" ec="14" bec="0" bev="0" fileid="23" />
                <SequencePoint vc="0" uspid="706" ordinal="6" offset="63" sl="242" sc="17" el="242" ec="56" bec="0" bev="0" fileid="23" />
                <SequencePoint vc="0" uspid="707" ordinal="7" offset="74" sl="245" sc="13" el="246" ec="145" bec="2" bev="0" fileid="23" />
                <SequencePoint vc="0" uspid="708" ordinal="8" offset="143" sl="247" sc="13" el="247" ec="14" bec="0" bev="0" fileid="23" />
                <SequencePoint vc="0" uspid="709" ordinal="9" offset="144" sl="249" sc="17" el="249" ec="101" bec="0" bev="0" fileid="23" />
                <SequencePoint vc="0" uspid="710" ordinal="10" offset="151" sl="250" sc="17" el="250" ec="24" bec="0" bev="0" fileid="23" />
                <SequencePoint vc="0" uspid="711" ordinal="11" offset="152" sl="250" sc="43" el="250" ec="88" bec="0" bev="0" fileid="23" />
                <SequencePoint vc="0" uspid="712" ordinal="12" offset="177" sl="250" sc="26" el="250" ec="39" bec="0" bev="0" fileid="23" />
                <SequencePoint vc="0" uspid="713" ordinal="13" offset="186" sl="251" sc="17" el="251" ec="18" bec="0" bev="0" fileid="23" />
                <SequencePoint vc="0" uspid="714" ordinal="14" offset="187" sl="252" sc="21" el="252" ec="77" bec="2" bev="0" fileid="23" />
                <SequencePoint vc="0" uspid="715" ordinal="15" offset="203" sl="253" sc="21" el="253" ec="22" bec="0" bev="0" fileid="23" />
                <SequencePoint vc="0" uspid="716" ordinal="16" offset="204" sl="254" sc="25" el="254" ec="54" bec="0" bev="0" fileid="23" />
                <SequencePoint vc="0" uspid="717" ordinal="17" offset="214" sl="255" sc="21" el="255" ec="22" bec="0" bev="0" fileid="23" />
                <SequencePoint vc="0" uspid="718" ordinal="18" offset="215" sl="256" sc="17" el="256" ec="18" bec="0" bev="0" fileid="23" />
                <SequencePoint vc="0" uspid="719" ordinal="19" offset="216" sl="250" sc="40" el="250" ec="42" bec="0" bev="0" fileid="23" />
                <SequencePoint vc="0" uspid="720" ordinal="20" offset="240" sl="257" sc="17" el="257" ec="44" bec="0" bev="0" fileid="23" />
                <SequencePoint vc="0" uspid="721" ordinal="21" offset="245" sl="258" sc="13" el="258" ec="14" bec="0" bev="0" fileid="23" />
                <SequencePoint vc="0" uspid="722" ordinal="22" offset="251" sl="260" sc="13" el="260" ec="14" bec="0" bev="0" fileid="23" />
                <SequencePoint vc="0" uspid="723" ordinal="23" offset="252" sl="261" sc="17" el="261" ec="41" bec="3" bev="0" fileid="23" />
                <SequencePoint vc="0" uspid="724" ordinal="24" offset="269" sl="264" sc="25" el="264" ec="159" bec="0" bev="0" fileid="23" />
                <SequencePoint vc="0" uspid="725" ordinal="25" offset="313" sl="265" sc="25" el="265" ec="125" bec="0" bev="0" fileid="23" />
                <SequencePoint vc="0" uspid="726" ordinal="26" offset="333" sl="266" sc="25" el="266" ec="73" bec="0" bev="0" fileid="23" />
                <SequencePoint vc="0" uspid="727" ordinal="27" offset="342" sl="267" sc="25" el="267" ec="31" bec="0" bev="0" fileid="23" />
                <SequencePoint vc="0" uspid="728" ordinal="28" offset="344" sl="270" sc="25" el="270" ec="109" bec="0" bev="0" fileid="23" />
                <SequencePoint vc="0" uspid="729" ordinal="29" offset="371" sl="271" sc="25" el="271" ec="70" bec="0" bev="0" fileid="23" />
                <SequencePoint vc="0" uspid="730" ordinal="30" offset="380" sl="272" sc="25" el="272" ec="31" bec="0" bev="0" fileid="23" />
                <SequencePoint vc="0" uspid="731" ordinal="31" offset="382" sl="274" sc="13" el="274" ec="14" bec="0" bev="0" fileid="23" />
                <SequencePoint vc="0" uspid="732" ordinal="32" offset="383" sl="276" sc="13" el="276" ec="25" bec="0" bev="0" fileid="23" />
                <SequencePoint vc="0" uspid="733" ordinal="33" offset="388" sl="277" sc="9" el="277" ec="10" bec="0" bev="0" fileid="23" />
              </SequencePoints>
              <BranchPoints>
                <BranchPoint vc="0" uspid="734" ordinal="0" offset="28" sl="236" path="0" offsetend="30" fileid="23" />
                <BranchPoint vc="0" uspid="735" ordinal="1" offset="28" sl="236" path="1" offsetend="54" fileid="23" />
                <BranchPoint vc="0" uspid="736" ordinal="2" offset="60" sl="240" path="0" offsetend="62" fileid="23" />
                <BranchPoint vc="0" uspid="737" ordinal="3" offset="60" sl="240" path="1" offsetend="74" fileid="23" />
                <BranchPoint vc="0" uspid="740" ordinal="6" offset="141" sl="245" path="0" offsetend="143" fileid="23" />
                <BranchPoint vc="0" uspid="741" ordinal="7" offset="141" sl="245" path="1" offsetend="251" fileid="23" />
                <BranchPoint vc="0" uspid="742" ordinal="8" offset="201" sl="252" path="0" offsetend="203" fileid="23" />
                <BranchPoint vc="0" uspid="743" ordinal="9" offset="201" sl="252" path="1" offsetend="215" fileid="23" />
                <BranchPoint vc="0" uspid="746" ordinal="12" offset="258" sl="261" path="0" offsetchain="260" offsetend="262" fileid="23" />
                <BranchPoint vc="0" uspid="747" ordinal="13" offset="258" sl="261" path="1" offsetend="269" fileid="23" />
                <BranchPoint vc="0" uspid="748" ordinal="14" offset="265" sl="261" path="0" offsetchain="267" offsetend="344" fileid="23" />
                <BranchPoint vc="0" uspid="749" ordinal="15" offset="265" sl="261" path="1" offsetend="344" fileid="23" />
              </BranchPoints>
              <MethodPoint xsi:type="SequencePoint" vc="0" uspid="700" ordinal="0" offset="0" sl="235" sc="9" el="235" ec="10" bec="0" bev="0" fileid="23" />
            </Method>
            <Method visited="false" cyclomaticComplexity="8" nPathComplexity="128" sequenceCoverage="0" branchCoverage="0" isConstructor="false" isStatic="false" isGetter="false" isSetter="false">
              <Summary numSequencePoints="49" visitedSequencePoints="0" numBranchPoints="15" visitedBranchPoints="0" sequenceCoverage="0" branchCoverage="0" maxCyclomaticComplexity="8" minCyclomaticComplexity="8" visitedClasses="0" numClasses="0" visitedMethods="0" numMethods="1" />
              <MetadataToken>100663412</MetadataToken>
              <Name>System.Object TaskManagerAPI.Areas.HelpPage.HelpPageSampleGenerator::WriteSampleObjectUsingFormatter(System.Net.Http.Formatting.MediaTypeFormatter,System.Object,System.Type,System.Net.Http.Headers.MediaTypeHeaderValue)</Name>
              <FileRef uid="23" />
              <SequencePoints>
                <SequencePoint vc="0" uspid="756" ordinal="0" offset="0" sl="289" sc="9" el="289" ec="10" bec="0" bev="0" fileid="23" />
                <SequencePoint vc="0" uspid="757" ordinal="1" offset="1" sl="290" sc="13" el="290" ec="35" bec="2" bev="0" fileid="23" />
                <SequencePoint vc="0" uspid="758" ordinal="2" offset="9" sl="291" sc="13" el="291" ec="14" bec="0" bev="0" fileid="23" />
                <SequencePoint vc="0" uspid="759" ordinal="3" offset="10" sl="292" sc="17" el="292" ec="62" bec="0" bev="0" fileid="23" />
                <SequencePoint vc="0" uspid="760" ordinal="4" offset="21" sl="294" sc="13" el="294" ec="35" bec="2" bev="0" fileid="23" />
                <SequencePoint vc="0" uspid="761" ordinal="5" offset="32" sl="295" sc="13" el="295" ec="14" bec="0" bev="0" fileid="23" />
                <SequencePoint vc="0" uspid="762" ordinal="6" offset="33" sl="296" sc="17" el="296" ec="62" bec="0" bev="0" fileid="23" />
                <SequencePoint vc="0" uspid="763" ordinal="7" offset="44" sl="299" sc="13" el="299" ec="42" bec="0" bev="0" fileid="23" />
                <SequencePoint vc="0" uspid="764" ordinal="8" offset="50" sl="300" sc="13" el="300" ec="36" bec="0" bev="0" fileid="23" />
                <SequencePoint vc="0" uspid="765" ordinal="9" offset="52" sl="301" sc="13" el="301" ec="40" bec="0" bev="0" fileid="23" />
                <SequencePoint vc="0" uspid="766" ordinal="10" offset="54" sl="303" sc="13" el="303" ec="14" bec="0" bev="0" fileid="23" />
                <SequencePoint vc="0" uspid="767" ordinal="11" offset="55" sl="304" sc="17" el="304" ec="50" bec="2" bev="0" fileid="23" />
                <SequencePoint vc="0" uspid="768" ordinal="12" offset="71" sl="305" sc="17" el="305" ec="18" bec="0" bev="0" fileid="23" />
                <SequencePoint vc="0" uspid="769" ordinal="13" offset="72" sl="306" sc="21" el="306" ec="45" bec="0" bev="0" fileid="23" />
                <SequencePoint vc="0" uspid="770" ordinal="14" offset="78" sl="307" sc="21" el="307" ec="84" bec="0" bev="0" fileid="23" />
                <SequencePoint vc="0" uspid="771" ordinal="15" offset="89" sl="308" sc="21" el="308" ec="89" bec="0" bev="0" fileid="23" />
                <SequencePoint vc="0" uspid="772" ordinal="16" offset="106" sl="309" sc="21" el="309" ec="37" bec="0" bev="0" fileid="23" />
                <SequencePoint vc="0" uspid="773" ordinal="17" offset="115" sl="310" sc="21" el="310" ec="64" bec="0" bev="0" fileid="23" />
                <SequencePoint vc="0" uspid="774" ordinal="18" offset="123" sl="311" sc="21" el="311" ec="72" bec="0" bev="0" fileid="23" />
                <SequencePoint vc="0" uspid="775" ordinal="19" offset="132" sl="312" sc="21" el="312" ec="80" bec="2" bev="0" fileid="23" />
                <SequencePoint vc="0" uspid="776" ordinal="20" offset="160" sl="313" sc="21" el="313" ec="22" bec="0" bev="0" fileid="23" />
                <SequencePoint vc="0" uspid="777" ordinal="21" offset="161" sl="314" sc="25" el="314" ec="87" bec="0" bev="0" fileid="23" />
                <SequencePoint vc="0" uspid="778" ordinal="22" offset="170" sl="315" sc="21" el="315" ec="22" bec="0" bev="0" fileid="23" />
                <SequencePoint vc="0" uspid="779" ordinal="23" offset="173" sl="316" sc="26" el="316" ec="86" bec="2" bev="0" fileid="23" />
                <SequencePoint vc="0" uspid="780" ordinal="24" offset="201" sl="317" sc="21" el="317" ec="22" bec="0" bev="0" fileid="23" />
                <SequencePoint vc="0" uspid="781" ordinal="25" offset="202" sl="318" sc="25" el="318" ec="88" bec="0" bev="0" fileid="23" />
                <SequencePoint vc="0" uspid="782" ordinal="26" offset="211" sl="319" sc="21" el="319" ec="22" bec="0" bev="0" fileid="23" />
                <SequencePoint vc="0" uspid="783" ordinal="27" offset="212" sl="321" sc="21" el="321" ec="69" bec="0" bev="0" fileid="23" />
                <SequencePoint vc="0" uspid="784" ordinal="28" offset="220" sl="322" sc="17" el="322" ec="18" bec="0" bev="0" fileid="23" />
                <SequencePoint vc="0" uspid="785" ordinal="29" offset="223" sl="324" sc="17" el="324" ec="18" bec="0" bev="0" fileid="23" />
                <SequencePoint vc="0" uspid="786" ordinal="30" offset="224" sl="325" sc="21" el="330" ec="37" bec="0" bev="0" fileid="23" />
                <SequencePoint vc="0" uspid="787" ordinal="31" offset="279" sl="331" sc="17" el="331" ec="18" bec="0" bev="0" fileid="23" />
                <SequencePoint vc="0" uspid="788" ordinal="32" offset="280" sl="332" sc="13" el="332" ec="14" bec="0" bev="0" fileid="23" />
                <SequencePoint vc="0" uspid="789" ordinal="33" offset="283" sl="333" sc="13" el="333" ec="32" bec="0" bev="0" fileid="23" />
                <SequencePoint vc="0" uspid="790" ordinal="34" offset="285" sl="334" sc="13" el="334" ec="14" bec="0" bev="0" fileid="23" />
                <SequencePoint vc="0" uspid="791" ordinal="35" offset="286" sl="335" sc="17" el="340" ec="50" bec="0" bev="0" fileid="23" />
                <SequencePoint vc="0" uspid="792" ordinal="36" offset="352" sl="341" sc="13" el="341" ec="14" bec="0" bev="0" fileid="23" />
                <SequencePoint vc="0" uspid="793" ordinal="37" offset="357" sl="343" sc="13" el="343" ec="14" bec="0" bev="0" fileid="23" />
                <SequencePoint vc="0" uspid="794" ordinal="38" offset="358" sl="344" sc="17" el="344" ec="32" bec="2" bev="0" fileid="23" />
                <SequencePoint vc="0" uspid="795" ordinal="39" offset="368" sl="345" sc="17" el="345" ec="18" bec="0" bev="0" fileid="23" />
                <SequencePoint vc="0" uspid="796" ordinal="40" offset="369" sl="346" sc="21" el="346" ec="34" bec="0" bev="0" fileid="23" />
                <SequencePoint vc="0" uspid="797" ordinal="41" offset="376" sl="347" sc="17" el="347" ec="18" bec="0" bev="0" fileid="23" />
                <SequencePoint vc="0" uspid="798" ordinal="42" offset="377" sl="348" sc="17" el="348" ec="37" bec="2" bev="0" fileid="23" />
                <SequencePoint vc="0" uspid="799" ordinal="43" offset="387" sl="349" sc="17" el="349" ec="18" bec="0" bev="0" fileid="23" />
                <SequencePoint vc="0" uspid="800" ordinal="44" offset="388" sl="350" sc="21" el="350" ec="39" bec="0" bev="0" fileid="23" />
                <SequencePoint vc="0" uspid="801" ordinal="45" offset="395" sl="351" sc="17" el="351" ec="18" bec="0" bev="0" fileid="23" />
                <SequencePoint vc="0" uspid="802" ordinal="46" offset="396" sl="352" sc="13" el="352" ec="14" bec="0" bev="0" fileid="23" />
                <SequencePoint vc="0" uspid="803" ordinal="47" offset="398" sl="354" sc="13" el="354" ec="27" bec="0" bev="0" fileid="23" />
                <SequencePoint vc="0" uspid="804" ordinal="48" offset="403" sl="355" sc="9" el="355" ec="10" bec="0" bev="0" fileid="23" />
              </SequencePoints>
              <BranchPoints>
                <BranchPoint vc="0" uspid="805" ordinal="0" offset="7" sl="290" path="0" offsetend="9" fileid="23" />
                <BranchPoint vc="0" uspid="806" ordinal="1" offset="7" sl="290" path="1" offsetend="21" fileid="23" />
                <BranchPoint vc="0" uspid="807" ordinal="2" offset="30" sl="294" path="0" offsetend="32" fileid="23" />
                <BranchPoint vc="0" uspid="808" ordinal="3" offset="30" sl="294" path="1" offsetend="44" fileid="23" />
                <BranchPoint vc="0" uspid="809" ordinal="4" offset="66" sl="304" path="0" offsetend="71" fileid="23" />
                <BranchPoint vc="0" uspid="810" ordinal="5" offset="66" sl="304" path="1" offsetend="223" fileid="23" />
                <BranchPoint vc="0" uspid="811" ordinal="6" offset="158" sl="312" path="0" offsetend="160" fileid="23" />
                <BranchPoint vc="0" uspid="812" ordinal="7" offset="158" sl="312" path="1" offsetend="173" fileid="23" />
                <BranchPoint vc="0" uspid="813" ordinal="8" offset="199" sl="316" path="0" offsetend="201" fileid="23" />
                <BranchPoint vc="0" uspid="814" ordinal="9" offset="199" sl="316" path="1" offsetend="212" fileid="23" />
                <BranchPoint vc="0" uspid="815" ordinal="10" offset="366" sl="344" path="0" offsetend="368" fileid="23" />
                <BranchPoint vc="0" uspid="816" ordinal="11" offset="366" sl="344" path="1" offsetend="377" fileid="23" />
                <BranchPoint vc="0" uspid="817" ordinal="12" offset="385" sl="348" path="0" offsetend="387" fileid="23" />
                <BranchPoint vc="0" uspid="818" ordinal="13" offset="385" sl="348" path="1" offsetend="396" fileid="23" />
              </BranchPoints>
              <MethodPoint xsi:type="SequencePoint" vc="0" uspid="756" ordinal="0" offset="0" sl="289" sc="9" el="289" ec="10" bec="0" bev="0" fileid="23" />
            </Method>
            <Method visited="false" cyclomaticComplexity="2" nPathComplexity="2" sequenceCoverage="0" branchCoverage="0" isConstructor="false" isStatic="true" isGetter="false" isSetter="false">
              <Summary numSequencePoints="7" visitedSequencePoints="0" numBranchPoints="3" visitedBranchPoints="0" sequenceCoverage="0" branchCoverage="0" maxCyclomaticComplexity="2" minCyclomaticComplexity="2" visitedClasses="0" numClasses="0" visitedMethods="0" numMethods="1" />
              <MetadataToken>100663413</MetadataToken>
              <Name>System.Exception TaskManagerAPI.Areas.HelpPage.HelpPageSampleGenerator::UnwrapException(System.Exception)</Name>
              <FileRef uid="23" />
              <SequencePoints>
                <SequencePoint vc="0" uspid="819" ordinal="0" offset="0" sl="358" sc="9" el="358" ec="10" bec="0" bev="0" fileid="23" />
                <SequencePoint vc="0" uspid="820" ordinal="1" offset="1" sl="359" sc="13" el="359" ec="85" bec="0" bev="0" fileid="23" />
                <SequencePoint vc="0" uspid="821" ordinal="2" offset="8" sl="360" sc="13" el="360" ec="44" bec="2" bev="0" fileid="23" />
                <SequencePoint vc="0" uspid="822" ordinal="3" offset="16" sl="361" sc="13" el="361" ec="14" bec="0" bev="0" fileid="23" />
                <SequencePoint vc="0" uspid="823" ordinal="4" offset="17" sl="362" sc="17" el="362" ec="68" bec="0" bev="0" fileid="23" />
                <SequencePoint vc="0" uspid="824" ordinal="5" offset="31" sl="364" sc="13" el="364" ec="30" bec="0" bev="0" fileid="23" />
                <SequencePoint vc="0" uspid="825" ordinal="6" offset="35" sl="365" sc="9" el="365" ec="10" bec="0" bev="0" fileid="23" />
              </SequencePoints>
              <BranchPoints>
                <BranchPoint vc="0" uspid="826" ordinal="0" offset="14" sl="360" path="0" offsetend="16" fileid="23" />
                <BranchPoint vc="0" uspid="827" ordinal="1" offset="14" sl="360" path="1" offsetend="31" fileid="23" />
              </BranchPoints>
              <MethodPoint xsi:type="SequencePoint" vc="0" uspid="819" ordinal="0" offset="0" sl="358" sc="9" el="358" ec="10" bec="0" bev="0" fileid="23" />
            </Method>
            <Method visited="false" cyclomaticComplexity="1" nPathComplexity="0" sequenceCoverage="0" branchCoverage="0" isConstructor="false" isStatic="true" isGetter="false" isSetter="false">
              <Summary numSequencePoints="4" visitedSequencePoints="0" numBranchPoints="1" visitedBranchPoints="0" sequenceCoverage="0" branchCoverage="0" maxCyclomaticComplexity="1" minCyclomaticComplexity="1" visitedClasses="0" numClasses="0" visitedMethods="0" numMethods="1" />
              <MetadataToken>100663414</MetadataToken>
              <Name>System.Object TaskManagerAPI.Areas.HelpPage.HelpPageSampleGenerator::DefaultSampleObjectFactory(TaskManagerAPI.Areas.HelpPage.HelpPageSampleGenerator,System.Type)</Name>
              <FileRef uid="23" />
              <SequencePoints>
                <SequencePoint vc="0" uspid="828" ordinal="0" offset="0" sl="369" sc="9" el="369" ec="10" bec="0" bev="0" fileid="23" />
                <SequencePoint vc="0" uspid="829" ordinal="1" offset="1" sl="371" sc="13" el="371" ec="69" bec="0" bev="0" fileid="23" />
                <SequencePoint vc="0" uspid="830" ordinal="2" offset="7" sl="372" sc="13" el="372" ec="57" bec="0" bev="0" fileid="23" />
                <SequencePoint vc="0" uspid="831" ordinal="3" offset="17" sl="373" sc="9" el="373" ec="10" bec="0" bev="0" fileid="23" />
              </SequencePoints>
              <BranchPoints />
              <MethodPoint xsi:type="SequencePoint" vc="0" uspid="828" ordinal="0" offset="0" sl="369" sc="9" el="369" ec="10" bec="0" bev="0" fileid="23" />
            </Method>
            <Method visited="false" cyclomaticComplexity="1" nPathComplexity="0" sequenceCoverage="0" branchCoverage="0" isConstructor="false" isStatic="true" isGetter="false" isSetter="false">
              <Summary numSequencePoints="8" visitedSequencePoints="0" numBranchPoints="1" visitedBranchPoints="0" sequenceCoverage="0" branchCoverage="0" maxCyclomaticComplexity="1" minCyclomaticComplexity="1" visitedClasses="0" numClasses="0" visitedMethods="0" numMethods="1" />
              <MetadataToken>100663415</MetadataToken>
              <Name>System.String TaskManagerAPI.Areas.HelpPage.HelpPageSampleGenerator::TryFormatJson(System.String)</Name>
              <FileRef uid="23" />
              <SequencePoints>
                <SequencePoint vc="0" uspid="832" ordinal="0" offset="0" sl="377" sc="9" el="377" ec="10" bec="0" bev="0" fileid="23" />
                <SequencePoint vc="0" uspid="833" ordinal="1" offset="1" sl="379" sc="13" el="379" ec="14" bec="0" bev="0" fileid="23" />
                <SequencePoint vc="0" uspid="834" ordinal="2" offset="2" sl="380" sc="17" el="380" ec="72" bec="0" bev="0" fileid="23" />
                <SequencePoint vc="0" uspid="835" ordinal="3" offset="9" sl="381" sc="17" el="381" ec="85" bec="0" bev="0" fileid="23" />
                <SequencePoint vc="0" uspid="836" ordinal="4" offset="19" sl="383" sc="13" el="383" ec="18" bec="0" bev="0" fileid="23" />
                <SequencePoint vc="0" uspid="837" ordinal="5" offset="20" sl="384" sc="13" el="384" ec="14" bec="0" bev="0" fileid="23" />
                <SequencePoint vc="0" uspid="838" ordinal="6" offset="21" sl="386" sc="17" el="386" ec="28" bec="0" bev="0" fileid="23" />
                <SequencePoint vc="0" uspid="839" ordinal="7" offset="25" sl="388" sc="9" el="388" ec="10" bec="0" bev="0" fileid="23" />
              </SequencePoints>
              <BranchPoints />
              <MethodPoint xsi:type="SequencePoint" vc="0" uspid="832" ordinal="0" offset="0" sl="377" sc="9" el="377" ec="10" bec="0" bev="0" fileid="23" />
            </Method>
            <Method visited="false" cyclomaticComplexity="1" nPathComplexity="0" sequenceCoverage="0" branchCoverage="0" isConstructor="false" isStatic="true" isGetter="false" isSetter="false">
              <Summary numSequencePoints="8" visitedSequencePoints="0" numBranchPoints="1" visitedBranchPoints="0" sequenceCoverage="0" branchCoverage="0" maxCyclomaticComplexity="1" minCyclomaticComplexity="1" visitedClasses="0" numClasses="0" visitedMethods="0" numMethods="1" />
              <MetadataToken>100663416</MetadataToken>
              <Name>System.String TaskManagerAPI.Areas.HelpPage.HelpPageSampleGenerator::TryFormatXml(System.String)</Name>
              <FileRef uid="23" />
              <SequencePoints>
                <SequencePoint vc="0" uspid="840" ordinal="0" offset="0" sl="392" sc="9" el="392" ec="10" bec="0" bev="0" fileid="23" />
                <SequencePoint vc="0" uspid="841" ordinal="1" offset="1" sl="394" sc="13" el="394" ec="14" bec="0" bev="0" fileid="23" />
                <SequencePoint vc="0" uspid="842" ordinal="2" offset="2" sl="395" sc="17" el="395" ec="54" bec="0" bev="0" fileid="23" />
                <SequencePoint vc="0" uspid="843" ordinal="3" offset="9" sl="396" sc="17" el="396" ec="39" bec="0" bev="0" fileid="23" />
                <SequencePoint vc="0" uspid="844" ordinal="4" offset="18" sl="398" sc="13" el="398" ec="18" bec="0" bev="0" fileid="23" />
                <SequencePoint vc="0" uspid="845" ordinal="5" offset="19" sl="399" sc="13" el="399" ec="14" bec="0" bev="0" fileid="23" />
                <SequencePoint vc="0" uspid="846" ordinal="6" offset="20" sl="401" sc="17" el="401" ec="28" bec="0" bev="0" fileid="23" />
                <SequencePoint vc="0" uspid="847" ordinal="7" offset="24" sl="403" sc="9" el="403" ec="10" bec="0" bev="0" fileid="23" />
              </SequencePoints>
              <BranchPoints />
              <MethodPoint xsi:type="SequencePoint" vc="0" uspid="840" ordinal="0" offset="0" sl="392" sc="9" el="392" ec="10" bec="0" bev="0" fileid="23" />
            </Method>
            <Method visited="false" cyclomaticComplexity="3" nPathComplexity="4" sequenceCoverage="0" branchCoverage="0" isConstructor="false" isStatic="true" isGetter="false" isSetter="false">
              <Summary numSequencePoints="6" visitedSequencePoints="0" numBranchPoints="5" visitedBranchPoints="0" sequenceCoverage="0" branchCoverage="0" maxCyclomaticComplexity="3" minCyclomaticComplexity="3" visitedClasses="0" numClasses="0" visitedMethods="0" numMethods="1" />
              <MetadataToken>100663417</MetadataToken>
              <Name>System.Boolean TaskManagerAPI.Areas.HelpPage.HelpPageSampleGenerator::IsFormatSupported(TaskManagerAPI.Areas.HelpPage.SampleDirection,System.Net.Http.Formatting.MediaTypeFormatter,System.Type)</Name>
              <FileRef uid="23" />
              <SequencePoints>
                <SequencePoint vc="0" uspid="848" ordinal="0" offset="0" sl="406" sc="9" el="406" ec="10" bec="0" bev="0" fileid="23" />
                <SequencePoint vc="0" uspid="849" ordinal="1" offset="1" sl="407" sc="13" el="407" ec="37" bec="4" bev="0" fileid="23" />
                <SequencePoint vc="0" uspid="850" ordinal="2" offset="14" sl="410" sc="21" el="410" ec="56" bec="0" bev="0" fileid="23" />
                <SequencePoint vc="0" uspid="851" ordinal="3" offset="24" sl="412" sc="21" el="412" ec="57" bec="0" bev="0" fileid="23" />
                <SequencePoint vc="0" uspid="852" ordinal="4" offset="34" sl="414" sc="13" el="414" ec="26" bec="0" bev="0" fileid="23" />
                <SequencePoint vc="0" uspid="853" ordinal="5" offset="38" sl="415" sc="9" el="415" ec="10" bec="0" bev="0" fileid="23" />
              </SequencePoints>
              <BranchPoints>
                <BranchPoint vc="0" uspid="854" ordinal="0" offset="4" sl="407" path="0" offsetchain="6" offsetend="8" fileid="23" />
                <BranchPoint vc="0" uspid="855" ordinal="1" offset="4" sl="407" path="1" offsetend="14" fileid="23" />
                <BranchPoint vc="0" uspid="856" ordinal="2" offset="10" sl="407" path="0" offsetchain="12" offsetend="34" fileid="23" />
                <BranchPoint vc="0" uspid="857" ordinal="3" offset="10" sl="407" path="1" offsetend="24" fileid="23" />
              </BranchPoints>
              <MethodPoint xsi:type="SequencePoint" vc="0" uspid="848" ordinal="0" offset="0" sl="406" sc="9" el="406" ec="10" bec="0" bev="0" fileid="23" />
            </Method>
            <Method visited="false" cyclomaticComplexity="1" nPathComplexity="0" sequenceCoverage="0" branchCoverage="0" isConstructor="false" isStatic="false" isGetter="false" isSetter="false">
              <Summary numSequencePoints="0" visitedSequencePoints="0" numBranchPoints="0" visitedBranchPoints="0" sequenceCoverage="0" branchCoverage="0" maxCyclomaticComplexity="1" minCyclomaticComplexity="1" visitedClasses="0" numClasses="0" visitedMethods="0" numMethods="0" />
              <MetadataToken>100663418</MetadataToken>
              <Name>System.Collections.Generic.IEnumerable`1&lt;System.Collections.Generic.KeyValuePair`2&lt;TaskManagerAPI.Areas.HelpPage.HelpPageSampleKey,System.Object&gt;&gt; TaskManagerAPI.Areas.HelpPage.HelpPageSampleGenerator::GetAllActionSamples(System.String,System.String,System.Collections.Generic.IEnumerable`1&lt;System.String&gt;,TaskManagerAPI.Areas.HelpPage.SampleDirection)</Name>
              <SequencePoints />
              <BranchPoints />
              <MethodPoint vc="0" uspid="858" ordinal="0" offset="0" />
            </Method>
            <Method visited="false" cyclomaticComplexity="2" nPathComplexity="2" sequenceCoverage="0" branchCoverage="0" isConstructor="false" isStatic="true" isGetter="false" isSetter="false">
              <Summary numSequencePoints="7" visitedSequencePoints="0" numBranchPoints="3" visitedBranchPoints="0" sequenceCoverage="0" branchCoverage="0" maxCyclomaticComplexity="2" minCyclomaticComplexity="2" visitedClasses="0" numClasses="0" visitedMethods="0" numMethods="1" />
              <MetadataToken>100663419</MetadataToken>
              <Name>System.Object TaskManagerAPI.Areas.HelpPage.HelpPageSampleGenerator::WrapSampleIfString(System.Object)</Name>
              <FileRef uid="23" />
              <SequencePoints>
                <SequencePoint vc="0" uspid="859" ordinal="0" offset="0" sl="434" sc="9" el="434" ec="10" bec="0" bev="0" fileid="23" />
                <SequencePoint vc="0" uspid="860" ordinal="1" offset="1" sl="435" sc="13" el="435" ec="52" bec="0" bev="0" fileid="23" />
                <SequencePoint vc="0" uspid="861" ordinal="2" offset="8" sl="436" sc="13" el="436" ec="38" bec="2" bev="0" fileid="23" />
                <SequencePoint vc="0" uspid="862" ordinal="3" offset="16" sl="437" sc="13" el="437" ec="14" bec="0" bev="0" fileid="23" />
                <SequencePoint vc="0" uspid="863" ordinal="4" offset="17" sl="438" sc="17" el="438" ec="53" bec="0" bev="0" fileid="23" />
                <SequencePoint vc="0" uspid="864" ordinal="5" offset="26" sl="441" sc="13" el="441" ec="27" bec="0" bev="0" fileid="23" />
                <SequencePoint vc="0" uspid="865" ordinal="6" offset="30" sl="442" sc="9" el="442" ec="10" bec="0" bev="0" fileid="23" />
              </SequencePoints>
              <BranchPoints>
                <BranchPoint vc="0" uspid="866" ordinal="0" offset="14" sl="436" path="0" offsetend="16" fileid="23" />
                <BranchPoint vc="0" uspid="867" ordinal="1" offset="14" sl="436" path="1" offsetend="26" fileid="23" />
              </BranchPoints>
              <MethodPoint xsi:type="SequencePoint" vc="0" uspid="859" ordinal="0" offset="0" sl="434" sc="9" el="434" ec="10" bec="0" bev="0" fileid="23" />
            </Method>
          </Methods>
        </Class>
        <Class>
          <Summary numSequencePoints="3" visitedSequencePoints="0" numBranchPoints="3" visitedBranchPoints="0" sequenceCoverage="0" branchCoverage="0" maxCyclomaticComplexity="1" minCyclomaticComplexity="1" visitedClasses="0" numClasses="1" visitedMethods="0" numMethods="3" />
          <FullName>TaskManagerAPI.Areas.HelpPage.HelpPageSampleGenerator/&lt;&gt;c</FullName>
          <Methods>
            <Method visited="false" cyclomaticComplexity="1" nPathComplexity="0" sequenceCoverage="0" branchCoverage="0" isConstructor="true" isStatic="true" isGetter="false" isSetter="false">
              <Summary numSequencePoints="0" visitedSequencePoints="0" numBranchPoints="0" visitedBranchPoints="0" sequenceCoverage="0" branchCoverage="0" maxCyclomaticComplexity="1" minCyclomaticComplexity="1" visitedClasses="0" numClasses="0" visitedMethods="0" numMethods="0" />
              <MetadataToken>100663587</MetadataToken>
              <Name>System.Void TaskManagerAPI.Areas.HelpPage.HelpPageSampleGenerator/&lt;&gt;c::.cctor()</Name>
              <SequencePoints />
              <BranchPoints />
              <MethodPoint vc="0" uspid="868" ordinal="0" offset="0" />
            </Method>
            <Method visited="false" cyclomaticComplexity="1" nPathComplexity="0" sequenceCoverage="0" branchCoverage="0" isConstructor="true" isStatic="false" isGetter="false" isSetter="false">
              <Summary numSequencePoints="0" visitedSequencePoints="0" numBranchPoints="0" visitedBranchPoints="0" sequenceCoverage="0" branchCoverage="0" maxCyclomaticComplexity="1" minCyclomaticComplexity="1" visitedClasses="0" numClasses="0" visitedMethods="0" numMethods="0" />
              <MetadataToken>100663588</MetadataToken>
              <Name>System.Void TaskManagerAPI.Areas.HelpPage.HelpPageSampleGenerator/&lt;&gt;c::.ctor()</Name>
              <SequencePoints />
              <BranchPoints />
              <MethodPoint vc="0" uspid="869" ordinal="0" offset="0" />
            </Method>
            <Method visited="false" cyclomaticComplexity="1" nPathComplexity="0" sequenceCoverage="0" branchCoverage="0" isConstructor="false" isStatic="false" isGetter="false" isSetter="false">
              <Summary numSequencePoints="1" visitedSequencePoints="0" numBranchPoints="1" visitedBranchPoints="0" sequenceCoverage="0" branchCoverage="0" maxCyclomaticComplexity="1" minCyclomaticComplexity="1" visitedClasses="0" numClasses="0" visitedMethods="0" numMethods="1" />
              <MetadataToken>100663589</MetadataToken>
              <Name>System.String TaskManagerAPI.Areas.HelpPage.HelpPageSampleGenerator/&lt;&gt;c::&lt;GetSample&gt;b__19_0(System.Web.Http.Description.ApiParameterDescription)</Name>
              <FileRef uid="23" />
              <SequencePoints>
                <SequencePoint vc="0" uspid="870" ordinal="0" offset="0" sl="98" sc="88" el="98" ec="94" bec="0" bev="0" fileid="23" />
              </SequencePoints>
              <BranchPoints />
              <MethodPoint xsi:type="SequencePoint" vc="0" uspid="870" ordinal="0" offset="0" sl="98" sc="88" el="98" ec="94" bec="0" bev="0" fileid="23" />
            </Method>
            <Method visited="false" cyclomaticComplexity="1" nPathComplexity="0" sequenceCoverage="0" branchCoverage="0" isConstructor="false" isStatic="false" isGetter="false" isSetter="false">
              <Summary numSequencePoints="1" visitedSequencePoints="0" numBranchPoints="1" visitedBranchPoints="0" sequenceCoverage="0" branchCoverage="0" maxCyclomaticComplexity="1" minCyclomaticComplexity="1" visitedClasses="0" numClasses="0" visitedMethods="0" numMethods="1" />
              <MetadataToken>100663590</MetadataToken>
              <Name>System.String TaskManagerAPI.Areas.HelpPage.HelpPageSampleGenerator/&lt;&gt;c::&lt;ResolveHttpRequestMessageType&gt;b__22_0(System.Web.Http.Description.ApiParameterDescription)</Name>
              <FileRef uid="23" />
              <SequencePoints>
                <SequencePoint vc="0" uspid="871" ordinal="0" offset="0" sl="219" sc="88" el="219" ec="94" bec="0" bev="0" fileid="23" />
              </SequencePoints>
              <BranchPoints />
              <MethodPoint xsi:type="SequencePoint" vc="0" uspid="871" ordinal="0" offset="0" sl="219" sc="88" el="219" ec="94" bec="0" bev="0" fileid="23" />
            </Method>
            <Method visited="false" cyclomaticComplexity="1" nPathComplexity="0" sequenceCoverage="0" branchCoverage="0" isConstructor="false" isStatic="false" isGetter="false" isSetter="false">
              <Summary numSequencePoints="1" visitedSequencePoints="0" numBranchPoints="1" visitedBranchPoints="0" sequenceCoverage="0" branchCoverage="0" maxCyclomaticComplexity="1" minCyclomaticComplexity="1" visitedClasses="0" numClasses="0" visitedMethods="0" numMethods="1" />
              <MetadataToken>100663591</MetadataToken>
              <Name>System.Boolean TaskManagerAPI.Areas.HelpPage.HelpPageSampleGenerator/&lt;&gt;c::&lt;ResolveType&gt;b__23_0(System.Web.Http.Description.ApiParameterDescription)</Name>
              <FileRef uid="23" />
              <SequencePoints>
                <SequencePoint vc="0" uspid="872" ordinal="0" offset="0" sl="264" sc="118" el="264" ec="157" bec="0" bev="0" fileid="23" />
              </SequencePoints>
              <BranchPoints />
              <MethodPoint xsi:type="SequencePoint" vc="0" uspid="872" ordinal="0" offset="0" sl="264" sc="118" el="264" ec="157" bec="0" bev="0" fileid="23" />
            </Method>
          </Methods>
        </Class>
        <Class>
          <Summary numSequencePoints="12" visitedSequencePoints="0" numBranchPoints="5" visitedBranchPoints="0" sequenceCoverage="0" branchCoverage="0" maxCyclomaticComplexity="11" minCyclomaticComplexity="1" visitedClasses="0" numClasses="1" visitedMethods="0" numMethods="1" />
          <FullName>TaskManagerAPI.Areas.HelpPage.HelpPageSampleGenerator/&lt;GetAllActionSamples&gt;d__30</FullName>
          <Methods>
            <Method visited="false" cyclomaticComplexity="1" nPathComplexity="0" sequenceCoverage="0" branchCoverage="0" isConstructor="false" isStatic="false" isGetter="true" isSetter="false">
              <Summary numSequencePoints="0" visitedSequencePoints="0" numBranchPoints="0" visitedBranchPoints="0" sequenceCoverage="0" branchCoverage="0" maxCyclomaticComplexity="1" minCyclomaticComplexity="1" visitedClasses="0" numClasses="0" visitedMethods="0" numMethods="0" />
              <MetadataToken>100663596</MetadataToken>
              <Name>System.Collections.Generic.KeyValuePair`2&lt;TaskManagerAPI.Areas.HelpPage.HelpPageSampleKey,System.Object&gt; TaskManagerAPI.Areas.HelpPage.HelpPageSampleGenerator/&lt;GetAllActionSamples&gt;d__30::System.Collections.Generic.IEnumerator&lt;System.Collections.Generic.KeyValuePair&lt;TaskManagerAPI.Areas.HelpPage.HelpPageSampleKey,System.Object&gt;&gt;.get_Current()</Name>
              <SequencePoints />
              <BranchPoints />
              <MethodPoint vc="0" uspid="873" ordinal="0" offset="0" />
            </Method>
            <Method visited="false" cyclomaticComplexity="1" nPathComplexity="0" sequenceCoverage="0" branchCoverage="0" isConstructor="false" isStatic="false" isGetter="true" isSetter="false">
              <Summary numSequencePoints="0" visitedSequencePoints="0" numBranchPoints="0" visitedBranchPoints="0" sequenceCoverage="0" branchCoverage="0" maxCyclomaticComplexity="1" minCyclomaticComplexity="1" visitedClasses="0" numClasses="0" visitedMethods="0" numMethods="0" />
              <MetadataToken>100663598</MetadataToken>
              <Name>System.Object TaskManagerAPI.Areas.HelpPage.HelpPageSampleGenerator/&lt;GetAllActionSamples&gt;d__30::System.Collections.IEnumerator.get_Current()</Name>
              <SequencePoints />
              <BranchPoints />
              <MethodPoint vc="0" uspid="874" ordinal="0" offset="0" />
            </Method>
            <Method visited="false" cyclomaticComplexity="1" nPathComplexity="0" sequenceCoverage="0" branchCoverage="0" isConstructor="true" isStatic="false" isGetter="false" isSetter="false">
              <Summary numSequencePoints="0" visitedSequencePoints="0" numBranchPoints="0" visitedBranchPoints="0" sequenceCoverage="0" branchCoverage="0" maxCyclomaticComplexity="1" minCyclomaticComplexity="1" visitedClasses="0" numClasses="0" visitedMethods="0" numMethods="0" />
              <MetadataToken>100663592</MetadataToken>
              <Name>System.Void TaskManagerAPI.Areas.HelpPage.HelpPageSampleGenerator/&lt;GetAllActionSamples&gt;d__30::.ctor(System.Int32)</Name>
              <SequencePoints />
              <BranchPoints />
              <MethodPoint vc="0" uspid="875" ordinal="0" offset="0" />
            </Method>
            <Method visited="false" cyclomaticComplexity="3" nPathComplexity="0" sequenceCoverage="0" branchCoverage="0" isConstructor="false" isStatic="false" isGetter="false" isSetter="false">
              <Summary numSequencePoints="0" visitedSequencePoints="0" numBranchPoints="0" visitedBranchPoints="0" sequenceCoverage="0" branchCoverage="0" maxCyclomaticComplexity="3" minCyclomaticComplexity="3" visitedClasses="0" numClasses="0" visitedMethods="0" numMethods="0" />
              <MetadataToken>100663593</MetadataToken>
              <Name>System.Void TaskManagerAPI.Areas.HelpPage.HelpPageSampleGenerator/&lt;GetAllActionSamples&gt;d__30::System.IDisposable.Dispose()</Name>
              <SequencePoints />
              <BranchPoints />
              <MethodPoint vc="0" uspid="876" ordinal="0" offset="0" />
            </Method>
            <Method visited="false" cyclomaticComplexity="11" nPathComplexity="4" sequenceCoverage="0" branchCoverage="0" isConstructor="false" isStatic="false" isGetter="false" isSetter="false">
              <Summary numSequencePoints="12" visitedSequencePoints="0" numBranchPoints="5" visitedBranchPoints="0" sequenceCoverage="0" branchCoverage="0" maxCyclomaticComplexity="11" minCyclomaticComplexity="11" visitedClasses="0" numClasses="0" visitedMethods="0" numMethods="1" />
              <MetadataToken>100663594</MetadataToken>
              <Name>System.Boolean TaskManagerAPI.Areas.HelpPage.HelpPageSampleGenerator/&lt;GetAllActionSamples&gt;d__30::MoveNext()</Name>
              <FileRef uid="23" />
              <SequencePoints>
                <SequencePoint vc="0" uspid="877" ordinal="0" offset="39" sl="418" sc="9" el="418" ec="10" bec="0" bev="0" fileid="23" />
                <SequencePoint vc="0" uspid="878" ordinal="1" offset="40" sl="419" sc="13" el="419" ec="119" bec="0" bev="0" fileid="23" />
                <SequencePoint vc="0" uspid="879" ordinal="2" offset="62" sl="420" sc="13" el="420" ec="20" bec="0" bev="0" fileid="23" />
                <SequencePoint vc="0" uspid="880" ordinal="3" offset="63" sl="420" sc="36" el="420" ec="49" bec="0" bev="0" fileid="23" />
                <SequencePoint vc="0" uspid="881" ordinal="4" offset="98" sl="420" sc="22" el="420" ec="32" bec="0" bev="0" fileid="23" />
                <SequencePoint vc="0" uspid="882" ordinal="5" offset="115" sl="421" sc="13" el="421" ec="14" bec="0" bev="0" fileid="23" />
                <SequencePoint vc="0" uspid="883" ordinal="6" offset="116" sl="422" sc="17" el="422" ec="58" bec="0" bev="0" fileid="23" />
                <SequencePoint vc="0" uspid="884" ordinal="7" offset="133" sl="423" sc="17" el="426" ec="66" bec="4" bev="0" fileid="23" />
                <SequencePoint vc="0" uspid="885" ordinal="8" offset="283" sl="427" sc="17" el="427" ec="18" bec="0" bev="0" fileid="23" />
                <SequencePoint vc="0" uspid="886" ordinal="9" offset="284" sl="428" sc="21" el="428" ec="41" bec="0" bev="0" fileid="23" />
                <SequencePoint vc="0" uspid="887" ordinal="10" offset="315" sl="429" sc="17" el="429" ec="18" bec="0" bev="0" fileid="23" />
                <SequencePoint vc="0" uspid="889" ordinal="12" offset="336" sl="420" sc="33" el="420" ec="35" bec="0" bev="0" fileid="23" />
              </SequencePoints>
              <BranchPoints>
                <BranchPoint vc="0" uspid="901" ordinal="10" offset="264" sl="423" path="0" offsetend="266" fileid="23" />
                <BranchPoint vc="0" uspid="902" ordinal="11" offset="264" sl="423" path="1" offsetend="269" fileid="23" />
                <BranchPoint vc="0" uspid="903" ordinal="12" offset="281" sl="423" path="0" offsetend="283" fileid="23" />
                <BranchPoint vc="0" uspid="904" ordinal="13" offset="281" sl="423" path="1" offsetend="316" fileid="23" />
              </BranchPoints>
              <MethodPoint vc="0" uspid="907" ordinal="0" offset="0" />
            </Method>
            <Method visited="false" cyclomaticComplexity="2" nPathComplexity="0" sequenceCoverage="0" branchCoverage="0" isConstructor="false" isStatic="false" isGetter="false" isSetter="false">
              <Summary numSequencePoints="0" visitedSequencePoints="0" numBranchPoints="0" visitedBranchPoints="0" sequenceCoverage="0" branchCoverage="0" maxCyclomaticComplexity="2" minCyclomaticComplexity="2" visitedClasses="0" numClasses="0" visitedMethods="0" numMethods="0" />
              <MetadataToken>100663595</MetadataToken>
              <Name>System.Void TaskManagerAPI.Areas.HelpPage.HelpPageSampleGenerator/&lt;GetAllActionSamples&gt;d__30::&lt;&gt;m__Finally1()</Name>
              <SequencePoints />
              <BranchPoints />
              <MethodPoint vc="0" uspid="908" ordinal="0" offset="0" />
            </Method>
            <Method visited="false" cyclomaticComplexity="1" nPathComplexity="0" sequenceCoverage="0" branchCoverage="0" isConstructor="false" isStatic="false" isGetter="false" isSetter="false">
              <Summary numSequencePoints="0" visitedSequencePoints="0" numBranchPoints="0" visitedBranchPoints="0" sequenceCoverage="0" branchCoverage="0" maxCyclomaticComplexity="1" minCyclomaticComplexity="1" visitedClasses="0" numClasses="0" visitedMethods="0" numMethods="0" />
              <MetadataToken>100663597</MetadataToken>
              <Name>System.Void TaskManagerAPI.Areas.HelpPage.HelpPageSampleGenerator/&lt;GetAllActionSamples&gt;d__30::System.Collections.IEnumerator.Reset()</Name>
              <SequencePoints />
              <BranchPoints />
              <MethodPoint vc="0" uspid="909" ordinal="0" offset="0" />
            </Method>
            <Method visited="false" cyclomaticComplexity="3" nPathComplexity="0" sequenceCoverage="0" branchCoverage="0" isConstructor="false" isStatic="false" isGetter="false" isSetter="false">
              <Summary numSequencePoints="0" visitedSequencePoints="0" numBranchPoints="0" visitedBranchPoints="0" sequenceCoverage="0" branchCoverage="0" maxCyclomaticComplexity="3" minCyclomaticComplexity="3" visitedClasses="0" numClasses="0" visitedMethods="0" numMethods="0" />
              <MetadataToken>100663599</MetadataToken>
              <Name>System.Collections.Generic.IEnumerator`1&lt;System.Collections.Generic.KeyValuePair`2&lt;TaskManagerAPI.Areas.HelpPage.HelpPageSampleKey,System.Object&gt;&gt; TaskManagerAPI.Areas.HelpPage.HelpPageSampleGenerator/&lt;GetAllActionSamples&gt;d__30::System.Collections.Generic.IEnumerable&lt;System.Collections.Generic.KeyValuePair&lt;TaskManagerAPI.Areas.HelpPage.HelpPageSampleKey,System.Object&gt;&gt;.GetEnumerator()</Name>
              <SequencePoints />
              <BranchPoints />
              <MethodPoint vc="0" uspid="910" ordinal="0" offset="0" />
            </Method>
            <Method visited="false" cyclomaticComplexity="1" nPathComplexity="0" sequenceCoverage="0" branchCoverage="0" isConstructor="false" isStatic="false" isGetter="false" isSetter="false">
              <Summary numSequencePoints="0" visitedSequencePoints="0" numBranchPoints="0" visitedBranchPoints="0" sequenceCoverage="0" branchCoverage="0" maxCyclomaticComplexity="1" minCyclomaticComplexity="1" visitedClasses="0" numClasses="0" visitedMethods="0" numMethods="0" />
              <MetadataToken>100663600</MetadataToken>
              <Name>System.Collections.IEnumerator TaskManagerAPI.Areas.HelpPage.HelpPageSampleGenerator/&lt;GetAllActionSamples&gt;d__30::System.Collections.IEnumerable.GetEnumerator()</Name>
              <SequencePoints />
              <BranchPoints />
              <MethodPoint vc="0" uspid="911" ordinal="0" offset="0" />
            </Method>
          </Methods>
        </Class>
        <Class>
          <Summary numSequencePoints="85" visitedSequencePoints="0" numBranchPoints="42" visitedBranchPoints="0" sequenceCoverage="0" branchCoverage="0" maxCyclomaticComplexity="11" minCyclomaticComplexity="1" visitedClasses="0" numClasses="1" visitedMethods="0" numMethods="18" />
          <FullName>TaskManagerAPI.Areas.HelpPage.HelpPageSampleKey</FullName>
          <Methods>
            <Method visited="false" cyclomaticComplexity="1" nPathComplexity="0" sequenceCoverage="0" branchCoverage="0" isConstructor="false" isStatic="false" isGetter="true" isSetter="false">
              <Summary numSequencePoints="1" visitedSequencePoints="0" numBranchPoints="1" visitedBranchPoints="0" sequenceCoverage="0" branchCoverage="0" maxCyclomaticComplexity="1" minCyclomaticComplexity="1" visitedClasses="0" numClasses="0" visitedMethods="0" numMethods="1" />
              <MetadataToken>100663424</MetadataToken>
              <Name>System.String TaskManagerAPI.Areas.HelpPage.HelpPageSampleKey::get_ControllerName()</Name>
              <FileRef uid="26" />
              <SequencePoints>
                <SequencePoint vc="0" uspid="912" ordinal="0" offset="0" sl="103" sc="40" el="103" ec="44" bec="0" bev="0" fileid="26" />
              </SequencePoints>
              <BranchPoints />
              <MethodPoint xsi:type="SequencePoint" vc="0" uspid="912" ordinal="0" offset="0" sl="103" sc="40" el="103" ec="44" bec="0" bev="0" fileid="26" />
            </Method>
            <Method visited="false" cyclomaticComplexity="1" nPathComplexity="0" sequenceCoverage="0" branchCoverage="0" isConstructor="false" isStatic="false" isGetter="false" isSetter="true">
              <Summary numSequencePoints="1" visitedSequencePoints="0" numBranchPoints="1" visitedBranchPoints="0" sequenceCoverage="0" branchCoverage="0" maxCyclomaticComplexity="1" minCyclomaticComplexity="1" visitedClasses="0" numClasses="0" visitedMethods="0" numMethods="1" />
              <MetadataToken>100663425</MetadataToken>
              <Name>System.Void TaskManagerAPI.Areas.HelpPage.HelpPageSampleKey::set_ControllerName(System.String)</Name>
              <FileRef uid="26" />
              <SequencePoints>
                <SequencePoint vc="0" uspid="913" ordinal="0" offset="0" sl="103" sc="45" el="103" ec="57" bec="0" bev="0" fileid="26" />
              </SequencePoints>
              <BranchPoints />
              <MethodPoint xsi:type="SequencePoint" vc="0" uspid="913" ordinal="0" offset="0" sl="103" sc="45" el="103" ec="57" bec="0" bev="0" fileid="26" />
            </Method>
            <Method visited="false" cyclomaticComplexity="1" nPathComplexity="0" sequenceCoverage="0" branchCoverage="0" isConstructor="false" isStatic="false" isGetter="true" isSetter="false">
              <Summary numSequencePoints="1" visitedSequencePoints="0" numBranchPoints="1" visitedBranchPoints="0" sequenceCoverage="0" branchCoverage="0" maxCyclomaticComplexity="1" minCyclomaticComplexity="1" visitedClasses="0" numClasses="0" visitedMethods="0" numMethods="1" />
              <MetadataToken>100663426</MetadataToken>
              <Name>System.String TaskManagerAPI.Areas.HelpPage.HelpPageSampleKey::get_ActionName()</Name>
              <FileRef uid="26" />
              <SequencePoints>
                <SequencePoint vc="0" uspid="914" ordinal="0" offset="0" sl="111" sc="36" el="111" ec="40" bec="0" bev="0" fileid="26" />
              </SequencePoints>
              <BranchPoints />
              <MethodPoint xsi:type="SequencePoint" vc="0" uspid="914" ordinal="0" offset="0" sl="111" sc="36" el="111" ec="40" bec="0" bev="0" fileid="26" />
            </Method>
            <Method visited="false" cyclomaticComplexity="1" nPathComplexity="0" sequenceCoverage="0" branchCoverage="0" isConstructor="false" isStatic="false" isGetter="false" isSetter="true">
              <Summary numSequencePoints="1" visitedSequencePoints="0" numBranchPoints="1" visitedBranchPoints="0" sequenceCoverage="0" branchCoverage="0" maxCyclomaticComplexity="1" minCyclomaticComplexity="1" visitedClasses="0" numClasses="0" visitedMethods="0" numMethods="1" />
              <MetadataToken>100663427</MetadataToken>
              <Name>System.Void TaskManagerAPI.Areas.HelpPage.HelpPageSampleKey::set_ActionName(System.String)</Name>
              <FileRef uid="26" />
              <SequencePoints>
                <SequencePoint vc="0" uspid="915" ordinal="0" offset="0" sl="111" sc="41" el="111" ec="53" bec="0" bev="0" fileid="26" />
              </SequencePoints>
              <BranchPoints />
              <MethodPoint xsi:type="SequencePoint" vc="0" uspid="915" ordinal="0" offset="0" sl="111" sc="41" el="111" ec="53" bec="0" bev="0" fileid="26" />
            </Method>
            <Method visited="false" cyclomaticComplexity="1" nPathComplexity="0" sequenceCoverage="0" branchCoverage="0" isConstructor="false" isStatic="false" isGetter="true" isSetter="false">
              <Summary numSequencePoints="1" visitedSequencePoints="0" numBranchPoints="1" visitedBranchPoints="0" sequenceCoverage="0" branchCoverage="0" maxCyclomaticComplexity="1" minCyclomaticComplexity="1" visitedClasses="0" numClasses="0" visitedMethods="0" numMethods="1" />
              <MetadataToken>100663428</MetadataToken>
              <Name>System.Net.Http.Headers.MediaTypeHeaderValue TaskManagerAPI.Areas.HelpPage.HelpPageSampleKey::get_MediaType()</Name>
              <FileRef uid="26" />
              <SequencePoints>
                <SequencePoint vc="0" uspid="916" ordinal="0" offset="0" sl="119" sc="49" el="119" ec="53" bec="0" bev="0" fileid="26" />
              </SequencePoints>
              <BranchPoints />
              <MethodPoint xsi:type="SequencePoint" vc="0" uspid="916" ordinal="0" offset="0" sl="119" sc="49" el="119" ec="53" bec="0" bev="0" fileid="26" />
            </Method>
            <Method visited="false" cyclomaticComplexity="1" nPathComplexity="0" sequenceCoverage="0" branchCoverage="0" isConstructor="false" isStatic="false" isGetter="false" isSetter="true">
              <Summary numSequencePoints="1" visitedSequencePoints="0" numBranchPoints="1" visitedBranchPoints="0" sequenceCoverage="0" branchCoverage="0" maxCyclomaticComplexity="1" minCyclomaticComplexity="1" visitedClasses="0" numClasses="0" visitedMethods="0" numMethods="1" />
              <MetadataToken>100663429</MetadataToken>
              <Name>System.Void TaskManagerAPI.Areas.HelpPage.HelpPageSampleKey::set_MediaType(System.Net.Http.Headers.MediaTypeHeaderValue)</Name>
              <FileRef uid="26" />
              <SequencePoints>
                <SequencePoint vc="0" uspid="917" ordinal="0" offset="0" sl="119" sc="54" el="119" ec="66" bec="0" bev="0" fileid="26" />
              </SequencePoints>
              <BranchPoints />
              <MethodPoint xsi:type="SequencePoint" vc="0" uspid="917" ordinal="0" offset="0" sl="119" sc="54" el="119" ec="66" bec="0" bev="0" fileid="26" />
            </Method>
            <Method visited="false" cyclomaticComplexity="1" nPathComplexity="0" sequenceCoverage="0" branchCoverage="0" isConstructor="false" isStatic="false" isGetter="true" isSetter="false">
              <Summary numSequencePoints="1" visitedSequencePoints="0" numBranchPoints="1" visitedBranchPoints="0" sequenceCoverage="0" branchCoverage="0" maxCyclomaticComplexity="1" minCyclomaticComplexity="1" visitedClasses="0" numClasses="0" visitedMethods="0" numMethods="1" />
              <MetadataToken>100663430</MetadataToken>
              <Name>System.Collections.Generic.HashSet`1&lt;System.String&gt; TaskManagerAPI.Areas.HelpPage.HelpPageSampleKey::get_ParameterNames()</Name>
              <FileRef uid="26" />
              <SequencePoints>
                <SequencePoint vc="0" uspid="918" ordinal="0" offset="0" sl="124" sc="49" el="124" ec="53" bec="0" bev="0" fileid="26" />
              </SequencePoints>
              <BranchPoints />
              <MethodPoint xsi:type="SequencePoint" vc="0" uspid="918" ordinal="0" offset="0" sl="124" sc="49" el="124" ec="53" bec="0" bev="0" fileid="26" />
            </Method>
            <Method visited="false" cyclomaticComplexity="1" nPathComplexity="0" sequenceCoverage="0" branchCoverage="0" isConstructor="false" isStatic="false" isGetter="false" isSetter="true">
              <Summary numSequencePoints="1" visitedSequencePoints="0" numBranchPoints="1" visitedBranchPoints="0" sequenceCoverage="0" branchCoverage="0" maxCyclomaticComplexity="1" minCyclomaticComplexity="1" visitedClasses="0" numClasses="0" visitedMethods="0" numMethods="1" />
              <MetadataToken>100663431</MetadataToken>
              <Name>System.Void TaskManagerAPI.Areas.HelpPage.HelpPageSampleKey::set_ParameterNames(System.Collections.Generic.HashSet`1&lt;System.String&gt;)</Name>
              <FileRef uid="26" />
              <SequencePoints>
                <SequencePoint vc="0" uspid="919" ordinal="0" offset="0" sl="124" sc="54" el="124" ec="66" bec="0" bev="0" fileid="26" />
              </SequencePoints>
              <BranchPoints />
              <MethodPoint xsi:type="SequencePoint" vc="0" uspid="919" ordinal="0" offset="0" sl="124" sc="54" el="124" ec="66" bec="0" bev="0" fileid="26" />
            </Method>
            <Method visited="false" cyclomaticComplexity="1" nPathComplexity="0" sequenceCoverage="0" branchCoverage="0" isConstructor="false" isStatic="false" isGetter="true" isSetter="false">
              <Summary numSequencePoints="1" visitedSequencePoints="0" numBranchPoints="1" visitedBranchPoints="0" sequenceCoverage="0" branchCoverage="0" maxCyclomaticComplexity="1" minCyclomaticComplexity="1" visitedClasses="0" numClasses="0" visitedMethods="0" numMethods="1" />
              <MetadataToken>100663432</MetadataToken>
              <Name>System.Type TaskManagerAPI.Areas.HelpPage.HelpPageSampleKey::get_ParameterType()</Name>
              <FileRef uid="26" />
              <SequencePoints>
                <SequencePoint vc="0" uspid="920" ordinal="0" offset="0" sl="126" sc="37" el="126" ec="41" bec="0" bev="0" fileid="26" />
              </SequencePoints>
              <BranchPoints />
              <MethodPoint xsi:type="SequencePoint" vc="0" uspid="920" ordinal="0" offset="0" sl="126" sc="37" el="126" ec="41" bec="0" bev="0" fileid="26" />
            </Method>
            <Method visited="false" cyclomaticComplexity="1" nPathComplexity="0" sequenceCoverage="0" branchCoverage="0" isConstructor="false" isStatic="false" isGetter="false" isSetter="true">
              <Summary numSequencePoints="1" visitedSequencePoints="0" numBranchPoints="1" visitedBranchPoints="0" sequenceCoverage="0" branchCoverage="0" maxCyclomaticComplexity="1" minCyclomaticComplexity="1" visitedClasses="0" numClasses="0" visitedMethods="0" numMethods="1" />
              <MetadataToken>100663433</MetadataToken>
              <Name>System.Void TaskManagerAPI.Areas.HelpPage.HelpPageSampleKey::set_ParameterType(System.Type)</Name>
              <FileRef uid="26" />
              <SequencePoints>
                <SequencePoint vc="0" uspid="921" ordinal="0" offset="0" sl="126" sc="42" el="126" ec="54" bec="0" bev="0" fileid="26" />
              </SequencePoints>
              <BranchPoints />
              <MethodPoint xsi:type="SequencePoint" vc="0" uspid="921" ordinal="0" offset="0" sl="126" sc="42" el="126" ec="54" bec="0" bev="0" fileid="26" />
            </Method>
            <Method visited="false" cyclomaticComplexity="1" nPathComplexity="0" sequenceCoverage="0" branchCoverage="0" isConstructor="false" isStatic="false" isGetter="true" isSetter="false">
              <Summary numSequencePoints="1" visitedSequencePoints="0" numBranchPoints="1" visitedBranchPoints="0" sequenceCoverage="0" branchCoverage="0" maxCyclomaticComplexity="1" minCyclomaticComplexity="1" visitedClasses="0" numClasses="0" visitedMethods="0" numMethods="1" />
              <MetadataToken>100663434</MetadataToken>
              <Name>System.Nullable`1&lt;TaskManagerAPI.Areas.HelpPage.SampleDirection&gt; TaskManagerAPI.Areas.HelpPage.HelpPageSampleKey::get_SampleDirection()</Name>
              <FileRef uid="26" />
              <SequencePoints>
                <SequencePoint vc="0" uspid="922" ordinal="0" offset="0" sl="131" sc="51" el="131" ec="55" bec="0" bev="0" fileid="26" />
              </SequencePoints>
              <BranchPoints />
              <MethodPoint xsi:type="SequencePoint" vc="0" uspid="922" ordinal="0" offset="0" sl="131" sc="51" el="131" ec="55" bec="0" bev="0" fileid="26" />
            </Method>
            <Method visited="false" cyclomaticComplexity="1" nPathComplexity="0" sequenceCoverage="0" branchCoverage="0" isConstructor="false" isStatic="false" isGetter="false" isSetter="true">
              <Summary numSequencePoints="1" visitedSequencePoints="0" numBranchPoints="1" visitedBranchPoints="0" sequenceCoverage="0" branchCoverage="0" maxCyclomaticComplexity="1" minCyclomaticComplexity="1" visitedClasses="0" numClasses="0" visitedMethods="0" numMethods="1" />
              <MetadataToken>100663435</MetadataToken>
              <Name>System.Void TaskManagerAPI.Areas.HelpPage.HelpPageSampleKey::set_SampleDirection(System.Nullable`1&lt;TaskManagerAPI.Areas.HelpPage.SampleDirection&gt;)</Name>
              <FileRef uid="26" />
              <SequencePoints>
                <SequencePoint vc="0" uspid="923" ordinal="0" offset="0" sl="131" sc="56" el="131" ec="68" bec="0" bev="0" fileid="26" />
              </SequencePoints>
              <BranchPoints />
              <MethodPoint xsi:type="SequencePoint" vc="0" uspid="923" ordinal="0" offset="0" sl="131" sc="56" el="131" ec="68" bec="0" bev="0" fileid="26" />
            </Method>
            <Method visited="false" cyclomaticComplexity="2" nPathComplexity="2" sequenceCoverage="0" branchCoverage="0" isConstructor="true" isStatic="false" isGetter="false" isSetter="false">
              <Summary numSequencePoints="10" visitedSequencePoints="0" numBranchPoints="3" visitedBranchPoints="0" sequenceCoverage="0" branchCoverage="0" maxCyclomaticComplexity="2" minCyclomaticComplexity="2" visitedClasses="0" numClasses="0" visitedMethods="0" numMethods="1" />
              <MetadataToken>100663420</MetadataToken>
              <Name>System.Void TaskManagerAPI.Areas.HelpPage.HelpPageSampleKey::.ctor(System.Net.Http.Headers.MediaTypeHeaderValue)</Name>
              <FileRef uid="26" />
              <SequencePoints>
                <SequencePoint vc="0" uspid="924" ordinal="0" offset="0" sl="17" sc="9" el="17" ec="65" bec="0" bev="0" fileid="26" />
                <SequencePoint vc="0" uspid="925" ordinal="1" offset="7" sl="18" sc="9" el="18" ec="10" bec="0" bev="0" fileid="26" />
                <SequencePoint vc="0" uspid="926" ordinal="2" offset="8" sl="19" sc="13" el="19" ec="35" bec="2" bev="0" fileid="26" />
                <SequencePoint vc="0" uspid="927" ordinal="3" offset="16" sl="20" sc="13" el="20" ec="14" bec="0" bev="0" fileid="26" />
                <SequencePoint vc="0" uspid="928" ordinal="4" offset="17" sl="21" sc="17" el="21" ec="62" bec="0" bev="0" fileid="26" />
                <SequencePoint vc="0" uspid="929" ordinal="5" offset="28" sl="24" sc="13" el="24" ec="39" bec="0" bev="0" fileid="26" />
                <SequencePoint vc="0" uspid="930" ordinal="6" offset="40" sl="25" sc="13" el="25" ec="43" bec="0" bev="0" fileid="26" />
                <SequencePoint vc="0" uspid="931" ordinal="7" offset="52" sl="26" sc="13" el="26" ec="35" bec="0" bev="0" fileid="26" />
                <SequencePoint vc="0" uspid="932" ordinal="8" offset="60" sl="27" sc="13" el="27" ec="84" bec="0" bev="0" fileid="26" />
                <SequencePoint vc="0" uspid="933" ordinal="9" offset="77" sl="28" sc="9" el="28" ec="10" bec="0" bev="0" fileid="26" />
              </SequencePoints>
              <BranchPoints>
                <BranchPoint vc="0" uspid="934" ordinal="0" offset="14" sl="19" path="0" offsetend="16" fileid="26" />
                <BranchPoint vc="0" uspid="935" ordinal="1" offset="14" sl="19" path="1" offsetend="28" fileid="26" />
              </BranchPoints>
              <MethodPoint xsi:type="SequencePoint" vc="0" uspid="924" ordinal="0" offset="0" sl="17" sc="9" el="17" ec="65" bec="0" bev="0" fileid="26" />
            </Method>
            <Method visited="false" cyclomaticComplexity="2" nPathComplexity="2" sequenceCoverage="0" branchCoverage="0" isConstructor="true" isStatic="false" isGetter="false" isSetter="false">
              <Summary numSequencePoints="7" visitedSequencePoints="0" numBranchPoints="3" visitedBranchPoints="0" sequenceCoverage="0" branchCoverage="0" maxCyclomaticComplexity="2" minCyclomaticComplexity="2" visitedClasses="0" numClasses="0" visitedMethods="0" numMethods="1" />
              <MetadataToken>100663421</MetadataToken>
              <Name>System.Void TaskManagerAPI.Areas.HelpPage.HelpPageSampleKey::.ctor(System.Net.Http.Headers.MediaTypeHeaderValue,System.Type)</Name>
              <FileRef uid="26" />
              <SequencePoints>
                <SequencePoint vc="0" uspid="936" ordinal="0" offset="0" sl="36" sc="15" el="36" ec="30" bec="0" bev="0" fileid="26" />
                <SequencePoint vc="0" uspid="937" ordinal="1" offset="8" sl="37" sc="9" el="37" ec="10" bec="0" bev="0" fileid="26" />
                <SequencePoint vc="0" uspid="938" ordinal="2" offset="9" sl="38" sc="13" el="38" ec="30" bec="2" bev="0" fileid="26" />
                <SequencePoint vc="0" uspid="939" ordinal="3" offset="20" sl="39" sc="13" el="39" ec="14" bec="0" bev="0" fileid="26" />
                <SequencePoint vc="0" uspid="940" ordinal="4" offset="21" sl="40" sc="17" el="40" ec="57" bec="0" bev="0" fileid="26" />
                <SequencePoint vc="0" uspid="941" ordinal="5" offset="32" sl="43" sc="13" el="43" ec="34" bec="0" bev="0" fileid="26" />
                <SequencePoint vc="0" uspid="942" ordinal="6" offset="40" sl="44" sc="9" el="44" ec="10" bec="0" bev="0" fileid="26" />
              </SequencePoints>
              <BranchPoints>
                <BranchPoint vc="0" uspid="943" ordinal="0" offset="18" sl="38" path="0" offsetend="20" fileid="26" />
                <BranchPoint vc="0" uspid="944" ordinal="1" offset="18" sl="38" path="1" offsetend="32" fileid="26" />
              </BranchPoints>
              <MethodPoint xsi:type="SequencePoint" vc="0" uspid="936" ordinal="0" offset="0" sl="36" sc="15" el="36" ec="30" bec="0" bev="0" fileid="26" />
            </Method>
            <Method visited="false" cyclomaticComplexity="5" nPathComplexity="16" sequenceCoverage="0" branchCoverage="0" isConstructor="true" isStatic="false" isGetter="false" isSetter="false">
              <Summary numSequencePoints="19" visitedSequencePoints="0" numBranchPoints="9" visitedBranchPoints="0" sequenceCoverage="0" branchCoverage="0" maxCyclomaticComplexity="5" minCyclomaticComplexity="5" visitedClasses="0" numClasses="0" visitedMethods="0" numMethods="1" />
              <MetadataToken>100663422</MetadataToken>
              <Name>System.Void TaskManagerAPI.Areas.HelpPage.HelpPageSampleKey::.ctor(TaskManagerAPI.Areas.HelpPage.SampleDirection,System.String,System.String,System.Collections.Generic.IEnumerable`1&lt;System.String&gt;)</Name>
              <FileRef uid="26" />
              <SequencePoints>
                <SequencePoint vc="0" uspid="945" ordinal="0" offset="0" sl="53" sc="9" el="53" ec="144" bec="0" bev="0" fileid="26" />
                <SequencePoint vc="0" uspid="946" ordinal="1" offset="7" sl="54" sc="9" el="54" ec="10" bec="0" bev="0" fileid="26" />
                <SequencePoint vc="0" uspid="947" ordinal="2" offset="8" sl="55" sc="13" el="55" ec="75" bec="2" bev="0" fileid="26" />
                <SequencePoint vc="0" uspid="948" ordinal="3" offset="36" sl="56" sc="13" el="56" ec="14" bec="0" bev="0" fileid="26" />
                <SequencePoint vc="0" uspid="949" ordinal="4" offset="37" sl="57" sc="17" el="57" ec="122" bec="0" bev="0" fileid="26" />
                <SequencePoint vc="0" uspid="950" ordinal="5" offset="59" sl="59" sc="13" el="59" ec="40" bec="2" bev="0" fileid="26" />
                <SequencePoint vc="0" uspid="951" ordinal="6" offset="67" sl="60" sc="13" el="60" ec="14" bec="0" bev="0" fileid="26" />
                <SequencePoint vc="0" uspid="952" ordinal="7" offset="68" sl="61" sc="17" el="61" ec="67" bec="0" bev="0" fileid="26" />
                <SequencePoint vc="0" uspid="953" ordinal="8" offset="79" sl="63" sc="13" el="63" ec="36" bec="2" bev="0" fileid="26" />
                <SequencePoint vc="0" uspid="954" ordinal="9" offset="87" sl="64" sc="13" el="64" ec="14" bec="0" bev="0" fileid="26" />
                <SequencePoint vc="0" uspid="955" ordinal="10" offset="88" sl="65" sc="17" el="65" ec="63" bec="0" bev="0" fileid="26" />
                <SequencePoint vc="0" uspid="956" ordinal="11" offset="99" sl="67" sc="13" el="67" ec="40" bec="2" bev="0" fileid="26" />
                <SequencePoint vc="0" uspid="957" ordinal="12" offset="108" sl="68" sc="13" el="68" ec="14" bec="0" bev="0" fileid="26" />
                <SequencePoint vc="0" uspid="958" ordinal="13" offset="109" sl="69" sc="17" el="69" ec="67" bec="0" bev="0" fileid="26" />
                <SequencePoint vc="0" uspid="959" ordinal="14" offset="120" sl="72" sc="13" el="72" ec="45" bec="0" bev="0" fileid="26" />
                <SequencePoint vc="0" uspid="960" ordinal="15" offset="128" sl="73" sc="13" el="73" ec="37" bec="0" bev="0" fileid="26" />
                <SequencePoint vc="0" uspid="961" ordinal="16" offset="136" sl="74" sc="13" el="74" ec="100" bec="0" bev="0" fileid="26" />
                <SequencePoint vc="0" uspid="962" ordinal="17" offset="155" sl="75" sc="13" el="75" ec="47" bec="0" bev="0" fileid="26" />
                <SequencePoint vc="0" uspid="963" ordinal="18" offset="168" sl="76" sc="9" el="76" ec="10" bec="0" bev="0" fileid="26" />
              </SequencePoints>
              <BranchPoints>
                <BranchPoint vc="0" uspid="964" ordinal="0" offset="34" sl="55" path="0" offsetend="36" fileid="26" />
                <BranchPoint vc="0" uspid="965" ordinal="1" offset="34" sl="55" path="1" offsetend="59" fileid="26" />
                <BranchPoint vc="0" uspid="966" ordinal="2" offset="65" sl="59" path="0" offsetend="67" fileid="26" />
                <BranchPoint vc="0" uspid="967" ordinal="3" offset="65" sl="59" path="1" offsetend="79" fileid="26" />
                <BranchPoint vc="0" uspid="968" ordinal="4" offset="85" sl="63" path="0" offsetend="87" fileid="26" />
                <BranchPoint vc="0" uspid="969" ordinal="5" offset="85" sl="63" path="1" offsetend="99" fileid="26" />
                <BranchPoint vc="0" uspid="970" ordinal="6" offset="106" sl="67" path="0" offsetend="108" fileid="26" />
                <BranchPoint vc="0" uspid="971" ordinal="7" offset="106" sl="67" path="1" offsetend="120" fileid="26" />
              </BranchPoints>
              <MethodPoint xsi:type="SequencePoint" vc="0" uspid="945" ordinal="0" offset="0" sl="53" sc="9" el="53" ec="144" bec="0" bev="0" fileid="26" />
            </Method>
            <Method visited="false" cyclomaticComplexity="2" nPathComplexity="2" sequenceCoverage="0" branchCoverage="0" isConstructor="true" isStatic="false" isGetter="false" isSetter="false">
              <Summary numSequencePoints="7" visitedSequencePoints="0" numBranchPoints="3" visitedBranchPoints="0" sequenceCoverage="0" branchCoverage="0" maxCyclomaticComplexity="2" minCyclomaticComplexity="2" visitedClasses="0" numClasses="0" visitedMethods="0" numMethods="1" />
              <MetadataToken>100663423</MetadataToken>
              <Name>System.Void TaskManagerAPI.Areas.HelpPage.HelpPageSampleKey::.ctor(System.Net.Http.Headers.MediaTypeHeaderValue,TaskManagerAPI.Areas.HelpPage.SampleDirection,System.String,System.String,System.Collections.Generic.IEnumerable`1&lt;System.String&gt;)</Name>
              <FileRef uid="26" />
              <SequencePoints>
                <SequencePoint vc="0" uspid="972" ordinal="0" offset="0" sl="87" sc="15" el="87" ec="80" bec="0" bev="0" fileid="26" />
                <SequencePoint vc="0" uspid="973" ordinal="1" offset="13" sl="88" sc="9" el="88" ec="10" bec="0" bev="0" fileid="26" />
                <SequencePoint vc="0" uspid="974" ordinal="2" offset="14" sl="89" sc="13" el="89" ec="35" bec="2" bev="0" fileid="26" />
                <SequencePoint vc="0" uspid="975" ordinal="3" offset="22" sl="90" sc="13" el="90" ec="14" bec="0" bev="0" fileid="26" />
                <SequencePoint vc="0" uspid="976" ordinal="4" offset="23" sl="91" sc="17" el="91" ec="62" bec="0" bev="0" fileid="26" />
                <SequencePoint vc="0" uspid="977" ordinal="5" offset="34" sl="94" sc="13" el="94" ec="35" bec="0" bev="0" fileid="26" />
                <SequencePoint vc="0" uspid="978" ordinal="6" offset="42" sl="95" sc="9" el="95" ec="10" bec="0" bev="0" fileid="26" />
              </SequencePoints>
              <BranchPoints>
                <BranchPoint vc="0" uspid="979" ordinal="0" offset="20" sl="89" path="0" offsetend="22" fileid="26" />
                <BranchPoint vc="0" uspid="980" ordinal="1" offset="20" sl="89" path="1" offsetend="34" fileid="26" />
              </BranchPoints>
              <MethodPoint xsi:type="SequencePoint" vc="0" uspid="972" ordinal="0" offset="0" sl="87" sc="15" el="87" ec="80" bec="0" bev="0" fileid="26" />
            </Method>
            <Method visited="false" cyclomaticComplexity="11" nPathComplexity="4" sequenceCoverage="0" branchCoverage="0" isConstructor="false" isStatic="false" isGetter="false" isSetter="false">
              <Summary numSequencePoints="7" visitedSequencePoints="0" numBranchPoints="5" visitedBranchPoints="0" sequenceCoverage="0" branchCoverage="0" maxCyclomaticComplexity="11" minCyclomaticComplexity="11" visitedClasses="0" numClasses="0" visitedMethods="0" numMethods="1" />
              <MetadataToken>100663436</MetadataToken>
              <Name>System.Boolean TaskManagerAPI.Areas.HelpPage.HelpPageSampleKey::Equals(System.Object)</Name>
              <FileRef uid="26" />
              <SequencePoints>
                <SequencePoint vc="0" uspid="981" ordinal="0" offset="0" sl="134" sc="9" el="134" ec="10" bec="0" bev="0" fileid="26" />
                <SequencePoint vc="0" uspid="982" ordinal="1" offset="1" sl="135" sc="13" el="135" ec="67" bec="0" bev="0" fileid="26" />
                <SequencePoint vc="0" uspid="983" ordinal="2" offset="8" sl="136" sc="13" el="136" ec="34" bec="2" bev="0" fileid="26" />
                <SequencePoint vc="0" uspid="984" ordinal="3" offset="16" sl="137" sc="13" el="137" ec="14" bec="0" bev="0" fileid="26" />
                <SequencePoint vc="0" uspid="985" ordinal="4" offset="17" sl="138" sc="17" el="138" ec="30" bec="0" bev="0" fileid="26" />
                <SequencePoint vc="0" uspid="986" ordinal="5" offset="24" sl="141" sc="13" el="146" ec="67" bec="2" bev="0" fileid="26" />
                <SequencePoint vc="0" uspid="987" ordinal="6" offset="205" sl="147" sc="9" el="147" ec="10" bec="0" bev="0" fileid="26" />
              </SequencePoints>
              <BranchPoints>
                <BranchPoint vc="0" uspid="988" ordinal="0" offset="14" sl="136" path="0" offsetend="16" fileid="26" />
                <BranchPoint vc="0" uspid="989" ordinal="1" offset="14" sl="136" path="1" offsetend="24" fileid="26" />
                <BranchPoint vc="0" uspid="1002" ordinal="14" offset="159" sl="141" path="0" offsetend="161" fileid="26" />
                <BranchPoint vc="0" uspid="1003" ordinal="15" offset="159" sl="141" path="1" offsetend="164" fileid="26" />
              </BranchPoints>
              <MethodPoint xsi:type="SequencePoint" vc="0" uspid="981" ordinal="0" offset="0" sl="134" sc="9" el="134" ec="10" bec="0" bev="0" fileid="26" />
            </Method>
            <Method visited="false" cyclomaticComplexity="5" nPathComplexity="8" sequenceCoverage="0" branchCoverage="0" isConstructor="false" isStatic="false" isGetter="false" isSetter="false">
              <Summary numSequencePoints="23" visitedSequencePoints="0" numBranchPoints="7" visitedBranchPoints="0" sequenceCoverage="0" branchCoverage="0" maxCyclomaticComplexity="5" minCyclomaticComplexity="5" visitedClasses="0" numClasses="0" visitedMethods="0" numMethods="1" />
              <MetadataToken>100663437</MetadataToken>
              <Name>System.Int32 TaskManagerAPI.Areas.HelpPage.HelpPageSampleKey::GetHashCode()</Name>
              <FileRef uid="26" />
              <SequencePoints>
                <SequencePoint vc="0" uspid="1006" ordinal="0" offset="0" sl="150" sc="9" el="150" ec="10" bec="0" bev="0" fileid="26" />
                <SequencePoint vc="0" uspid="1007" ordinal="1" offset="1" sl="151" sc="13" el="151" ec="122" bec="0" bev="0" fileid="26" />
                <SequencePoint vc="0" uspid="1008" ordinal="2" offset="35" sl="152" sc="13" el="152" ec="35" bec="2" bev="0" fileid="26" />
                <SequencePoint vc="0" uspid="1009" ordinal="3" offset="48" sl="153" sc="13" el="153" ec="14" bec="0" bev="0" fileid="26" />
                <SequencePoint vc="0" uspid="1010" ordinal="4" offset="49" sl="154" sc="17" el="154" ec="53" bec="0" bev="0" fileid="26" />
                <SequencePoint vc="0" uspid="1011" ordinal="5" offset="63" sl="155" sc="13" el="155" ec="14" bec="0" bev="0" fileid="26" />
                <SequencePoint vc="0" uspid="1012" ordinal="6" offset="64" sl="156" sc="13" el="156" ec="41" bec="2" bev="0" fileid="26" />
                <SequencePoint vc="0" uspid="1013" ordinal="7" offset="82" sl="157" sc="13" el="157" ec="14" bec="0" bev="0" fileid="26" />
                <SequencePoint vc="0" uspid="1014" ordinal="8" offset="83" sl="158" sc="17" el="158" ec="59" bec="0" bev="0" fileid="26" />
                <SequencePoint vc="0" uspid="1015" ordinal="9" offset="106" sl="159" sc="13" el="159" ec="14" bec="0" bev="0" fileid="26" />
                <SequencePoint vc="0" uspid="1016" ordinal="10" offset="107" sl="160" sc="13" el="160" ec="39" bec="2" bev="0" fileid="26" />
                <SequencePoint vc="0" uspid="1017" ordinal="11" offset="125" sl="161" sc="13" el="161" ec="14" bec="0" bev="0" fileid="26" />
                <SequencePoint vc="0" uspid="1018" ordinal="12" offset="126" sl="162" sc="17" el="162" ec="57" bec="0" bev="0" fileid="26" />
                <SequencePoint vc="0" uspid="1019" ordinal="13" offset="140" sl="163" sc="13" el="163" ec="14" bec="0" bev="0" fileid="26" />
                <SequencePoint vc="0" uspid="1020" ordinal="14" offset="141" sl="164" sc="13" el="164" ec="20" bec="0" bev="0" fileid="26" />
                <SequencePoint vc="0" uspid="1021" ordinal="15" offset="142" sl="164" sc="46" el="164" ec="60" bec="0" bev="0" fileid="26" />
                <SequencePoint vc="0" uspid="1022" ordinal="16" offset="157" sl="164" sc="22" el="164" ec="42" bec="0" bev="0" fileid="26" />
                <SequencePoint vc="0" uspid="1023" ordinal="17" offset="166" sl="165" sc="13" el="165" ec="14" bec="0" bev="0" fileid="26" />
                <SequencePoint vc="0" uspid="1024" ordinal="18" offset="167" sl="166" sc="17" el="166" ec="76" bec="0" bev="0" fileid="26" />
                <SequencePoint vc="0" uspid="1025" ordinal="19" offset="182" sl="167" sc="13" el="167" ec="14" bec="0" bev="0" fileid="26" />
                <SequencePoint vc="0" uspid="1026" ordinal="20" offset="183" sl="164" sc="43" el="164" ec="45" bec="0" bev="0" fileid="26" />
                <SequencePoint vc="0" uspid="1027" ordinal="21" offset="209" sl="169" sc="13" el="169" ec="29" bec="0" bev="0" fileid="26" />
                <SequencePoint vc="0" uspid="1028" ordinal="22" offset="214" sl="170" sc="9" el="170" ec="10" bec="0" bev="0" fileid="26" />
              </SequencePoints>
              <BranchPoints>
                <BranchPoint vc="0" uspid="1029" ordinal="0" offset="46" sl="152" path="0" offsetend="48" fileid="26" />
                <BranchPoint vc="0" uspid="1030" ordinal="1" offset="46" sl="152" path="1" offsetend="64" fileid="26" />
                <BranchPoint vc="0" uspid="1031" ordinal="2" offset="80" sl="156" path="0" offsetend="82" fileid="26" />
                <BranchPoint vc="0" uspid="1032" ordinal="3" offset="80" sl="156" path="1" offsetend="107" fileid="26" />
                <BranchPoint vc="0" uspid="1033" ordinal="4" offset="123" sl="160" path="0" offsetend="125" fileid="26" />
                <BranchPoint vc="0" uspid="1034" ordinal="5" offset="123" sl="160" path="1" offsetend="141" fileid="26" />
              </BranchPoints>
              <MethodPoint xsi:type="SequencePoint" vc="0" uspid="1006" ordinal="0" offset="0" sl="150" sc="9" el="150" ec="10" bec="0" bev="0" fileid="26" />
            </Method>
          </Methods>
        </Class>
        <Class>
          <Summary numSequencePoints="19" visitedSequencePoints="0" numBranchPoints="8" visitedBranchPoints="0" sequenceCoverage="0" branchCoverage="0" maxCyclomaticComplexity="2" minCyclomaticComplexity="1" visitedClasses="0" numClasses="1" visitedMethods="0" numMethods="6" />
          <FullName>TaskManagerAPI.Areas.HelpPage.ImageSample</FullName>
          <Methods>
            <Method visited="false" cyclomaticComplexity="1" nPathComplexity="0" sequenceCoverage="0" branchCoverage="0" isConstructor="false" isStatic="false" isGetter="true" isSetter="false">
              <Summary numSequencePoints="1" visitedSequencePoints="0" numBranchPoints="1" visitedBranchPoints="0" sequenceCoverage="0" branchCoverage="0" maxCyclomaticComplexity="1" minCyclomaticComplexity="1" visitedClasses="0" numClasses="0" visitedMethods="0" numMethods="1" />
              <MetadataToken>100663439</MetadataToken>
              <Name>System.String TaskManagerAPI.Areas.HelpPage.ImageSample::get_Src()</Name>
              <FileRef uid="27" />
              <SequencePoints>
                <SequencePoint vc="0" uspid="1037" ordinal="0" offset="0" sl="23" sc="29" el="23" ec="33" bec="0" bev="0" fileid="27" />
              </SequencePoints>
              <BranchPoints />
              <MethodPoint xsi:type="SequencePoint" vc="0" uspid="1037" ordinal="0" offset="0" sl="23" sc="29" el="23" ec="33" bec="0" bev="0" fileid="27" />
            </Method>
            <Method visited="false" cyclomaticComplexity="1" nPathComplexity="0" sequenceCoverage="0" branchCoverage="0" isConstructor="false" isStatic="false" isGetter="false" isSetter="true">
              <Summary numSequencePoints="1" visitedSequencePoints="0" numBranchPoints="1" visitedBranchPoints="0" sequenceCoverage="0" branchCoverage="0" maxCyclomaticComplexity="1" minCyclomaticComplexity="1" visitedClasses="0" numClasses="0" visitedMethods="0" numMethods="1" />
              <MetadataToken>100663440</MetadataToken>
              <Name>System.Void TaskManagerAPI.Areas.HelpPage.ImageSample::set_Src(System.String)</Name>
              <FileRef uid="27" />
              <SequencePoints>
                <SequencePoint vc="0" uspid="1038" ordinal="0" offset="0" sl="23" sc="34" el="23" ec="46" bec="0" bev="0" fileid="27" />
              </SequencePoints>
              <BranchPoints />
              <MethodPoint xsi:type="SequencePoint" vc="0" uspid="1038" ordinal="0" offset="0" sl="23" sc="34" el="23" ec="46" bec="0" bev="0" fileid="27" />
            </Method>
            <Method visited="false" cyclomaticComplexity="2" nPathComplexity="2" sequenceCoverage="0" branchCoverage="0" isConstructor="true" isStatic="false" isGetter="false" isSetter="false">
              <Summary numSequencePoints="7" visitedSequencePoints="0" numBranchPoints="3" visitedBranchPoints="0" sequenceCoverage="0" branchCoverage="0" maxCyclomaticComplexity="2" minCyclomaticComplexity="2" visitedClasses="0" numClasses="0" visitedMethods="0" numMethods="1" />
              <MetadataToken>100663438</MetadataToken>
              <Name>System.Void TaskManagerAPI.Areas.HelpPage.ImageSample::.ctor(System.String)</Name>
              <FileRef uid="27" />
              <SequencePoints>
                <SequencePoint vc="0" uspid="1039" ordinal="0" offset="0" sl="14" sc="9" el="14" ec="39" bec="0" bev="0" fileid="27" />
                <SequencePoint vc="0" uspid="1040" ordinal="1" offset="7" sl="15" sc="9" el="15" ec="10" bec="0" bev="0" fileid="27" />
                <SequencePoint vc="0" uspid="1041" ordinal="2" offset="8" sl="16" sc="13" el="16" ec="29" bec="2" bev="0" fileid="27" />
                <SequencePoint vc="0" uspid="1042" ordinal="3" offset="16" sl="17" sc="13" el="17" ec="14" bec="0" bev="0" fileid="27" />
                <SequencePoint vc="0" uspid="1043" ordinal="4" offset="17" sl="18" sc="17" el="18" ec="56" bec="0" bev="0" fileid="27" />
                <SequencePoint vc="0" uspid="1044" ordinal="5" offset="28" sl="20" sc="13" el="20" ec="23" bec="0" bev="0" fileid="27" />
                <SequencePoint vc="0" uspid="1045" ordinal="6" offset="36" sl="21" sc="9" el="21" ec="10" bec="0" bev="0" fileid="27" />
              </SequencePoints>
              <BranchPoints>
                <BranchPoint vc="0" uspid="1046" ordinal="0" offset="14" sl="16" path="0" offsetend="16" fileid="27" />
                <BranchPoint vc="0" uspid="1047" ordinal="1" offset="14" sl="16" path="1" offsetend="28" fileid="27" />
              </BranchPoints>
              <MethodPoint xsi:type="SequencePoint" vc="0" uspid="1039" ordinal="0" offset="0" sl="14" sc="9" el="14" ec="39" bec="0" bev="0" fileid="27" />
            </Method>
            <Method visited="false" cyclomaticComplexity="2" nPathComplexity="0" sequenceCoverage="0" branchCoverage="0" isConstructor="false" isStatic="false" isGetter="false" isSetter="false">
              <Summary numSequencePoints="4" visitedSequencePoints="0" numBranchPoints="1" visitedBranchPoints="0" sequenceCoverage="0" branchCoverage="0" maxCyclomaticComplexity="2" minCyclomaticComplexity="2" visitedClasses="0" numClasses="0" visitedMethods="0" numMethods="1" />
              <MetadataToken>100663441</MetadataToken>
              <Name>System.Boolean TaskManagerAPI.Areas.HelpPage.ImageSample::Equals(System.Object)</Name>
              <FileRef uid="27" />
              <SequencePoints>
                <SequencePoint vc="0" uspid="1048" ordinal="0" offset="0" sl="26" sc="9" el="26" ec="10" bec="0" bev="0" fileid="27" />
                <SequencePoint vc="0" uspid="1049" ordinal="1" offset="1" sl="27" sc="13" el="27" ec="52" bec="0" bev="0" fileid="27" />
                <SequencePoint vc="0" uspid="1050" ordinal="2" offset="8" sl="28" sc="13" el="28" ec="54" bec="0" bev="0" fileid="27" />
                <SequencePoint vc="0" uspid="1051" ordinal="3" offset="34" sl="29" sc="9" el="29" ec="10" bec="0" bev="0" fileid="27" />
              </SequencePoints>
              <BranchPoints />
              <MethodPoint xsi:type="SequencePoint" vc="0" uspid="1048" ordinal="0" offset="0" sl="26" sc="9" el="26" ec="10" bec="0" bev="0" fileid="27" />
            </Method>
            <Method visited="false" cyclomaticComplexity="1" nPathComplexity="0" sequenceCoverage="0" branchCoverage="0" isConstructor="false" isStatic="false" isGetter="false" isSetter="false">
              <Summary numSequencePoints="3" visitedSequencePoints="0" numBranchPoints="1" visitedBranchPoints="0" sequenceCoverage="0" branchCoverage="0" maxCyclomaticComplexity="1" minCyclomaticComplexity="1" visitedClasses="0" numClasses="0" visitedMethods="0" numMethods="1" />
              <MetadataToken>100663442</MetadataToken>
              <Name>System.Int32 TaskManagerAPI.Areas.HelpPage.ImageSample::GetHashCode()</Name>
              <FileRef uid="27" />
              <SequencePoints>
                <SequencePoint vc="0" uspid="1054" ordinal="0" offset="0" sl="32" sc="9" el="32" ec="10" bec="0" bev="0" fileid="27" />
                <SequencePoint vc="0" uspid="1055" ordinal="1" offset="1" sl="33" sc="13" el="33" ec="38" bec="0" bev="0" fileid="27" />
                <SequencePoint vc="0" uspid="1056" ordinal="2" offset="15" sl="34" sc="9" el="34" ec="10" bec="0" bev="0" fileid="27" />
              </SequencePoints>
              <BranchPoints />
              <MethodPoint xsi:type="SequencePoint" vc="0" uspid="1054" ordinal="0" offset="0" sl="32" sc="9" el="32" ec="10" bec="0" bev="0" fileid="27" />
            </Method>
            <Method visited="false" cyclomaticComplexity="1" nPathComplexity="0" sequenceCoverage="0" branchCoverage="0" isConstructor="false" isStatic="false" isGetter="false" isSetter="false">
              <Summary numSequencePoints="3" visitedSequencePoints="0" numBranchPoints="1" visitedBranchPoints="0" sequenceCoverage="0" branchCoverage="0" maxCyclomaticComplexity="1" minCyclomaticComplexity="1" visitedClasses="0" numClasses="0" visitedMethods="0" numMethods="1" />
              <MetadataToken>100663443</MetadataToken>
              <Name>System.String TaskManagerAPI.Areas.HelpPage.ImageSample::ToString()</Name>
              <FileRef uid="27" />
              <SequencePoints>
                <SequencePoint vc="0" uspid="1057" ordinal="0" offset="0" sl="37" sc="9" el="37" ec="10" bec="0" bev="0" fileid="27" />
                <SequencePoint vc="0" uspid="1058" ordinal="1" offset="1" sl="38" sc="13" el="38" ec="24" bec="0" bev="0" fileid="27" />
                <SequencePoint vc="0" uspid="1059" ordinal="2" offset="10" sl="39" sc="9" el="39" ec="10" bec="0" bev="0" fileid="27" />
              </SequencePoints>
              <BranchPoints />
              <MethodPoint xsi:type="SequencePoint" vc="0" uspid="1057" ordinal="0" offset="0" sl="37" sc="9" el="37" ec="10" bec="0" bev="0" fileid="27" />
            </Method>
          </Methods>
        </Class>
        <Class>
          <Summary numSequencePoints="19" visitedSequencePoints="0" numBranchPoints="8" visitedBranchPoints="0" sequenceCoverage="0" branchCoverage="0" maxCyclomaticComplexity="2" minCyclomaticComplexity="1" visitedClasses="0" numClasses="1" visitedMethods="0" numMethods="6" />
          <FullName>TaskManagerAPI.Areas.HelpPage.InvalidSample</FullName>
          <Methods>
            <Method visited="false" cyclomaticComplexity="1" nPathComplexity="0" sequenceCoverage="0" branchCoverage="0" isConstructor="false" isStatic="false" isGetter="true" isSetter="false">
              <Summary numSequencePoints="1" visitedSequencePoints="0" numBranchPoints="1" visitedBranchPoints="0" sequenceCoverage="0" branchCoverage="0" maxCyclomaticComplexity="1" minCyclomaticComplexity="1" visitedClasses="0" numClasses="0" visitedMethods="0" numMethods="1" />
              <MetadataToken>100663445</MetadataToken>
              <Name>System.String TaskManagerAPI.Areas.HelpPage.InvalidSample::get_ErrorMessage()</Name>
              <FileRef uid="28" />
              <SequencePoints>
                <SequencePoint vc="0" uspid="1060" ordinal="0" offset="0" sl="19" sc="38" el="19" ec="42" bec="0" bev="0" fileid="28" />
              </SequencePoints>
              <BranchPoints />
              <MethodPoint xsi:type="SequencePoint" vc="0" uspid="1060" ordinal="0" offset="0" sl="19" sc="38" el="19" ec="42" bec="0" bev="0" fileid="28" />
            </Method>
            <Method visited="false" cyclomaticComplexity="1" nPathComplexity="0" sequenceCoverage="0" branchCoverage="0" isConstructor="false" isStatic="false" isGetter="false" isSetter="true">
              <Summary numSequencePoints="1" visitedSequencePoints="0" numBranchPoints="1" visitedBranchPoints="0" sequenceCoverage="0" branchCoverage="0" maxCyclomaticComplexity="1" minCyclomaticComplexity="1" visitedClasses="0" numClasses="0" visitedMethods="0" numMethods="1" />
              <MetadataToken>100663446</MetadataToken>
              <Name>System.Void TaskManagerAPI.Areas.HelpPage.InvalidSample::set_ErrorMessage(System.String)</Name>
              <FileRef uid="28" />
              <SequencePoints>
                <SequencePoint vc="0" uspid="1061" ordinal="0" offset="0" sl="19" sc="43" el="19" ec="55" bec="0" bev="0" fileid="28" />
              </SequencePoints>
              <BranchPoints />
              <MethodPoint xsi:type="SequencePoint" vc="0" uspid="1061" ordinal="0" offset="0" sl="19" sc="43" el="19" ec="55" bec="0" bev="0" fileid="28" />
            </Method>
            <Method visited="false" cyclomaticComplexity="2" nPathComplexity="2" sequenceCoverage="0" branchCoverage="0" isConstructor="true" isStatic="false" isGetter="false" isSetter="false">
              <Summary numSequencePoints="7" visitedSequencePoints="0" numBranchPoints="3" visitedBranchPoints="0" sequenceCoverage="0" branchCoverage="0" maxCyclomaticComplexity="2" minCyclomaticComplexity="2" visitedClasses="0" numClasses="0" visitedMethods="0" numMethods="1" />
              <MetadataToken>100663444</MetadataToken>
              <Name>System.Void TaskManagerAPI.Areas.HelpPage.InvalidSample::.ctor(System.String)</Name>
              <FileRef uid="28" />
              <SequencePoints>
                <SequencePoint vc="0" uspid="1062" ordinal="0" offset="0" sl="10" sc="9" el="10" ec="50" bec="0" bev="0" fileid="28" />
                <SequencePoint vc="0" uspid="1063" ordinal="1" offset="7" sl="11" sc="9" el="11" ec="10" bec="0" bev="0" fileid="28" />
                <SequencePoint vc="0" uspid="1064" ordinal="2" offset="8" sl="12" sc="13" el="12" ec="38" bec="2" bev="0" fileid="28" />
                <SequencePoint vc="0" uspid="1065" ordinal="3" offset="16" sl="13" sc="13" el="13" ec="14" bec="0" bev="0" fileid="28" />
                <SequencePoint vc="0" uspid="1066" ordinal="4" offset="17" sl="14" sc="17" el="14" ec="65" bec="0" bev="0" fileid="28" />
                <SequencePoint vc="0" uspid="1067" ordinal="5" offset="28" sl="16" sc="13" el="16" ec="41" bec="0" bev="0" fileid="28" />
                <SequencePoint vc="0" uspid="1068" ordinal="6" offset="36" sl="17" sc="9" el="17" ec="10" bec="0" bev="0" fileid="28" />
              </SequencePoints>
              <BranchPoints>
                <BranchPoint vc="0" uspid="1069" ordinal="0" offset="14" sl="12" path="0" offsetend="16" fileid="28" />
                <BranchPoint vc="0" uspid="1070" ordinal="1" offset="14" sl="12" path="1" offsetend="28" fileid="28" />
              </BranchPoints>
              <MethodPoint xsi:type="SequencePoint" vc="0" uspid="1062" ordinal="0" offset="0" sl="10" sc="9" el="10" ec="50" bec="0" bev="0" fileid="28" />
            </Method>
            <Method visited="false" cyclomaticComplexity="2" nPathComplexity="0" sequenceCoverage="0" branchCoverage="0" isConstructor="false" isStatic="false" isGetter="false" isSetter="false">
              <Summary numSequencePoints="4" visitedSequencePoints="0" numBranchPoints="1" visitedBranchPoints="0" sequenceCoverage="0" branchCoverage="0" maxCyclomaticComplexity="2" minCyclomaticComplexity="2" visitedClasses="0" numClasses="0" visitedMethods="0" numMethods="1" />
              <MetadataToken>100663447</MetadataToken>
              <Name>System.Boolean TaskManagerAPI.Areas.HelpPage.InvalidSample::Equals(System.Object)</Name>
              <FileRef uid="28" />
              <SequencePoints>
                <SequencePoint vc="0" uspid="1071" ordinal="0" offset="0" sl="22" sc="9" el="22" ec="10" bec="0" bev="0" fileid="28" />
                <SequencePoint vc="0" uspid="1072" ordinal="1" offset="1" sl="23" sc="13" el="23" ec="56" bec="0" bev="0" fileid="28" />
                <SequencePoint vc="0" uspid="1073" ordinal="2" offset="8" sl="24" sc="13" el="24" ec="72" bec="0" bev="0" fileid="28" />
                <SequencePoint vc="0" uspid="1074" ordinal="3" offset="34" sl="25" sc="9" el="25" ec="10" bec="0" bev="0" fileid="28" />
              </SequencePoints>
              <BranchPoints />
              <MethodPoint xsi:type="SequencePoint" vc="0" uspid="1071" ordinal="0" offset="0" sl="22" sc="9" el="22" ec="10" bec="0" bev="0" fileid="28" />
            </Method>
            <Method visited="false" cyclomaticComplexity="1" nPathComplexity="0" sequenceCoverage="0" branchCoverage="0" isConstructor="false" isStatic="false" isGetter="false" isSetter="false">
              <Summary numSequencePoints="3" visitedSequencePoints="0" numBranchPoints="1" visitedBranchPoints="0" sequenceCoverage="0" branchCoverage="0" maxCyclomaticComplexity="1" minCyclomaticComplexity="1" visitedClasses="0" numClasses="0" visitedMethods="0" numMethods="1" />
              <MetadataToken>100663448</MetadataToken>
              <Name>System.Int32 TaskManagerAPI.Areas.HelpPage.InvalidSample::GetHashCode()</Name>
              <FileRef uid="28" />
              <SequencePoints>
                <SequencePoint vc="0" uspid="1077" ordinal="0" offset="0" sl="28" sc="9" el="28" ec="10" bec="0" bev="0" fileid="28" />
                <SequencePoint vc="0" uspid="1078" ordinal="1" offset="1" sl="29" sc="13" el="29" ec="47" bec="0" bev="0" fileid="28" />
                <SequencePoint vc="0" uspid="1079" ordinal="2" offset="15" sl="30" sc="9" el="30" ec="10" bec="0" bev="0" fileid="28" />
              </SequencePoints>
              <BranchPoints />
              <MethodPoint xsi:type="SequencePoint" vc="0" uspid="1077" ordinal="0" offset="0" sl="28" sc="9" el="28" ec="10" bec="0" bev="0" fileid="28" />
            </Method>
            <Method visited="false" cyclomaticComplexity="1" nPathComplexity="0" sequenceCoverage="0" branchCoverage="0" isConstructor="false" isStatic="false" isGetter="false" isSetter="false">
              <Summary numSequencePoints="3" visitedSequencePoints="0" numBranchPoints="1" visitedBranchPoints="0" sequenceCoverage="0" branchCoverage="0" maxCyclomaticComplexity="1" minCyclomaticComplexity="1" visitedClasses="0" numClasses="0" visitedMethods="0" numMethods="1" />
              <MetadataToken>100663449</MetadataToken>
              <Name>System.String TaskManagerAPI.Areas.HelpPage.InvalidSample::ToString()</Name>
              <FileRef uid="28" />
              <SequencePoints>
                <SequencePoint vc="0" uspid="1080" ordinal="0" offset="0" sl="33" sc="9" el="33" ec="10" bec="0" bev="0" fileid="28" />
                <SequencePoint vc="0" uspid="1081" ordinal="1" offset="1" sl="34" sc="13" el="34" ec="33" bec="0" bev="0" fileid="28" />
                <SequencePoint vc="0" uspid="1082" ordinal="2" offset="10" sl="35" sc="9" el="35" ec="10" bec="0" bev="0" fileid="28" />
              </SequencePoints>
              <BranchPoints />
              <MethodPoint xsi:type="SequencePoint" vc="0" uspid="1080" ordinal="0" offset="0" sl="33" sc="9" el="33" ec="10" bec="0" bev="0" fileid="28" />
            </Method>
          </Methods>
        </Class>
        <Class>
          <Summary numSequencePoints="265" visitedSequencePoints="0" numBranchPoints="102" visitedBranchPoints="0" sequenceCoverage="0" branchCoverage="0" maxCyclomaticComplexity="15" minCyclomaticComplexity="1" visitedClasses="0" numClasses="1" visitedMethods="0" numMethods="16" />
          <FullName>TaskManagerAPI.Areas.HelpPage.ObjectGenerator</FullName>
          <Methods>
            <Method visited="false" cyclomaticComplexity="1" nPathComplexity="0" sequenceCoverage="0" branchCoverage="0" isConstructor="false" isStatic="false" isGetter="false" isSetter="false">
              <Summary numSequencePoints="3" visitedSequencePoints="0" numBranchPoints="1" visitedBranchPoints="0" sequenceCoverage="0" branchCoverage="0" maxCyclomaticComplexity="1" minCyclomaticComplexity="1" visitedClasses="0" numClasses="0" visitedMethods="0" numMethods="1" />
              <MetadataToken>100663450</MetadataToken>
              <Name>System.Object TaskManagerAPI.Areas.HelpPage.ObjectGenerator::GenerateObject(System.Type)</Name>
              <FileRef uid="29" />
              <SequencePoints>
                <SequencePoint vc="0" uspid="1083" ordinal="0" offset="0" sl="34" sc="9" el="34" ec="10" bec="0" bev="0" fileid="29" />
                <SequencePoint vc="0" uspid="1084" ordinal="1" offset="1" sl="35" sc="13" el="35" ec="73" bec="0" bev="0" fileid="29" />
                <SequencePoint vc="0" uspid="1085" ordinal="2" offset="16" sl="36" sc="9" el="36" ec="10" bec="0" bev="0" fileid="29" />
              </SequencePoints>
              <BranchPoints />
              <MethodPoint xsi:type="SequencePoint" vc="0" uspid="1083" ordinal="0" offset="0" sl="34" sc="9" el="34" ec="10" bec="0" bev="0" fileid="29" />
            </Method>
            <Method visited="false" cyclomaticComplexity="14" nPathComplexity="2048" sequenceCoverage="0" branchCoverage="0" isConstructor="false" isStatic="false" isGetter="false" isSetter="false">
              <Summary numSequencePoints="38" visitedSequencePoints="0" numBranchPoints="23" visitedBranchPoints="0" sequenceCoverage="0" branchCoverage="0" maxCyclomaticComplexity="14" minCyclomaticComplexity="14" visitedClasses="0" numClasses="0" visitedMethods="0" numMethods="1" />
              <MetadataToken>100663451</MetadataToken>
              <Name>System.Object TaskManagerAPI.Areas.HelpPage.ObjectGenerator::GenerateObject(System.Type,System.Collections.Generic.Dictionary`2&lt;System.Type,System.Object&gt;)</Name>
              <FileRef uid="29" />
              <SequencePoints>
                <SequencePoint vc="0" uspid="1086" ordinal="0" offset="0" sl="40" sc="9" el="40" ec="10" bec="0" bev="0" fileid="29" />
                <SequencePoint vc="0" uspid="1087" ordinal="1" offset="1" sl="42" sc="13" el="42" ec="14" bec="0" bev="0" fileid="29" />
                <SequencePoint vc="0" uspid="1088" ordinal="2" offset="2" sl="43" sc="17" el="43" ec="71" bec="2" bev="0" fileid="29" />
                <SequencePoint vc="0" uspid="1089" ordinal="3" offset="12" sl="44" sc="17" el="44" ec="18" bec="0" bev="0" fileid="29" />
                <SequencePoint vc="0" uspid="1090" ordinal="4" offset="13" sl="45" sc="21" el="45" ec="71" bec="0" bev="0" fileid="29" />
                <SequencePoint vc="0" uspid="1091" ordinal="5" offset="31" sl="48" sc="17" el="48" ec="34" bec="2" bev="0" fileid="29" />
                <SequencePoint vc="0" uspid="1092" ordinal="6" offset="41" sl="49" sc="17" el="49" ec="18" bec="0" bev="0" fileid="29" />
                <SequencePoint vc="0" uspid="1093" ordinal="7" offset="42" sl="50" sc="21" el="50" ec="96" bec="0" bev="0" fileid="29" />
                <SequencePoint vc="0" uspid="1094" ordinal="8" offset="56" sl="53" sc="17" el="53" ec="40" bec="2" bev="0" fileid="29" />
                <SequencePoint vc="0" uspid="1095" ordinal="9" offset="66" sl="54" sc="17" el="54" ec="18" bec="0" bev="0" fileid="29" />
                <SequencePoint vc="0" uspid="1096" ordinal="10" offset="67" sl="55" sc="21" el="55" ec="102" bec="0" bev="0" fileid="29" />
                <SequencePoint vc="0" uspid="1097" ordinal="11" offset="81" sl="58" sc="17" el="58" ec="49" bec="2" bev="0" fileid="29" />
                <SequencePoint vc="0" uspid="1098" ordinal="12" offset="103" sl="59" sc="17" el="59" ec="18" bec="0" bev="0" fileid="29" />
                <SequencePoint vc="0" uspid="1099" ordinal="13" offset="104" sl="60" sc="21" el="60" ec="114" bec="0" bev="0" fileid="29" />
                <SequencePoint vc="0" uspid="1100" ordinal="14" offset="127" sl="63" sc="17" el="63" ec="64" bec="2" bev="0" fileid="29" />
                <SequencePoint vc="0" uspid="1101" ordinal="15" offset="149" sl="64" sc="17" el="64" ec="18" bec="0" bev="0" fileid="29" />
                <SequencePoint vc="0" uspid="1102" ordinal="16" offset="150" sl="65" sc="21" el="65" ec="101" bec="0" bev="0" fileid="29" />
                <SequencePoint vc="0" uspid="1103" ordinal="17" offset="164" sl="68" sc="17" el="70" ec="49" bec="2" bev="0" fileid="29" />
                <SequencePoint vc="0" uspid="1104" ordinal="18" offset="225" sl="71" sc="17" el="71" ec="18" bec="0" bev="0" fileid="29" />
                <SequencePoint vc="0" uspid="1105" ordinal="19" offset="226" sl="72" sc="21" el="72" ec="114" bec="0" bev="0" fileid="29" />
                <SequencePoint vc="0" uspid="1106" ordinal="20" offset="249" sl="75" sc="17" el="75" ec="58" bec="2" bev="0" fileid="29" />
                <SequencePoint vc="0" uspid="1107" ordinal="21" offset="271" sl="76" sc="17" el="76" ec="18" bec="0" bev="0" fileid="29" />
                <SequencePoint vc="0" uspid="1108" ordinal="22" offset="272" sl="77" sc="21" el="77" ec="101" bec="0" bev="0" fileid="29" />
                <SequencePoint vc="0" uspid="1109" ordinal="23" offset="283" sl="80" sc="17" el="80" ec="48" bec="2" bev="0" fileid="29" />
                <SequencePoint vc="0" uspid="1110" ordinal="24" offset="305" sl="81" sc="17" el="81" ec="18" bec="0" bev="0" fileid="29" />
                <SequencePoint vc="0" uspid="1111" ordinal="25" offset="306" sl="82" sc="21" el="82" ec="100" bec="0" bev="0" fileid="29" />
                <SequencePoint vc="0" uspid="1112" ordinal="26" offset="317" sl="85" sc="17" el="85" ec="33" bec="2" bev="0" fileid="29" />
                <SequencePoint vc="0" uspid="1113" ordinal="27" offset="329" sl="86" sc="17" el="86" ec="18" bec="0" bev="0" fileid="29" />
                <SequencePoint vc="0" uspid="1114" ordinal="28" offset="330" sl="87" sc="21" el="87" ec="47" bec="0" bev="0" fileid="29" />
                <SequencePoint vc="0" uspid="1115" ordinal="29" offset="339" sl="90" sc="17" el="90" ec="58" bec="4" bev="0" fileid="29" />
                <SequencePoint vc="0" uspid="1116" ordinal="30" offset="362" sl="91" sc="17" el="91" ec="18" bec="0" bev="0" fileid="29" />
                <SequencePoint vc="0" uspid="1117" ordinal="31" offset="363" sl="92" sc="21" el="92" ec="81" bec="0" bev="0" fileid="29" />
                <SequencePoint vc="0" uspid="1118" ordinal="32" offset="373" sl="94" sc="13" el="94" ec="14" bec="0" bev="0" fileid="29" />
                <SequencePoint vc="0" uspid="1119" ordinal="33" offset="376" sl="95" sc="13" el="95" ec="18" bec="0" bev="0" fileid="29" />
                <SequencePoint vc="0" uspid="1120" ordinal="34" offset="377" sl="96" sc="13" el="96" ec="14" bec="0" bev="0" fileid="29" />
                <SequencePoint vc="0" uspid="1121" ordinal="35" offset="378" sl="98" sc="17" el="98" ec="29" bec="0" bev="0" fileid="29" />
                <SequencePoint vc="0" uspid="1122" ordinal="36" offset="382" sl="101" sc="13" el="101" ec="25" bec="0" bev="0" fileid="29" />
                <SequencePoint vc="0" uspid="1123" ordinal="37" offset="386" sl="102" sc="9" el="102" ec="10" bec="0" bev="0" fileid="29" />
              </SequencePoints>
              <BranchPoints>
                <BranchPoint vc="0" uspid="1124" ordinal="0" offset="10" sl="43" path="0" offsetend="12" fileid="29" />
                <BranchPoint vc="0" uspid="1125" ordinal="1" offset="10" sl="43" path="1" offsetend="31" fileid="29" />
                <BranchPoint vc="0" uspid="1126" ordinal="2" offset="39" sl="48" path="0" offsetend="41" fileid="29" />
                <BranchPoint vc="0" uspid="1127" ordinal="3" offset="39" sl="48" path="1" offsetend="56" fileid="29" />
                <BranchPoint vc="0" uspid="1128" ordinal="4" offset="64" sl="53" path="0" offsetend="66" fileid="29" />
                <BranchPoint vc="0" uspid="1129" ordinal="5" offset="64" sl="53" path="1" offsetend="81" fileid="29" />
                <BranchPoint vc="0" uspid="1130" ordinal="6" offset="101" sl="58" path="0" offsetend="103" fileid="29" />
                <BranchPoint vc="0" uspid="1131" ordinal="7" offset="101" sl="58" path="1" offsetend="127" fileid="29" />
                <BranchPoint vc="0" uspid="1132" ordinal="8" offset="147" sl="63" path="0" offsetend="149" fileid="29" />
                <BranchPoint vc="0" uspid="1133" ordinal="9" offset="147" sl="63" path="1" offsetend="164" fileid="29" />
                <BranchPoint vc="0" uspid="1138" ordinal="14" offset="223" sl="68" path="0" offsetend="225" fileid="29" />
                <BranchPoint vc="0" uspid="1139" ordinal="15" offset="223" sl="68" path="1" offsetend="249" fileid="29" />
                <BranchPoint vc="0" uspid="1140" ordinal="16" offset="269" sl="75" path="0" offsetend="271" fileid="29" />
                <BranchPoint vc="0" uspid="1141" ordinal="17" offset="269" sl="75" path="1" offsetend="283" fileid="29" />
                <BranchPoint vc="0" uspid="1142" ordinal="18" offset="303" sl="80" path="0" offsetend="305" fileid="29" />
                <BranchPoint vc="0" uspid="1143" ordinal="19" offset="303" sl="80" path="1" offsetend="317" fileid="29" />
                <BranchPoint vc="0" uspid="1144" ordinal="20" offset="327" sl="85" path="0" offsetend="329" fileid="29" />
                <BranchPoint vc="0" uspid="1145" ordinal="21" offset="327" sl="85" path="1" offsetend="339" fileid="29" />
                <BranchPoint vc="0" uspid="1146" ordinal="22" offset="345" sl="90" path="0" offsetend="347" fileid="29" />
                <BranchPoint vc="0" uspid="1147" ordinal="23" offset="345" sl="90" path="1" offsetend="355" fileid="29" />
                <BranchPoint vc="0" uspid="1148" ordinal="24" offset="360" sl="90" path="0" offsetend="362" fileid="29" />
                <BranchPoint vc="0" uspid="1149" ordinal="25" offset="360" sl="90" path="1" offsetend="373" fileid="29" />
              </BranchPoints>
              <MethodPoint xsi:type="SequencePoint" vc="0" uspid="1086" ordinal="0" offset="0" sl="40" sc="9" el="40" ec="10" bec="0" bev="0" fileid="29" />
            </Method>
            <Method visited="false" cyclomaticComplexity="15" nPathComplexity="4096" sequenceCoverage="0" branchCoverage="0" isConstructor="false" isStatic="true" isGetter="false" isSetter="false">
              <Summary numSequencePoints="42" visitedSequencePoints="0" numBranchPoints="25" visitedBranchPoints="0" sequenceCoverage="0" branchCoverage="0" maxCyclomaticComplexity="15" minCyclomaticComplexity="15" visitedClasses="0" numClasses="0" visitedMethods="0" numMethods="1" />
              <MetadataToken>100663452</MetadataToken>
              <Name>System.Object TaskManagerAPI.Areas.HelpPage.ObjectGenerator::GenerateGenericType(System.Type,System.Int32,System.Collections.Generic.Dictionary`2&lt;System.Type,System.Object&gt;)</Name>
              <FileRef uid="29" />
              <SequencePoints>
                <SequencePoint vc="0" uspid="1150" ordinal="0" offset="0" sl="105" sc="9" el="105" ec="10" bec="0" bev="0" fileid="29" />
                <SequencePoint vc="0" uspid="1151" ordinal="1" offset="1" sl="106" sc="13" el="106" ec="74" bec="0" bev="0" fileid="29" />
                <SequencePoint vc="0" uspid="1152" ordinal="2" offset="8" sl="107" sc="13" el="107" ec="61" bec="2" bev="0" fileid="29" />
                <SequencePoint vc="0" uspid="1153" ordinal="3" offset="28" sl="108" sc="13" el="108" ec="14" bec="0" bev="0" fileid="29" />
                <SequencePoint vc="0" uspid="1154" ordinal="4" offset="29" sl="109" sc="17" el="109" ec="72" bec="0" bev="0" fileid="29" />
                <SequencePoint vc="0" uspid="1155" ordinal="5" offset="42" sl="112" sc="13" el="112" ec="66" bec="2" bev="0" fileid="29" />
                <SequencePoint vc="0" uspid="1156" ordinal="6" offset="64" sl="113" sc="13" el="113" ec="14" bec="0" bev="0" fileid="29" />
                <SequencePoint vc="0" uspid="1157" ordinal="7" offset="65" sl="114" sc="17" el="114" ec="76" bec="0" bev="0" fileid="29" />
                <SequencePoint vc="0" uspid="1158" ordinal="8" offset="78" sl="117" sc="13" el="117" ec="48" bec="2" bev="0" fileid="29" />
                <SequencePoint vc="0" uspid="1159" ordinal="9" offset="90" sl="118" sc="13" el="118" ec="14" bec="0" bev="0" fileid="29" />
                <SequencePoint vc="0" uspid="1160" ordinal="10" offset="91" sl="119" sc="17" el="119" ec="69" bec="0" bev="0" fileid="29" />
                <SequencePoint vc="0" uspid="1161" ordinal="11" offset="104" sl="122" sc="13" el="122" ec="66" bec="0" bev="0" fileid="29" />
                <SequencePoint vc="0" uspid="1162" ordinal="12" offset="111" sl="123" sc="13" el="123" ec="46" bec="2" bev="0" fileid="29" />
                <SequencePoint vc="0" uspid="1163" ordinal="13" offset="126" sl="124" sc="13" el="124" ec="14" bec="0" bev="0" fileid="29" />
                <SequencePoint vc="0" uspid="1164" ordinal="14" offset="127" sl="125" sc="17" el="127" ec="68" bec="2" bev="0" fileid="29" />
                <SequencePoint vc="0" uspid="1165" ordinal="15" offset="188" sl="128" sc="17" el="128" ec="18" bec="0" bev="0" fileid="29" />
                <SequencePoint vc="0" uspid="1166" ordinal="16" offset="189" sl="129" sc="21" el="129" ec="92" bec="0" bev="0" fileid="29" />
                <SequencePoint vc="0" uspid="1167" ordinal="17" offset="207" sl="130" sc="21" el="130" ec="104" bec="0" bev="0" fileid="29" />
                <SequencePoint vc="0" uspid="1168" ordinal="18" offset="222" sl="133" sc="17" el="133" ec="67" bec="2" bev="0" fileid="29" />
                <SequencePoint vc="0" uspid="1169" ordinal="19" offset="244" sl="134" sc="17" el="134" ec="18" bec="0" bev="0" fileid="29" />
                <SequencePoint vc="0" uspid="1170" ordinal="20" offset="245" sl="135" sc="21" el="135" ec="93" bec="0" bev="0" fileid="29" />
                <SequencePoint vc="0" uspid="1171" ordinal="21" offset="259" sl="138" sc="17" el="138" ec="104" bec="0" bev="0" fileid="29" />
                <SequencePoint vc="0" uspid="1172" ordinal="22" offset="288" sl="139" sc="17" el="139" ec="65" bec="2" bev="0" fileid="29" />
                <SequencePoint vc="0" uspid="1173" ordinal="23" offset="302" sl="140" sc="17" el="140" ec="18" bec="0" bev="0" fileid="29" />
                <SequencePoint vc="0" uspid="1174" ordinal="24" offset="303" sl="141" sc="21" el="141" ec="94" bec="0" bev="0" fileid="29" />
                <SequencePoint vc="0" uspid="1175" ordinal="25" offset="317" sl="143" sc="13" el="143" ec="14" bec="0" bev="0" fileid="29" />
                <SequencePoint vc="0" uspid="1176" ordinal="26" offset="318" sl="145" sc="13" el="145" ec="46" bec="2" bev="0" fileid="29" />
                <SequencePoint vc="0" uspid="1177" ordinal="27" offset="330" sl="146" sc="13" el="146" ec="14" bec="0" bev="0" fileid="29" />
                <SequencePoint vc="0" uspid="1178" ordinal="28" offset="331" sl="147" sc="17" el="147" ec="69" bec="2" bev="0" fileid="29" />
                <SequencePoint vc="0" uspid="1179" ordinal="29" offset="353" sl="148" sc="17" el="148" ec="18" bec="0" bev="0" fileid="29" />
                <SequencePoint vc="0" uspid="1180" ordinal="30" offset="354" sl="149" sc="21" el="149" ec="99" bec="0" bev="0" fileid="29" />
                <SequencePoint vc="0" uspid="1181" ordinal="31" offset="372" sl="150" sc="21" el="150" ec="104" bec="0" bev="0" fileid="29" />
                <SequencePoint vc="0" uspid="1182" ordinal="32" offset="384" sl="153" sc="17" el="153" ec="126" bec="0" bev="0" fileid="29" />
                <SequencePoint vc="0" uspid="1183" ordinal="33" offset="419" sl="154" sc="17" el="154" ec="65" bec="2" bev="0" fileid="29" />
                <SequencePoint vc="0" uspid="1184" ordinal="34" offset="433" sl="155" sc="17" el="155" ec="18" bec="0" bev="0" fileid="29" />
                <SequencePoint vc="0" uspid="1185" ordinal="35" offset="434" sl="156" sc="21" el="156" ec="94" bec="0" bev="0" fileid="29" />
                <SequencePoint vc="0" uspid="1186" ordinal="36" offset="445" sl="158" sc="13" el="158" ec="14" bec="0" bev="0" fileid="29" />
                <SequencePoint vc="0" uspid="1187" ordinal="37" offset="446" sl="160" sc="13" el="160" ec="54" bec="4" bev="0" fileid="29" />
                <SequencePoint vc="0" uspid="1188" ordinal="38" offset="469" sl="161" sc="13" el="161" ec="14" bec="0" bev="0" fileid="29" />
                <SequencePoint vc="0" uspid="1189" ordinal="39" offset="470" sl="162" sc="17" el="162" ec="77" bec="0" bev="0" fileid="29" />
                <SequencePoint vc="0" uspid="1190" ordinal="40" offset="480" sl="165" sc="13" el="165" ec="25" bec="0" bev="0" fileid="29" />
                <SequencePoint vc="0" uspid="1191" ordinal="41" offset="484" sl="166" sc="9" el="166" ec="10" bec="0" bev="0" fileid="29" />
              </SequencePoints>
              <BranchPoints>
                <BranchPoint vc="0" uspid="1192" ordinal="0" offset="26" sl="107" path="0" offsetend="28" fileid="29" />
                <BranchPoint vc="0" uspid="1193" ordinal="1" offset="26" sl="107" path="1" offsetend="42" fileid="29" />
                <BranchPoint vc="0" uspid="1194" ordinal="2" offset="62" sl="112" path="0" offsetend="64" fileid="29" />
                <BranchPoint vc="0" uspid="1195" ordinal="3" offset="62" sl="112" path="1" offsetend="78" fileid="29" />
                <BranchPoint vc="0" uspid="1196" ordinal="4" offset="88" sl="117" path="0" offsetend="90" fileid="29" />
                <BranchPoint vc="0" uspid="1197" ordinal="5" offset="88" sl="117" path="1" offsetend="104" fileid="29" />
                <BranchPoint vc="0" uspid="1198" ordinal="6" offset="121" sl="123" path="0" offsetend="126" fileid="29" />
                <BranchPoint vc="0" uspid="1199" ordinal="7" offset="121" sl="123" path="1" offsetend="318" fileid="29" />
                <BranchPoint vc="0" uspid="1204" ordinal="12" offset="186" sl="125" path="0" offsetend="188" fileid="29" />
                <BranchPoint vc="0" uspid="1205" ordinal="13" offset="186" sl="125" path="1" offsetend="222" fileid="29" />
                <BranchPoint vc="0" uspid="1206" ordinal="14" offset="242" sl="133" path="0" offsetend="244" fileid="29" />
                <BranchPoint vc="0" uspid="1207" ordinal="15" offset="242" sl="133" path="1" offsetend="259" fileid="29" />
                <BranchPoint vc="0" uspid="1208" ordinal="16" offset="300" sl="139" path="0" offsetend="302" fileid="29" />
                <BranchPoint vc="0" uspid="1209" ordinal="17" offset="300" sl="139" path="1" offsetend="317" fileid="29" />
                <BranchPoint vc="0" uspid="1210" ordinal="18" offset="328" sl="145" path="0" offsetend="330" fileid="29" />
                <BranchPoint vc="0" uspid="1211" ordinal="19" offset="328" sl="145" path="1" offsetend="446" fileid="29" />
                <BranchPoint vc="0" uspid="1212" ordinal="20" offset="351" sl="147" path="0" offsetend="353" fileid="29" />
                <BranchPoint vc="0" uspid="1213" ordinal="21" offset="351" sl="147" path="1" offsetend="384" fileid="29" />
                <BranchPoint vc="0" uspid="1214" ordinal="22" offset="431" sl="154" path="0" offsetend="433" fileid="29" />
                <BranchPoint vc="0" uspid="1215" ordinal="23" offset="431" sl="154" path="1" offsetend="445" fileid="29" />
                <BranchPoint vc="0" uspid="1216" ordinal="24" offset="452" sl="160" path="0" offsetend="454" fileid="29" />
                <BranchPoint vc="0" uspid="1217" ordinal="25" offset="452" sl="160" path="1" offsetend="462" fileid="29" />
                <BranchPoint vc="0" uspid="1218" ordinal="26" offset="467" sl="160" path="0" offsetend="469" fileid="29" />
                <BranchPoint vc="0" uspid="1219" ordinal="27" offset="467" sl="160" path="1" offsetend="480" fileid="29" />
              </BranchPoints>
              <MethodPoint xsi:type="SequencePoint" vc="0" uspid="1150" ordinal="0" offset="0" sl="105" sc="9" el="105" ec="10" bec="0" bev="0" fileid="29" />
            </Method>
            <Method visited="false" cyclomaticComplexity="3" nPathComplexity="4" sequenceCoverage="0" branchCoverage="0" isConstructor="false" isStatic="true" isGetter="false" isSetter="false">
              <Summary numSequencePoints="18" visitedSequencePoints="0" numBranchPoints="5" visitedBranchPoints="0" sequenceCoverage="0" branchCoverage="0" maxCyclomaticComplexity="3" minCyclomaticComplexity="3" visitedClasses="0" numClasses="0" visitedMethods="0" numMethods="1" />
              <MetadataToken>100663453</MetadataToken>
              <Name>System.Object TaskManagerAPI.Areas.HelpPage.ObjectGenerator::GenerateTuple(System.Type,System.Collections.Generic.Dictionary`2&lt;System.Type,System.Object&gt;)</Name>
              <FileRef uid="29" />
              <SequencePoints>
                <SequencePoint vc="0" uspid="1220" ordinal="0" offset="0" sl="169" sc="9" el="169" ec="10" bec="0" bev="0" fileid="29" />
                <SequencePoint vc="0" uspid="1221" ordinal="1" offset="1" sl="170" sc="13" el="170" ec="61" bec="0" bev="0" fileid="29" />
                <SequencePoint vc="0" uspid="1222" ordinal="2" offset="8" sl="171" sc="13" el="171" ec="71" bec="0" bev="0" fileid="29" />
                <SequencePoint vc="0" uspid="1223" ordinal="3" offset="17" sl="172" sc="13" el="172" ec="45" bec="0" bev="0" fileid="29" />
                <SequencePoint vc="0" uspid="1224" ordinal="4" offset="19" sl="173" sc="13" el="173" ec="69" bec="0" bev="0" fileid="29" />
                <SequencePoint vc="0" uspid="1225" ordinal="5" offset="25" sl="174" sc="18" el="174" ec="27" bec="0" bev="0" fileid="29" />
                <SequencePoint vc="0" uspid="1226" ordinal="6" offset="30" sl="175" sc="13" el="175" ec="14" bec="0" bev="0" fileid="29" />
                <SequencePoint vc="0" uspid="1227" ordinal="7" offset="31" sl="176" sc="17" el="176" ec="110" bec="0" bev="0" fileid="29" />
                <SequencePoint vc="0" uspid="1228" ordinal="8" offset="46" sl="177" sc="17" el="177" ec="67" bec="0" bev="0" fileid="29" />
                <SequencePoint vc="0" uspid="1229" ordinal="9" offset="56" sl="178" sc="13" el="178" ec="14" bec="0" bev="0" fileid="29" />
                <SequencePoint vc="0" uspid="1230" ordinal="10" offset="57" sl="174" sc="53" el="174" ec="56" bec="0" bev="0" fileid="29" />
                <SequencePoint vc="0" uspid="1231" ordinal="11" offset="63" sl="174" sc="29" el="174" ec="51" bec="2" bev="0" fileid="29" />
                <SequencePoint vc="0" uspid="1232" ordinal="12" offset="76" sl="179" sc="13" el="179" ec="37" bec="2" bev="0" fileid="29" />
                <SequencePoint vc="0" uspid="1233" ordinal="13" offset="83" sl="180" sc="13" el="180" ec="14" bec="0" bev="0" fileid="29" />
                <SequencePoint vc="0" uspid="1234" ordinal="14" offset="84" sl="181" sc="17" el="181" ec="29" bec="0" bev="0" fileid="29" />
                <SequencePoint vc="0" uspid="1235" ordinal="15" offset="89" sl="183" sc="13" el="183" ec="77" bec="0" bev="0" fileid="29" />
                <SequencePoint vc="0" uspid="1236" ordinal="16" offset="98" sl="184" sc="13" el="184" ec="27" bec="0" bev="0" fileid="29" />
                <SequencePoint vc="0" uspid="1237" ordinal="17" offset="104" sl="185" sc="9" el="185" ec="10" bec="0" bev="0" fileid="29" />
              </SequencePoints>
              <BranchPoints>
                <BranchPoint vc="0" uspid="1238" ordinal="0" offset="74" sl="174" path="0" offsetend="76" fileid="29" />
                <BranchPoint vc="0" uspid="1239" ordinal="1" offset="74" sl="174" path="1" offsetend="30" fileid="29" />
                <BranchPoint vc="0" uspid="1240" ordinal="2" offset="81" sl="179" path="0" offsetend="83" fileid="29" />
                <BranchPoint vc="0" uspid="1241" ordinal="3" offset="81" sl="179" path="1" offsetend="89" fileid="29" />
              </BranchPoints>
              <MethodPoint xsi:type="SequencePoint" vc="0" uspid="1220" ordinal="0" offset="0" sl="169" sc="9" el="169" ec="10" bec="0" bev="0" fileid="29" />
            </Method>
            <Method visited="false" cyclomaticComplexity="8" nPathComplexity="0" sequenceCoverage="0" branchCoverage="0" isConstructor="false" isStatic="true" isGetter="false" isSetter="false">
              <Summary numSequencePoints="3" visitedSequencePoints="0" numBranchPoints="1" visitedBranchPoints="0" sequenceCoverage="0" branchCoverage="0" maxCyclomaticComplexity="8" minCyclomaticComplexity="8" visitedClasses="0" numClasses="0" visitedMethods="0" numMethods="1" />
              <MetadataToken>100663454</MetadataToken>
              <Name>System.Boolean TaskManagerAPI.Areas.HelpPage.ObjectGenerator::IsTuple(System.Type)</Name>
              <FileRef uid="29" />
              <SequencePoints>
                <SequencePoint vc="0" uspid="1242" ordinal="0" offset="0" sl="188" sc="9" el="188" ec="10" bec="0" bev="0" fileid="29" />
                <SequencePoint vc="0" uspid="1243" ordinal="1" offset="1" sl="189" sc="13" el="196" ec="65" bec="0" bev="0" fileid="29" />
                <SequencePoint vc="0" uspid="1244" ordinal="2" offset="149" sl="197" sc="9" el="197" ec="10" bec="0" bev="0" fileid="29" />
              </SequencePoints>
              <BranchPoints />
              <MethodPoint xsi:type="SequencePoint" vc="0" uspid="1242" ordinal="0" offset="0" sl="188" sc="9" el="188" ec="10" bec="0" bev="0" fileid="29" />
            </Method>
            <Method visited="false" cyclomaticComplexity="3" nPathComplexity="2" sequenceCoverage="0" branchCoverage="0" isConstructor="false" isStatic="true" isGetter="false" isSetter="false">
              <Summary numSequencePoints="13" visitedSequencePoints="0" numBranchPoints="3" visitedBranchPoints="0" sequenceCoverage="0" branchCoverage="0" maxCyclomaticComplexity="3" minCyclomaticComplexity="3" visitedClasses="0" numClasses="0" visitedMethods="0" numMethods="1" />
              <MetadataToken>100663455</MetadataToken>
              <Name>System.Object TaskManagerAPI.Areas.HelpPage.ObjectGenerator::GenerateKeyValuePair(System.Type,System.Collections.Generic.Dictionary`2&lt;System.Type,System.Object&gt;)</Name>
              <FileRef uid="29" />
              <SequencePoints>
                <SequencePoint vc="0" uspid="1259" ordinal="0" offset="0" sl="200" sc="9" el="200" ec="10" bec="0" bev="0" fileid="29" />
                <SequencePoint vc="0" uspid="1260" ordinal="1" offset="1" sl="201" sc="13" el="201" ec="73" bec="0" bev="0" fileid="29" />
                <SequencePoint vc="0" uspid="1261" ordinal="2" offset="8" sl="202" sc="13" el="202" ec="41" bec="0" bev="0" fileid="29" />
                <SequencePoint vc="0" uspid="1262" ordinal="3" offset="12" sl="203" sc="13" el="203" ec="41" bec="0" bev="0" fileid="29" />
                <SequencePoint vc="0" uspid="1263" ordinal="4" offset="16" sl="204" sc="13" el="204" ec="69" bec="0" bev="0" fileid="29" />
                <SequencePoint vc="0" uspid="1264" ordinal="5" offset="22" sl="205" sc="13" el="205" ec="95" bec="0" bev="0" fileid="29" />
                <SequencePoint vc="0" uspid="1265" ordinal="6" offset="32" sl="206" sc="13" el="206" ec="97" bec="0" bev="0" fileid="29" />
                <SequencePoint vc="0" uspid="1266" ordinal="7" offset="42" sl="207" sc="13" el="207" ec="58" bec="2" bev="0" fileid="29" />
                <SequencePoint vc="0" uspid="1267" ordinal="8" offset="60" sl="208" sc="13" el="208" ec="14" bec="0" bev="0" fileid="29" />
                <SequencePoint vc="0" uspid="1268" ordinal="9" offset="61" sl="210" sc="17" el="210" ec="29" bec="0" bev="0" fileid="29" />
                <SequencePoint vc="0" uspid="1269" ordinal="10" offset="66" sl="212" sc="13" el="212" ec="96" bec="0" bev="0" fileid="29" />
                <SequencePoint vc="0" uspid="1270" ordinal="11" offset="90" sl="213" sc="13" el="213" ec="27" bec="0" bev="0" fileid="29" />
                <SequencePoint vc="0" uspid="1271" ordinal="12" offset="96" sl="214" sc="9" el="214" ec="10" bec="0" bev="0" fileid="29" />
              </SequencePoints>
              <BranchPoints>
                <BranchPoint vc="0" uspid="1274" ordinal="2" offset="58" sl="207" path="0" offsetend="60" fileid="29" />
                <BranchPoint vc="0" uspid="1275" ordinal="3" offset="58" sl="207" path="1" offsetend="66" fileid="29" />
              </BranchPoints>
              <MethodPoint xsi:type="SequencePoint" vc="0" uspid="1259" ordinal="0" offset="0" sl="200" sc="9" el="200" ec="10" bec="0" bev="0" fileid="29" />
            </Method>
            <Method visited="false" cyclomaticComplexity="3" nPathComplexity="4" sequenceCoverage="0" branchCoverage="0" isConstructor="false" isStatic="true" isGetter="false" isSetter="false">
              <Summary numSequencePoints="18" visitedSequencePoints="0" numBranchPoints="5" visitedBranchPoints="0" sequenceCoverage="0" branchCoverage="0" maxCyclomaticComplexity="3" minCyclomaticComplexity="3" visitedClasses="0" numClasses="0" visitedMethods="0" numMethods="1" />
              <MetadataToken>100663456</MetadataToken>
              <Name>System.Object TaskManagerAPI.Areas.HelpPage.ObjectGenerator::GenerateArray(System.Type,System.Int32,System.Collections.Generic.Dictionary`2&lt;System.Type,System.Object&gt;)</Name>
              <FileRef uid="29" />
              <SequencePoints>
                <SequencePoint vc="0" uspid="1276" ordinal="0" offset="0" sl="217" sc="9" el="217" ec="10" bec="0" bev="0" fileid="29" />
                <SequencePoint vc="0" uspid="1277" ordinal="1" offset="1" sl="218" sc="13" el="218" ec="52" bec="0" bev="0" fileid="29" />
                <SequencePoint vc="0" uspid="1278" ordinal="2" offset="8" sl="219" sc="13" el="219" ec="61" bec="0" bev="0" fileid="29" />
                <SequencePoint vc="0" uspid="1279" ordinal="3" offset="16" sl="220" sc="13" el="220" ec="44" bec="0" bev="0" fileid="29" />
                <SequencePoint vc="0" uspid="1280" ordinal="4" offset="18" sl="221" sc="13" el="221" ec="69" bec="0" bev="0" fileid="29" />
                <SequencePoint vc="0" uspid="1281" ordinal="5" offset="24" sl="222" sc="18" el="222" ec="27" bec="0" bev="0" fileid="29" />
                <SequencePoint vc="0" uspid="1282" ordinal="6" offset="29" sl="223" sc="13" el="223" ec="14" bec="0" bev="0" fileid="29" />
                <SequencePoint vc="0" uspid="1283" ordinal="7" offset="30" sl="224" sc="17" el="224" ec="96" bec="0" bev="0" fileid="29" />
                <SequencePoint vc="0" uspid="1284" ordinal="8" offset="40" sl="225" sc="17" el="225" ec="45" bec="0" bev="0" fileid="29" />
                <SequencePoint vc="0" uspid="1285" ordinal="9" offset="51" sl="226" sc="17" el="226" ec="55" bec="0" bev="0" fileid="29" />
                <SequencePoint vc="0" uspid="1286" ordinal="10" offset="59" sl="227" sc="13" el="227" ec="14" bec="0" bev="0" fileid="29" />
                <SequencePoint vc="0" uspid="1287" ordinal="11" offset="60" sl="222" sc="39" el="222" ec="42" bec="0" bev="0" fileid="29" />
                <SequencePoint vc="0" uspid="1288" ordinal="12" offset="66" sl="222" sc="29" el="222" ec="37" bec="2" bev="0" fileid="29" />
                <SequencePoint vc="0" uspid="1289" ordinal="13" offset="77" sl="229" sc="13" el="229" ec="36" bec="2" bev="0" fileid="29" />
                <SequencePoint vc="0" uspid="1290" ordinal="14" offset="84" sl="230" sc="13" el="230" ec="14" bec="0" bev="0" fileid="29" />
                <SequencePoint vc="0" uspid="1291" ordinal="15" offset="85" sl="231" sc="17" el="231" ec="29" bec="0" bev="0" fileid="29" />
                <SequencePoint vc="0" uspid="1292" ordinal="16" offset="90" sl="234" sc="13" el="234" ec="27" bec="0" bev="0" fileid="29" />
                <SequencePoint vc="0" uspid="1293" ordinal="17" offset="95" sl="235" sc="9" el="235" ec="10" bec="0" bev="0" fileid="29" />
              </SequencePoints>
              <BranchPoints>
                <BranchPoint vc="0" uspid="1294" ordinal="0" offset="75" sl="222" path="0" offsetend="77" fileid="29" />
                <BranchPoint vc="0" uspid="1295" ordinal="1" offset="75" sl="222" path="1" offsetend="29" fileid="29" />
                <BranchPoint vc="0" uspid="1296" ordinal="2" offset="82" sl="229" path="0" offsetend="84" fileid="29" />
                <BranchPoint vc="0" uspid="1297" ordinal="3" offset="82" sl="229" path="1" offsetend="90" fileid="29" />
              </BranchPoints>
              <MethodPoint xsi:type="SequencePoint" vc="0" uspid="1276" ordinal="0" offset="0" sl="217" sc="9" el="217" ec="10" bec="0" bev="0" fileid="29" />
            </Method>
            <Method visited="false" cyclomaticComplexity="7" nPathComplexity="16" sequenceCoverage="0" branchCoverage="0" isConstructor="false" isStatic="true" isGetter="false" isSetter="false">
              <Summary numSequencePoints="30" visitedSequencePoints="0" numBranchPoints="9" visitedBranchPoints="0" sequenceCoverage="0" branchCoverage="0" maxCyclomaticComplexity="7" minCyclomaticComplexity="7" visitedClasses="0" numClasses="0" visitedMethods="0" numMethods="1" />
              <MetadataToken>100663457</MetadataToken>
              <Name>System.Object TaskManagerAPI.Areas.HelpPage.ObjectGenerator::GenerateDictionary(System.Type,System.Int32,System.Collections.Generic.Dictionary`2&lt;System.Type,System.Object&gt;)</Name>
              <FileRef uid="29" />
              <SequencePoints>
                <SequencePoint vc="0" uspid="1298" ordinal="0" offset="0" sl="238" sc="9" el="238" ec="10" bec="0" bev="0" fileid="29" />
                <SequencePoint vc="0" uspid="1299" ordinal="1" offset="1" sl="239" sc="13" el="239" ec="41" bec="0" bev="0" fileid="29" />
                <SequencePoint vc="0" uspid="1300" ordinal="2" offset="12" sl="240" sc="13" el="240" ec="41" bec="0" bev="0" fileid="29" />
                <SequencePoint vc="0" uspid="1301" ordinal="3" offset="23" sl="241" sc="13" el="241" ec="46" bec="2" bev="0" fileid="29" />
                <SequencePoint vc="0" uspid="1302" ordinal="4" offset="35" sl="242" sc="13" el="242" ec="14" bec="0" bev="0" fileid="29" />
                <SequencePoint vc="0" uspid="1303" ordinal="5" offset="36" sl="243" sc="17" el="243" ec="75" bec="0" bev="0" fileid="29" />
                <SequencePoint vc="0" uspid="1304" ordinal="6" offset="44" sl="244" sc="17" el="244" ec="40" bec="0" bev="0" fileid="29" />
                <SequencePoint vc="0" uspid="1305" ordinal="7" offset="49" sl="245" sc="17" el="245" ec="40" bec="0" bev="0" fileid="29" />
                <SequencePoint vc="0" uspid="1306" ordinal="8" offset="54" sl="246" sc="13" el="246" ec="14" bec="0" bev="0" fileid="29" />
                <SequencePoint vc="0" uspid="1307" ordinal="9" offset="55" sl="248" sc="13" el="248" ec="70" bec="0" bev="0" fileid="29" />
                <SequencePoint vc="0" uspid="1308" ordinal="10" offset="62" sl="249" sc="13" el="249" ec="106" bec="0" bev="0" fileid="29" />
                <SequencePoint vc="0" uspid="1309" ordinal="11" offset="89" sl="250" sc="13" el="250" ec="121" bec="0" bev="0" fileid="29" />
                <SequencePoint vc="0" uspid="1310" ordinal="12" offset="117" sl="251" sc="13" el="251" ec="69" bec="0" bev="0" fileid="29" />
                <SequencePoint vc="0" uspid="1311" ordinal="13" offset="124" sl="252" sc="18" el="252" ec="27" bec="0" bev="0" fileid="29" />
                <SequencePoint vc="0" uspid="1312" ordinal="14" offset="129" sl="253" sc="13" el="253" ec="14" bec="0" bev="0" fileid="29" />
                <SequencePoint vc="0" uspid="1313" ordinal="15" offset="130" sl="254" sc="17" el="254" ec="96" bec="0" bev="0" fileid="29" />
                <SequencePoint vc="0" uspid="1314" ordinal="16" offset="141" sl="255" sc="17" el="255" ec="36" bec="2" bev="0" fileid="29" />
                <SequencePoint vc="0" uspid="1315" ordinal="17" offset="152" sl="256" sc="17" el="256" ec="18" bec="0" bev="0" fileid="29" />
                <SequencePoint vc="0" uspid="1316" ordinal="18" offset="153" sl="258" sc="21" el="258" ec="33" bec="0" bev="0" fileid="29" />
                <SequencePoint vc="0" uspid="1317" ordinal="19" offset="158" sl="261" sc="17" el="261" ec="97" bec="0" bev="0" fileid="29" />
                <SequencePoint vc="0" uspid="1318" ordinal="20" offset="184" sl="262" sc="17" el="262" ec="34" bec="2" bev="0" fileid="29" />
                <SequencePoint vc="0" uspid="1319" ordinal="21" offset="195" sl="263" sc="17" el="263" ec="18" bec="0" bev="0" fileid="29" />
                <SequencePoint vc="0" uspid="1320" ordinal="22" offset="196" sl="264" sc="21" el="264" ec="102" bec="0" bev="0" fileid="29" />
                <SequencePoint vc="0" uspid="1321" ordinal="23" offset="207" sl="265" sc="21" el="265" ec="81" bec="0" bev="0" fileid="29" />
                <SequencePoint vc="0" uspid="1322" ordinal="24" offset="231" sl="266" sc="17" el="266" ec="18" bec="0" bev="0" fileid="29" />
                <SequencePoint vc="0" uspid="1323" ordinal="25" offset="232" sl="267" sc="13" el="267" ec="14" bec="0" bev="0" fileid="29" />
                <SequencePoint vc="0" uspid="1324" ordinal="26" offset="233" sl="252" sc="39" el="252" ec="42" bec="0" bev="0" fileid="29" />
                <SequencePoint vc="0" uspid="1325" ordinal="27" offset="239" sl="252" sc="29" el="252" ec="37" bec="2" bev="0" fileid="29" />
                <SequencePoint vc="0" uspid="1326" ordinal="28" offset="250" sl="269" sc="13" el="269" ec="27" bec="0" bev="0" fileid="29" />
                <SequencePoint vc="0" uspid="1327" ordinal="29" offset="255" sl="270" sc="9" el="270" ec="10" bec="0" bev="0" fileid="29" />
              </SequencePoints>
              <BranchPoints>
                <BranchPoint vc="0" uspid="1328" ordinal="0" offset="33" sl="241" path="0" offsetend="35" fileid="29" />
                <BranchPoint vc="0" uspid="1329" ordinal="1" offset="33" sl="241" path="1" offsetend="55" fileid="29" />
                <BranchPoint vc="0" uspid="1334" ordinal="6" offset="150" sl="255" path="0" offsetend="152" fileid="29" />
                <BranchPoint vc="0" uspid="1335" ordinal="7" offset="150" sl="255" path="1" offsetend="158" fileid="29" />
                <BranchPoint vc="0" uspid="1336" ordinal="8" offset="193" sl="262" path="0" offsetend="195" fileid="29" />
                <BranchPoint vc="0" uspid="1337" ordinal="9" offset="193" sl="262" path="1" offsetend="232" fileid="29" />
                <BranchPoint vc="0" uspid="1338" ordinal="10" offset="248" sl="252" path="0" offsetend="250" fileid="29" />
                <BranchPoint vc="0" uspid="1339" ordinal="11" offset="248" sl="252" path="1" offsetend="129" fileid="29" />
              </BranchPoints>
              <MethodPoint xsi:type="SequencePoint" vc="0" uspid="1298" ordinal="0" offset="0" sl="238" sc="9" el="238" ec="10" bec="0" bev="0" fileid="29" />
            </Method>
            <Method visited="false" cyclomaticComplexity="2" nPathComplexity="2" sequenceCoverage="0" branchCoverage="0" isConstructor="false" isStatic="true" isGetter="false" isSetter="false">
              <Summary numSequencePoints="7" visitedSequencePoints="0" numBranchPoints="3" visitedBranchPoints="0" sequenceCoverage="0" branchCoverage="0" maxCyclomaticComplexity="2" minCyclomaticComplexity="2" visitedClasses="0" numClasses="0" visitedMethods="0" numMethods="1" />
              <MetadataToken>100663458</MetadataToken>
              <Name>System.Object TaskManagerAPI.Areas.HelpPage.ObjectGenerator::GenerateEnum(System.Type)</Name>
              <FileRef uid="29" />
              <SequencePoints>
                <SequencePoint vc="0" uspid="1340" ordinal="0" offset="0" sl="273" sc="9" el="273" ec="10" bec="0" bev="0" fileid="29" />
                <SequencePoint vc="0" uspid="1341" ordinal="1" offset="1" sl="274" sc="13" el="274" ec="61" bec="0" bev="0" fileid="29" />
                <SequencePoint vc="0" uspid="1342" ordinal="2" offset="8" sl="275" sc="13" el="275" ec="43" bec="2" bev="0" fileid="29" />
                <SequencePoint vc="0" uspid="1343" ordinal="3" offset="21" sl="276" sc="13" el="276" ec="14" bec="0" bev="0" fileid="29" />
                <SequencePoint vc="0" uspid="1344" ordinal="4" offset="22" sl="277" sc="17" el="277" ec="51" bec="0" bev="0" fileid="29" />
                <SequencePoint vc="0" uspid="1345" ordinal="5" offset="32" sl="279" sc="13" el="279" ec="25" bec="0" bev="0" fileid="29" />
                <SequencePoint vc="0" uspid="1346" ordinal="6" offset="36" sl="280" sc="9" el="280" ec="10" bec="0" bev="0" fileid="29" />
              </SequencePoints>
              <BranchPoints>
                <BranchPoint vc="0" uspid="1347" ordinal="0" offset="19" sl="275" path="0" offsetend="21" fileid="29" />
                <BranchPoint vc="0" uspid="1348" ordinal="1" offset="19" sl="275" path="1" offsetend="32" fileid="29" />
              </BranchPoints>
              <MethodPoint xsi:type="SequencePoint" vc="0" uspid="1340" ordinal="0" offset="0" sl="273" sc="9" el="273" ec="10" bec="0" bev="0" fileid="29" />
            </Method>
            <Method visited="false" cyclomaticComplexity="4" nPathComplexity="8" sequenceCoverage="0" branchCoverage="0" isConstructor="false" isStatic="true" isGetter="false" isSetter="false">
              <Summary numSequencePoints="20" visitedSequencePoints="0" numBranchPoints="7" visitedBranchPoints="0" sequenceCoverage="0" branchCoverage="0" maxCyclomaticComplexity="4" minCyclomaticComplexity="4" visitedClasses="0" numClasses="0" visitedMethods="0" numMethods="1" />
              <MetadataToken>100663459</MetadataToken>
              <Name>System.Object TaskManagerAPI.Areas.HelpPage.ObjectGenerator::GenerateQueryable(System.Type,System.Int32,System.Collections.Generic.Dictionary`2&lt;System.Type,System.Object&gt;)</Name>
              <FileRef uid="29" />
              <SequencePoints>
                <SequencePoint vc="0" uspid="1349" ordinal="0" offset="0" sl="283" sc="9" el="283" ec="10" bec="0" bev="0" fileid="29" />
                <SequencePoint vc="0" uspid="1350" ordinal="1" offset="1" sl="284" sc="13" el="284" ec="58" bec="0" bev="0" fileid="29" />
                <SequencePoint vc="0" uspid="1351" ordinal="2" offset="8" sl="286" sc="13" el="286" ec="27" bec="2" bev="0" fileid="29" />
                <SequencePoint vc="0" uspid="1352" ordinal="3" offset="13" sl="287" sc="13" el="287" ec="14" bec="0" bev="0" fileid="29" />
                <SequencePoint vc="0" uspid="1353" ordinal="4" offset="14" sl="288" sc="17" el="288" ec="101" bec="0" bev="0" fileid="29" />
                <SequencePoint vc="0" uspid="1354" ordinal="5" offset="36" sl="289" sc="17" el="289" ec="84" bec="0" bev="0" fileid="29" />
                <SequencePoint vc="0" uspid="1355" ordinal="6" offset="45" sl="290" sc="13" el="290" ec="14" bec="0" bev="0" fileid="29" />
                <SequencePoint vc="0" uspid="1356" ordinal="7" offset="48" sl="292" sc="13" el="292" ec="14" bec="0" bev="0" fileid="29" />
                <SequencePoint vc="0" uspid="1357" ordinal="8" offset="49" sl="293" sc="17" el="293" ec="87" bec="0" bev="0" fileid="29" />
                <SequencePoint vc="0" uspid="1358" ordinal="9" offset="67" sl="294" sc="13" el="294" ec="14" bec="0" bev="0" fileid="29" />
                <SequencePoint vc="0" uspid="1359" ordinal="10" offset="68" sl="295" sc="13" el="295" ec="30" bec="2" bev="0" fileid="29" />
                <SequencePoint vc="0" uspid="1360" ordinal="11" offset="78" sl="296" sc="13" el="296" ec="14" bec="0" bev="0" fileid="29" />
                <SequencePoint vc="0" uspid="1361" ordinal="12" offset="79" sl="297" sc="17" el="297" ec="29" bec="0" bev="0" fileid="29" />
                <SequencePoint vc="0" uspid="1362" ordinal="13" offset="84" sl="299" sc="13" el="299" ec="27" bec="2" bev="0" fileid="29" />
                <SequencePoint vc="0" uspid="1363" ordinal="14" offset="91" sl="300" sc="13" el="300" ec="14" bec="0" bev="0" fileid="29" />
                <SequencePoint vc="0" uspid="1364" ordinal="15" offset="92" sl="301" sc="17" el="301" ec="112" bec="0" bev="0" fileid="29" />
                <SequencePoint vc="0" uspid="1365" ordinal="16" offset="115" sl="302" sc="17" el="302" ec="115" bec="0" bev="0" fileid="29" />
                <SequencePoint vc="0" uspid="1366" ordinal="17" offset="148" sl="303" sc="17" el="303" ec="71" bec="0" bev="0" fileid="29" />
                <SequencePoint vc="0" uspid="1367" ordinal="18" offset="170" sl="306" sc="13" el="306" ec="61" bec="0" bev="0" fileid="29" />
                <SequencePoint vc="0" uspid="1368" ordinal="19" offset="185" sl="307" sc="9" el="307" ec="10" bec="0" bev="0" fileid="29" />
              </SequencePoints>
              <BranchPoints>
                <BranchPoint vc="0" uspid="1369" ordinal="0" offset="11" sl="286" path="0" offsetend="13" fileid="29" />
                <BranchPoint vc="0" uspid="1370" ordinal="1" offset="11" sl="286" path="1" offsetend="48" fileid="29" />
                <BranchPoint vc="0" uspid="1371" ordinal="2" offset="76" sl="295" path="0" offsetend="78" fileid="29" />
                <BranchPoint vc="0" uspid="1372" ordinal="3" offset="76" sl="295" path="1" offsetend="84" fileid="29" />
                <BranchPoint vc="0" uspid="1373" ordinal="4" offset="89" sl="299" path="0" offsetend="91" fileid="29" />
                <BranchPoint vc="0" uspid="1374" ordinal="5" offset="89" sl="299" path="1" offsetend="170" fileid="29" />
              </BranchPoints>
              <MethodPoint xsi:type="SequencePoint" vc="0" uspid="1349" ordinal="0" offset="0" sl="283" sc="9" el="283" ec="10" bec="0" bev="0" fileid="29" />
            </Method>
            <Method visited="false" cyclomaticComplexity="4" nPathComplexity="8" sequenceCoverage="0" branchCoverage="0" isConstructor="false" isStatic="true" isGetter="false" isSetter="false">
              <Summary numSequencePoints="19" visitedSequencePoints="0" numBranchPoints="7" visitedBranchPoints="0" sequenceCoverage="0" branchCoverage="0" maxCyclomaticComplexity="4" minCyclomaticComplexity="4" visitedClasses="0" numClasses="0" visitedMethods="0" numMethods="1" />
              <MetadataToken>100663460</MetadataToken>
              <Name>System.Object TaskManagerAPI.Areas.HelpPage.ObjectGenerator::GenerateCollection(System.Type,System.Int32,System.Collections.Generic.Dictionary`2&lt;System.Type,System.Object&gt;)</Name>
              <FileRef uid="29" />
              <SequencePoints>
                <SequencePoint vc="0" uspid="1375" ordinal="0" offset="0" sl="310" sc="9" el="310" ec="10" bec="0" bev="0" fileid="29" />
                <SequencePoint vc="0" uspid="1376" ordinal="1" offset="1" sl="311" sc="13" el="313" ec="32" bec="2" bev="0" fileid="29" />
                <SequencePoint vc="0" uspid="1377" ordinal="2" offset="30" sl="314" sc="13" el="314" ec="70" bec="0" bev="0" fileid="29" />
                <SequencePoint vc="0" uspid="1378" ordinal="3" offset="37" sl="315" sc="13" el="315" ec="68" bec="0" bev="0" fileid="29" />
                <SequencePoint vc="0" uspid="1379" ordinal="4" offset="49" sl="316" sc="13" el="316" ec="44" bec="0" bev="0" fileid="29" />
                <SequencePoint vc="0" uspid="1380" ordinal="5" offset="51" sl="317" sc="13" el="317" ec="69" bec="0" bev="0" fileid="29" />
                <SequencePoint vc="0" uspid="1381" ordinal="6" offset="58" sl="318" sc="18" el="318" ec="27" bec="0" bev="0" fileid="29" />
                <SequencePoint vc="0" uspid="1382" ordinal="7" offset="63" sl="319" sc="13" el="319" ec="14" bec="0" bev="0" fileid="29" />
                <SequencePoint vc="0" uspid="1383" ordinal="8" offset="64" sl="320" sc="17" el="320" ec="96" bec="0" bev="0" fileid="29" />
                <SequencePoint vc="0" uspid="1384" ordinal="9" offset="75" sl="321" sc="17" el="321" ec="68" bec="0" bev="0" fileid="29" />
                <SequencePoint vc="0" uspid="1385" ordinal="10" offset="94" sl="322" sc="17" el="322" ec="55" bec="0" bev="0" fileid="29" />
                <SequencePoint vc="0" uspid="1386" ordinal="11" offset="102" sl="323" sc="13" el="323" ec="14" bec="0" bev="0" fileid="29" />
                <SequencePoint vc="0" uspid="1387" ordinal="12" offset="103" sl="318" sc="39" el="318" ec="42" bec="0" bev="0" fileid="29" />
                <SequencePoint vc="0" uspid="1388" ordinal="13" offset="109" sl="318" sc="29" el="318" ec="37" bec="2" bev="0" fileid="29" />
                <SequencePoint vc="0" uspid="1389" ordinal="14" offset="120" sl="325" sc="13" el="325" ec="36" bec="2" bev="0" fileid="29" />
                <SequencePoint vc="0" uspid="1390" ordinal="15" offset="127" sl="326" sc="13" el="326" ec="14" bec="0" bev="0" fileid="29" />
                <SequencePoint vc="0" uspid="1391" ordinal="16" offset="128" sl="327" sc="17" el="327" ec="29" bec="0" bev="0" fileid="29" />
                <SequencePoint vc="0" uspid="1392" ordinal="17" offset="133" sl="330" sc="13" el="330" ec="27" bec="0" bev="0" fileid="29" />
                <SequencePoint vc="0" uspid="1393" ordinal="18" offset="138" sl="331" sc="9" el="331" ec="10" bec="0" bev="0" fileid="29" />
              </SequencePoints>
              <BranchPoints>
                <BranchPoint vc="0" uspid="1394" ordinal="0" offset="7" sl="311" path="0" offsetend="9" fileid="29" />
                <BranchPoint vc="0" uspid="1395" ordinal="1" offset="7" sl="311" path="1" offsetend="21" fileid="29" />
                <BranchPoint vc="0" uspid="1396" ordinal="2" offset="118" sl="318" path="0" offsetend="120" fileid="29" />
                <BranchPoint vc="0" uspid="1397" ordinal="3" offset="118" sl="318" path="1" offsetend="63" fileid="29" />
                <BranchPoint vc="0" uspid="1398" ordinal="4" offset="125" sl="325" path="0" offsetend="127" fileid="29" />
                <BranchPoint vc="0" uspid="1399" ordinal="5" offset="125" sl="325" path="1" offsetend="133" fileid="29" />
              </BranchPoints>
              <MethodPoint xsi:type="SequencePoint" vc="0" uspid="1375" ordinal="0" offset="0" sl="310" sc="9" el="310" ec="10" bec="0" bev="0" fileid="29" />
            </Method>
            <Method visited="false" cyclomaticComplexity="1" nPathComplexity="0" sequenceCoverage="0" branchCoverage="0" isConstructor="false" isStatic="true" isGetter="false" isSetter="false">
              <Summary numSequencePoints="5" visitedSequencePoints="0" numBranchPoints="1" visitedBranchPoints="0" sequenceCoverage="0" branchCoverage="0" maxCyclomaticComplexity="1" minCyclomaticComplexity="1" visitedClasses="0" numClasses="0" visitedMethods="0" numMethods="1" />
              <MetadataToken>100663461</MetadataToken>
              <Name>System.Object TaskManagerAPI.Areas.HelpPage.ObjectGenerator::GenerateNullable(System.Type,System.Collections.Generic.Dictionary`2&lt;System.Type,System.Object&gt;)</Name>
              <FileRef uid="29" />
              <SequencePoints>
                <SequencePoint vc="0" uspid="1400" ordinal="0" offset="0" sl="334" sc="9" el="334" ec="10" bec="0" bev="0" fileid="29" />
                <SequencePoint vc="0" uspid="1401" ordinal="1" offset="1" sl="335" sc="13" el="335" ec="63" bec="0" bev="0" fileid="29" />
                <SequencePoint vc="0" uspid="1402" ordinal="2" offset="10" sl="336" sc="13" el="336" ec="69" bec="0" bev="0" fileid="29" />
                <SequencePoint vc="0" uspid="1403" ordinal="3" offset="16" sl="337" sc="13" el="337" ec="82" bec="0" bev="0" fileid="29" />
                <SequencePoint vc="0" uspid="1404" ordinal="4" offset="27" sl="338" sc="9" el="338" ec="10" bec="0" bev="0" fileid="29" />
              </SequencePoints>
              <BranchPoints />
              <MethodPoint xsi:type="SequencePoint" vc="0" uspid="1400" ordinal="0" offset="0" sl="334" sc="9" el="334" ec="10" bec="0" bev="0" fileid="29" />
            </Method>
            <Method visited="false" cyclomaticComplexity="4" nPathComplexity="8" sequenceCoverage="0" branchCoverage="0" isConstructor="false" isStatic="true" isGetter="false" isSetter="false">
              <Summary numSequencePoints="21" visitedSequencePoints="0" numBranchPoints="7" visitedBranchPoints="0" sequenceCoverage="0" branchCoverage="0" maxCyclomaticComplexity="4" minCyclomaticComplexity="4" visitedClasses="0" numClasses="0" visitedMethods="0" numMethods="1" />
              <MetadataToken>100663462</MetadataToken>
              <Name>System.Object TaskManagerAPI.Areas.HelpPage.ObjectGenerator::GenerateComplexObject(System.Type,System.Collections.Generic.Dictionary`2&lt;System.Type,System.Object&gt;)</Name>
              <FileRef uid="29" />
              <SequencePoints>
                <SequencePoint vc="0" uspid="1405" ordinal="0" offset="0" sl="341" sc="9" el="341" ec="10" bec="0" bev="0" fileid="29" />
                <SequencePoint vc="0" uspid="1406" ordinal="1" offset="1" sl="342" sc="13" el="342" ec="34" bec="0" bev="0" fileid="29" />
                <SequencePoint vc="0" uspid="1407" ordinal="2" offset="3" sl="344" sc="13" el="344" ec="71" bec="2" bev="0" fileid="29" />
                <SequencePoint vc="0" uspid="1408" ordinal="3" offset="16" sl="345" sc="13" el="345" ec="14" bec="0" bev="0" fileid="29" />
                <SequencePoint vc="0" uspid="1409" ordinal="4" offset="17" sl="347" sc="17" el="347" ec="31" bec="0" bev="0" fileid="29" />
                <SequencePoint vc="0" uspid="1410" ordinal="5" offset="21" sl="350" sc="13" el="350" ec="34" bec="2" bev="0" fileid="29" />
                <SequencePoint vc="0" uspid="1411" ordinal="6" offset="31" sl="351" sc="13" el="351" ec="14" bec="0" bev="0" fileid="29" />
                <SequencePoint vc="0" uspid="1412" ordinal="7" offset="32" sl="352" sc="17" el="352" ec="57" bec="0" bev="0" fileid="29" />
                <SequencePoint vc="0" uspid="1413" ordinal="8" offset="39" sl="353" sc="13" el="353" ec="14" bec="0" bev="0" fileid="29" />
                <SequencePoint vc="0" uspid="1414" ordinal="9" offset="42" sl="355" sc="13" el="355" ec="14" bec="0" bev="0" fileid="29" />
                <SequencePoint vc="0" uspid="1415" ordinal="10" offset="43" sl="356" sc="17" el="356" ec="84" bec="0" bev="0" fileid="29" />
                <SequencePoint vc="0" uspid="1416" ordinal="11" offset="56" sl="357" sc="17" el="357" ec="41" bec="2" bev="0" fileid="29" />
                <SequencePoint vc="0" uspid="1417" ordinal="12" offset="70" sl="358" sc="17" el="358" ec="18" bec="0" bev="0" fileid="29" />
                <SequencePoint vc="0" uspid="1418" ordinal="13" offset="71" sl="360" sc="21" el="360" ec="33" bec="0" bev="0" fileid="29" />
                <SequencePoint vc="0" uspid="1419" ordinal="14" offset="75" sl="363" sc="17" el="363" ec="60" bec="0" bev="0" fileid="29" />
                <SequencePoint vc="0" uspid="1420" ordinal="15" offset="89" sl="364" sc="13" el="364" ec="14" bec="0" bev="0" fileid="29" />
                <SequencePoint vc="0" uspid="1421" ordinal="16" offset="90" sl="365" sc="13" el="365" ec="55" bec="0" bev="0" fileid="29" />
                <SequencePoint vc="0" uspid="1422" ordinal="17" offset="99" sl="366" sc="13" el="366" ec="72" bec="0" bev="0" fileid="29" />
                <SequencePoint vc="0" uspid="1423" ordinal="18" offset="108" sl="367" sc="13" el="367" ec="68" bec="0" bev="0" fileid="29" />
                <SequencePoint vc="0" uspid="1424" ordinal="19" offset="117" sl="368" sc="13" el="368" ec="27" bec="0" bev="0" fileid="29" />
                <SequencePoint vc="0" uspid="1425" ordinal="20" offset="121" sl="369" sc="9" el="369" ec="10" bec="0" bev="0" fileid="29" />
              </SequencePoints>
              <BranchPoints>
                <BranchPoint vc="0" uspid="1426" ordinal="0" offset="14" sl="344" path="0" offsetend="16" fileid="29" />
                <BranchPoint vc="0" uspid="1427" ordinal="1" offset="14" sl="344" path="1" offsetend="21" fileid="29" />
                <BranchPoint vc="0" uspid="1428" ordinal="2" offset="29" sl="350" path="0" offsetend="31" fileid="29" />
                <BranchPoint vc="0" uspid="1429" ordinal="3" offset="29" sl="350" path="1" offsetend="42" fileid="29" />
                <BranchPoint vc="0" uspid="1430" ordinal="4" offset="68" sl="357" path="0" offsetend="70" fileid="29" />
                <BranchPoint vc="0" uspid="1431" ordinal="5" offset="68" sl="357" path="1" offsetend="75" fileid="29" />
              </BranchPoints>
              <MethodPoint xsi:type="SequencePoint" vc="0" uspid="1405" ordinal="0" offset="0" sl="341" sc="9" el="341" ec="10" bec="0" bev="0" fileid="29" />
            </Method>
            <Method visited="false" cyclomaticComplexity="3" nPathComplexity="2" sequenceCoverage="0" branchCoverage="0" isConstructor="false" isStatic="true" isGetter="false" isSetter="false">
              <Summary numSequencePoints="15" visitedSequencePoints="0" numBranchPoints="3" visitedBranchPoints="0" sequenceCoverage="0" branchCoverage="0" maxCyclomaticComplexity="3" minCyclomaticComplexity="3" visitedClasses="0" numClasses="0" visitedMethods="0" numMethods="1" />
              <MetadataToken>100663463</MetadataToken>
              <Name>System.Void TaskManagerAPI.Areas.HelpPage.ObjectGenerator::SetPublicProperties(System.Type,System.Object,System.Collections.Generic.Dictionary`2&lt;System.Type,System.Object&gt;)</Name>
              <FileRef uid="29" />
              <SequencePoints>
                <SequencePoint vc="0" uspid="1432" ordinal="0" offset="0" sl="372" sc="9" el="372" ec="10" bec="0" bev="0" fileid="29" />
                <SequencePoint vc="0" uspid="1433" ordinal="1" offset="1" sl="373" sc="13" el="373" ec="105" bec="0" bev="0" fileid="29" />
                <SequencePoint vc="0" uspid="1434" ordinal="2" offset="10" sl="374" sc="13" el="374" ec="69" bec="0" bev="0" fileid="29" />
                <SequencePoint vc="0" uspid="1435" ordinal="3" offset="16" sl="375" sc="13" el="375" ec="20" bec="0" bev="0" fileid="29" />
                <SequencePoint vc="0" uspid="1436" ordinal="4" offset="17" sl="375" sc="47" el="375" ec="57" bec="0" bev="0" fileid="29" />
                <SequencePoint vc="0" uspid="1437" ordinal="5" offset="23" sl="375" sc="22" el="375" ec="43" bec="0" bev="0" fileid="29" />
                <SequencePoint vc="0" uspid="1438" ordinal="6" offset="28" sl="376" sc="13" el="376" ec="14" bec="0" bev="0" fileid="29" />
                <SequencePoint vc="0" uspid="1439" ordinal="7" offset="29" sl="377" sc="17" el="377" ec="39" bec="2" bev="0" fileid="29" />
                <SequencePoint vc="0" uspid="1440" ordinal="8" offset="42" sl="378" sc="17" el="378" ec="18" bec="0" bev="0" fileid="29" />
                <SequencePoint vc="0" uspid="1441" ordinal="9" offset="43" sl="379" sc="21" el="379" ec="123" bec="0" bev="0" fileid="29" />
                <SequencePoint vc="0" uspid="1442" ordinal="10" offset="59" sl="380" sc="21" el="380" ec="65" bec="0" bev="0" fileid="29" />
                <SequencePoint vc="0" uspid="1443" ordinal="11" offset="71" sl="381" sc="17" el="381" ec="18" bec="0" bev="0" fileid="29" />
                <SequencePoint vc="0" uspid="1444" ordinal="12" offset="72" sl="382" sc="13" el="382" ec="14" bec="0" bev="0" fileid="29" />
                <SequencePoint vc="0" uspid="1445" ordinal="13" offset="77" sl="375" sc="44" el="375" ec="46" bec="0" bev="0" fileid="29" />
                <SequencePoint vc="0" uspid="1446" ordinal="14" offset="83" sl="383" sc="9" el="383" ec="10" bec="0" bev="0" fileid="29" />
              </SequencePoints>
              <BranchPoints>
                <BranchPoint vc="0" uspid="1447" ordinal="0" offset="40" sl="377" path="0" offsetend="42" fileid="29" />
                <BranchPoint vc="0" uspid="1448" ordinal="1" offset="40" sl="377" path="1" offsetend="72" fileid="29" />
              </BranchPoints>
              <MethodPoint xsi:type="SequencePoint" vc="0" uspid="1432" ordinal="0" offset="0" sl="372" sc="9" el="372" ec="10" bec="0" bev="0" fileid="29" />
            </Method>
            <Method visited="false" cyclomaticComplexity="2" nPathComplexity="0" sequenceCoverage="0" branchCoverage="0" isConstructor="false" isStatic="true" isGetter="false" isSetter="false">
              <Summary numSequencePoints="12" visitedSequencePoints="0" numBranchPoints="1" visitedBranchPoints="0" sequenceCoverage="0" branchCoverage="0" maxCyclomaticComplexity="2" minCyclomaticComplexity="2" visitedClasses="0" numClasses="0" visitedMethods="0" numMethods="1" />
              <MetadataToken>100663464</MetadataToken>
              <Name>System.Void TaskManagerAPI.Areas.HelpPage.ObjectGenerator::SetPublicFields(System.Type,System.Object,System.Collections.Generic.Dictionary`2&lt;System.Type,System.Object&gt;)</Name>
              <FileRef uid="29" />
              <SequencePoints>
                <SequencePoint vc="0" uspid="1451" ordinal="0" offset="0" sl="386" sc="9" el="386" ec="10" bec="0" bev="0" fileid="29" />
                <SequencePoint vc="0" uspid="1452" ordinal="1" offset="1" sl="387" sc="13" el="387" ec="94" bec="0" bev="0" fileid="29" />
                <SequencePoint vc="0" uspid="1453" ordinal="2" offset="10" sl="388" sc="13" el="388" ec="69" bec="0" bev="0" fileid="29" />
                <SequencePoint vc="0" uspid="1454" ordinal="3" offset="16" sl="389" sc="13" el="389" ec="20" bec="0" bev="0" fileid="29" />
                <SequencePoint vc="0" uspid="1455" ordinal="4" offset="17" sl="389" sc="41" el="389" ec="47" bec="0" bev="0" fileid="29" />
                <SequencePoint vc="0" uspid="1456" ordinal="5" offset="23" sl="389" sc="22" el="389" ec="37" bec="0" bev="0" fileid="29" />
                <SequencePoint vc="0" uspid="1457" ordinal="6" offset="28" sl="390" sc="13" el="390" ec="14" bec="0" bev="0" fileid="29" />
                <SequencePoint vc="0" uspid="1458" ordinal="7" offset="29" sl="391" sc="17" el="391" ec="110" bec="0" bev="0" fileid="29" />
                <SequencePoint vc="0" uspid="1459" ordinal="8" offset="45" sl="392" sc="17" el="392" ec="49" bec="0" bev="0" fileid="29" />
                <SequencePoint vc="0" uspid="1460" ordinal="9" offset="56" sl="393" sc="13" el="393" ec="14" bec="0" bev="0" fileid="29" />
                <SequencePoint vc="0" uspid="1461" ordinal="10" offset="61" sl="389" sc="38" el="389" ec="40" bec="0" bev="0" fileid="29" />
                <SequencePoint vc="0" uspid="1462" ordinal="11" offset="67" sl="394" sc="9" el="394" ec="10" bec="0" bev="0" fileid="29" />
              </SequencePoints>
              <BranchPoints />
              <MethodPoint xsi:type="SequencePoint" vc="0" uspid="1451" ordinal="0" offset="0" sl="386" sc="9" el="386" ec="10" bec="0" bev="0" fileid="29" />
            </Method>
            <Method visited="false" cyclomaticComplexity="1" nPathComplexity="0" sequenceCoverage="0" branchCoverage="0" isConstructor="true" isStatic="false" isGetter="false" isSetter="false">
              <Summary numSequencePoints="1" visitedSequencePoints="0" numBranchPoints="1" visitedBranchPoints="0" sequenceCoverage="0" branchCoverage="0" maxCyclomaticComplexity="1" minCyclomaticComplexity="1" visitedClasses="0" numClasses="0" visitedMethods="0" numMethods="1" />
              <MetadataToken>100663465</MetadataToken>
              <Name>System.Void TaskManagerAPI.Areas.HelpPage.ObjectGenerator::.ctor()</Name>
              <FileRef uid="29" />
              <SequencePoints>
                <SequencePoint vc="0" uspid="1465" ordinal="0" offset="0" sl="17" sc="9" el="17" ec="108" bec="0" bev="0" fileid="29" />
              </SequencePoints>
              <BranchPoints />
              <MethodPoint xsi:type="SequencePoint" vc="0" uspid="1465" ordinal="0" offset="0" sl="17" sc="9" el="17" ec="108" bec="0" bev="0" fileid="29" />
            </Method>
          </Methods>
        </Class>
        <Class>
          <Summary numSequencePoints="11" visitedSequencePoints="0" numBranchPoints="5" visitedBranchPoints="0" sequenceCoverage="0" branchCoverage="0" maxCyclomaticComplexity="22" minCyclomaticComplexity="1" visitedClasses="0" numClasses="1" visitedMethods="0" numMethods="5" />
          <FullName>TaskManagerAPI.Areas.HelpPage.ObjectGenerator/SimpleTypeObjectGenerator</FullName>
          <Methods>
            <Method visited="false" cyclomaticComplexity="22" nPathComplexity="0" sequenceCoverage="0" branchCoverage="0" isConstructor="false" isStatic="true" isGetter="false" isSetter="false">
              <Summary numSequencePoints="3" visitedSequencePoints="0" numBranchPoints="1" visitedBranchPoints="0" sequenceCoverage="0" branchCoverage="0" maxCyclomaticComplexity="22" minCyclomaticComplexity="22" visitedClasses="0" numClasses="0" visitedMethods="0" numMethods="1" />
              <MetadataToken>100663601</MetadataToken>
              <Name>System.Collections.Generic.Dictionary`2&lt;System.Type,System.Func`2&lt;System.Int64,System.Object&gt;&gt; TaskManagerAPI.Areas.HelpPage.ObjectGenerator/SimpleTypeObjectGenerator::InitializeGenerators()</Name>
              <FileRef uid="29" />
              <SequencePoints>
                <SequencePoint vc="0" uspid="1466" ordinal="0" offset="0" sl="403" sc="13" el="403" ec="14" bec="0" bev="0" fileid="29" />
                <SequencePoint vc="0" uspid="1467" ordinal="1" offset="1" sl="404" sc="17" el="442" ec="19" bec="0" bev="0" fileid="29" />
                <SequencePoint vc="0" uspid="1468" ordinal="2" offset="1019" sl="443" sc="13" el="443" ec="14" bec="0" bev="0" fileid="29" />
              </SequencePoints>
              <BranchPoints />
              <MethodPoint xsi:type="SequencePoint" vc="0" uspid="1466" ordinal="0" offset="0" sl="403" sc="13" el="403" ec="14" bec="0" bev="0" fileid="29" />
            </Method>
            <Method visited="false" cyclomaticComplexity="1" nPathComplexity="0" sequenceCoverage="0" branchCoverage="0" isConstructor="false" isStatic="true" isGetter="false" isSetter="false">
              <Summary numSequencePoints="3" visitedSequencePoints="0" numBranchPoints="1" visitedBranchPoints="0" sequenceCoverage="0" branchCoverage="0" maxCyclomaticComplexity="1" minCyclomaticComplexity="1" visitedClasses="0" numClasses="0" visitedMethods="0" numMethods="1" />
              <MetadataToken>100663602</MetadataToken>
              <Name>System.Boolean TaskManagerAPI.Areas.HelpPage.ObjectGenerator/SimpleTypeObjectGenerator::CanGenerateObject(System.Type)</Name>
              <FileRef uid="29" />
              <SequencePoints>
                <SequencePoint vc="0" uspid="1511" ordinal="0" offset="0" sl="446" sc="13" el="446" ec="14" bec="0" bev="0" fileid="29" />
                <SequencePoint vc="0" uspid="1512" ordinal="1" offset="1" sl="447" sc="17" el="447" ec="60" bec="0" bev="0" fileid="29" />
                <SequencePoint vc="0" uspid="1513" ordinal="2" offset="15" sl="448" sc="13" el="448" ec="14" bec="0" bev="0" fileid="29" />
              </SequencePoints>
              <BranchPoints />
              <MethodPoint xsi:type="SequencePoint" vc="0" uspid="1511" ordinal="0" offset="0" sl="446" sc="13" el="446" ec="14" bec="0" bev="0" fileid="29" />
            </Method>
            <Method visited="false" cyclomaticComplexity="1" nPathComplexity="0" sequenceCoverage="0" branchCoverage="0" isConstructor="false" isStatic="false" isGetter="false" isSetter="false">
              <Summary numSequencePoints="3" visitedSequencePoints="0" numBranchPoints="1" visitedBranchPoints="0" sequenceCoverage="0" branchCoverage="0" maxCyclomaticComplexity="1" minCyclomaticComplexity="1" visitedClasses="0" numClasses="0" visitedMethods="0" numMethods="1" />
              <MetadataToken>100663603</MetadataToken>
              <Name>System.Object TaskManagerAPI.Areas.HelpPage.ObjectGenerator/SimpleTypeObjectGenerator::GenerateObject(System.Type)</Name>
              <FileRef uid="29" />
              <SequencePoints>
                <SequencePoint vc="0" uspid="1514" ordinal="0" offset="0" sl="451" sc="13" el="451" ec="14" bec="0" bev="0" fileid="29" />
                <SequencePoint vc="0" uspid="1515" ordinal="1" offset="1" sl="452" sc="17" el="452" ec="58" bec="0" bev="0" fileid="29" />
                <SequencePoint vc="0" uspid="1516" ordinal="2" offset="38" sl="453" sc="13" el="453" ec="14" bec="0" bev="0" fileid="29" />
              </SequencePoints>
              <BranchPoints />
              <MethodPoint xsi:type="SequencePoint" vc="0" uspid="1514" ordinal="0" offset="0" sl="451" sc="13" el="451" ec="14" bec="0" bev="0" fileid="29" />
            </Method>
            <Method visited="false" cyclomaticComplexity="1" nPathComplexity="0" sequenceCoverage="0" branchCoverage="0" isConstructor="true" isStatic="false" isGetter="false" isSetter="false">
              <Summary numSequencePoints="1" visitedSequencePoints="0" numBranchPoints="1" visitedBranchPoints="0" sequenceCoverage="0" branchCoverage="0" maxCyclomaticComplexity="1" minCyclomaticComplexity="1" visitedClasses="0" numClasses="0" visitedMethods="0" numMethods="1" />
              <MetadataToken>100663604</MetadataToken>
              <Name>System.Void TaskManagerAPI.Areas.HelpPage.ObjectGenerator/SimpleTypeObjectGenerator::.ctor()</Name>
              <FileRef uid="29" />
              <SequencePoints>
                <SequencePoint vc="0" uspid="1517" ordinal="0" offset="0" sl="398" sc="13" el="398" ec="37" bec="0" bev="0" fileid="29" />
              </SequencePoints>
              <BranchPoints />
              <MethodPoint xsi:type="SequencePoint" vc="0" uspid="1517" ordinal="0" offset="0" sl="398" sc="13" el="398" ec="37" bec="0" bev="0" fileid="29" />
            </Method>
            <Method visited="false" cyclomaticComplexity="1" nPathComplexity="0" sequenceCoverage="0" branchCoverage="0" isConstructor="true" isStatic="true" isGetter="false" isSetter="false">
              <Summary numSequencePoints="1" visitedSequencePoints="0" numBranchPoints="1" visitedBranchPoints="0" sequenceCoverage="0" branchCoverage="0" maxCyclomaticComplexity="1" minCyclomaticComplexity="1" visitedClasses="0" numClasses="0" visitedMethods="0" numMethods="1" />
              <MetadataToken>100663605</MetadataToken>
              <Name>System.Void TaskManagerAPI.Areas.HelpPage.ObjectGenerator/SimpleTypeObjectGenerator::.cctor()</Name>
              <FileRef uid="29" />
              <SequencePoints>
                <SequencePoint vc="0" uspid="1518" ordinal="0" offset="0" sl="399" sc="13" el="399" ec="117" bec="0" bev="0" fileid="29" />
              </SequencePoints>
              <BranchPoints />
              <MethodPoint xsi:type="SequencePoint" vc="0" uspid="1518" ordinal="0" offset="0" sl="399" sc="13" el="399" ec="117" bec="0" bev="0" fileid="29" />
            </Method>
          </Methods>
        </Class>
        <Class>
          <Summary numSequencePoints="27" visitedSequencePoints="0" numBranchPoints="21" visitedBranchPoints="0" sequenceCoverage="0" branchCoverage="0" maxCyclomaticComplexity="1" minCyclomaticComplexity="1" visitedClasses="0" numClasses="1" visitedMethods="0" numMethods="21" />
          <FullName>TaskManagerAPI.Areas.HelpPage.ObjectGenerator/SimpleTypeObjectGenerator/&lt;&gt;c</FullName>
          <Methods>
            <Method visited="false" cyclomaticComplexity="1" nPathComplexity="0" sequenceCoverage="0" branchCoverage="0" isConstructor="true" isStatic="true" isGetter="false" isSetter="false">
              <Summary numSequencePoints="0" visitedSequencePoints="0" numBranchPoints="0" visitedBranchPoints="0" sequenceCoverage="0" branchCoverage="0" maxCyclomaticComplexity="1" minCyclomaticComplexity="1" visitedClasses="0" numClasses="0" visitedMethods="0" numMethods="0" />
              <MetadataToken>100663625</MetadataToken>
              <Name>System.Void TaskManagerAPI.Areas.HelpPage.ObjectGenerator/SimpleTypeObjectGenerator/&lt;&gt;c::.cctor()</Name>
              <SequencePoints />
              <BranchPoints />
              <MethodPoint vc="0" uspid="1519" ordinal="0" offset="0" />
            </Method>
            <Method visited="false" cyclomaticComplexity="1" nPathComplexity="0" sequenceCoverage="0" branchCoverage="0" isConstructor="true" isStatic="false" isGetter="false" isSetter="false">
              <Summary numSequencePoints="0" visitedSequencePoints="0" numBranchPoints="0" visitedBranchPoints="0" sequenceCoverage="0" branchCoverage="0" maxCyclomaticComplexity="1" minCyclomaticComplexity="1" visitedClasses="0" numClasses="0" visitedMethods="0" numMethods="0" />
              <MetadataToken>100663626</MetadataToken>
              <Name>System.Void TaskManagerAPI.Areas.HelpPage.ObjectGenerator/SimpleTypeObjectGenerator/&lt;&gt;c::.ctor()</Name>
              <SequencePoints />
              <BranchPoints />
              <MethodPoint vc="0" uspid="1520" ordinal="0" offset="0" />
            </Method>
            <Method visited="false" cyclomaticComplexity="1" nPathComplexity="0" sequenceCoverage="0" branchCoverage="0" isConstructor="false" isStatic="false" isGetter="false" isSetter="false">
              <Summary numSequencePoints="1" visitedSequencePoints="0" numBranchPoints="1" visitedBranchPoints="0" sequenceCoverage="0" branchCoverage="0" maxCyclomaticComplexity="1" minCyclomaticComplexity="1" visitedClasses="0" numClasses="0" visitedMethods="0" numMethods="1" />
              <MetadataToken>100663627</MetadataToken>
              <Name>System.Object TaskManagerAPI.Areas.HelpPage.ObjectGenerator/SimpleTypeObjectGenerator/&lt;&gt;c::&lt;InitializeGenerators&gt;b__2_0(System.Int64)</Name>
              <FileRef uid="29" />
              <SequencePoints>
                <SequencePoint vc="0" uspid="1521" ordinal="0" offset="0" sl="406" sc="49" el="406" ec="53" bec="0" bev="0" fileid="29" />
              </SequencePoints>
              <BranchPoints />
              <MethodPoint xsi:type="SequencePoint" vc="0" uspid="1521" ordinal="0" offset="0" sl="406" sc="49" el="406" ec="53" bec="0" bev="0" fileid="29" />
            </Method>
            <Method visited="false" cyclomaticComplexity="1" nPathComplexity="0" sequenceCoverage="0" branchCoverage="0" isConstructor="false" isStatic="false" isGetter="false" isSetter="false">
              <Summary numSequencePoints="1" visitedSequencePoints="0" numBranchPoints="1" visitedBranchPoints="0" sequenceCoverage="0" branchCoverage="0" maxCyclomaticComplexity="1" minCyclomaticComplexity="1" visitedClasses="0" numClasses="0" visitedMethods="0" numMethods="1" />
              <MetadataToken>100663628</MetadataToken>
              <Name>System.Object TaskManagerAPI.Areas.HelpPage.ObjectGenerator/SimpleTypeObjectGenerator/&lt;&gt;c::&lt;InitializeGenerators&gt;b__2_1(System.Int64)</Name>
              <FileRef uid="29" />
              <SequencePoints>
                <SequencePoint vc="0" uspid="1522" ordinal="0" offset="0" sl="407" sc="46" el="407" ec="54" bec="0" bev="0" fileid="29" />
              </SequencePoints>
              <BranchPoints />
              <MethodPoint xsi:type="SequencePoint" vc="0" uspid="1522" ordinal="0" offset="0" sl="407" sc="46" el="407" ec="54" bec="0" bev="0" fileid="29" />
            </Method>
            <Method visited="false" cyclomaticComplexity="1" nPathComplexity="0" sequenceCoverage="0" branchCoverage="0" isConstructor="false" isStatic="false" isGetter="false" isSetter="false">
              <Summary numSequencePoints="1" visitedSequencePoints="0" numBranchPoints="1" visitedBranchPoints="0" sequenceCoverage="0" branchCoverage="0" maxCyclomaticComplexity="1" minCyclomaticComplexity="1" visitedClasses="0" numClasses="0" visitedMethods="0" numMethods="1" />
              <MetadataToken>100663629</MetadataToken>
              <Name>System.Object TaskManagerAPI.Areas.HelpPage.ObjectGenerator/SimpleTypeObjectGenerator/&lt;&gt;c::&lt;InitializeGenerators&gt;b__2_2(System.Int64)</Name>
              <FileRef uid="29" />
              <SequencePoints>
                <SequencePoint vc="0" uspid="1523" ordinal="0" offset="0" sl="408" sc="46" el="408" ec="54" bec="0" bev="0" fileid="29" />
              </SequencePoints>
              <BranchPoints />
              <MethodPoint xsi:type="SequencePoint" vc="0" uspid="1523" ordinal="0" offset="0" sl="408" sc="46" el="408" ec="54" bec="0" bev="0" fileid="29" />
            </Method>
            <Method visited="false" cyclomaticComplexity="1" nPathComplexity="0" sequenceCoverage="0" branchCoverage="0" isConstructor="false" isStatic="false" isGetter="false" isSetter="false">
              <Summary numSequencePoints="1" visitedSequencePoints="0" numBranchPoints="1" visitedBranchPoints="0" sequenceCoverage="0" branchCoverage="0" maxCyclomaticComplexity="1" minCyclomaticComplexity="1" visitedClasses="0" numClasses="0" visitedMethods="0" numMethods="1" />
              <MetadataToken>100663630</MetadataToken>
              <Name>System.Object TaskManagerAPI.Areas.HelpPage.ObjectGenerator/SimpleTypeObjectGenerator/&lt;&gt;c::&lt;InitializeGenerators&gt;b__2_3(System.Int64)</Name>
              <FileRef uid="29" />
              <SequencePoints>
                <SequencePoint vc="0" uspid="1524" ordinal="0" offset="0" sl="409" sc="50" el="409" ec="62" bec="0" bev="0" fileid="29" />
              </SequencePoints>
              <BranchPoints />
              <MethodPoint xsi:type="SequencePoint" vc="0" uspid="1524" ordinal="0" offset="0" sl="409" sc="50" el="409" ec="62" bec="0" bev="0" fileid="29" />
            </Method>
            <Method visited="false" cyclomaticComplexity="1" nPathComplexity="0" sequenceCoverage="0" branchCoverage="0" isConstructor="false" isStatic="false" isGetter="false" isSetter="false">
              <Summary numSequencePoints="1" visitedSequencePoints="0" numBranchPoints="1" visitedBranchPoints="0" sequenceCoverage="0" branchCoverage="0" maxCyclomaticComplexity="1" minCyclomaticComplexity="1" visitedClasses="0" numClasses="0" visitedMethods="0" numMethods="1" />
              <MetadataToken>100663631</MetadataToken>
              <Name>System.Object TaskManagerAPI.Areas.HelpPage.ObjectGenerator/SimpleTypeObjectGenerator/&lt;&gt;c::&lt;InitializeGenerators&gt;b__2_4(System.Int64)</Name>
              <FileRef uid="29" />
              <SequencePoints>
                <SequencePoint vc="0" uspid="1525" ordinal="0" offset="0" sl="410" sc="56" el="410" ec="88" bec="0" bev="0" fileid="29" />
              </SequencePoints>
              <BranchPoints />
              <MethodPoint xsi:type="SequencePoint" vc="0" uspid="1525" ordinal="0" offset="0" sl="410" sc="56" el="410" ec="88" bec="0" bev="0" fileid="29" />
            </Method>
            <Method visited="false" cyclomaticComplexity="1" nPathComplexity="0" sequenceCoverage="0" branchCoverage="0" isConstructor="false" isStatic="false" isGetter="false" isSetter="false">
              <Summary numSequencePoints="1" visitedSequencePoints="0" numBranchPoints="1" visitedBranchPoints="0" sequenceCoverage="0" branchCoverage="0" maxCyclomaticComplexity="1" minCyclomaticComplexity="1" visitedClasses="0" numClasses="0" visitedMethods="0" numMethods="1" />
              <MetadataToken>100663632</MetadataToken>
              <Name>System.Object TaskManagerAPI.Areas.HelpPage.ObjectGenerator/SimpleTypeObjectGenerator/&lt;&gt;c::&lt;InitializeGenerators&gt;b__2_5(System.Int64)</Name>
              <FileRef uid="29" />
              <SequencePoints>
                <SequencePoint vc="0" uspid="1526" ordinal="0" offset="0" sl="411" sc="48" el="411" ec="60" bec="0" bev="0" fileid="29" />
              </SequencePoints>
              <BranchPoints />
              <MethodPoint xsi:type="SequencePoint" vc="0" uspid="1526" ordinal="0" offset="0" sl="411" sc="48" el="411" ec="60" bec="0" bev="0" fileid="29" />
            </Method>
            <Method visited="false" cyclomaticComplexity="1" nPathComplexity="0" sequenceCoverage="0" branchCoverage="0" isConstructor="false" isStatic="false" isGetter="false" isSetter="false">
              <Summary numSequencePoints="1" visitedSequencePoints="0" numBranchPoints="1" visitedBranchPoints="0" sequenceCoverage="0" branchCoverage="0" maxCyclomaticComplexity="1" minCyclomaticComplexity="1" visitedClasses="0" numClasses="0" visitedMethods="0" numMethods="1" />
              <MetadataToken>100663633</MetadataToken>
              <Name>System.Object TaskManagerAPI.Areas.HelpPage.ObjectGenerator/SimpleTypeObjectGenerator/&lt;&gt;c::&lt;InitializeGenerators&gt;b__2_6(System.Int64)</Name>
              <FileRef uid="29" />
              <SequencePoints>
                <SequencePoint vc="0" uspid="1527" ordinal="0" offset="0" sl="412" sc="49" el="412" ec="63" bec="0" bev="0" fileid="29" />
              </SequencePoints>
              <BranchPoints />
              <MethodPoint xsi:type="SequencePoint" vc="0" uspid="1527" ordinal="0" offset="0" sl="412" sc="49" el="412" ec="63" bec="0" bev="0" fileid="29" />
            </Method>
            <Method visited="false" cyclomaticComplexity="1" nPathComplexity="0" sequenceCoverage="0" branchCoverage="0" isConstructor="false" isStatic="false" isGetter="false" isSetter="false">
              <Summary numSequencePoints="1" visitedSequencePoints="0" numBranchPoints="1" visitedBranchPoints="0" sequenceCoverage="0" branchCoverage="0" maxCyclomaticComplexity="1" minCyclomaticComplexity="1" visitedClasses="0" numClasses="0" visitedMethods="0" numMethods="1" />
              <MetadataToken>100663634</MetadataToken>
              <Name>System.Object TaskManagerAPI.Areas.HelpPage.ObjectGenerator/SimpleTypeObjectGenerator/&lt;&gt;c::&lt;InitializeGenerators&gt;b__2_7(System.Int64)</Name>
              <FileRef uid="29" />
              <SequencePoints>
                <SequencePoint vc="0" uspid="1528" ordinal="0" offset="0" sl="413" sc="48" el="413" ec="69" bec="0" bev="0" fileid="29" />
              </SequencePoints>
              <BranchPoints />
              <MethodPoint xsi:type="SequencePoint" vc="0" uspid="1528" ordinal="0" offset="0" sl="413" sc="48" el="413" ec="69" bec="0" bev="0" fileid="29" />
            </Method>
            <Method visited="false" cyclomaticComplexity="1" nPathComplexity="0" sequenceCoverage="0" branchCoverage="0" isConstructor="false" isStatic="false" isGetter="false" isSetter="false">
              <Summary numSequencePoints="1" visitedSequencePoints="0" numBranchPoints="1" visitedBranchPoints="0" sequenceCoverage="0" branchCoverage="0" maxCyclomaticComplexity="1" minCyclomaticComplexity="1" visitedClasses="0" numClasses="0" visitedMethods="0" numMethods="1" />
              <MetadataToken>100663635</MetadataToken>
              <Name>System.Object TaskManagerAPI.Areas.HelpPage.ObjectGenerator/SimpleTypeObjectGenerator/&lt;&gt;c::&lt;InitializeGenerators&gt;b__2_8(System.Int64)</Name>
              <FileRef uid="29" />
              <SequencePoints>
                <SequencePoint vc="0" uspid="1529" ordinal="0" offset="0" sl="414" sc="46" el="414" ec="60" bec="0" bev="0" fileid="29" />
              </SequencePoints>
              <BranchPoints />
              <MethodPoint xsi:type="SequencePoint" vc="0" uspid="1529" ordinal="0" offset="0" sl="414" sc="46" el="414" ec="60" bec="0" bev="0" fileid="29" />
            </Method>
            <Method visited="false" cyclomaticComplexity="1" nPathComplexity="0" sequenceCoverage="0" branchCoverage="0" isConstructor="false" isStatic="false" isGetter="false" isSetter="false">
              <Summary numSequencePoints="1" visitedSequencePoints="0" numBranchPoints="1" visitedBranchPoints="0" sequenceCoverage="0" branchCoverage="0" maxCyclomaticComplexity="1" minCyclomaticComplexity="1" visitedClasses="0" numClasses="0" visitedMethods="0" numMethods="1" />
              <MetadataToken>100663636</MetadataToken>
              <Name>System.Object TaskManagerAPI.Areas.HelpPage.ObjectGenerator/SimpleTypeObjectGenerator/&lt;&gt;c::&lt;InitializeGenerators&gt;b__2_9(System.Int64)</Name>
              <FileRef uid="29" />
              <SequencePoints>
                <SequencePoint vc="0" uspid="1530" ordinal="0" offset="0" sl="415" sc="47" el="415" ec="78" bec="0" bev="0" fileid="29" />
              </SequencePoints>
              <BranchPoints />
              <MethodPoint xsi:type="SequencePoint" vc="0" uspid="1530" ordinal="0" offset="0" sl="415" sc="47" el="415" ec="78" bec="0" bev="0" fileid="29" />
            </Method>
            <Method visited="false" cyclomaticComplexity="1" nPathComplexity="0" sequenceCoverage="0" branchCoverage="0" isConstructor="false" isStatic="false" isGetter="false" isSetter="false">
              <Summary numSequencePoints="1" visitedSequencePoints="0" numBranchPoints="1" visitedBranchPoints="0" sequenceCoverage="0" branchCoverage="0" maxCyclomaticComplexity="1" minCyclomaticComplexity="1" visitedClasses="0" numClasses="0" visitedMethods="0" numMethods="1" />
              <MetadataToken>100663637</MetadataToken>
              <Name>System.Object TaskManagerAPI.Areas.HelpPage.ObjectGenerator/SimpleTypeObjectGenerator/&lt;&gt;c::&lt;InitializeGenerators&gt;b__2_10(System.Int64)</Name>
              <FileRef uid="29" />
              <SequencePoints>
                <SequencePoint vc="0" uspid="1531" ordinal="0" offset="0" sl="416" sc="47" el="416" ec="78" bec="0" bev="0" fileid="29" />
              </SequencePoints>
              <BranchPoints />
              <MethodPoint xsi:type="SequencePoint" vc="0" uspid="1531" ordinal="0" offset="0" sl="416" sc="47" el="416" ec="78" bec="0" bev="0" fileid="29" />
            </Method>
            <Method visited="false" cyclomaticComplexity="1" nPathComplexity="0" sequenceCoverage="0" branchCoverage="0" isConstructor="false" isStatic="false" isGetter="false" isSetter="false">
              <Summary numSequencePoints="1" visitedSequencePoints="0" numBranchPoints="1" visitedBranchPoints="0" sequenceCoverage="0" branchCoverage="0" maxCyclomaticComplexity="1" minCyclomaticComplexity="1" visitedClasses="0" numClasses="0" visitedMethods="0" numMethods="1" />
              <MetadataToken>100663638</MetadataToken>
              <Name>System.Object TaskManagerAPI.Areas.HelpPage.ObjectGenerator/SimpleTypeObjectGenerator/&lt;&gt;c::&lt;InitializeGenerators&gt;b__2_11(System.Int64)</Name>
              <FileRef uid="29" />
              <SequencePoints>
                <SequencePoint vc="0" uspid="1532" ordinal="0" offset="0" sl="417" sc="47" el="417" ec="59" bec="0" bev="0" fileid="29" />
              </SequencePoints>
              <BranchPoints />
              <MethodPoint xsi:type="SequencePoint" vc="0" uspid="1532" ordinal="0" offset="0" sl="417" sc="47" el="417" ec="59" bec="0" bev="0" fileid="29" />
            </Method>
            <Method visited="false" cyclomaticComplexity="1" nPathComplexity="0" sequenceCoverage="0" branchCoverage="0" isConstructor="false" isStatic="false" isGetter="false" isSetter="false">
              <Summary numSequencePoints="1" visitedSequencePoints="0" numBranchPoints="1" visitedBranchPoints="0" sequenceCoverage="0" branchCoverage="0" maxCyclomaticComplexity="1" minCyclomaticComplexity="1" visitedClasses="0" numClasses="0" visitedMethods="0" numMethods="1" />
              <MetadataToken>100663639</MetadataToken>
              <Name>System.Object TaskManagerAPI.Areas.HelpPage.ObjectGenerator/SimpleTypeObjectGenerator/&lt;&gt;c::&lt;InitializeGenerators&gt;b__2_12(System.Int64)</Name>
              <FileRef uid="29" />
              <SequencePoints>
                <SequencePoint vc="0" uspid="1533" ordinal="0" offset="0" sl="418" sc="48" el="418" ec="60" bec="0" bev="0" fileid="29" />
              </SequencePoints>
              <BranchPoints />
              <MethodPoint xsi:type="SequencePoint" vc="0" uspid="1533" ordinal="0" offset="0" sl="418" sc="48" el="418" ec="60" bec="0" bev="0" fileid="29" />
            </Method>
            <Method visited="false" cyclomaticComplexity="1" nPathComplexity="0" sequenceCoverage="0" branchCoverage="0" isConstructor="false" isStatic="false" isGetter="false" isSetter="false">
              <Summary numSequencePoints="1" visitedSequencePoints="0" numBranchPoints="1" visitedBranchPoints="0" sequenceCoverage="0" branchCoverage="0" maxCyclomaticComplexity="1" minCyclomaticComplexity="1" visitedClasses="0" numClasses="0" visitedMethods="0" numMethods="1" />
              <MetadataToken>100663640</MetadataToken>
              <Name>System.Object TaskManagerAPI.Areas.HelpPage.ObjectGenerator/SimpleTypeObjectGenerator/&lt;&gt;c::&lt;InitializeGenerators&gt;b__2_13(System.Int64)</Name>
              <FileRef uid="29" />
              <SequencePoints>
                <SequencePoint vc="0" uspid="1534" ordinal="0" offset="0" sl="419" sc="47" el="419" ec="56" bec="0" bev="0" fileid="29" />
              </SequencePoints>
              <BranchPoints />
              <MethodPoint xsi:type="SequencePoint" vc="0" uspid="1534" ordinal="0" offset="0" sl="419" sc="47" el="419" ec="56" bec="0" bev="0" fileid="29" />
            </Method>
            <Method visited="false" cyclomaticComplexity="1" nPathComplexity="0" sequenceCoverage="0" branchCoverage="0" isConstructor="false" isStatic="false" isGetter="false" isSetter="false">
              <Summary numSequencePoints="1" visitedSequencePoints="0" numBranchPoints="1" visitedBranchPoints="0" sequenceCoverage="0" branchCoverage="0" maxCyclomaticComplexity="1" minCyclomaticComplexity="1" visitedClasses="0" numClasses="0" visitedMethods="0" numMethods="1" />
              <MetadataToken>100663641</MetadataToken>
              <Name>System.Object TaskManagerAPI.Areas.HelpPage.ObjectGenerator/SimpleTypeObjectGenerator/&lt;&gt;c::&lt;InitializeGenerators&gt;b__2_14(System.Int64)</Name>
              <FileRef uid="29" />
              <SequencePoints>
                <SequencePoint vc="0" uspid="1535" ordinal="0" offset="0" sl="420" sc="48" el="420" ec="69" bec="0" bev="0" fileid="29" />
              </SequencePoints>
              <BranchPoints />
              <MethodPoint xsi:type="SequencePoint" vc="0" uspid="1535" ordinal="0" offset="0" sl="420" sc="48" el="420" ec="69" bec="0" bev="0" fileid="29" />
            </Method>
            <Method visited="false" cyclomaticComplexity="1" nPathComplexity="0" sequenceCoverage="0" branchCoverage="0" isConstructor="false" isStatic="false" isGetter="false" isSetter="false">
              <Summary numSequencePoints="3" visitedSequencePoints="0" numBranchPoints="1" visitedBranchPoints="0" sequenceCoverage="0" branchCoverage="0" maxCyclomaticComplexity="1" minCyclomaticComplexity="1" visitedClasses="0" numClasses="0" visitedMethods="0" numMethods="1" />
              <MetadataToken>100663642</MetadataToken>
              <Name>System.Object TaskManagerAPI.Areas.HelpPage.ObjectGenerator/SimpleTypeObjectGenerator/&lt;&gt;c::&lt;InitializeGenerators&gt;b__2_15(System.Int64)</Name>
              <FileRef uid="29" />
              <SequencePoints>
                <SequencePoint vc="0" uspid="1536" ordinal="0" offset="0" sl="423" sc="25" el="423" ec="26" bec="0" bev="0" fileid="29" />
                <SequencePoint vc="0" uspid="1537" ordinal="1" offset="1" sl="424" sc="29" el="424" ec="106" bec="0" bev="0" fileid="29" />
                <SequencePoint vc="0" uspid="1538" ordinal="2" offset="34" sl="425" sc="25" el="425" ec="26" bec="0" bev="0" fileid="29" />
              </SequencePoints>
              <BranchPoints />
              <MethodPoint xsi:type="SequencePoint" vc="0" uspid="1536" ordinal="0" offset="0" sl="423" sc="25" el="423" ec="26" bec="0" bev="0" fileid="29" />
            </Method>
            <Method visited="false" cyclomaticComplexity="1" nPathComplexity="0" sequenceCoverage="0" branchCoverage="0" isConstructor="false" isStatic="false" isGetter="false" isSetter="false">
              <Summary numSequencePoints="3" visitedSequencePoints="0" numBranchPoints="1" visitedBranchPoints="0" sequenceCoverage="0" branchCoverage="0" maxCyclomaticComplexity="1" minCyclomaticComplexity="1" visitedClasses="0" numClasses="0" visitedMethods="0" numMethods="1" />
              <MetadataToken>100663643</MetadataToken>
              <Name>System.Object TaskManagerAPI.Areas.HelpPage.ObjectGenerator/SimpleTypeObjectGenerator/&lt;&gt;c::&lt;InitializeGenerators&gt;b__2_16(System.Int64)</Name>
              <FileRef uid="29" />
              <SequencePoints>
                <SequencePoint vc="0" uspid="1539" ordinal="0" offset="0" sl="429" sc="25" el="429" ec="26" bec="0" bev="0" fileid="29" />
                <SequencePoint vc="0" uspid="1540" ordinal="1" offset="1" sl="430" sc="29" el="430" ec="64" bec="0" bev="0" fileid="29" />
                <SequencePoint vc="0" uspid="1541" ordinal="2" offset="20" sl="431" sc="25" el="431" ec="26" bec="0" bev="0" fileid="29" />
              </SequencePoints>
              <BranchPoints />
              <MethodPoint xsi:type="SequencePoint" vc="0" uspid="1539" ordinal="0" offset="0" sl="429" sc="25" el="429" ec="26" bec="0" bev="0" fileid="29" />
            </Method>
            <Method visited="false" cyclomaticComplexity="1" nPathComplexity="0" sequenceCoverage="0" branchCoverage="0" isConstructor="false" isStatic="false" isGetter="false" isSetter="false">
              <Summary numSequencePoints="1" visitedSequencePoints="0" numBranchPoints="1" visitedBranchPoints="0" sequenceCoverage="0" branchCoverage="0" maxCyclomaticComplexity="1" minCyclomaticComplexity="1" visitedClasses="0" numClasses="0" visitedMethods="0" numMethods="1" />
              <MetadataToken>100663644</MetadataToken>
              <Name>System.Object TaskManagerAPI.Areas.HelpPage.ObjectGenerator/SimpleTypeObjectGenerator/&lt;&gt;c::&lt;InitializeGenerators&gt;b__2_17(System.Int64)</Name>
              <FileRef uid="29" />
              <SequencePoints>
                <SequencePoint vc="0" uspid="1542" ordinal="0" offset="0" sl="433" sc="48" el="433" ec="81" bec="0" bev="0" fileid="29" />
              </SequencePoints>
              <BranchPoints />
              <MethodPoint xsi:type="SequencePoint" vc="0" uspid="1542" ordinal="0" offset="0" sl="433" sc="48" el="433" ec="81" bec="0" bev="0" fileid="29" />
            </Method>
            <Method visited="false" cyclomaticComplexity="1" nPathComplexity="0" sequenceCoverage="0" branchCoverage="0" isConstructor="false" isStatic="false" isGetter="false" isSetter="false">
              <Summary numSequencePoints="1" visitedSequencePoints="0" numBranchPoints="1" visitedBranchPoints="0" sequenceCoverage="0" branchCoverage="0" maxCyclomaticComplexity="1" minCyclomaticComplexity="1" visitedClasses="0" numClasses="0" visitedMethods="0" numMethods="1" />
              <MetadataToken>100663645</MetadataToken>
              <Name>System.Object TaskManagerAPI.Areas.HelpPage.ObjectGenerator/SimpleTypeObjectGenerator/&lt;&gt;c::&lt;InitializeGenerators&gt;b__2_18(System.Int64)</Name>
              <FileRef uid="29" />
              <SequencePoints>
                <SequencePoint vc="0" uspid="1543" ordinal="0" offset="0" sl="434" sc="48" el="434" ec="81" bec="0" bev="0" fileid="29" />
              </SequencePoints>
              <BranchPoints />
              <MethodPoint xsi:type="SequencePoint" vc="0" uspid="1543" ordinal="0" offset="0" sl="434" sc="48" el="434" ec="81" bec="0" bev="0" fileid="29" />
            </Method>
            <Method visited="false" cyclomaticComplexity="1" nPathComplexity="0" sequenceCoverage="0" branchCoverage="0" isConstructor="false" isStatic="false" isGetter="false" isSetter="false">
              <Summary numSequencePoints="1" visitedSequencePoints="0" numBranchPoints="1" visitedBranchPoints="0" sequenceCoverage="0" branchCoverage="0" maxCyclomaticComplexity="1" minCyclomaticComplexity="1" visitedClasses="0" numClasses="0" visitedMethods="0" numMethods="1" />
              <MetadataToken>100663646</MetadataToken>
              <Name>System.Object TaskManagerAPI.Areas.HelpPage.ObjectGenerator/SimpleTypeObjectGenerator/&lt;&gt;c::&lt;InitializeGenerators&gt;b__2_19(System.Int64)</Name>
              <FileRef uid="29" />
              <SequencePoints>
                <SequencePoint vc="0" uspid="1544" ordinal="0" offset="0" sl="435" sc="48" el="435" ec="61" bec="0" bev="0" fileid="29" />
              </SequencePoints>
              <BranchPoints />
              <MethodPoint xsi:type="SequencePoint" vc="0" uspid="1544" ordinal="0" offset="0" sl="435" sc="48" el="435" ec="61" bec="0" bev="0" fileid="29" />
            </Method>
            <Method visited="false" cyclomaticComplexity="1" nPathComplexity="0" sequenceCoverage="0" branchCoverage="0" isConstructor="false" isStatic="false" isGetter="false" isSetter="false">
              <Summary numSequencePoints="3" visitedSequencePoints="0" numBranchPoints="1" visitedBranchPoints="0" sequenceCoverage="0" branchCoverage="0" maxCyclomaticComplexity="1" minCyclomaticComplexity="1" visitedClasses="0" numClasses="0" visitedMethods="0" numMethods="1" />
              <MetadataToken>100663647</MetadataToken>
              <Name>System.Object TaskManagerAPI.Areas.HelpPage.ObjectGenerator/SimpleTypeObjectGenerator/&lt;&gt;c::&lt;InitializeGenerators&gt;b__2_20(System.Int64)</Name>
              <FileRef uid="29" />
              <SequencePoints>
                <SequencePoint vc="0" uspid="1545" ordinal="0" offset="0" sl="438" sc="25" el="438" ec="26" bec="0" bev="0" fileid="29" />
                <SequencePoint vc="0" uspid="1546" ordinal="1" offset="1" sl="439" sc="29" el="439" ec="126" bec="0" bev="0" fileid="29" />
                <SequencePoint vc="0" uspid="1547" ordinal="2" offset="39" sl="440" sc="25" el="440" ec="26" bec="0" bev="0" fileid="29" />
              </SequencePoints>
              <BranchPoints />
              <MethodPoint xsi:type="SequencePoint" vc="0" uspid="1545" ordinal="0" offset="0" sl="438" sc="25" el="438" ec="26" bec="0" bev="0" fileid="29" />
            </Method>
          </Methods>
        </Class>
        <Class>
          <Summary numSequencePoints="19" visitedSequencePoints="0" numBranchPoints="8" visitedBranchPoints="0" sequenceCoverage="0" branchCoverage="0" maxCyclomaticComplexity="2" minCyclomaticComplexity="1" visitedClasses="0" numClasses="1" visitedMethods="0" numMethods="6" />
          <FullName>TaskManagerAPI.Areas.HelpPage.TextSample</FullName>
          <Methods>
            <Method visited="false" cyclomaticComplexity="1" nPathComplexity="0" sequenceCoverage="0" branchCoverage="0" isConstructor="false" isStatic="false" isGetter="true" isSetter="false">
              <Summary numSequencePoints="1" visitedSequencePoints="0" numBranchPoints="1" visitedBranchPoints="0" sequenceCoverage="0" branchCoverage="0" maxCyclomaticComplexity="1" minCyclomaticComplexity="1" visitedClasses="0" numClasses="0" visitedMethods="0" numMethods="1" />
              <MetadataToken>100663467</MetadataToken>
              <Name>System.String TaskManagerAPI.Areas.HelpPage.TextSample::get_Text()</Name>
              <FileRef uid="32" />
              <SequencePoints>
                <SequencePoint vc="0" uspid="1548" ordinal="0" offset="0" sl="19" sc="30" el="19" ec="34" bec="0" bev="0" fileid="32" />
              </SequencePoints>
              <BranchPoints />
              <MethodPoint xsi:type="SequencePoint" vc="0" uspid="1548" ordinal="0" offset="0" sl="19" sc="30" el="19" ec="34" bec="0" bev="0" fileid="32" />
            </Method>
            <Method visited="false" cyclomaticComplexity="1" nPathComplexity="0" sequenceCoverage="0" branchCoverage="0" isConstructor="false" isStatic="false" isGetter="false" isSetter="true">
              <Summary numSequencePoints="1" visitedSequencePoints="0" numBranchPoints="1" visitedBranchPoints="0" sequenceCoverage="0" branchCoverage="0" maxCyclomaticComplexity="1" minCyclomaticComplexity="1" visitedClasses="0" numClasses="0" visitedMethods="0" numMethods="1" />
              <MetadataToken>100663468</MetadataToken>
              <Name>System.Void TaskManagerAPI.Areas.HelpPage.TextSample::set_Text(System.String)</Name>
              <FileRef uid="32" />
              <SequencePoints>
                <SequencePoint vc="0" uspid="1549" ordinal="0" offset="0" sl="19" sc="35" el="19" ec="47" bec="0" bev="0" fileid="32" />
              </SequencePoints>
              <BranchPoints />
              <MethodPoint xsi:type="SequencePoint" vc="0" uspid="1549" ordinal="0" offset="0" sl="19" sc="35" el="19" ec="47" bec="0" bev="0" fileid="32" />
            </Method>
            <Method visited="false" cyclomaticComplexity="2" nPathComplexity="2" sequenceCoverage="0" branchCoverage="0" isConstructor="true" isStatic="false" isGetter="false" isSetter="false">
              <Summary numSequencePoints="7" visitedSequencePoints="0" numBranchPoints="3" visitedBranchPoints="0" sequenceCoverage="0" branchCoverage="0" maxCyclomaticComplexity="2" minCyclomaticComplexity="2" visitedClasses="0" numClasses="0" visitedMethods="0" numMethods="1" />
              <MetadataToken>100663466</MetadataToken>
              <Name>System.Void TaskManagerAPI.Areas.HelpPage.TextSample::.ctor(System.String)</Name>
              <FileRef uid="32" />
              <SequencePoints>
                <SequencePoint vc="0" uspid="1550" ordinal="0" offset="0" sl="10" sc="9" el="10" ec="39" bec="0" bev="0" fileid="32" />
                <SequencePoint vc="0" uspid="1551" ordinal="1" offset="7" sl="11" sc="9" el="11" ec="10" bec="0" bev="0" fileid="32" />
                <SequencePoint vc="0" uspid="1552" ordinal="2" offset="8" sl="12" sc="13" el="12" ec="30" bec="2" bev="0" fileid="32" />
                <SequencePoint vc="0" uspid="1553" ordinal="3" offset="16" sl="13" sc="13" el="13" ec="14" bec="0" bev="0" fileid="32" />
                <SequencePoint vc="0" uspid="1554" ordinal="4" offset="17" sl="14" sc="17" el="14" ec="57" bec="0" bev="0" fileid="32" />
                <SequencePoint vc="0" uspid="1555" ordinal="5" offset="28" sl="16" sc="13" el="16" ec="25" bec="0" bev="0" fileid="32" />
                <SequencePoint vc="0" uspid="1556" ordinal="6" offset="36" sl="17" sc="9" el="17" ec="10" bec="0" bev="0" fileid="32" />
              </SequencePoints>
              <BranchPoints>
                <BranchPoint vc="0" uspid="1557" ordinal="0" offset="14" sl="12" path="0" offsetend="16" fileid="32" />
                <BranchPoint vc="0" uspid="1558" ordinal="1" offset="14" sl="12" path="1" offsetend="28" fileid="32" />
              </BranchPoints>
              <MethodPoint xsi:type="SequencePoint" vc="0" uspid="1550" ordinal="0" offset="0" sl="10" sc="9" el="10" ec="39" bec="0" bev="0" fileid="32" />
            </Method>
            <Method visited="false" cyclomaticComplexity="2" nPathComplexity="0" sequenceCoverage="0" branchCoverage="0" isConstructor="false" isStatic="false" isGetter="false" isSetter="false">
              <Summary numSequencePoints="4" visitedSequencePoints="0" numBranchPoints="1" visitedBranchPoints="0" sequenceCoverage="0" branchCoverage="0" maxCyclomaticComplexity="2" minCyclomaticComplexity="2" visitedClasses="0" numClasses="0" visitedMethods="0" numMethods="1" />
              <MetadataToken>100663469</MetadataToken>
              <Name>System.Boolean TaskManagerAPI.Areas.HelpPage.TextSample::Equals(System.Object)</Name>
              <FileRef uid="32" />
              <SequencePoints>
                <SequencePoint vc="0" uspid="1559" ordinal="0" offset="0" sl="22" sc="9" el="22" ec="10" bec="0" bev="0" fileid="32" />
                <SequencePoint vc="0" uspid="1560" ordinal="1" offset="1" sl="23" sc="13" el="23" ec="50" bec="0" bev="0" fileid="32" />
                <SequencePoint vc="0" uspid="1561" ordinal="2" offset="8" sl="24" sc="13" el="24" ec="56" bec="0" bev="0" fileid="32" />
                <SequencePoint vc="0" uspid="1562" ordinal="3" offset="34" sl="25" sc="9" el="25" ec="10" bec="0" bev="0" fileid="32" />
              </SequencePoints>
              <BranchPoints />
              <MethodPoint xsi:type="SequencePoint" vc="0" uspid="1559" ordinal="0" offset="0" sl="22" sc="9" el="22" ec="10" bec="0" bev="0" fileid="32" />
            </Method>
            <Method visited="false" cyclomaticComplexity="1" nPathComplexity="0" sequenceCoverage="0" branchCoverage="0" isConstructor="false" isStatic="false" isGetter="false" isSetter="false">
              <Summary numSequencePoints="3" visitedSequencePoints="0" numBranchPoints="1" visitedBranchPoints="0" sequenceCoverage="0" branchCoverage="0" maxCyclomaticComplexity="1" minCyclomaticComplexity="1" visitedClasses="0" numClasses="0" visitedMethods="0" numMethods="1" />
              <MetadataToken>100663470</MetadataToken>
              <Name>System.Int32 TaskManagerAPI.Areas.HelpPage.TextSample::GetHashCode()</Name>
              <FileRef uid="32" />
              <SequencePoints>
                <SequencePoint vc="0" uspid="1565" ordinal="0" offset="0" sl="28" sc="9" el="28" ec="10" bec="0" bev="0" fileid="32" />
                <SequencePoint vc="0" uspid="1566" ordinal="1" offset="1" sl="29" sc="13" el="29" ec="39" bec="0" bev="0" fileid="32" />
                <SequencePoint vc="0" uspid="1567" ordinal="2" offset="15" sl="30" sc="9" el="30" ec="10" bec="0" bev="0" fileid="32" />
              </SequencePoints>
              <BranchPoints />
              <MethodPoint xsi:type="SequencePoint" vc="0" uspid="1565" ordinal="0" offset="0" sl="28" sc="9" el="28" ec="10" bec="0" bev="0" fileid="32" />
            </Method>
            <Method visited="false" cyclomaticComplexity="1" nPathComplexity="0" sequenceCoverage="0" branchCoverage="0" isConstructor="false" isStatic="false" isGetter="false" isSetter="false">
              <Summary numSequencePoints="3" visitedSequencePoints="0" numBranchPoints="1" visitedBranchPoints="0" sequenceCoverage="0" branchCoverage="0" maxCyclomaticComplexity="1" minCyclomaticComplexity="1" visitedClasses="0" numClasses="0" visitedMethods="0" numMethods="1" />
              <MetadataToken>100663471</MetadataToken>
              <Name>System.String TaskManagerAPI.Areas.HelpPage.TextSample::ToString()</Name>
              <FileRef uid="32" />
              <SequencePoints>
                <SequencePoint vc="0" uspid="1568" ordinal="0" offset="0" sl="33" sc="9" el="33" ec="10" bec="0" bev="0" fileid="32" />
                <SequencePoint vc="0" uspid="1569" ordinal="1" offset="1" sl="34" sc="13" el="34" ec="25" bec="0" bev="0" fileid="32" />
                <SequencePoint vc="0" uspid="1570" ordinal="2" offset="10" sl="35" sc="9" el="35" ec="10" bec="0" bev="0" fileid="32" />
              </SequencePoints>
              <BranchPoints />
              <MethodPoint xsi:type="SequencePoint" vc="0" uspid="1568" ordinal="0" offset="0" sl="33" sc="9" el="33" ec="10" bec="0" bev="0" fileid="32" />
            </Method>
          </Methods>
        </Class>
        <Class>
          <Summary numSequencePoints="97" visitedSequencePoints="0" numBranchPoints="34" visitedBranchPoints="0" sequenceCoverage="0" branchCoverage="0" maxCyclomaticComplexity="4" minCyclomaticComplexity="1" visitedClasses="0" numClasses="1" visitedMethods="0" numMethods="12" />
          <FullName>TaskManagerAPI.Areas.HelpPage.XmlDocumentationProvider</FullName>
          <Methods>
            <Method visited="false" cyclomaticComplexity="2" nPathComplexity="2" sequenceCoverage="0" branchCoverage="0" isConstructor="true" isStatic="false" isGetter="false" isSetter="false">
              <Summary numSequencePoints="8" visitedSequencePoints="0" numBranchPoints="3" visitedBranchPoints="0" sequenceCoverage="0" branchCoverage="0" maxCyclomaticComplexity="2" minCyclomaticComplexity="2" visitedClasses="0" numClasses="0" visitedMethods="0" numMethods="1" />
              <MetadataToken>100663472</MetadataToken>
              <Name>System.Void TaskManagerAPI.Areas.HelpPage.XmlDocumentationProvider::.ctor(System.String)</Name>
              <FileRef uid="33" />
              <SequencePoints>
                <SequencePoint vc="0" uspid="1571" ordinal="0" offset="0" sl="28" sc="9" el="28" ec="61" bec="0" bev="0" fileid="33" />
                <SequencePoint vc="0" uspid="1572" ordinal="1" offset="7" sl="29" sc="9" el="29" ec="10" bec="0" bev="0" fileid="33" />
                <SequencePoint vc="0" uspid="1573" ordinal="2" offset="8" sl="30" sc="13" el="30" ec="38" bec="2" bev="0" fileid="33" />
                <SequencePoint vc="0" uspid="1574" ordinal="3" offset="16" sl="31" sc="13" el="31" ec="14" bec="0" bev="0" fileid="33" />
                <SequencePoint vc="0" uspid="1575" ordinal="4" offset="17" sl="32" sc="17" el="32" ec="65" bec="0" bev="0" fileid="33" />
                <SequencePoint vc="0" uspid="1576" ordinal="5" offset="28" sl="34" sc="13" el="34" ec="67" bec="0" bev="0" fileid="33" />
                <SequencePoint vc="0" uspid="1577" ordinal="6" offset="35" sl="35" sc="13" el="35" ec="58" bec="0" bev="0" fileid="33" />
                <SequencePoint vc="0" uspid="1578" ordinal="7" offset="47" sl="36" sc="9" el="36" ec="10" bec="0" bev="0" fileid="33" />
              </SequencePoints>
              <BranchPoints>
                <BranchPoint vc="0" uspid="1579" ordinal="0" offset="14" sl="30" path="0" offsetend="16" fileid="33" />
                <BranchPoint vc="0" uspid="1580" ordinal="1" offset="14" sl="30" path="1" offsetend="28" fileid="33" />
              </BranchPoints>
              <MethodPoint xsi:type="SequencePoint" vc="0" uspid="1571" ordinal="0" offset="0" sl="28" sc="9" el="28" ec="61" bec="0" bev="0" fileid="33" />
            </Method>
            <Method visited="false" cyclomaticComplexity="1" nPathComplexity="0" sequenceCoverage="0" branchCoverage="0" isConstructor="false" isStatic="false" isGetter="false" isSetter="false">
              <Summary numSequencePoints="4" visitedSequencePoints="0" numBranchPoints="1" visitedBranchPoints="0" sequenceCoverage="0" branchCoverage="0" maxCyclomaticComplexity="1" minCyclomaticComplexity="1" visitedClasses="0" numClasses="0" visitedMethods="0" numMethods="1" />
              <MetadataToken>100663473</MetadataToken>
              <Name>System.String TaskManagerAPI.Areas.HelpPage.XmlDocumentationProvider::GetDocumentation(System.Web.Http.Controllers.HttpControllerDescriptor)</Name>
              <FileRef uid="33" />
              <SequencePoints>
                <SequencePoint vc="0" uspid="1581" ordinal="0" offset="0" sl="39" sc="9" el="39" ec="10" bec="0" bev="0" fileid="33" />
                <SequencePoint vc="0" uspid="1582" ordinal="1" offset="1" sl="40" sc="13" el="40" ec="88" bec="0" bev="0" fileid="33" />
                <SequencePoint vc="0" uspid="1583" ordinal="2" offset="14" sl="41" sc="13" el="41" ec="53" bec="0" bev="0" fileid="33" />
                <SequencePoint vc="0" uspid="1584" ordinal="3" offset="28" sl="42" sc="9" el="42" ec="10" bec="0" bev="0" fileid="33" />
              </SequencePoints>
              <BranchPoints />
              <MethodPoint xsi:type="SequencePoint" vc="0" uspid="1581" ordinal="0" offset="0" sl="39" sc="9" el="39" ec="10" bec="0" bev="0" fileid="33" />
            </Method>
            <Method visited="false" cyclomaticComplexity="1" nPathComplexity="0" sequenceCoverage="0" branchCoverage="0" isConstructor="false" isStatic="false" isGetter="false" isSetter="false">
              <Summary numSequencePoints="4" visitedSequencePoints="0" numBranchPoints="1" visitedBranchPoints="0" sequenceCoverage="0" branchCoverage="0" maxCyclomaticComplexity="1" minCyclomaticComplexity="1" visitedClasses="0" numClasses="0" visitedMethods="0" numMethods="1" />
              <MetadataToken>100663474</MetadataToken>
              <Name>System.String TaskManagerAPI.Areas.HelpPage.XmlDocumentationProvider::GetDocumentation(System.Web.Http.Controllers.HttpActionDescriptor)</Name>
              <FileRef uid="33" />
              <SequencePoints>
                <SequencePoint vc="0" uspid="1585" ordinal="0" offset="0" sl="45" sc="9" el="45" ec="10" bec="0" bev="0" fileid="33" />
                <SequencePoint vc="0" uspid="1586" ordinal="1" offset="1" sl="46" sc="13" el="46" ec="73" bec="0" bev="0" fileid="33" />
                <SequencePoint vc="0" uspid="1587" ordinal="2" offset="9" sl="47" sc="13" el="47" ec="55" bec="0" bev="0" fileid="33" />
                <SequencePoint vc="0" uspid="1588" ordinal="3" offset="23" sl="48" sc="9" el="48" ec="10" bec="0" bev="0" fileid="33" />
              </SequencePoints>
              <BranchPoints />
              <MethodPoint xsi:type="SequencePoint" vc="0" uspid="1585" ordinal="0" offset="0" sl="45" sc="9" el="45" ec="10" bec="0" bev="0" fileid="33" />
            </Method>
            <Method visited="false" cyclomaticComplexity="4" nPathComplexity="8" sequenceCoverage="0" branchCoverage="0" isConstructor="false" isStatic="false" isGetter="false" isSetter="false">
              <Summary numSequencePoints="16" visitedSequencePoints="0" numBranchPoints="7" visitedBranchPoints="0" sequenceCoverage="0" branchCoverage="0" maxCyclomaticComplexity="4" minCyclomaticComplexity="4" visitedClasses="0" numClasses="0" visitedMethods="0" numMethods="1" />
              <MetadataToken>100663475</MetadataToken>
              <Name>System.String TaskManagerAPI.Areas.HelpPage.XmlDocumentationProvider::GetDocumentation(System.Web.Http.Controllers.HttpParameterDescriptor)</Name>
              <FileRef uid="33" />
              <SequencePoints>
                <SequencePoint vc="0" uspid="1589" ordinal="0" offset="0" sl="51" sc="9" el="51" ec="10" bec="0" bev="0" fileid="33" />
                <SequencePoint vc="0" uspid="1590" ordinal="1" offset="1" sl="52" sc="13" el="52" ec="133" bec="0" bev="0" fileid="33" />
                <SequencePoint vc="0" uspid="1591" ordinal="2" offset="8" sl="53" sc="13" el="53" ec="54" bec="2" bev="0" fileid="33" />
                <SequencePoint vc="0" uspid="1592" ordinal="3" offset="16" sl="54" sc="13" el="54" ec="14" bec="0" bev="0" fileid="33" />
                <SequencePoint vc="0" uspid="1593" ordinal="4" offset="17" sl="55" sc="17" el="55" ec="106" bec="0" bev="0" fileid="33" />
                <SequencePoint vc="0" uspid="1594" ordinal="5" offset="30" sl="56" sc="17" el="56" ec="40" bec="2" bev="0" fileid="33" />
                <SequencePoint vc="0" uspid="1595" ordinal="6" offset="38" sl="57" sc="17" el="57" ec="18" bec="0" bev="0" fileid="33" />
                <SequencePoint vc="0" uspid="1596" ordinal="7" offset="39" sl="58" sc="21" el="58" ec="92" bec="0" bev="0" fileid="33" />
                <SequencePoint vc="0" uspid="1597" ordinal="8" offset="52" sl="59" sc="21" el="59" ec="161" bec="0" bev="0" fileid="33" />
                <SequencePoint vc="0" uspid="1598" ordinal="9" offset="86" sl="60" sc="21" el="60" ec="47" bec="2" bev="0" fileid="33" />
                <SequencePoint vc="0" uspid="1599" ordinal="10" offset="97" sl="61" sc="21" el="61" ec="22" bec="0" bev="0" fileid="33" />
                <SequencePoint vc="0" uspid="1600" ordinal="11" offset="98" sl="62" sc="25" el="62" ec="59" bec="0" bev="0" fileid="33" />
                <SequencePoint vc="0" uspid="1601" ordinal="12" offset="114" sl="64" sc="17" el="64" ec="18" bec="0" bev="0" fileid="33" />
                <SequencePoint vc="0" uspid="1602" ordinal="13" offset="115" sl="65" sc="13" el="65" ec="14" bec="0" bev="0" fileid="33" />
                <SequencePoint vc="0" uspid="1603" ordinal="14" offset="116" sl="67" sc="13" el="67" ec="25" bec="0" bev="0" fileid="33" />
                <SequencePoint vc="0" uspid="1604" ordinal="15" offset="121" sl="68" sc="9" el="68" ec="10" bec="0" bev="0" fileid="33" />
              </SequencePoints>
              <BranchPoints>
                <BranchPoint vc="0" uspid="1605" ordinal="0" offset="14" sl="53" path="0" offsetend="16" fileid="33" />
                <BranchPoint vc="0" uspid="1606" ordinal="1" offset="14" sl="53" path="1" offsetend="116" fileid="33" />
                <BranchPoint vc="0" uspid="1607" ordinal="2" offset="36" sl="56" path="0" offsetend="38" fileid="33" />
                <BranchPoint vc="0" uspid="1608" ordinal="3" offset="36" sl="56" path="1" offsetend="115" fileid="33" />
                <BranchPoint vc="0" uspid="1609" ordinal="4" offset="95" sl="60" path="0" offsetend="97" fileid="33" />
                <BranchPoint vc="0" uspid="1610" ordinal="5" offset="95" sl="60" path="1" offsetend="114" fileid="33" />
              </BranchPoints>
              <MethodPoint xsi:type="SequencePoint" vc="0" uspid="1589" ordinal="0" offset="0" sl="51" sc="9" el="51" ec="10" bec="0" bev="0" fileid="33" />
            </Method>
            <Method visited="false" cyclomaticComplexity="1" nPathComplexity="0" sequenceCoverage="0" branchCoverage="0" isConstructor="false" isStatic="false" isGetter="false" isSetter="false">
              <Summary numSequencePoints="4" visitedSequencePoints="0" numBranchPoints="1" visitedBranchPoints="0" sequenceCoverage="0" branchCoverage="0" maxCyclomaticComplexity="1" minCyclomaticComplexity="1" visitedClasses="0" numClasses="0" visitedMethods="0" numMethods="1" />
              <MetadataToken>100663476</MetadataToken>
              <Name>System.String TaskManagerAPI.Areas.HelpPage.XmlDocumentationProvider::GetResponseDocumentation(System.Web.Http.Controllers.HttpActionDescriptor)</Name>
              <FileRef uid="33" />
              <SequencePoints>
                <SequencePoint vc="0" uspid="1611" ordinal="0" offset="0" sl="71" sc="9" el="71" ec="10" bec="0" bev="0" fileid="33" />
                <SequencePoint vc="0" uspid="1612" ordinal="1" offset="1" sl="72" sc="13" el="72" ec="73" bec="0" bev="0" fileid="33" />
                <SequencePoint vc="0" uspid="1613" ordinal="2" offset="9" sl="73" sc="13" el="73" ec="55" bec="0" bev="0" fileid="33" />
                <SequencePoint vc="0" uspid="1614" ordinal="3" offset="23" sl="74" sc="9" el="74" ec="10" bec="0" bev="0" fileid="33" />
              </SequencePoints>
              <BranchPoints />
              <MethodPoint xsi:type="SequencePoint" vc="0" uspid="1611" ordinal="0" offset="0" sl="71" sc="9" el="71" ec="10" bec="0" bev="0" fileid="33" />
            </Method>
            <Method visited="false" cyclomaticComplexity="3" nPathComplexity="2" sequenceCoverage="0" branchCoverage="0" isConstructor="false" isStatic="false" isGetter="false" isSetter="false">
              <Summary numSequencePoints="7" visitedSequencePoints="0" numBranchPoints="3" visitedBranchPoints="0" sequenceCoverage="0" branchCoverage="0" maxCyclomaticComplexity="3" minCyclomaticComplexity="3" visitedClasses="0" numClasses="0" visitedMethods="0" numMethods="1" />
              <MetadataToken>100663477</MetadataToken>
              <Name>System.String TaskManagerAPI.Areas.HelpPage.XmlDocumentationProvider::GetDocumentation(System.Reflection.MemberInfo)</Name>
              <FileRef uid="33" />
              <SequencePoints>
                <SequencePoint vc="0" uspid="1615" ordinal="0" offset="0" sl="77" sc="9" el="77" ec="10" bec="0" bev="0" fileid="33" />
                <SequencePoint vc="0" uspid="1616" ordinal="1" offset="1" sl="78" sc="13" el="78" ec="136" bec="0" bev="0" fileid="33" />
                <SequencePoint vc="0" uspid="1617" ordinal="2" offset="46" sl="79" sc="13" el="79" ec="111" bec="2" bev="0" fileid="33" />
                <SequencePoint vc="0" uspid="1618" ordinal="3" offset="68" sl="80" sc="13" el="80" ec="107" bec="0" bev="0" fileid="33" />
                <SequencePoint vc="0" uspid="1619" ordinal="4" offset="90" sl="81" sc="13" el="81" ec="97" bec="0" bev="0" fileid="33" />
                <SequencePoint vc="0" uspid="1620" ordinal="5" offset="103" sl="82" sc="13" el="82" ec="57" bec="0" bev="0" fileid="33" />
                <SequencePoint vc="0" uspid="1621" ordinal="6" offset="118" sl="83" sc="9" el="83" ec="10" bec="0" bev="0" fileid="33" />
              </SequencePoints>
              <BranchPoints>
                <BranchPoint vc="0" uspid="1622" ordinal="0" offset="53" sl="79" path="0" offsetend="55" fileid="33" />
                <BranchPoint vc="0" uspid="1623" ordinal="1" offset="53" sl="79" path="1" offsetend="62" fileid="33" />
              </BranchPoints>
              <MethodPoint xsi:type="SequencePoint" vc="0" uspid="1615" ordinal="0" offset="0" sl="77" sc="9" el="77" ec="10" bec="0" bev="0" fileid="33" />
            </Method>
            <Method visited="false" cyclomaticComplexity="1" nPathComplexity="0" sequenceCoverage="0" branchCoverage="0" isConstructor="false" isStatic="false" isGetter="false" isSetter="false">
              <Summary numSequencePoints="4" visitedSequencePoints="0" numBranchPoints="1" visitedBranchPoints="0" sequenceCoverage="0" branchCoverage="0" maxCyclomaticComplexity="1" minCyclomaticComplexity="1" visitedClasses="0" numClasses="0" visitedMethods="0" numMethods="1" />
              <MetadataToken>100663478</MetadataToken>
              <Name>System.String TaskManagerAPI.Areas.HelpPage.XmlDocumentationProvider::GetDocumentation(System.Type)</Name>
              <FileRef uid="33" />
              <SequencePoints>
                <SequencePoint vc="0" uspid="1624" ordinal="0" offset="0" sl="86" sc="9" el="86" ec="10" bec="0" bev="0" fileid="33" />
                <SequencePoint vc="0" uspid="1625" ordinal="1" offset="1" sl="87" sc="13" el="87" ec="57" bec="0" bev="0" fileid="33" />
                <SequencePoint vc="0" uspid="1626" ordinal="2" offset="9" sl="88" sc="13" el="88" ec="53" bec="0" bev="0" fileid="33" />
                <SequencePoint vc="0" uspid="1627" ordinal="3" offset="23" sl="89" sc="9" el="89" ec="10" bec="0" bev="0" fileid="33" />
              </SequencePoints>
              <BranchPoints />
              <MethodPoint xsi:type="SequencePoint" vc="0" uspid="1624" ordinal="0" offset="0" sl="86" sc="9" el="86" ec="10" bec="0" bev="0" fileid="33" />
            </Method>
            <Method visited="false" cyclomaticComplexity="2" nPathComplexity="2" sequenceCoverage="0" branchCoverage="0" isConstructor="false" isStatic="false" isGetter="false" isSetter="false">
              <Summary numSequencePoints="8" visitedSequencePoints="0" numBranchPoints="3" visitedBranchPoints="0" sequenceCoverage="0" branchCoverage="0" maxCyclomaticComplexity="2" minCyclomaticComplexity="2" visitedClasses="0" numClasses="0" visitedMethods="0" numMethods="1" />
              <MetadataToken>100663479</MetadataToken>
              <Name>System.Xml.XPath.XPathNavigator TaskManagerAPI.Areas.HelpPage.XmlDocumentationProvider::GetMethodNode(System.Web.Http.Controllers.HttpActionDescriptor)</Name>
              <FileRef uid="33" />
              <SequencePoints>
                <SequencePoint vc="0" uspid="1628" ordinal="0" offset="0" sl="92" sc="9" el="92" ec="10" bec="0" bev="0" fileid="33" />
                <SequencePoint vc="0" uspid="1629" ordinal="1" offset="1" sl="93" sc="13" el="93" ec="121" bec="0" bev="0" fileid="33" />
                <SequencePoint vc="0" uspid="1630" ordinal="2" offset="8" sl="94" sc="13" el="94" ec="51" bec="2" bev="0" fileid="33" />
                <SequencePoint vc="0" uspid="1631" ordinal="3" offset="16" sl="95" sc="13" el="95" ec="14" bec="0" bev="0" fileid="33" />
                <SequencePoint vc="0" uspid="1632" ordinal="4" offset="17" sl="96" sc="17" el="96" ec="158" bec="0" bev="0" fileid="33" />
                <SequencePoint vc="0" uspid="1633" ordinal="5" offset="53" sl="97" sc="17" el="97" ec="78" bec="0" bev="0" fileid="33" />
                <SequencePoint vc="0" uspid="1634" ordinal="6" offset="68" sl="100" sc="13" el="100" ec="25" bec="0" bev="0" fileid="33" />
                <SequencePoint vc="0" uspid="1635" ordinal="7" offset="72" sl="101" sc="9" el="101" ec="10" bec="0" bev="0" fileid="33" />
              </SequencePoints>
              <BranchPoints>
                <BranchPoint vc="0" uspid="1636" ordinal="0" offset="14" sl="94" path="0" offsetend="16" fileid="33" />
                <BranchPoint vc="0" uspid="1637" ordinal="1" offset="14" sl="94" path="1" offsetend="68" fileid="33" />
              </BranchPoints>
              <MethodPoint xsi:type="SequencePoint" vc="0" uspid="1628" ordinal="0" offset="0" sl="92" sc="9" el="92" ec="10" bec="0" bev="0" fileid="33" />
            </Method>
            <Method visited="false" cyclomaticComplexity="3" nPathComplexity="2" sequenceCoverage="0" branchCoverage="0" isConstructor="false" isStatic="true" isGetter="false" isSetter="false">
              <Summary numSequencePoints="10" visitedSequencePoints="0" numBranchPoints="3" visitedBranchPoints="0" sequenceCoverage="0" branchCoverage="0" maxCyclomaticComplexity="3" minCyclomaticComplexity="3" visitedClasses="0" numClasses="0" visitedMethods="0" numMethods="1" />
              <MetadataToken>100663480</MetadataToken>
              <Name>System.String TaskManagerAPI.Areas.HelpPage.XmlDocumentationProvider::GetMemberName(System.Reflection.MethodInfo)</Name>
              <FileRef uid="33" />
              <SequencePoints>
                <SequencePoint vc="0" uspid="1638" ordinal="0" offset="0" sl="104" sc="9" el="104" ec="10" bec="0" bev="0" fileid="33" />
                <SequencePoint vc="0" uspid="1639" ordinal="1" offset="1" sl="105" sc="13" el="105" ec="130" bec="0" bev="0" fileid="33" />
                <SequencePoint vc="0" uspid="1640" ordinal="2" offset="46" sl="106" sc="13" el="106" ec="65" bec="0" bev="0" fileid="33" />
                <SequencePoint vc="0" uspid="1641" ordinal="3" offset="53" sl="107" sc="13" el="107" ec="40" bec="2" bev="0" fileid="33" />
                <SequencePoint vc="0" uspid="1642" ordinal="4" offset="62" sl="108" sc="13" el="108" ec="14" bec="0" bev="0" fileid="33" />
                <SequencePoint vc="0" uspid="1643" ordinal="5" offset="63" sl="109" sc="17" el="109" ec="118" bec="0" bev="0" fileid="33" />
                <SequencePoint vc="0" uspid="1644" ordinal="6" offset="106" sl="110" sc="17" el="110" ec="116" bec="0" bev="0" fileid="33" />
                <SequencePoint vc="0" uspid="1645" ordinal="7" offset="148" sl="111" sc="13" el="111" ec="14" bec="0" bev="0" fileid="33" />
                <SequencePoint vc="0" uspid="1646" ordinal="8" offset="149" sl="113" sc="13" el="113" ec="25" bec="0" bev="0" fileid="33" />
                <SequencePoint vc="0" uspid="1647" ordinal="9" offset="154" sl="114" sc="9" el="114" ec="10" bec="0" bev="0" fileid="33" />
              </SequencePoints>
              <BranchPoints>
                <BranchPoint vc="0" uspid="1648" ordinal="0" offset="60" sl="107" path="0" offsetend="62" fileid="33" />
                <BranchPoint vc="0" uspid="1649" ordinal="1" offset="60" sl="107" path="1" offsetend="149" fileid="33" />
              </BranchPoints>
              <MethodPoint xsi:type="SequencePoint" vc="0" uspid="1638" ordinal="0" offset="0" sl="104" sc="9" el="104" ec="10" bec="0" bev="0" fileid="33" />
            </Method>
            <Method visited="false" cyclomaticComplexity="3" nPathComplexity="4" sequenceCoverage="0" branchCoverage="0" isConstructor="false" isStatic="true" isGetter="false" isSetter="false">
              <Summary numSequencePoints="10" visitedSequencePoints="0" numBranchPoints="5" visitedBranchPoints="0" sequenceCoverage="0" branchCoverage="0" maxCyclomaticComplexity="3" minCyclomaticComplexity="3" visitedClasses="0" numClasses="0" visitedMethods="0" numMethods="1" />
              <MetadataToken>100663481</MetadataToken>
              <Name>System.String TaskManagerAPI.Areas.HelpPage.XmlDocumentationProvider::GetTagValue(System.Xml.XPath.XPathNavigator,System.String)</Name>
              <FileRef uid="33" />
              <SequencePoints>
                <SequencePoint vc="0" uspid="1652" ordinal="0" offset="0" sl="117" sc="9" el="117" ec="10" bec="0" bev="0" fileid="33" />
                <SequencePoint vc="0" uspid="1653" ordinal="1" offset="1" sl="118" sc="13" el="118" ec="36" bec="2" bev="0" fileid="33" />
                <SequencePoint vc="0" uspid="1654" ordinal="2" offset="9" sl="119" sc="13" el="119" ec="14" bec="0" bev="0" fileid="33" />
                <SequencePoint vc="0" uspid="1655" ordinal="3" offset="10" sl="120" sc="17" el="120" ec="76" bec="0" bev="0" fileid="33" />
                <SequencePoint vc="0" uspid="1656" ordinal="4" offset="18" sl="121" sc="17" el="121" ec="34" bec="2" bev="0" fileid="33" />
                <SequencePoint vc="0" uspid="1657" ordinal="5" offset="26" sl="122" sc="17" el="122" ec="18" bec="0" bev="0" fileid="33" />
                <SequencePoint vc="0" uspid="1658" ordinal="6" offset="27" sl="123" sc="21" el="123" ec="46" bec="0" bev="0" fileid="33" />
                <SequencePoint vc="0" uspid="1659" ordinal="7" offset="41" sl="125" sc="13" el="125" ec="14" bec="0" bev="0" fileid="33" />
                <SequencePoint vc="0" uspid="1660" ordinal="8" offset="42" sl="127" sc="13" el="127" ec="25" bec="0" bev="0" fileid="33" />
                <SequencePoint vc="0" uspid="1661" ordinal="9" offset="46" sl="128" sc="9" el="128" ec="10" bec="0" bev="0" fileid="33" />
              </SequencePoints>
              <BranchPoints>
                <BranchPoint vc="0" uspid="1662" ordinal="0" offset="7" sl="118" path="0" offsetend="9" fileid="33" />
                <BranchPoint vc="0" uspid="1663" ordinal="1" offset="7" sl="118" path="1" offsetend="42" fileid="33" />
                <BranchPoint vc="0" uspid="1664" ordinal="2" offset="24" sl="121" path="0" offsetend="26" fileid="33" />
                <BranchPoint vc="0" uspid="1665" ordinal="3" offset="24" sl="121" path="1" offsetend="41" fileid="33" />
              </BranchPoints>
              <MethodPoint xsi:type="SequencePoint" vc="0" uspid="1652" ordinal="0" offset="0" sl="117" sc="9" el="117" ec="10" bec="0" bev="0" fileid="33" />
            </Method>
            <Method visited="false" cyclomaticComplexity="1" nPathComplexity="0" sequenceCoverage="0" branchCoverage="0" isConstructor="false" isStatic="false" isGetter="false" isSetter="false">
              <Summary numSequencePoints="5" visitedSequencePoints="0" numBranchPoints="1" visitedBranchPoints="0" sequenceCoverage="0" branchCoverage="0" maxCyclomaticComplexity="1" minCyclomaticComplexity="1" visitedClasses="0" numClasses="0" visitedMethods="0" numMethods="1" />
              <MetadataToken>100663482</MetadataToken>
              <Name>System.Xml.XPath.XPathNavigator TaskManagerAPI.Areas.HelpPage.XmlDocumentationProvider::GetTypeNode(System.Type)</Name>
              <FileRef uid="33" />
              <SequencePoints>
                <SequencePoint vc="0" uspid="1666" ordinal="0" offset="0" sl="131" sc="9" el="131" ec="10" bec="0" bev="0" fileid="33" />
                <SequencePoint vc="0" uspid="1667" ordinal="1" offset="1" sl="132" sc="13" el="132" ec="59" bec="0" bev="0" fileid="33" />
                <SequencePoint vc="0" uspid="1668" ordinal="2" offset="8" sl="133" sc="13" el="133" ec="119" bec="0" bev="0" fileid="33" />
                <SequencePoint vc="0" uspid="1669" ordinal="3" offset="34" sl="134" sc="13" el="134" ec="74" bec="0" bev="0" fileid="33" />
                <SequencePoint vc="0" uspid="1670" ordinal="4" offset="49" sl="135" sc="9" el="135" ec="10" bec="0" bev="0" fileid="33" />
              </SequencePoints>
              <BranchPoints />
              <MethodPoint xsi:type="SequencePoint" vc="0" uspid="1666" ordinal="0" offset="0" sl="131" sc="9" el="131" ec="10" bec="0" bev="0" fileid="33" />
            </Method>
            <Method visited="false" cyclomaticComplexity="4" nPathComplexity="4" sequenceCoverage="0" branchCoverage="0" isConstructor="false" isStatic="true" isGetter="false" isSetter="false">
              <Summary numSequencePoints="17" visitedSequencePoints="0" numBranchPoints="5" visitedBranchPoints="0" sequenceCoverage="0" branchCoverage="0" maxCyclomaticComplexity="4" minCyclomaticComplexity="4" visitedClasses="0" numClasses="0" visitedMethods="0" numMethods="1" />
              <MetadataToken>100663483</MetadataToken>
              <Name>System.String TaskManagerAPI.Areas.HelpPage.XmlDocumentationProvider::GetTypeName(System.Type)</Name>
              <FileRef uid="33" />
              <SequencePoints>
                <SequencePoint vc="0" uspid="1671" ordinal="0" offset="0" sl="138" sc="9" el="138" ec="10" bec="0" bev="0" fileid="33" />
                <SequencePoint vc="0" uspid="1672" ordinal="1" offset="1" sl="139" sc="13" el="139" ec="41" bec="0" bev="0" fileid="33" />
                <SequencePoint vc="0" uspid="1673" ordinal="2" offset="8" sl="140" sc="13" el="140" ec="36" bec="2" bev="0" fileid="33" />
                <SequencePoint vc="0" uspid="1674" ordinal="3" offset="21" sl="141" sc="13" el="141" ec="14" bec="0" bev="0" fileid="33" />
                <SequencePoint vc="0" uspid="1675" ordinal="4" offset="22" sl="143" sc="17" el="143" ec="68" bec="0" bev="0" fileid="33" />
                <SequencePoint vc="0" uspid="1676" ordinal="5" offset="29" sl="144" sc="17" el="144" ec="70" bec="0" bev="0" fileid="33" />
                <SequencePoint vc="0" uspid="1677" ordinal="6" offset="36" sl="145" sc="17" el="145" ec="63" bec="0" bev="0" fileid="33" />
                <SequencePoint vc="0" uspid="1678" ordinal="7" offset="44" sl="148" sc="17" el="148" ec="94" bec="0" bev="0" fileid="33" />
                <SequencePoint vc="0" uspid="1679" ordinal="8" offset="63" sl="149" sc="17" el="149" ec="101" bec="0" bev="0" fileid="33" />
                <SequencePoint vc="0" uspid="1680" ordinal="9" offset="107" sl="150" sc="17" el="150" ec="136" bec="0" bev="0" fileid="33" />
                <SequencePoint vc="0" uspid="1681" ordinal="10" offset="149" sl="151" sc="13" el="151" ec="14" bec="0" bev="0" fileid="33" />
                <SequencePoint vc="0" uspid="1682" ordinal="11" offset="150" sl="152" sc="13" el="152" ec="31" bec="2" bev="0" fileid="33" />
                <SequencePoint vc="0" uspid="1683" ordinal="12" offset="162" sl="153" sc="13" el="153" ec="14" bec="0" bev="0" fileid="33" />
                <SequencePoint vc="0" uspid="1684" ordinal="13" offset="163" sl="155" sc="17" el="155" ec="47" bec="0" bev="0" fileid="33" />
                <SequencePoint vc="0" uspid="1685" ordinal="14" offset="180" sl="156" sc="13" el="156" ec="14" bec="0" bev="0" fileid="33" />
                <SequencePoint vc="0" uspid="1686" ordinal="15" offset="181" sl="158" sc="13" el="158" ec="25" bec="0" bev="0" fileid="33" />
                <SequencePoint vc="0" uspid="1687" ordinal="16" offset="186" sl="159" sc="9" el="159" ec="10" bec="0" bev="0" fileid="33" />
              </SequencePoints>
              <BranchPoints>
                <BranchPoint vc="0" uspid="1688" ordinal="0" offset="16" sl="140" path="0" offsetend="21" fileid="33" />
                <BranchPoint vc="0" uspid="1689" ordinal="1" offset="16" sl="140" path="1" offsetend="150" fileid="33" />
                <BranchPoint vc="0" uspid="1692" ordinal="4" offset="160" sl="152" path="0" offsetend="162" fileid="33" />
                <BranchPoint vc="0" uspid="1693" ordinal="5" offset="160" sl="152" path="1" offsetend="181" fileid="33" />
              </BranchPoints>
              <MethodPoint xsi:type="SequencePoint" vc="0" uspid="1671" ordinal="0" offset="0" sl="138" sc="9" el="138" ec="10" bec="0" bev="0" fileid="33" />
            </Method>
          </Methods>
        </Class>
        <Class>
          <Summary numSequencePoints="2" visitedSequencePoints="0" numBranchPoints="2" visitedBranchPoints="0" sequenceCoverage="0" branchCoverage="0" maxCyclomaticComplexity="1" minCyclomaticComplexity="1" visitedClasses="0" numClasses="1" visitedMethods="0" numMethods="2" />
          <FullName>TaskManagerAPI.Areas.HelpPage.XmlDocumentationProvider/&lt;&gt;c</FullName>
          <Methods>
            <Method visited="false" cyclomaticComplexity="1" nPathComplexity="0" sequenceCoverage="0" branchCoverage="0" isConstructor="true" isStatic="true" isGetter="false" isSetter="false">
              <Summary numSequencePoints="0" visitedSequencePoints="0" numBranchPoints="0" visitedBranchPoints="0" sequenceCoverage="0" branchCoverage="0" maxCyclomaticComplexity="1" minCyclomaticComplexity="1" visitedClasses="0" numClasses="0" visitedMethods="0" numMethods="0" />
              <MetadataToken>100663606</MetadataToken>
              <Name>System.Void TaskManagerAPI.Areas.HelpPage.XmlDocumentationProvider/&lt;&gt;c::.cctor()</Name>
              <SequencePoints />
              <BranchPoints />
              <MethodPoint vc="0" uspid="1694" ordinal="0" offset="0" />
            </Method>
            <Method visited="false" cyclomaticComplexity="1" nPathComplexity="0" sequenceCoverage="0" branchCoverage="0" isConstructor="true" isStatic="false" isGetter="false" isSetter="false">
              <Summary numSequencePoints="0" visitedSequencePoints="0" numBranchPoints="0" visitedBranchPoints="0" sequenceCoverage="0" branchCoverage="0" maxCyclomaticComplexity="1" minCyclomaticComplexity="1" visitedClasses="0" numClasses="0" visitedMethods="0" numMethods="0" />
              <MetadataToken>100663607</MetadataToken>
              <Name>System.Void TaskManagerAPI.Areas.HelpPage.XmlDocumentationProvider/&lt;&gt;c::.ctor()</Name>
              <SequencePoints />
              <BranchPoints />
              <MethodPoint vc="0" uspid="1695" ordinal="0" offset="0" />
            </Method>
            <Method visited="false" cyclomaticComplexity="1" nPathComplexity="0" sequenceCoverage="0" branchCoverage="0" isConstructor="false" isStatic="false" isGetter="false" isSetter="false">
              <Summary numSequencePoints="1" visitedSequencePoints="0" numBranchPoints="1" visitedBranchPoints="0" sequenceCoverage="0" branchCoverage="0" maxCyclomaticComplexity="1" minCyclomaticComplexity="1" visitedClasses="0" numClasses="0" visitedMethods="0" numMethods="1" />
              <MetadataToken>100663608</MetadataToken>
              <Name>System.String TaskManagerAPI.Areas.HelpPage.XmlDocumentationProvider/&lt;&gt;c::&lt;GetMemberName&gt;b__14_0(System.Reflection.ParameterInfo)</Name>
              <FileRef uid="33" />
              <SequencePoints>
                <SequencePoint vc="0" uspid="1696" ordinal="0" offset="0" sl="109" sc="74" el="109" ec="106" bec="0" bev="0" fileid="33" />
              </SequencePoints>
              <BranchPoints />
              <MethodPoint xsi:type="SequencePoint" vc="0" uspid="1696" ordinal="0" offset="0" sl="109" sc="74" el="109" ec="106" bec="0" bev="0" fileid="33" />
            </Method>
            <Method visited="false" cyclomaticComplexity="1" nPathComplexity="0" sequenceCoverage="0" branchCoverage="0" isConstructor="false" isStatic="false" isGetter="false" isSetter="false">
              <Summary numSequencePoints="1" visitedSequencePoints="0" numBranchPoints="1" visitedBranchPoints="0" sequenceCoverage="0" branchCoverage="0" maxCyclomaticComplexity="1" minCyclomaticComplexity="1" visitedClasses="0" numClasses="0" visitedMethods="0" numMethods="1" />
              <MetadataToken>100663609</MetadataToken>
              <Name>System.String TaskManagerAPI.Areas.HelpPage.XmlDocumentationProvider/&lt;&gt;c::&lt;GetTypeName&gt;b__17_0(System.Type)</Name>
              <FileRef uid="33" />
              <SequencePoints>
                <SequencePoint vc="0" uspid="1697" ordinal="0" offset="0" sl="149" sc="75" el="149" ec="89" bec="0" bev="0" fileid="33" />
              </SequencePoints>
              <BranchPoints />
              <MethodPoint xsi:type="SequencePoint" vc="0" uspid="1697" ordinal="0" offset="0" sl="149" sc="75" el="149" ec="89" bec="0" bev="0" fileid="33" />
            </Method>
          </Methods>
        </Class>
        <Class>
          <Summary numSequencePoints="44" visitedSequencePoints="0" numBranchPoints="26" visitedBranchPoints="0" sequenceCoverage="0" branchCoverage="0" maxCyclomaticComplexity="4" minCyclomaticComplexity="1" visitedClasses="0" numClasses="1" visitedMethods="0" numMethods="20" />
          <FullName>TaskManagerAPI.Areas.HelpPage.Models.HelpPageApiModel</FullName>
          <Methods>
            <Method visited="false" cyclomaticComplexity="1" nPathComplexity="0" sequenceCoverage="0" branchCoverage="0" isConstructor="false" isStatic="false" isGetter="true" isSetter="false">
              <Summary numSequencePoints="1" visitedSequencePoints="0" numBranchPoints="1" visitedBranchPoints="0" sequenceCoverage="0" branchCoverage="0" maxCyclomaticComplexity="1" minCyclomaticComplexity="1" visitedClasses="0" numClasses="0" visitedMethods="0" numMethods="1" />
              <MetadataToken>100663485</MetadataToken>
              <Name>System.Web.Http.Description.ApiDescription TaskManagerAPI.Areas.HelpPage.Models.HelpPageApiModel::get_ApiDescription()</Name>
              <FileRef uid="35" />
              <SequencePoints>
                <SequencePoint vc="0" uspid="1698" ordinal="0" offset="0" sl="28" sc="48" el="28" ec="52" bec="0" bev="0" fileid="35" />
              </SequencePoints>
              <BranchPoints />
              <MethodPoint xsi:type="SequencePoint" vc="0" uspid="1698" ordinal="0" offset="0" sl="28" sc="48" el="28" ec="52" bec="0" bev="0" fileid="35" />
            </Method>
            <Method visited="false" cyclomaticComplexity="1" nPathComplexity="0" sequenceCoverage="0" branchCoverage="0" isConstructor="false" isStatic="false" isGetter="false" isSetter="true">
              <Summary numSequencePoints="1" visitedSequencePoints="0" numBranchPoints="1" visitedBranchPoints="0" sequenceCoverage="0" branchCoverage="0" maxCyclomaticComplexity="1" minCyclomaticComplexity="1" visitedClasses="0" numClasses="0" visitedMethods="0" numMethods="1" />
              <MetadataToken>100663486</MetadataToken>
              <Name>System.Void TaskManagerAPI.Areas.HelpPage.Models.HelpPageApiModel::set_ApiDescription(System.Web.Http.Description.ApiDescription)</Name>
              <FileRef uid="35" />
              <SequencePoints>
                <SequencePoint vc="0" uspid="1699" ordinal="0" offset="0" sl="28" sc="53" el="28" ec="57" bec="0" bev="0" fileid="35" />
              </SequencePoints>
              <BranchPoints />
              <MethodPoint xsi:type="SequencePoint" vc="0" uspid="1699" ordinal="0" offset="0" sl="28" sc="53" el="28" ec="57" bec="0" bev="0" fileid="35" />
            </Method>
            <Method visited="false" cyclomaticComplexity="1" nPathComplexity="0" sequenceCoverage="0" branchCoverage="0" isConstructor="false" isStatic="false" isGetter="true" isSetter="false">
              <Summary numSequencePoints="1" visitedSequencePoints="0" numBranchPoints="1" visitedBranchPoints="0" sequenceCoverage="0" branchCoverage="0" maxCyclomaticComplexity="1" minCyclomaticComplexity="1" visitedClasses="0" numClasses="0" visitedMethods="0" numMethods="1" />
              <MetadataToken>100663487</MetadataToken>
              <Name>System.Collections.ObjectModel.Collection`1&lt;TaskManagerAPI.Areas.HelpPage.ModelDescriptions.ParameterDescription&gt; TaskManagerAPI.Areas.HelpPage.Models.HelpPageApiModel::get_UriParameters()</Name>
              <FileRef uid="35" />
              <SequencePoints>
                <SequencePoint vc="0" uspid="1700" ordinal="0" offset="0" sl="33" sc="65" el="33" ec="69" bec="0" bev="0" fileid="35" />
              </SequencePoints>
              <BranchPoints />
              <MethodPoint xsi:type="SequencePoint" vc="0" uspid="1700" ordinal="0" offset="0" sl="33" sc="65" el="33" ec="69" bec="0" bev="0" fileid="35" />
            </Method>
            <Method visited="false" cyclomaticComplexity="1" nPathComplexity="0" sequenceCoverage="0" branchCoverage="0" isConstructor="false" isStatic="false" isGetter="false" isSetter="true">
              <Summary numSequencePoints="1" visitedSequencePoints="0" numBranchPoints="1" visitedBranchPoints="0" sequenceCoverage="0" branchCoverage="0" maxCyclomaticComplexity="1" minCyclomaticComplexity="1" visitedClasses="0" numClasses="0" visitedMethods="0" numMethods="1" />
              <MetadataToken>100663488</MetadataToken>
              <Name>System.Void TaskManagerAPI.Areas.HelpPage.Models.HelpPageApiModel::set_UriParameters(System.Collections.ObjectModel.Collection`1&lt;TaskManagerAPI.Areas.HelpPage.ModelDescriptions.ParameterDescription&gt;)</Name>
              <FileRef uid="35" />
              <SequencePoints>
                <SequencePoint vc="0" uspid="1701" ordinal="0" offset="0" sl="33" sc="70" el="33" ec="82" bec="0" bev="0" fileid="35" />
              </SequencePoints>
              <BranchPoints />
              <MethodPoint xsi:type="SequencePoint" vc="0" uspid="1701" ordinal="0" offset="0" sl="33" sc="70" el="33" ec="82" bec="0" bev="0" fileid="35" />
            </Method>
            <Method visited="false" cyclomaticComplexity="1" nPathComplexity="0" sequenceCoverage="0" branchCoverage="0" isConstructor="false" isStatic="false" isGetter="true" isSetter="false">
              <Summary numSequencePoints="1" visitedSequencePoints="0" numBranchPoints="1" visitedBranchPoints="0" sequenceCoverage="0" branchCoverage="0" maxCyclomaticComplexity="1" minCyclomaticComplexity="1" visitedClasses="0" numClasses="0" visitedMethods="0" numMethods="1" />
              <MetadataToken>100663489</MetadataToken>
              <Name>System.String TaskManagerAPI.Areas.HelpPage.Models.HelpPageApiModel::get_RequestDocumentation()</Name>
              <FileRef uid="35" />
              <SequencePoints>
                <SequencePoint vc="0" uspid="1702" ordinal="0" offset="0" sl="38" sc="46" el="38" ec="50" bec="0" bev="0" fileid="35" />
              </SequencePoints>
              <BranchPoints />
              <MethodPoint xsi:type="SequencePoint" vc="0" uspid="1702" ordinal="0" offset="0" sl="38" sc="46" el="38" ec="50" bec="0" bev="0" fileid="35" />
            </Method>
            <Method visited="false" cyclomaticComplexity="1" nPathComplexity="0" sequenceCoverage="0" branchCoverage="0" isConstructor="false" isStatic="false" isGetter="false" isSetter="true">
              <Summary numSequencePoints="1" visitedSequencePoints="0" numBranchPoints="1" visitedBranchPoints="0" sequenceCoverage="0" branchCoverage="0" maxCyclomaticComplexity="1" minCyclomaticComplexity="1" visitedClasses="0" numClasses="0" visitedMethods="0" numMethods="1" />
              <MetadataToken>100663490</MetadataToken>
              <Name>System.Void TaskManagerAPI.Areas.HelpPage.Models.HelpPageApiModel::set_RequestDocumentation(System.String)</Name>
              <FileRef uid="35" />
              <SequencePoints>
                <SequencePoint vc="0" uspid="1703" ordinal="0" offset="0" sl="38" sc="51" el="38" ec="55" bec="0" bev="0" fileid="35" />
              </SequencePoints>
              <BranchPoints />
              <MethodPoint xsi:type="SequencePoint" vc="0" uspid="1703" ordinal="0" offset="0" sl="38" sc="51" el="38" ec="55" bec="0" bev="0" fileid="35" />
            </Method>
            <Method visited="false" cyclomaticComplexity="1" nPathComplexity="0" sequenceCoverage="0" branchCoverage="0" isConstructor="false" isStatic="false" isGetter="true" isSetter="false">
              <Summary numSequencePoints="1" visitedSequencePoints="0" numBranchPoints="1" visitedBranchPoints="0" sequenceCoverage="0" branchCoverage="0" maxCyclomaticComplexity="1" minCyclomaticComplexity="1" visitedClasses="0" numClasses="0" visitedMethods="0" numMethods="1" />
              <MetadataToken>100663491</MetadataToken>
              <Name>TaskManagerAPI.Areas.HelpPage.ModelDescriptions.ModelDescription TaskManagerAPI.Areas.HelpPage.Models.HelpPageApiModel::get_RequestModelDescription()</Name>
              <FileRef uid="35" />
              <SequencePoints>
                <SequencePoint vc="0" uspid="1704" ordinal="0" offset="0" sl="43" sc="59" el="43" ec="63" bec="0" bev="0" fileid="35" />
              </SequencePoints>
              <BranchPoints />
              <MethodPoint xsi:type="SequencePoint" vc="0" uspid="1704" ordinal="0" offset="0" sl="43" sc="59" el="43" ec="63" bec="0" bev="0" fileid="35" />
            </Method>
            <Method visited="false" cyclomaticComplexity="1" nPathComplexity="0" sequenceCoverage="0" branchCoverage="0" isConstructor="false" isStatic="false" isGetter="false" isSetter="true">
              <Summary numSequencePoints="1" visitedSequencePoints="0" numBranchPoints="1" visitedBranchPoints="0" sequenceCoverage="0" branchCoverage="0" maxCyclomaticComplexity="1" minCyclomaticComplexity="1" visitedClasses="0" numClasses="0" visitedMethods="0" numMethods="1" />
              <MetadataToken>100663492</MetadataToken>
              <Name>System.Void TaskManagerAPI.Areas.HelpPage.Models.HelpPageApiModel::set_RequestModelDescription(TaskManagerAPI.Areas.HelpPage.ModelDescriptions.ModelDescription)</Name>
              <FileRef uid="35" />
              <SequencePoints>
                <SequencePoint vc="0" uspid="1705" ordinal="0" offset="0" sl="43" sc="64" el="43" ec="68" bec="0" bev="0" fileid="35" />
              </SequencePoints>
              <BranchPoints />
              <MethodPoint xsi:type="SequencePoint" vc="0" uspid="1705" ordinal="0" offset="0" sl="43" sc="64" el="43" ec="68" bec="0" bev="0" fileid="35" />
            </Method>
            <Method visited="false" cyclomaticComplexity="1" nPathComplexity="0" sequenceCoverage="0" branchCoverage="0" isConstructor="false" isStatic="false" isGetter="true" isSetter="false">
              <Summary numSequencePoints="3" visitedSequencePoints="0" numBranchPoints="1" visitedBranchPoints="0" sequenceCoverage="0" branchCoverage="0" maxCyclomaticComplexity="1" minCyclomaticComplexity="1" visitedClasses="0" numClasses="0" visitedMethods="0" numMethods="1" />
              <MetadataToken>100663493</MetadataToken>
              <Name>System.Collections.Generic.IList`1&lt;TaskManagerAPI.Areas.HelpPage.ModelDescriptions.ParameterDescription&gt; TaskManagerAPI.Areas.HelpPage.Models.HelpPageApiModel::get_RequestBodyParameters()</Name>
              <FileRef uid="35" />
              <SequencePoints>
                <SequencePoint vc="0" uspid="1706" ordinal="0" offset="0" sl="51" sc="13" el="51" ec="14" bec="0" bev="0" fileid="35" />
                <SequencePoint vc="0" uspid="1707" ordinal="1" offset="1" sl="52" sc="17" el="52" ec="74" bec="0" bev="0" fileid="35" />
                <SequencePoint vc="0" uspid="1708" ordinal="2" offset="15" sl="53" sc="13" el="53" ec="14" bec="0" bev="0" fileid="35" />
              </SequencePoints>
              <BranchPoints />
              <MethodPoint xsi:type="SequencePoint" vc="0" uspid="1706" ordinal="0" offset="0" sl="51" sc="13" el="51" ec="14" bec="0" bev="0" fileid="35" />
            </Method>
            <Method visited="false" cyclomaticComplexity="1" nPathComplexity="0" sequenceCoverage="0" branchCoverage="0" isConstructor="false" isStatic="false" isGetter="true" isSetter="false">
              <Summary numSequencePoints="1" visitedSequencePoints="0" numBranchPoints="1" visitedBranchPoints="0" sequenceCoverage="0" branchCoverage="0" maxCyclomaticComplexity="1" minCyclomaticComplexity="1" visitedClasses="0" numClasses="0" visitedMethods="0" numMethods="1" />
              <MetadataToken>100663494</MetadataToken>
              <Name>TaskManagerAPI.Areas.HelpPage.ModelDescriptions.ModelDescription TaskManagerAPI.Areas.HelpPage.Models.HelpPageApiModel::get_ResourceDescription()</Name>
              <FileRef uid="35" />
              <SequencePoints>
                <SequencePoint vc="0" uspid="1709" ordinal="0" offset="0" sl="59" sc="55" el="59" ec="59" bec="0" bev="0" fileid="35" />
              </SequencePoints>
              <BranchPoints />
              <MethodPoint xsi:type="SequencePoint" vc="0" uspid="1709" ordinal="0" offset="0" sl="59" sc="55" el="59" ec="59" bec="0" bev="0" fileid="35" />
            </Method>
            <Method visited="false" cyclomaticComplexity="1" nPathComplexity="0" sequenceCoverage="0" branchCoverage="0" isConstructor="false" isStatic="false" isGetter="false" isSetter="true">
              <Summary numSequencePoints="1" visitedSequencePoints="0" numBranchPoints="1" visitedBranchPoints="0" sequenceCoverage="0" branchCoverage="0" maxCyclomaticComplexity="1" minCyclomaticComplexity="1" visitedClasses="0" numClasses="0" visitedMethods="0" numMethods="1" />
              <MetadataToken>100663495</MetadataToken>
              <Name>System.Void TaskManagerAPI.Areas.HelpPage.Models.HelpPageApiModel::set_ResourceDescription(TaskManagerAPI.Areas.HelpPage.ModelDescriptions.ModelDescription)</Name>
              <FileRef uid="35" />
              <SequencePoints>
                <SequencePoint vc="0" uspid="1710" ordinal="0" offset="0" sl="59" sc="60" el="59" ec="64" bec="0" bev="0" fileid="35" />
              </SequencePoints>
              <BranchPoints />
              <MethodPoint xsi:type="SequencePoint" vc="0" uspid="1710" ordinal="0" offset="0" sl="59" sc="60" el="59" ec="64" bec="0" bev="0" fileid="35" />
            </Method>
            <Method visited="false" cyclomaticComplexity="1" nPathComplexity="0" sequenceCoverage="0" branchCoverage="0" isConstructor="false" isStatic="false" isGetter="true" isSetter="false">
              <Summary numSequencePoints="3" visitedSequencePoints="0" numBranchPoints="1" visitedBranchPoints="0" sequenceCoverage="0" branchCoverage="0" maxCyclomaticComplexity="1" minCyclomaticComplexity="1" visitedClasses="0" numClasses="0" visitedMethods="0" numMethods="1" />
              <MetadataToken>100663496</MetadataToken>
              <Name>System.Collections.Generic.IList`1&lt;TaskManagerAPI.Areas.HelpPage.ModelDescriptions.ParameterDescription&gt; TaskManagerAPI.Areas.HelpPage.Models.HelpPageApiModel::get_ResourceProperties()</Name>
              <FileRef uid="35" />
              <SequencePoints>
                <SequencePoint vc="0" uspid="1711" ordinal="0" offset="0" sl="67" sc="13" el="67" ec="14" bec="0" bev="0" fileid="35" />
                <SequencePoint vc="0" uspid="1712" ordinal="1" offset="1" sl="68" sc="17" el="68" ec="70" bec="0" bev="0" fileid="35" />
                <SequencePoint vc="0" uspid="1713" ordinal="2" offset="15" sl="69" sc="13" el="69" ec="14" bec="0" bev="0" fileid="35" />
              </SequencePoints>
              <BranchPoints />
              <MethodPoint xsi:type="SequencePoint" vc="0" uspid="1711" ordinal="0" offset="0" sl="67" sc="13" el="67" ec="14" bec="0" bev="0" fileid="35" />
            </Method>
            <Method visited="false" cyclomaticComplexity="1" nPathComplexity="0" sequenceCoverage="0" branchCoverage="0" isConstructor="false" isStatic="false" isGetter="true" isSetter="false">
              <Summary numSequencePoints="1" visitedSequencePoints="0" numBranchPoints="1" visitedBranchPoints="0" sequenceCoverage="0" branchCoverage="0" maxCyclomaticComplexity="1" minCyclomaticComplexity="1" visitedClasses="0" numClasses="0" visitedMethods="0" numMethods="1" />
              <MetadataToken>100663497</MetadataToken>
              <Name>System.Collections.Generic.IDictionary`2&lt;System.Net.Http.Headers.MediaTypeHeaderValue,System.Object&gt; TaskManagerAPI.Areas.HelpPage.Models.HelpPageApiModel::get_SampleRequests()</Name>
              <FileRef uid="35" />
              <SequencePoints>
                <SequencePoint vc="0" uspid="1714" ordinal="0" offset="0" sl="75" sc="75" el="75" ec="79" bec="0" bev="0" fileid="35" />
              </SequencePoints>
              <BranchPoints />
              <MethodPoint xsi:type="SequencePoint" vc="0" uspid="1714" ordinal="0" offset="0" sl="75" sc="75" el="75" ec="79" bec="0" bev="0" fileid="35" />
            </Method>
            <Method visited="false" cyclomaticComplexity="1" nPathComplexity="0" sequenceCoverage="0" branchCoverage="0" isConstructor="false" isStatic="false" isGetter="false" isSetter="true">
              <Summary numSequencePoints="1" visitedSequencePoints="0" numBranchPoints="1" visitedBranchPoints="0" sequenceCoverage="0" branchCoverage="0" maxCyclomaticComplexity="1" minCyclomaticComplexity="1" visitedClasses="0" numClasses="0" visitedMethods="0" numMethods="1" />
              <MetadataToken>100663498</MetadataToken>
              <Name>System.Void TaskManagerAPI.Areas.HelpPage.Models.HelpPageApiModel::set_SampleRequests(System.Collections.Generic.IDictionary`2&lt;System.Net.Http.Headers.MediaTypeHeaderValue,System.Object&gt;)</Name>
              <FileRef uid="35" />
              <SequencePoints>
                <SequencePoint vc="0" uspid="1715" ordinal="0" offset="0" sl="75" sc="80" el="75" ec="92" bec="0" bev="0" fileid="35" />
              </SequencePoints>
              <BranchPoints />
              <MethodPoint xsi:type="SequencePoint" vc="0" uspid="1715" ordinal="0" offset="0" sl="75" sc="80" el="75" ec="92" bec="0" bev="0" fileid="35" />
            </Method>
            <Method visited="false" cyclomaticComplexity="1" nPathComplexity="0" sequenceCoverage="0" branchCoverage="0" isConstructor="false" isStatic="false" isGetter="true" isSetter="false">
              <Summary numSequencePoints="1" visitedSequencePoints="0" numBranchPoints="1" visitedBranchPoints="0" sequenceCoverage="0" branchCoverage="0" maxCyclomaticComplexity="1" minCyclomaticComplexity="1" visitedClasses="0" numClasses="0" visitedMethods="0" numMethods="1" />
              <MetadataToken>100663499</MetadataToken>
              <Name>System.Collections.Generic.IDictionary`2&lt;System.Net.Http.Headers.MediaTypeHeaderValue,System.Object&gt; TaskManagerAPI.Areas.HelpPage.Models.HelpPageApiModel::get_SampleResponses()</Name>
              <FileRef uid="35" />
              <SequencePoints>
                <SequencePoint vc="0" uspid="1716" ordinal="0" offset="0" sl="80" sc="76" el="80" ec="80" bec="0" bev="0" fileid="35" />
              </SequencePoints>
              <BranchPoints />
              <MethodPoint xsi:type="SequencePoint" vc="0" uspid="1716" ordinal="0" offset="0" sl="80" sc="76" el="80" ec="80" bec="0" bev="0" fileid="35" />
            </Method>
            <Method visited="false" cyclomaticComplexity="1" nPathComplexity="0" sequenceCoverage="0" branchCoverage="0" isConstructor="false" isStatic="false" isGetter="false" isSetter="true">
              <Summary numSequencePoints="1" visitedSequencePoints="0" numBranchPoints="1" visitedBranchPoints="0" sequenceCoverage="0" branchCoverage="0" maxCyclomaticComplexity="1" minCyclomaticComplexity="1" visitedClasses="0" numClasses="0" visitedMethods="0" numMethods="1" />
              <MetadataToken>100663500</MetadataToken>
              <Name>System.Void TaskManagerAPI.Areas.HelpPage.Models.HelpPageApiModel::set_SampleResponses(System.Collections.Generic.IDictionary`2&lt;System.Net.Http.Headers.MediaTypeHeaderValue,System.Object&gt;)</Name>
              <FileRef uid="35" />
              <SequencePoints>
                <SequencePoint vc="0" uspid="1717" ordinal="0" offset="0" sl="80" sc="81" el="80" ec="93" bec="0" bev="0" fileid="35" />
              </SequencePoints>
              <BranchPoints />
              <MethodPoint xsi:type="SequencePoint" vc="0" uspid="1717" ordinal="0" offset="0" sl="80" sc="81" el="80" ec="93" bec="0" bev="0" fileid="35" />
            </Method>
            <Method visited="false" cyclomaticComplexity="1" nPathComplexity="0" sequenceCoverage="0" branchCoverage="0" isConstructor="false" isStatic="false" isGetter="true" isSetter="false">
              <Summary numSequencePoints="1" visitedSequencePoints="0" numBranchPoints="1" visitedBranchPoints="0" sequenceCoverage="0" branchCoverage="0" maxCyclomaticComplexity="1" minCyclomaticComplexity="1" visitedClasses="0" numClasses="0" visitedMethods="0" numMethods="1" />
              <MetadataToken>100663501</MetadataToken>
              <Name>System.Collections.ObjectModel.Collection`1&lt;System.String&gt; TaskManagerAPI.Areas.HelpPage.Models.HelpPageApiModel::get_ErrorMessages()</Name>
              <FileRef uid="35" />
              <SequencePoints>
                <SequencePoint vc="0" uspid="1718" ordinal="0" offset="0" sl="85" sc="51" el="85" ec="55" bec="0" bev="0" fileid="35" />
              </SequencePoints>
              <BranchPoints />
              <MethodPoint xsi:type="SequencePoint" vc="0" uspid="1718" ordinal="0" offset="0" sl="85" sc="51" el="85" ec="55" bec="0" bev="0" fileid="35" />
            </Method>
            <Method visited="false" cyclomaticComplexity="1" nPathComplexity="0" sequenceCoverage="0" branchCoverage="0" isConstructor="false" isStatic="false" isGetter="false" isSetter="true">
              <Summary numSequencePoints="1" visitedSequencePoints="0" numBranchPoints="1" visitedBranchPoints="0" sequenceCoverage="0" branchCoverage="0" maxCyclomaticComplexity="1" minCyclomaticComplexity="1" visitedClasses="0" numClasses="0" visitedMethods="0" numMethods="1" />
              <MetadataToken>100663502</MetadataToken>
              <Name>System.Void TaskManagerAPI.Areas.HelpPage.Models.HelpPageApiModel::set_ErrorMessages(System.Collections.ObjectModel.Collection`1&lt;System.String&gt;)</Name>
              <FileRef uid="35" />
              <SequencePoints>
                <SequencePoint vc="0" uspid="1719" ordinal="0" offset="0" sl="85" sc="56" el="85" ec="68" bec="0" bev="0" fileid="35" />
              </SequencePoints>
              <BranchPoints />
              <MethodPoint xsi:type="SequencePoint" vc="0" uspid="1719" ordinal="0" offset="0" sl="85" sc="56" el="85" ec="68" bec="0" bev="0" fileid="35" />
            </Method>
            <Method visited="false" cyclomaticComplexity="1" nPathComplexity="0" sequenceCoverage="0" branchCoverage="0" isConstructor="true" isStatic="false" isGetter="false" isSetter="false">
              <Summary numSequencePoints="7" visitedSequencePoints="0" numBranchPoints="1" visitedBranchPoints="0" sequenceCoverage="0" branchCoverage="0" maxCyclomaticComplexity="1" minCyclomaticComplexity="1" visitedClasses="0" numClasses="0" visitedMethods="0" numMethods="1" />
              <MetadataToken>100663484</MetadataToken>
              <Name>System.Void TaskManagerAPI.Areas.HelpPage.Models.HelpPageApiModel::.ctor()</Name>
              <FileRef uid="35" />
              <SequencePoints>
                <SequencePoint vc="0" uspid="1720" ordinal="0" offset="0" sl="17" sc="9" el="17" ec="34" bec="0" bev="0" fileid="35" />
                <SequencePoint vc="0" uspid="1721" ordinal="1" offset="7" sl="18" sc="9" el="18" ec="10" bec="0" bev="0" fileid="35" />
                <SequencePoint vc="0" uspid="1722" ordinal="2" offset="8" sl="19" sc="13" el="19" ec="68" bec="0" bev="0" fileid="35" />
                <SequencePoint vc="0" uspid="1723" ordinal="3" offset="20" sl="20" sc="13" el="20" ec="77" bec="0" bev="0" fileid="35" />
                <SequencePoint vc="0" uspid="1724" ordinal="4" offset="32" sl="21" sc="13" el="21" ec="78" bec="0" bev="0" fileid="35" />
                <SequencePoint vc="0" uspid="1725" ordinal="5" offset="44" sl="22" sc="13" el="22" ec="54" bec="0" bev="0" fileid="35" />
                <SequencePoint vc="0" uspid="1726" ordinal="6" offset="56" sl="23" sc="9" el="23" ec="10" bec="0" bev="0" fileid="35" />
              </SequencePoints>
              <BranchPoints />
              <MethodPoint xsi:type="SequencePoint" vc="0" uspid="1720" ordinal="0" offset="0" sl="17" sc="9" el="17" ec="34" bec="0" bev="0" fileid="35" />
            </Method>
            <Method visited="false" cyclomaticComplexity="4" nPathComplexity="8" sequenceCoverage="0" branchCoverage="0" isConstructor="false" isStatic="true" isGetter="false" isSetter="false">
              <Summary numSequencePoints="15" visitedSequencePoints="0" numBranchPoints="7" visitedBranchPoints="0" sequenceCoverage="0" branchCoverage="0" maxCyclomaticComplexity="4" minCyclomaticComplexity="4" visitedClasses="0" numClasses="0" visitedMethods="0" numMethods="1" />
              <MetadataToken>100663503</MetadataToken>
              <Name>System.Collections.Generic.IList`1&lt;TaskManagerAPI.Areas.HelpPage.ModelDescriptions.ParameterDescription&gt; TaskManagerAPI.Areas.HelpPage.Models.HelpPageApiModel::GetParameterDescriptions(TaskManagerAPI.Areas.HelpPage.ModelDescriptions.ModelDescription)</Name>
              <FileRef uid="35" />
              <SequencePoints>
                <SequencePoint vc="0" uspid="1727" ordinal="0" offset="0" sl="88" sc="9" el="88" ec="10" bec="0" bev="0" fileid="35" />
                <SequencePoint vc="0" uspid="1728" ordinal="1" offset="1" sl="89" sc="13" el="89" ec="119" bec="0" bev="0" fileid="35" />
                <SequencePoint vc="0" uspid="1729" ordinal="2" offset="8" sl="90" sc="13" el="90" ec="53" bec="2" bev="0" fileid="35" />
                <SequencePoint vc="0" uspid="1730" ordinal="3" offset="16" sl="91" sc="13" el="91" ec="14" bec="0" bev="0" fileid="35" />
                <SequencePoint vc="0" uspid="1731" ordinal="4" offset="17" sl="92" sc="17" el="92" ec="63" bec="0" bev="0" fileid="35" />
                <SequencePoint vc="0" uspid="1732" ordinal="5" offset="26" sl="95" sc="13" el="95" ec="116" bec="0" bev="0" fileid="35" />
                <SequencePoint vc="0" uspid="1733" ordinal="6" offset="33" sl="96" sc="13" el="96" ec="52" bec="2" bev="0" fileid="35" />
                <SequencePoint vc="0" uspid="1734" ordinal="7" offset="43" sl="97" sc="13" el="97" ec="14" bec="0" bev="0" fileid="35" />
                <SequencePoint vc="0" uspid="1735" ordinal="8" offset="44" sl="98" sc="17" el="98" ec="124" bec="0" bev="0" fileid="35" />
                <SequencePoint vc="0" uspid="1736" ordinal="9" offset="56" sl="99" sc="17" el="99" ec="57" bec="2" bev="0" fileid="35" />
                <SequencePoint vc="0" uspid="1737" ordinal="10" offset="66" sl="100" sc="17" el="100" ec="18" bec="0" bev="0" fileid="35" />
                <SequencePoint vc="0" uspid="1738" ordinal="11" offset="67" sl="101" sc="21" el="101" ec="67" bec="0" bev="0" fileid="35" />
                <SequencePoint vc="0" uspid="1739" ordinal="12" offset="76" sl="103" sc="13" el="103" ec="14" bec="0" bev="0" fileid="35" />
                <SequencePoint vc="0" uspid="1740" ordinal="13" offset="77" sl="105" sc="13" el="105" ec="25" bec="0" bev="0" fileid="35" />
                <SequencePoint vc="0" uspid="1741" ordinal="14" offset="81" sl="106" sc="9" el="106" ec="10" bec="0" bev="0" fileid="35" />
              </SequencePoints>
              <BranchPoints>
                <BranchPoint vc="0" uspid="1742" ordinal="0" offset="14" sl="90" path="0" offsetend="16" fileid="35" />
                <BranchPoint vc="0" uspid="1743" ordinal="1" offset="14" sl="90" path="1" offsetend="26" fileid="35" />
                <BranchPoint vc="0" uspid="1744" ordinal="2" offset="41" sl="96" path="0" offsetend="43" fileid="35" />
                <BranchPoint vc="0" uspid="1745" ordinal="3" offset="41" sl="96" path="1" offsetend="77" fileid="35" />
                <BranchPoint vc="0" uspid="1746" ordinal="4" offset="64" sl="99" path="0" offsetend="66" fileid="35" />
                <BranchPoint vc="0" uspid="1747" ordinal="5" offset="64" sl="99" path="1" offsetend="76" fileid="35" />
              </BranchPoints>
              <MethodPoint xsi:type="SequencePoint" vc="0" uspid="1727" ordinal="0" offset="0" sl="88" sc="9" el="88" ec="10" bec="0" bev="0" fileid="35" />
            </Method>
          </Methods>
        </Class>
        <Class>
          <Summary numSequencePoints="2" visitedSequencePoints="0" numBranchPoints="2" visitedBranchPoints="0" sequenceCoverage="0" branchCoverage="0" maxCyclomaticComplexity="1" minCyclomaticComplexity="1" visitedClasses="0" numClasses="1" visitedMethods="0" numMethods="2" />
          <FullName>TaskManagerAPI.Areas.HelpPage.ModelDescriptions.CollectionModelDescription</FullName>
          <Methods>
            <Method visited="false" cyclomaticComplexity="1" nPathComplexity="0" sequenceCoverage="0" branchCoverage="0" isConstructor="false" isStatic="false" isGetter="true" isSetter="false">
              <Summary numSequencePoints="1" visitedSequencePoints="0" numBranchPoints="1" visitedBranchPoints="0" sequenceCoverage="0" branchCoverage="0" maxCyclomaticComplexity="1" minCyclomaticComplexity="1" visitedClasses="0" numClasses="0" visitedMethods="0" numMethods="1" />
              <MetadataToken>100663504</MetadataToken>
              <Name>TaskManagerAPI.Areas.HelpPage.ModelDescriptions.ModelDescription TaskManagerAPI.Areas.HelpPage.ModelDescriptions.CollectionModelDescription::get_ElementDescription()</Name>
              <FileRef uid="36" />
              <SequencePoints>
                <SequencePoint vc="0" uspid="1748" ordinal="0" offset="0" sl="5" sc="54" el="5" ec="58" bec="0" bev="0" fileid="36" />
              </SequencePoints>
              <BranchPoints />
              <MethodPoint xsi:type="SequencePoint" vc="0" uspid="1748" ordinal="0" offset="0" sl="5" sc="54" el="5" ec="58" bec="0" bev="0" fileid="36" />
            </Method>
            <Method visited="false" cyclomaticComplexity="1" nPathComplexity="0" sequenceCoverage="0" branchCoverage="0" isConstructor="false" isStatic="false" isGetter="false" isSetter="true">
              <Summary numSequencePoints="1" visitedSequencePoints="0" numBranchPoints="1" visitedBranchPoints="0" sequenceCoverage="0" branchCoverage="0" maxCyclomaticComplexity="1" minCyclomaticComplexity="1" visitedClasses="0" numClasses="0" visitedMethods="0" numMethods="1" />
              <MetadataToken>100663505</MetadataToken>
              <Name>System.Void TaskManagerAPI.Areas.HelpPage.ModelDescriptions.CollectionModelDescription::set_ElementDescription(TaskManagerAPI.Areas.HelpPage.ModelDescriptions.ModelDescription)</Name>
              <FileRef uid="36" />
              <SequencePoints>
                <SequencePoint vc="0" uspid="1749" ordinal="0" offset="0" sl="5" sc="59" el="5" ec="63" bec="0" bev="0" fileid="36" />
              </SequencePoints>
              <BranchPoints />
              <MethodPoint xsi:type="SequencePoint" vc="0" uspid="1749" ordinal="0" offset="0" sl="5" sc="59" el="5" ec="63" bec="0" bev="0" fileid="36" />
            </Method>
            <Method visited="false" cyclomaticComplexity="1" nPathComplexity="0" sequenceCoverage="0" branchCoverage="0" isConstructor="true" isStatic="false" isGetter="false" isSetter="false">
              <Summary numSequencePoints="0" visitedSequencePoints="0" numBranchPoints="0" visitedBranchPoints="0" sequenceCoverage="0" branchCoverage="0" maxCyclomaticComplexity="1" minCyclomaticComplexity="1" visitedClasses="0" numClasses="0" visitedMethods="0" numMethods="0" />
              <MetadataToken>100663506</MetadataToken>
              <Name>System.Void TaskManagerAPI.Areas.HelpPage.ModelDescriptions.CollectionModelDescription::.ctor()</Name>
              <SequencePoints />
              <BranchPoints />
              <MethodPoint vc="0" uspid="1750" ordinal="0" offset="0" />
            </Method>
          </Methods>
        </Class>
        <Class>
          <Summary numSequencePoints="6" visitedSequencePoints="0" numBranchPoints="3" visitedBranchPoints="0" sequenceCoverage="0" branchCoverage="0" maxCyclomaticComplexity="1" minCyclomaticComplexity="1" visitedClasses="0" numClasses="1" visitedMethods="0" numMethods="3" />
          <FullName>TaskManagerAPI.Areas.HelpPage.ModelDescriptions.ComplexTypeModelDescription</FullName>
          <Methods>
            <Method visited="false" cyclomaticComplexity="1" nPathComplexity="0" sequenceCoverage="0" branchCoverage="0" isConstructor="false" isStatic="false" isGetter="true" isSetter="false">
              <Summary numSequencePoints="1" visitedSequencePoints="0" numBranchPoints="1" visitedBranchPoints="0" sequenceCoverage="0" branchCoverage="0" maxCyclomaticComplexity="1" minCyclomaticComplexity="1" visitedClasses="0" numClasses="0" visitedMethods="0" numMethods="1" />
              <MetadataToken>100663508</MetadataToken>
              <Name>System.Collections.ObjectModel.Collection`1&lt;TaskManagerAPI.Areas.HelpPage.ModelDescriptions.ParameterDescription&gt; TaskManagerAPI.Areas.HelpPage.ModelDescriptions.ComplexTypeModelDescription::get_Properties()</Name>
              <FileRef uid="37" />
              <SequencePoints>
                <SequencePoint vc="0" uspid="1751" ordinal="0" offset="0" sl="12" sc="62" el="12" ec="66" bec="0" bev="0" fileid="37" />
              </SequencePoints>
              <BranchPoints />
              <MethodPoint xsi:type="SequencePoint" vc="0" uspid="1751" ordinal="0" offset="0" sl="12" sc="62" el="12" ec="66" bec="0" bev="0" fileid="37" />
            </Method>
            <Method visited="false" cyclomaticComplexity="1" nPathComplexity="0" sequenceCoverage="0" branchCoverage="0" isConstructor="false" isStatic="false" isGetter="false" isSetter="true">
              <Summary numSequencePoints="1" visitedSequencePoints="0" numBranchPoints="1" visitedBranchPoints="0" sequenceCoverage="0" branchCoverage="0" maxCyclomaticComplexity="1" minCyclomaticComplexity="1" visitedClasses="0" numClasses="0" visitedMethods="0" numMethods="1" />
              <MetadataToken>100663509</MetadataToken>
              <Name>System.Void TaskManagerAPI.Areas.HelpPage.ModelDescriptions.ComplexTypeModelDescription::set_Properties(System.Collections.ObjectModel.Collection`1&lt;TaskManagerAPI.Areas.HelpPage.ModelDescriptions.ParameterDescription&gt;)</Name>
              <FileRef uid="37" />
              <SequencePoints>
                <SequencePoint vc="0" uspid="1752" ordinal="0" offset="0" sl="12" sc="67" el="12" ec="79" bec="0" bev="0" fileid="37" />
              </SequencePoints>
              <BranchPoints />
              <MethodPoint xsi:type="SequencePoint" vc="0" uspid="1752" ordinal="0" offset="0" sl="12" sc="67" el="12" ec="79" bec="0" bev="0" fileid="37" />
            </Method>
            <Method visited="false" cyclomaticComplexity="1" nPathComplexity="0" sequenceCoverage="0" branchCoverage="0" isConstructor="true" isStatic="false" isGetter="false" isSetter="false">
              <Summary numSequencePoints="4" visitedSequencePoints="0" numBranchPoints="1" visitedBranchPoints="0" sequenceCoverage="0" branchCoverage="0" maxCyclomaticComplexity="1" minCyclomaticComplexity="1" visitedClasses="0" numClasses="0" visitedMethods="0" numMethods="1" />
              <MetadataToken>100663507</MetadataToken>
              <Name>System.Void TaskManagerAPI.Areas.HelpPage.ModelDescriptions.ComplexTypeModelDescription::.ctor()</Name>
              <FileRef uid="37" />
              <SequencePoints>
                <SequencePoint vc="0" uspid="1753" ordinal="0" offset="0" sl="7" sc="9" el="7" ec="45" bec="0" bev="0" fileid="37" />
                <SequencePoint vc="0" uspid="1754" ordinal="1" offset="7" sl="8" sc="9" el="8" ec="10" bec="0" bev="0" fileid="37" />
                <SequencePoint vc="0" uspid="1755" ordinal="2" offset="8" sl="9" sc="13" el="9" ec="65" bec="0" bev="0" fileid="37" />
                <SequencePoint vc="0" uspid="1756" ordinal="3" offset="20" sl="10" sc="9" el="10" ec="10" bec="0" bev="0" fileid="37" />
              </SequencePoints>
              <BranchPoints />
              <MethodPoint xsi:type="SequencePoint" vc="0" uspid="1753" ordinal="0" offset="0" sl="7" sc="9" el="7" ec="45" bec="0" bev="0" fileid="37" />
            </Method>
          </Methods>
        </Class>
        <Class>
          <Summary numSequencePoints="0" visitedSequencePoints="0" numBranchPoints="0" visitedBranchPoints="0" sequenceCoverage="0" branchCoverage="0" maxCyclomaticComplexity="1" minCyclomaticComplexity="1" visitedClasses="0" numClasses="0" visitedMethods="0" numMethods="0" />
          <FullName>TaskManagerAPI.Areas.HelpPage.ModelDescriptions.DictionaryModelDescription</FullName>
          <Methods>
            <Method visited="false" cyclomaticComplexity="1" nPathComplexity="0" sequenceCoverage="0" branchCoverage="0" isConstructor="true" isStatic="false" isGetter="false" isSetter="false">
              <Summary numSequencePoints="0" visitedSequencePoints="0" numBranchPoints="0" visitedBranchPoints="0" sequenceCoverage="0" branchCoverage="0" maxCyclomaticComplexity="1" minCyclomaticComplexity="1" visitedClasses="0" numClasses="0" visitedMethods="0" numMethods="0" />
              <MetadataToken>100663510</MetadataToken>
              <Name>System.Void TaskManagerAPI.Areas.HelpPage.ModelDescriptions.DictionaryModelDescription::.ctor()</Name>
              <SequencePoints />
              <BranchPoints />
              <MethodPoint vc="0" uspid="1757" ordinal="0" offset="0" />
            </Method>
          </Methods>
        </Class>
        <Class>
          <Summary numSequencePoints="6" visitedSequencePoints="0" numBranchPoints="3" visitedBranchPoints="0" sequenceCoverage="0" branchCoverage="0" maxCyclomaticComplexity="1" minCyclomaticComplexity="1" visitedClasses="0" numClasses="1" visitedMethods="0" numMethods="3" />
          <FullName>TaskManagerAPI.Areas.HelpPage.ModelDescriptions.EnumTypeModelDescription</FullName>
          <Methods>
            <Method visited="false" cyclomaticComplexity="1" nPathComplexity="0" sequenceCoverage="0" branchCoverage="0" isConstructor="false" isStatic="false" isGetter="true" isSetter="false">
              <Summary numSequencePoints="1" visitedSequencePoints="0" numBranchPoints="1" visitedBranchPoints="0" sequenceCoverage="0" branchCoverage="0" maxCyclomaticComplexity="1" minCyclomaticComplexity="1" visitedClasses="0" numClasses="0" visitedMethods="0" numMethods="1" />
              <MetadataToken>100663512</MetadataToken>
              <Name>System.Collections.ObjectModel.Collection`1&lt;TaskManagerAPI.Areas.HelpPage.ModelDescriptions.EnumValueDescription&gt; TaskManagerAPI.Areas.HelpPage.ModelDescriptions.EnumTypeModelDescription::get_Values()</Name>
              <FileRef uid="38" />
              <SequencePoints>
                <SequencePoint vc="0" uspid="1758" ordinal="0" offset="0" sl="13" sc="58" el="13" ec="62" bec="0" bev="0" fileid="38" />
              </SequencePoints>
              <BranchPoints />
              <MethodPoint xsi:type="SequencePoint" vc="0" uspid="1758" ordinal="0" offset="0" sl="13" sc="58" el="13" ec="62" bec="0" bev="0" fileid="38" />
            </Method>
            <Method visited="false" cyclomaticComplexity="1" nPathComplexity="0" sequenceCoverage="0" branchCoverage="0" isConstructor="false" isStatic="false" isGetter="false" isSetter="true">
              <Summary numSequencePoints="1" visitedSequencePoints="0" numBranchPoints="1" visitedBranchPoints="0" sequenceCoverage="0" branchCoverage="0" maxCyclomaticComplexity="1" minCyclomaticComplexity="1" visitedClasses="0" numClasses="0" visitedMethods="0" numMethods="1" />
              <MetadataToken>100663513</MetadataToken>
              <Name>System.Void TaskManagerAPI.Areas.HelpPage.ModelDescriptions.EnumTypeModelDescription::set_Values(System.Collections.ObjectModel.Collection`1&lt;TaskManagerAPI.Areas.HelpPage.ModelDescriptions.EnumValueDescription&gt;)</Name>
              <FileRef uid="38" />
              <SequencePoints>
                <SequencePoint vc="0" uspid="1759" ordinal="0" offset="0" sl="13" sc="63" el="13" ec="75" bec="0" bev="0" fileid="38" />
              </SequencePoints>
              <BranchPoints />
              <MethodPoint xsi:type="SequencePoint" vc="0" uspid="1759" ordinal="0" offset="0" sl="13" sc="63" el="13" ec="75" bec="0" bev="0" fileid="38" />
            </Method>
            <Method visited="false" cyclomaticComplexity="1" nPathComplexity="0" sequenceCoverage="0" branchCoverage="0" isConstructor="true" isStatic="false" isGetter="false" isSetter="false">
              <Summary numSequencePoints="4" visitedSequencePoints="0" numBranchPoints="1" visitedBranchPoints="0" sequenceCoverage="0" branchCoverage="0" maxCyclomaticComplexity="1" minCyclomaticComplexity="1" visitedClasses="0" numClasses="0" visitedMethods="0" numMethods="1" />
              <MetadataToken>100663511</MetadataToken>
              <Name>System.Void TaskManagerAPI.Areas.HelpPage.ModelDescriptions.EnumTypeModelDescription::.ctor()</Name>
              <FileRef uid="38" />
              <SequencePoints>
                <SequencePoint vc="0" uspid="1760" ordinal="0" offset="0" sl="8" sc="9" el="8" ec="42" bec="0" bev="0" fileid="38" />
                <SequencePoint vc="0" uspid="1761" ordinal="1" offset="7" sl="9" sc="9" el="9" ec="10" bec="0" bev="0" fileid="38" />
                <SequencePoint vc="0" uspid="1762" ordinal="2" offset="8" sl="10" sc="13" el="10" ec="61" bec="0" bev="0" fileid="38" />
                <SequencePoint vc="0" uspid="1763" ordinal="3" offset="20" sl="11" sc="9" el="11" ec="10" bec="0" bev="0" fileid="38" />
              </SequencePoints>
              <BranchPoints />
              <MethodPoint xsi:type="SequencePoint" vc="0" uspid="1760" ordinal="0" offset="0" sl="8" sc="9" el="8" ec="42" bec="0" bev="0" fileid="38" />
            </Method>
          </Methods>
        </Class>
        <Class>
          <Summary numSequencePoints="6" visitedSequencePoints="0" numBranchPoints="6" visitedBranchPoints="0" sequenceCoverage="0" branchCoverage="0" maxCyclomaticComplexity="1" minCyclomaticComplexity="1" visitedClasses="0" numClasses="1" visitedMethods="0" numMethods="6" />
          <FullName>TaskManagerAPI.Areas.HelpPage.ModelDescriptions.EnumValueDescription</FullName>
          <Methods>
            <Method visited="false" cyclomaticComplexity="1" nPathComplexity="0" sequenceCoverage="0" branchCoverage="0" isConstructor="false" isStatic="false" isGetter="true" isSetter="false">
              <Summary numSequencePoints="1" visitedSequencePoints="0" numBranchPoints="1" visitedBranchPoints="0" sequenceCoverage="0" branchCoverage="0" maxCyclomaticComplexity="1" minCyclomaticComplexity="1" visitedClasses="0" numClasses="0" visitedMethods="0" numMethods="1" />
              <MetadataToken>100663514</MetadataToken>
              <Name>System.String TaskManagerAPI.Areas.HelpPage.ModelDescriptions.EnumValueDescription::get_Documentation()</Name>
              <FileRef uid="39" />
              <SequencePoints>
                <SequencePoint vc="0" uspid="1764" ordinal="0" offset="0" sl="5" sc="39" el="5" ec="43" bec="0" bev="0" fileid="39" />
              </SequencePoints>
              <BranchPoints />
              <MethodPoint xsi:type="SequencePoint" vc="0" uspid="1764" ordinal="0" offset="0" sl="5" sc="39" el="5" ec="43" bec="0" bev="0" fileid="39" />
            </Method>
            <Method visited="false" cyclomaticComplexity="1" nPathComplexity="0" sequenceCoverage="0" branchCoverage="0" isConstructor="false" isStatic="false" isGetter="false" isSetter="true">
              <Summary numSequencePoints="1" visitedSequencePoints="0" numBranchPoints="1" visitedBranchPoints="0" sequenceCoverage="0" branchCoverage="0" maxCyclomaticComplexity="1" minCyclomaticComplexity="1" visitedClasses="0" numClasses="0" visitedMethods="0" numMethods="1" />
              <MetadataToken>100663515</MetadataToken>
              <Name>System.Void TaskManagerAPI.Areas.HelpPage.ModelDescriptions.EnumValueDescription::set_Documentation(System.String)</Name>
              <FileRef uid="39" />
              <SequencePoints>
                <SequencePoint vc="0" uspid="1765" ordinal="0" offset="0" sl="5" sc="44" el="5" ec="48" bec="0" bev="0" fileid="39" />
              </SequencePoints>
              <BranchPoints />
              <MethodPoint xsi:type="SequencePoint" vc="0" uspid="1765" ordinal="0" offset="0" sl="5" sc="44" el="5" ec="48" bec="0" bev="0" fileid="39" />
            </Method>
            <Method visited="false" cyclomaticComplexity="1" nPathComplexity="0" sequenceCoverage="0" branchCoverage="0" isConstructor="false" isStatic="false" isGetter="true" isSetter="false">
              <Summary numSequencePoints="1" visitedSequencePoints="0" numBranchPoints="1" visitedBranchPoints="0" sequenceCoverage="0" branchCoverage="0" maxCyclomaticComplexity="1" minCyclomaticComplexity="1" visitedClasses="0" numClasses="0" visitedMethods="0" numMethods="1" />
              <MetadataToken>100663516</MetadataToken>
              <Name>System.String TaskManagerAPI.Areas.HelpPage.ModelDescriptions.EnumValueDescription::get_Name()</Name>
              <FileRef uid="39" />
              <SequencePoints>
                <SequencePoint vc="0" uspid="1766" ordinal="0" offset="0" sl="7" sc="30" el="7" ec="34" bec="0" bev="0" fileid="39" />
              </SequencePoints>
              <BranchPoints />
              <MethodPoint xsi:type="SequencePoint" vc="0" uspid="1766" ordinal="0" offset="0" sl="7" sc="30" el="7" ec="34" bec="0" bev="0" fileid="39" />
            </Method>
            <Method visited="false" cyclomaticComplexity="1" nPathComplexity="0" sequenceCoverage="0" branchCoverage="0" isConstructor="false" isStatic="false" isGetter="false" isSetter="true">
              <Summary numSequencePoints="1" visitedSequencePoints="0" numBranchPoints="1" visitedBranchPoints="0" sequenceCoverage="0" branchCoverage="0" maxCyclomaticComplexity="1" minCyclomaticComplexity="1" visitedClasses="0" numClasses="0" visitedMethods="0" numMethods="1" />
              <MetadataToken>100663517</MetadataToken>
              <Name>System.Void TaskManagerAPI.Areas.HelpPage.ModelDescriptions.EnumValueDescription::set_Name(System.String)</Name>
              <FileRef uid="39" />
              <SequencePoints>
                <SequencePoint vc="0" uspid="1767" ordinal="0" offset="0" sl="7" sc="35" el="7" ec="39" bec="0" bev="0" fileid="39" />
              </SequencePoints>
              <BranchPoints />
              <MethodPoint xsi:type="SequencePoint" vc="0" uspid="1767" ordinal="0" offset="0" sl="7" sc="35" el="7" ec="39" bec="0" bev="0" fileid="39" />
            </Method>
            <Method visited="false" cyclomaticComplexity="1" nPathComplexity="0" sequenceCoverage="0" branchCoverage="0" isConstructor="false" isStatic="false" isGetter="true" isSetter="false">
              <Summary numSequencePoints="1" visitedSequencePoints="0" numBranchPoints="1" visitedBranchPoints="0" sequenceCoverage="0" branchCoverage="0" maxCyclomaticComplexity="1" minCyclomaticComplexity="1" visitedClasses="0" numClasses="0" visitedMethods="0" numMethods="1" />
              <MetadataToken>100663518</MetadataToken>
              <Name>System.String TaskManagerAPI.Areas.HelpPage.ModelDescriptions.EnumValueDescription::get_Value()</Name>
              <FileRef uid="39" />
              <SequencePoints>
                <SequencePoint vc="0" uspid="1768" ordinal="0" offset="0" sl="9" sc="31" el="9" ec="35" bec="0" bev="0" fileid="39" />
              </SequencePoints>
              <BranchPoints />
              <MethodPoint xsi:type="SequencePoint" vc="0" uspid="1768" ordinal="0" offset="0" sl="9" sc="31" el="9" ec="35" bec="0" bev="0" fileid="39" />
            </Method>
            <Method visited="false" cyclomaticComplexity="1" nPathComplexity="0" sequenceCoverage="0" branchCoverage="0" isConstructor="false" isStatic="false" isGetter="false" isSetter="true">
              <Summary numSequencePoints="1" visitedSequencePoints="0" numBranchPoints="1" visitedBranchPoints="0" sequenceCoverage="0" branchCoverage="0" maxCyclomaticComplexity="1" minCyclomaticComplexity="1" visitedClasses="0" numClasses="0" visitedMethods="0" numMethods="1" />
              <MetadataToken>100663519</MetadataToken>
              <Name>System.Void TaskManagerAPI.Areas.HelpPage.ModelDescriptions.EnumValueDescription::set_Value(System.String)</Name>
              <FileRef uid="39" />
              <SequencePoints>
                <SequencePoint vc="0" uspid="1769" ordinal="0" offset="0" sl="9" sc="36" el="9" ec="40" bec="0" bev="0" fileid="39" />
              </SequencePoints>
              <BranchPoints />
              <MethodPoint xsi:type="SequencePoint" vc="0" uspid="1769" ordinal="0" offset="0" sl="9" sc="36" el="9" ec="40" bec="0" bev="0" fileid="39" />
            </Method>
            <Method visited="false" cyclomaticComplexity="1" nPathComplexity="0" sequenceCoverage="0" branchCoverage="0" isConstructor="true" isStatic="false" isGetter="false" isSetter="false">
              <Summary numSequencePoints="0" visitedSequencePoints="0" numBranchPoints="0" visitedBranchPoints="0" sequenceCoverage="0" branchCoverage="0" maxCyclomaticComplexity="1" minCyclomaticComplexity="1" visitedClasses="0" numClasses="0" visitedMethods="0" numMethods="0" />
              <MetadataToken>100663520</MetadataToken>
              <Name>System.Void TaskManagerAPI.Areas.HelpPage.ModelDescriptions.EnumValueDescription::.ctor()</Name>
              <SequencePoints />
              <BranchPoints />
              <MethodPoint vc="0" uspid="1770" ordinal="0" offset="0" />
            </Method>
          </Methods>
        </Class>
        <Class>
          <Summary numSequencePoints="4" visitedSequencePoints="0" numBranchPoints="4" visitedBranchPoints="0" sequenceCoverage="0" branchCoverage="0" maxCyclomaticComplexity="1" minCyclomaticComplexity="1" visitedClasses="0" numClasses="1" visitedMethods="0" numMethods="4" />
          <FullName>TaskManagerAPI.Areas.HelpPage.ModelDescriptions.KeyValuePairModelDescription</FullName>
          <Methods>
            <Method visited="false" cyclomaticComplexity="1" nPathComplexity="0" sequenceCoverage="0" branchCoverage="0" isConstructor="false" isStatic="false" isGetter="true" isSetter="false">
              <Summary numSequencePoints="1" visitedSequencePoints="0" numBranchPoints="1" visitedBranchPoints="0" sequenceCoverage="0" branchCoverage="0" maxCyclomaticComplexity="1" minCyclomaticComplexity="1" visitedClasses="0" numClasses="0" visitedMethods="0" numMethods="1" />
              <MetadataToken>100663523</MetadataToken>
              <Name>TaskManagerAPI.Areas.HelpPage.ModelDescriptions.ModelDescription TaskManagerAPI.Areas.HelpPage.ModelDescriptions.KeyValuePairModelDescription::get_KeyModelDescription()</Name>
              <FileRef uid="40" />
              <SequencePoints>
                <SequencePoint vc="0" uspid="1771" ordinal="0" offset="0" sl="5" sc="55" el="5" ec="59" bec="0" bev="0" fileid="40" />
              </SequencePoints>
              <BranchPoints />
              <MethodPoint xsi:type="SequencePoint" vc="0" uspid="1771" ordinal="0" offset="0" sl="5" sc="55" el="5" ec="59" bec="0" bev="0" fileid="40" />
            </Method>
            <Method visited="false" cyclomaticComplexity="1" nPathComplexity="0" sequenceCoverage="0" branchCoverage="0" isConstructor="false" isStatic="false" isGetter="false" isSetter="true">
              <Summary numSequencePoints="1" visitedSequencePoints="0" numBranchPoints="1" visitedBranchPoints="0" sequenceCoverage="0" branchCoverage="0" maxCyclomaticComplexity="1" minCyclomaticComplexity="1" visitedClasses="0" numClasses="0" visitedMethods="0" numMethods="1" />
              <MetadataToken>100663524</MetadataToken>
              <Name>System.Void TaskManagerAPI.Areas.HelpPage.ModelDescriptions.KeyValuePairModelDescription::set_KeyModelDescription(TaskManagerAPI.Areas.HelpPage.ModelDescriptions.ModelDescription)</Name>
              <FileRef uid="40" />
              <SequencePoints>
                <SequencePoint vc="0" uspid="1772" ordinal="0" offset="0" sl="5" sc="60" el="5" ec="64" bec="0" bev="0" fileid="40" />
              </SequencePoints>
              <BranchPoints />
              <MethodPoint xsi:type="SequencePoint" vc="0" uspid="1772" ordinal="0" offset="0" sl="5" sc="60" el="5" ec="64" bec="0" bev="0" fileid="40" />
            </Method>
            <Method visited="false" cyclomaticComplexity="1" nPathComplexity="0" sequenceCoverage="0" branchCoverage="0" isConstructor="false" isStatic="false" isGetter="true" isSetter="false">
              <Summary numSequencePoints="1" visitedSequencePoints="0" numBranchPoints="1" visitedBranchPoints="0" sequenceCoverage="0" branchCoverage="0" maxCyclomaticComplexity="1" minCyclomaticComplexity="1" visitedClasses="0" numClasses="0" visitedMethods="0" numMethods="1" />
              <MetadataToken>100663525</MetadataToken>
              <Name>TaskManagerAPI.Areas.HelpPage.ModelDescriptions.ModelDescription TaskManagerAPI.Areas.HelpPage.ModelDescriptions.KeyValuePairModelDescription::get_ValueModelDescription()</Name>
              <FileRef uid="40" />
              <SequencePoints>
                <SequencePoint vc="0" uspid="1773" ordinal="0" offset="0" sl="7" sc="57" el="7" ec="61" bec="0" bev="0" fileid="40" />
              </SequencePoints>
              <BranchPoints />
              <MethodPoint xsi:type="SequencePoint" vc="0" uspid="1773" ordinal="0" offset="0" sl="7" sc="57" el="7" ec="61" bec="0" bev="0" fileid="40" />
            </Method>
            <Method visited="false" cyclomaticComplexity="1" nPathComplexity="0" sequenceCoverage="0" branchCoverage="0" isConstructor="false" isStatic="false" isGetter="false" isSetter="true">
              <Summary numSequencePoints="1" visitedSequencePoints="0" numBranchPoints="1" visitedBranchPoints="0" sequenceCoverage="0" branchCoverage="0" maxCyclomaticComplexity="1" minCyclomaticComplexity="1" visitedClasses="0" numClasses="0" visitedMethods="0" numMethods="1" />
              <MetadataToken>100663526</MetadataToken>
              <Name>System.Void TaskManagerAPI.Areas.HelpPage.ModelDescriptions.KeyValuePairModelDescription::set_ValueModelDescription(TaskManagerAPI.Areas.HelpPage.ModelDescriptions.ModelDescription)</Name>
              <FileRef uid="40" />
              <SequencePoints>
                <SequencePoint vc="0" uspid="1774" ordinal="0" offset="0" sl="7" sc="62" el="7" ec="66" bec="0" bev="0" fileid="40" />
              </SequencePoints>
              <BranchPoints />
              <MethodPoint xsi:type="SequencePoint" vc="0" uspid="1774" ordinal="0" offset="0" sl="7" sc="62" el="7" ec="66" bec="0" bev="0" fileid="40" />
            </Method>
            <Method visited="false" cyclomaticComplexity="1" nPathComplexity="0" sequenceCoverage="0" branchCoverage="0" isConstructor="true" isStatic="false" isGetter="false" isSetter="false">
              <Summary numSequencePoints="0" visitedSequencePoints="0" numBranchPoints="0" visitedBranchPoints="0" sequenceCoverage="0" branchCoverage="0" maxCyclomaticComplexity="1" minCyclomaticComplexity="1" visitedClasses="0" numClasses="0" visitedMethods="0" numMethods="0" />
              <MetadataToken>100663527</MetadataToken>
              <Name>System.Void TaskManagerAPI.Areas.HelpPage.ModelDescriptions.KeyValuePairModelDescription::.ctor()</Name>
              <SequencePoints />
              <BranchPoints />
              <MethodPoint vc="0" uspid="1775" ordinal="0" offset="0" />
            </Method>
          </Methods>
        </Class>
        <Class>
          <Summary numSequencePoints="6" visitedSequencePoints="0" numBranchPoints="6" visitedBranchPoints="0" sequenceCoverage="0" branchCoverage="0" maxCyclomaticComplexity="1" minCyclomaticComplexity="1" visitedClasses="0" numClasses="1" visitedMethods="0" numMethods="6" />
          <FullName>TaskManagerAPI.Areas.HelpPage.ModelDescriptions.ModelDescription</FullName>
          <Methods>
            <Method visited="false" cyclomaticComplexity="1" nPathComplexity="0" sequenceCoverage="0" branchCoverage="0" isConstructor="false" isStatic="false" isGetter="true" isSetter="false">
              <Summary numSequencePoints="1" visitedSequencePoints="0" numBranchPoints="1" visitedBranchPoints="0" sequenceCoverage="0" branchCoverage="0" maxCyclomaticComplexity="1" minCyclomaticComplexity="1" visitedClasses="0" numClasses="0" visitedMethods="0" numMethods="1" />
              <MetadataToken>100663528</MetadataToken>
              <Name>System.String TaskManagerAPI.Areas.HelpPage.ModelDescriptions.ModelDescription::get_Documentation()</Name>
              <FileRef uid="41" />
              <SequencePoints>
                <SequencePoint vc="0" uspid="1776" ordinal="0" offset="0" sl="10" sc="39" el="10" ec="43" bec="0" bev="0" fileid="41" />
              </SequencePoints>
              <BranchPoints />
              <MethodPoint xsi:type="SequencePoint" vc="0" uspid="1776" ordinal="0" offset="0" sl="10" sc="39" el="10" ec="43" bec="0" bev="0" fileid="41" />
            </Method>
            <Method visited="false" cyclomaticComplexity="1" nPathComplexity="0" sequenceCoverage="0" branchCoverage="0" isConstructor="false" isStatic="false" isGetter="false" isSetter="true">
              <Summary numSequencePoints="1" visitedSequencePoints="0" numBranchPoints="1" visitedBranchPoints="0" sequenceCoverage="0" branchCoverage="0" maxCyclomaticComplexity="1" minCyclomaticComplexity="1" visitedClasses="0" numClasses="0" visitedMethods="0" numMethods="1" />
              <MetadataToken>100663529</MetadataToken>
              <Name>System.Void TaskManagerAPI.Areas.HelpPage.ModelDescriptions.ModelDescription::set_Documentation(System.String)</Name>
              <FileRef uid="41" />
              <SequencePoints>
                <SequencePoint vc="0" uspid="1777" ordinal="0" offset="0" sl="10" sc="44" el="10" ec="48" bec="0" bev="0" fileid="41" />
              </SequencePoints>
              <BranchPoints />
              <MethodPoint xsi:type="SequencePoint" vc="0" uspid="1777" ordinal="0" offset="0" sl="10" sc="44" el="10" ec="48" bec="0" bev="0" fileid="41" />
            </Method>
            <Method visited="false" cyclomaticComplexity="1" nPathComplexity="0" sequenceCoverage="0" branchCoverage="0" isConstructor="false" isStatic="false" isGetter="true" isSetter="false">
              <Summary numSequencePoints="1" visitedSequencePoints="0" numBranchPoints="1" visitedBranchPoints="0" sequenceCoverage="0" branchCoverage="0" maxCyclomaticComplexity="1" minCyclomaticComplexity="1" visitedClasses="0" numClasses="0" visitedMethods="0" numMethods="1" />
              <MetadataToken>100663530</MetadataToken>
              <Name>System.Type TaskManagerAPI.Areas.HelpPage.ModelDescriptions.ModelDescription::get_ModelType()</Name>
              <FileRef uid="41" />
              <SequencePoints>
                <SequencePoint vc="0" uspid="1778" ordinal="0" offset="0" sl="12" sc="33" el="12" ec="37" bec="0" bev="0" fileid="41" />
              </SequencePoints>
              <BranchPoints />
              <MethodPoint xsi:type="SequencePoint" vc="0" uspid="1778" ordinal="0" offset="0" sl="12" sc="33" el="12" ec="37" bec="0" bev="0" fileid="41" />
            </Method>
            <Method visited="false" cyclomaticComplexity="1" nPathComplexity="0" sequenceCoverage="0" branchCoverage="0" isConstructor="false" isStatic="false" isGetter="false" isSetter="true">
              <Summary numSequencePoints="1" visitedSequencePoints="0" numBranchPoints="1" visitedBranchPoints="0" sequenceCoverage="0" branchCoverage="0" maxCyclomaticComplexity="1" minCyclomaticComplexity="1" visitedClasses="0" numClasses="0" visitedMethods="0" numMethods="1" />
              <MetadataToken>100663531</MetadataToken>
              <Name>System.Void TaskManagerAPI.Areas.HelpPage.ModelDescriptions.ModelDescription::set_ModelType(System.Type)</Name>
              <FileRef uid="41" />
              <SequencePoints>
                <SequencePoint vc="0" uspid="1779" ordinal="0" offset="0" sl="12" sc="38" el="12" ec="42" bec="0" bev="0" fileid="41" />
              </SequencePoints>
              <BranchPoints />
              <MethodPoint xsi:type="SequencePoint" vc="0" uspid="1779" ordinal="0" offset="0" sl="12" sc="38" el="12" ec="42" bec="0" bev="0" fileid="41" />
            </Method>
            <Method visited="false" cyclomaticComplexity="1" nPathComplexity="0" sequenceCoverage="0" branchCoverage="0" isConstructor="false" isStatic="false" isGetter="true" isSetter="false">
              <Summary numSequencePoints="1" visitedSequencePoints="0" numBranchPoints="1" visitedBranchPoints="0" sequenceCoverage="0" branchCoverage="0" maxCyclomaticComplexity="1" minCyclomaticComplexity="1" visitedClasses="0" numClasses="0" visitedMethods="0" numMethods="1" />
              <MetadataToken>100663532</MetadataToken>
              <Name>System.String TaskManagerAPI.Areas.HelpPage.ModelDescriptions.ModelDescription::get_Name()</Name>
              <FileRef uid="41" />
              <SequencePoints>
                <SequencePoint vc="0" uspid="1780" ordinal="0" offset="0" sl="14" sc="30" el="14" ec="34" bec="0" bev="0" fileid="41" />
              </SequencePoints>
              <BranchPoints />
              <MethodPoint xsi:type="SequencePoint" vc="0" uspid="1780" ordinal="0" offset="0" sl="14" sc="30" el="14" ec="34" bec="0" bev="0" fileid="41" />
            </Method>
            <Method visited="false" cyclomaticComplexity="1" nPathComplexity="0" sequenceCoverage="0" branchCoverage="0" isConstructor="false" isStatic="false" isGetter="false" isSetter="true">
              <Summary numSequencePoints="1" visitedSequencePoints="0" numBranchPoints="1" visitedBranchPoints="0" sequenceCoverage="0" branchCoverage="0" maxCyclomaticComplexity="1" minCyclomaticComplexity="1" visitedClasses="0" numClasses="0" visitedMethods="0" numMethods="1" />
              <MetadataToken>100663533</MetadataToken>
              <Name>System.Void TaskManagerAPI.Areas.HelpPage.ModelDescriptions.ModelDescription::set_Name(System.String)</Name>
              <FileRef uid="41" />
              <SequencePoints>
                <SequencePoint vc="0" uspid="1781" ordinal="0" offset="0" sl="14" sc="35" el="14" ec="39" bec="0" bev="0" fileid="41" />
              </SequencePoints>
              <BranchPoints />
              <MethodPoint xsi:type="SequencePoint" vc="0" uspid="1781" ordinal="0" offset="0" sl="14" sc="35" el="14" ec="39" bec="0" bev="0" fileid="41" />
            </Method>
            <Method visited="false" cyclomaticComplexity="1" nPathComplexity="0" sequenceCoverage="0" branchCoverage="0" isConstructor="true" isStatic="false" isGetter="false" isSetter="false">
              <Summary numSequencePoints="0" visitedSequencePoints="0" numBranchPoints="0" visitedBranchPoints="0" sequenceCoverage="0" branchCoverage="0" maxCyclomaticComplexity="1" minCyclomaticComplexity="1" visitedClasses="0" numClasses="0" visitedMethods="0" numMethods="0" />
              <MetadataToken>100663534</MetadataToken>
              <Name>System.Void TaskManagerAPI.Areas.HelpPage.ModelDescriptions.ModelDescription::.ctor()</Name>
              <SequencePoints />
              <BranchPoints />
              <MethodPoint vc="0" uspid="1782" ordinal="0" offset="0" />
            </Method>
          </Methods>
        </Class>
        <Class>
          <Summary numSequencePoints="212" visitedSequencePoints="0" numBranchPoints="77" visitedBranchPoints="0" sequenceCoverage="0" branchCoverage="0" maxCyclomaticComplexity="17" minCyclomaticComplexity="1" visitedClasses="0" numClasses="1" visitedMethods="0" numMethods="15" />
          <FullName>TaskManagerAPI.Areas.HelpPage.ModelDescriptions.ModelDescriptionGenerator</FullName>
          <Methods>
            <Method visited="false" cyclomaticComplexity="1" nPathComplexity="0" sequenceCoverage="0" branchCoverage="0" isConstructor="false" isStatic="false" isGetter="true" isSetter="false">
              <Summary numSequencePoints="1" visitedSequencePoints="0" numBranchPoints="1" visitedBranchPoints="0" sequenceCoverage="0" branchCoverage="0" maxCyclomaticComplexity="1" minCyclomaticComplexity="1" visitedClasses="0" numClasses="0" visitedMethods="0" numMethods="1" />
              <MetadataToken>100663536</MetadataToken>
              <Name>System.Collections.Generic.Dictionary`2&lt;System.String,TaskManagerAPI.Areas.HelpPage.ModelDescriptions.ModelDescription&gt; TaskManagerAPI.Areas.HelpPage.ModelDescriptions.ModelDescriptionGenerator::get_GeneratedModels()</Name>
              <FileRef uid="42" />
              <SequencePoints>
                <SequencePoint vc="0" uspid="1783" ordinal="0" offset="0" sl="100" sc="71" el="100" ec="75" bec="0" bev="0" fileid="42" />
              </SequencePoints>
              <BranchPoints />
              <MethodPoint xsi:type="SequencePoint" vc="0" uspid="1783" ordinal="0" offset="0" sl="100" sc="71" el="100" ec="75" bec="0" bev="0" fileid="42" />
            </Method>
            <Method visited="false" cyclomaticComplexity="1" nPathComplexity="0" sequenceCoverage="0" branchCoverage="0" isConstructor="false" isStatic="false" isGetter="false" isSetter="true">
              <Summary numSequencePoints="1" visitedSequencePoints="0" numBranchPoints="1" visitedBranchPoints="0" sequenceCoverage="0" branchCoverage="0" maxCyclomaticComplexity="1" minCyclomaticComplexity="1" visitedClasses="0" numClasses="0" visitedMethods="0" numMethods="1" />
              <MetadataToken>100663537</MetadataToken>
              <Name>System.Void TaskManagerAPI.Areas.HelpPage.ModelDescriptions.ModelDescriptionGenerator::set_GeneratedModels(System.Collections.Generic.Dictionary`2&lt;System.String,TaskManagerAPI.Areas.HelpPage.ModelDescriptions.ModelDescription&gt;)</Name>
              <FileRef uid="42" />
              <SequencePoints>
                <SequencePoint vc="0" uspid="1784" ordinal="0" offset="0" sl="100" sc="76" el="100" ec="88" bec="0" bev="0" fileid="42" />
              </SequencePoints>
              <BranchPoints />
              <MethodPoint xsi:type="SequencePoint" vc="0" uspid="1784" ordinal="0" offset="0" sl="100" sc="76" el="100" ec="88" bec="0" bev="0" fileid="42" />
            </Method>
            <Method visited="false" cyclomaticComplexity="1" nPathComplexity="0" sequenceCoverage="0" branchCoverage="0" isConstructor="false" isStatic="false" isGetter="true" isSetter="false">
              <Summary numSequencePoints="3" visitedSequencePoints="0" numBranchPoints="1" visitedBranchPoints="0" sequenceCoverage="0" branchCoverage="0" maxCyclomaticComplexity="1" minCyclomaticComplexity="1" visitedClasses="0" numClasses="0" visitedMethods="0" numMethods="1" />
              <MetadataToken>100663538</MetadataToken>
              <Name>TaskManagerAPI.Areas.HelpPage.ModelDescriptions.IModelDocumentationProvider TaskManagerAPI.Areas.HelpPage.ModelDescriptions.ModelDescriptionGenerator::get_DocumentationProvider()</Name>
              <FileRef uid="42" />
              <SequencePoints>
                <SequencePoint vc="0" uspid="1785" ordinal="0" offset="0" sl="105" sc="13" el="105" ec="14" bec="0" bev="0" fileid="42" />
                <SequencePoint vc="0" uspid="1786" ordinal="1" offset="1" sl="106" sc="17" el="106" ec="53" bec="0" bev="0" fileid="42" />
                <SequencePoint vc="0" uspid="1787" ordinal="2" offset="15" sl="107" sc="13" el="107" ec="14" bec="0" bev="0" fileid="42" />
              </SequencePoints>
              <BranchPoints />
              <MethodPoint xsi:type="SequencePoint" vc="0" uspid="1785" ordinal="0" offset="0" sl="105" sc="13" el="105" ec="14" bec="0" bev="0" fileid="42" />
            </Method>
            <Method visited="false" cyclomaticComplexity="9" nPathComplexity="2" sequenceCoverage="0" branchCoverage="0" isConstructor="true" isStatic="false" isGetter="false" isSetter="false">
              <Summary numSequencePoints="9" visitedSequencePoints="0" numBranchPoints="3" visitedBranchPoints="0" sequenceCoverage="0" branchCoverage="0" maxCyclomaticComplexity="9" minCyclomaticComplexity="9" visitedClasses="0" numClasses="0" visitedMethods="0" numMethods="1" />
              <MetadataToken>100663535</MetadataToken>
              <Name>System.Void TaskManagerAPI.Areas.HelpPage.ModelDescriptions.ModelDescriptionGenerator::.ctor(System.Web.Http.HttpConfiguration)</Name>
              <FileRef uid="42" />
              <SequencePoints>
                <SequencePoint vc="0" uspid="1788" ordinal="0" offset="0" sl="22" sc="9" el="61" ec="11" bec="0" bev="0" fileid="42" />
                <SequencePoint vc="0" uspid="1789" ordinal="1" offset="349" sl="64" sc="9" el="85" ec="11" bec="0" bev="0" fileid="42" />
                <SequencePoint vc="0" uspid="1790" ordinal="2" offset="800" sl="90" sc="9" el="90" ec="10" bec="0" bev="0" fileid="42" />
                <SequencePoint vc="0" uspid="1791" ordinal="3" offset="801" sl="91" sc="13" el="91" ec="32" bec="2" bev="0" fileid="42" />
                <SequencePoint vc="0" uspid="1792" ordinal="4" offset="814" sl="92" sc="13" el="92" ec="14" bec="0" bev="0" fileid="42" />
                <SequencePoint vc="0" uspid="1793" ordinal="5" offset="815" sl="93" sc="17" el="93" ec="59" bec="0" bev="0" fileid="42" />
                <SequencePoint vc="0" uspid="1794" ordinal="6" offset="826" sl="96" sc="13" el="96" ec="157" bec="0" bev="0" fileid="42" />
                <SequencePoint vc="0" uspid="1795" ordinal="7" offset="849" sl="97" sc="13" el="97" ec="106" bec="0" bev="0" fileid="42" />
                <SequencePoint vc="0" uspid="1796" ordinal="8" offset="866" sl="98" sc="9" el="98" ec="10" bec="0" bev="0" fileid="42" />
              </SequencePoints>
              <BranchPoints>
                <BranchPoint vc="0" uspid="1811" ordinal="14" offset="812" sl="91" path="0" offsetend="814" fileid="42" />
                <BranchPoint vc="0" uspid="1812" ordinal="15" offset="812" sl="91" path="1" offsetend="826" fileid="42" />
              </BranchPoints>
              <MethodPoint xsi:type="SequencePoint" vc="0" uspid="1788" ordinal="0" offset="0" sl="22" sc="9" el="61" ec="11" bec="0" bev="0" fileid="42" />
            </Method>
            <Method visited="false" cyclomaticComplexity="17" nPathComplexity="65536" sequenceCoverage="0" branchCoverage="0" isConstructor="false" isStatic="false" isGetter="false" isSetter="false">
              <Summary numSequencePoints="59" visitedSequencePoints="0" numBranchPoints="33" visitedBranchPoints="0" sequenceCoverage="0" branchCoverage="0" maxCyclomaticComplexity="17" minCyclomaticComplexity="17" visitedClasses="0" numClasses="0" visitedMethods="0" numMethods="1" />
              <MetadataToken>100663539</MetadataToken>
              <Name>TaskManagerAPI.Areas.HelpPage.ModelDescriptions.ModelDescription TaskManagerAPI.Areas.HelpPage.ModelDescriptions.ModelDescriptionGenerator::GetOrCreateModelDescription(System.Type)</Name>
              <FileRef uid="42" />
              <SequencePoints>
                <SequencePoint vc="0" uspid="1813" ordinal="0" offset="0" sl="111" sc="9" el="111" ec="10" bec="0" bev="0" fileid="42" />
                <SequencePoint vc="0" uspid="1814" ordinal="1" offset="1" sl="112" sc="13" el="112" ec="35" bec="2" bev="0" fileid="42" />
                <SequencePoint vc="0" uspid="1815" ordinal="2" offset="12" sl="113" sc="13" el="113" ec="14" bec="0" bev="0" fileid="42" />
                <SequencePoint vc="0" uspid="1816" ordinal="3" offset="13" sl="114" sc="17" el="114" ec="62" bec="0" bev="0" fileid="42" />
                <SequencePoint vc="0" uspid="1817" ordinal="4" offset="24" sl="117" sc="13" el="117" ec="73" bec="0" bev="0" fileid="42" />
                <SequencePoint vc="0" uspid="1818" ordinal="5" offset="31" sl="118" sc="13" el="118" ec="40" bec="2" bev="0" fileid="42" />
                <SequencePoint vc="0" uspid="1819" ordinal="6" offset="44" sl="119" sc="13" el="119" ec="14" bec="0" bev="0" fileid="42" />
                <SequencePoint vc="0" uspid="1820" ordinal="7" offset="45" sl="120" sc="17" el="120" ec="44" bec="0" bev="0" fileid="42" />
                <SequencePoint vc="0" uspid="1821" ordinal="8" offset="48" sl="121" sc="13" el="121" ec="14" bec="0" bev="0" fileid="42" />
                <SequencePoint vc="0" uspid="1822" ordinal="9" offset="49" sl="124" sc="13" el="124" ec="72" bec="0" bev="0" fileid="42" />
                <SequencePoint vc="0" uspid="1823" ordinal="10" offset="56" sl="125" sc="13" el="125" ec="78" bec="2" bev="0" fileid="42" />
                <SequencePoint vc="0" uspid="1824" ordinal="11" offset="76" sl="126" sc="13" el="126" ec="14" bec="0" bev="0" fileid="42" />
                <SequencePoint vc="0" uspid="1825" ordinal="12" offset="77" sl="127" sc="17" el="127" ec="61" bec="2" bev="0" fileid="42" />
                <SequencePoint vc="0" uspid="1826" ordinal="13" offset="95" sl="128" sc="17" el="128" ec="18" bec="0" bev="0" fileid="42" />
                <SequencePoint vc="0" uspid="1827" ordinal="14" offset="96" sl="129" sc="21" el="136" ec="50" bec="0" bev="0" fileid="42" />
                <SequencePoint vc="0" uspid="1828" ordinal="15" offset="150" sl="139" sc="17" el="139" ec="41" bec="0" bev="0" fileid="42" />
                <SequencePoint vc="0" uspid="1829" ordinal="16" offset="158" sl="142" sc="13" el="142" ec="65" bec="2" bev="0" fileid="42" />
                <SequencePoint vc="0" uspid="1830" ordinal="17" offset="176" sl="143" sc="13" el="143" ec="14" bec="0" bev="0" fileid="42" />
                <SequencePoint vc="0" uspid="1831" ordinal="18" offset="177" sl="144" sc="17" el="144" ec="70" bec="0" bev="0" fileid="42" />
                <SequencePoint vc="0" uspid="1832" ordinal="19" offset="191" sl="147" sc="13" el="147" ec="34" bec="2" bev="0" fileid="42" />
                <SequencePoint vc="0" uspid="1833" ordinal="20" offset="203" sl="148" sc="13" el="148" ec="14" bec="0" bev="0" fileid="42" />
                <SequencePoint vc="0" uspid="1834" ordinal="21" offset="204" sl="149" sc="17" el="149" ec="68" bec="0" bev="0" fileid="42" />
                <SequencePoint vc="0" uspid="1835" ordinal="22" offset="218" sl="152" sc="13" el="152" ec="41" bec="2" bev="0" fileid="42" />
                <SequencePoint vc="0" uspid="1836" ordinal="23" offset="233" sl="153" sc="13" el="153" ec="14" bec="0" bev="0" fileid="42" />
                <SequencePoint vc="0" uspid="1837" ordinal="24" offset="234" sl="154" sc="17" el="154" ec="75" bec="0" bev="0" fileid="42" />
                <SequencePoint vc="0" uspid="1838" ordinal="25" offset="242" sl="156" sc="17" el="156" ec="50" bec="2" bev="0" fileid="42" />
                <SequencePoint vc="0" uspid="1839" ordinal="26" offset="255" sl="157" sc="17" el="157" ec="18" bec="0" bev="0" fileid="42" />
                <SequencePoint vc="0" uspid="1840" ordinal="27" offset="256" sl="158" sc="21" el="158" ec="99" bec="0" bev="0" fileid="42" />
                <SequencePoint vc="0" uspid="1841" ordinal="28" offset="275" sl="159" sc="21" el="159" ec="68" bec="2" bev="0" fileid="42" />
                <SequencePoint vc="0" uspid="1842" ordinal="29" offset="289" sl="160" sc="21" el="160" ec="22" bec="0" bev="0" fileid="42" />
                <SequencePoint vc="0" uspid="1843" ordinal="30" offset="290" sl="161" sc="25" el="161" ec="99" bec="0" bev="0" fileid="42" />
                <SequencePoint vc="0" uspid="1844" ordinal="31" offset="308" sl="163" sc="17" el="163" ec="18" bec="0" bev="0" fileid="42" />
                <SequencePoint vc="0" uspid="1845" ordinal="32" offset="309" sl="164" sc="17" el="164" ec="50" bec="2" bev="0" fileid="42" />
                <SequencePoint vc="0" uspid="1846" ordinal="33" offset="322" sl="165" sc="17" el="165" ec="18" bec="0" bev="0" fileid="42" />
                <SequencePoint vc="0" uspid="1847" ordinal="34" offset="323" sl="166" sc="21" el="166" ec="100" bec="0" bev="0" fileid="42" />
                <SequencePoint vc="0" uspid="1848" ordinal="35" offset="342" sl="167" sc="21" el="167" ec="68" bec="2" bev="0" fileid="42" />
                <SequencePoint vc="0" uspid="1849" ordinal="36" offset="356" sl="168" sc="21" el="168" ec="22" bec="0" bev="0" fileid="42" />
                <SequencePoint vc="0" uspid="1850" ordinal="37" offset="357" sl="169" sc="25" el="169" ec="120" bec="0" bev="0" fileid="42" />
                <SequencePoint vc="0" uspid="1851" ordinal="38" offset="379" sl="172" sc="21" el="172" ec="103" bec="0" bev="0" fileid="42" />
                <SequencePoint vc="0" uspid="1852" ordinal="39" offset="398" sl="173" sc="21" el="173" ec="70" bec="2" bev="0" fileid="42" />
                <SequencePoint vc="0" uspid="1853" ordinal="40" offset="412" sl="174" sc="21" el="174" ec="22" bec="0" bev="0" fileid="42" />
                <SequencePoint vc="0" uspid="1854" ordinal="41" offset="413" sl="175" sc="25" el="175" ec="122" bec="0" bev="0" fileid="42" />
                <SequencePoint vc="0" uspid="1855" ordinal="42" offset="435" sl="177" sc="17" el="177" ec="18" bec="0" bev="0" fileid="42" />
                <SequencePoint vc="0" uspid="1856" ordinal="43" offset="436" sl="178" sc="13" el="178" ec="14" bec="0" bev="0" fileid="42" />
                <SequencePoint vc="0" uspid="1857" ordinal="44" offset="437" sl="180" sc="13" el="180" ec="35" bec="2" bev="0" fileid="42" />
                <SequencePoint vc="0" uspid="1858" ordinal="45" offset="449" sl="181" sc="13" el="181" ec="14" bec="0" bev="0" fileid="42" />
                <SequencePoint vc="0" uspid="1859" ordinal="46" offset="450" sl="182" sc="17" el="182" ec="63" bec="0" bev="0" fileid="42" />
                <SequencePoint vc="0" uspid="1860" ordinal="47" offset="458" sl="183" sc="17" el="183" ec="83" bec="0" bev="0" fileid="42" />
                <SequencePoint vc="0" uspid="1861" ordinal="48" offset="474" sl="186" sc="13" el="186" ec="58" bec="2" bev="0" fileid="42" />
                <SequencePoint vc="0" uspid="1862" ordinal="49" offset="496" sl="187" sc="13" el="187" ec="14" bec="0" bev="0" fileid="42" />
                <SequencePoint vc="0" uspid="1863" ordinal="50" offset="497" sl="188" sc="17" el="188" ec="102" bec="0" bev="0" fileid="42" />
                <SequencePoint vc="0" uspid="1864" ordinal="51" offset="528" sl="191" sc="13" el="191" ec="65" bec="2" bev="0" fileid="42" />
                <SequencePoint vc="0" uspid="1865" ordinal="52" offset="550" sl="192" sc="13" el="192" ec="14" bec="0" bev="0" fileid="42" />
                <SequencePoint vc="0" uspid="1866" ordinal="53" offset="551" sl="193" sc="17" el="193" ec="102" bec="0" bev="0" fileid="42" />
                <SequencePoint vc="0" uspid="1867" ordinal="54" offset="582" sl="196" sc="13" el="196" ec="65" bec="2" bev="0" fileid="42" />
                <SequencePoint vc="0" uspid="1868" ordinal="55" offset="604" sl="197" sc="13" el="197" ec="14" bec="0" bev="0" fileid="42" />
                <SequencePoint vc="0" uspid="1869" ordinal="56" offset="605" sl="198" sc="17" el="198" ec="86" bec="0" bev="0" fileid="42" />
                <SequencePoint vc="0" uspid="1870" ordinal="57" offset="626" sl="201" sc="13" el="201" ec="67" bec="0" bev="0" fileid="42" />
                <SequencePoint vc="0" uspid="1871" ordinal="58" offset="637" sl="202" sc="9" el="202" ec="10" bec="0" bev="0" fileid="42" />
              </SequencePoints>
              <BranchPoints>
                <BranchPoint vc="0" uspid="1872" ordinal="0" offset="10" sl="112" path="0" offsetend="12" fileid="42" />
                <BranchPoint vc="0" uspid="1873" ordinal="1" offset="10" sl="112" path="1" offsetend="24" fileid="42" />
                <BranchPoint vc="0" uspid="1874" ordinal="2" offset="42" sl="118" path="0" offsetend="44" fileid="42" />
                <BranchPoint vc="0" uspid="1875" ordinal="3" offset="42" sl="118" path="1" offsetend="49" fileid="42" />
                <BranchPoint vc="0" uspid="1876" ordinal="4" offset="74" sl="125" path="0" offsetend="76" fileid="42" />
                <BranchPoint vc="0" uspid="1877" ordinal="5" offset="74" sl="125" path="1" offsetend="158" fileid="42" />
                <BranchPoint vc="0" uspid="1878" ordinal="6" offset="93" sl="127" path="0" offsetend="95" fileid="42" />
                <BranchPoint vc="0" uspid="1879" ordinal="7" offset="93" sl="127" path="1" offsetend="150" fileid="42" />
                <BranchPoint vc="0" uspid="1880" ordinal="8" offset="174" sl="142" path="0" offsetend="176" fileid="42" />
                <BranchPoint vc="0" uspid="1881" ordinal="9" offset="174" sl="142" path="1" offsetend="191" fileid="42" />
                <BranchPoint vc="0" uspid="1882" ordinal="10" offset="201" sl="147" path="0" offsetend="203" fileid="42" />
                <BranchPoint vc="0" uspid="1883" ordinal="11" offset="201" sl="147" path="1" offsetend="218" fileid="42" />
                <BranchPoint vc="0" uspid="1884" ordinal="12" offset="228" sl="152" path="0" offsetend="233" fileid="42" />
                <BranchPoint vc="0" uspid="1885" ordinal="13" offset="228" sl="152" path="1" offsetend="437" fileid="42" />
                <BranchPoint vc="0" uspid="1886" ordinal="14" offset="253" sl="156" path="0" offsetend="255" fileid="42" />
                <BranchPoint vc="0" uspid="1887" ordinal="15" offset="253" sl="156" path="1" offsetend="309" fileid="42" />
                <BranchPoint vc="0" uspid="1888" ordinal="16" offset="287" sl="159" path="0" offsetend="289" fileid="42" />
                <BranchPoint vc="0" uspid="1889" ordinal="17" offset="287" sl="159" path="1" offsetend="308" fileid="42" />
                <BranchPoint vc="0" uspid="1890" ordinal="18" offset="320" sl="164" path="0" offsetend="322" fileid="42" />
                <BranchPoint vc="0" uspid="1891" ordinal="19" offset="320" sl="164" path="1" offsetend="436" fileid="42" />
                <BranchPoint vc="0" uspid="1892" ordinal="20" offset="354" sl="167" path="0" offsetend="356" fileid="42" />
                <BranchPoint vc="0" uspid="1893" ordinal="21" offset="354" sl="167" path="1" offsetend="379" fileid="42" />
                <BranchPoint vc="0" uspid="1894" ordinal="22" offset="410" sl="173" path="0" offsetend="412" fileid="42" />
                <BranchPoint vc="0" uspid="1895" ordinal="23" offset="410" sl="173" path="1" offsetend="435" fileid="42" />
                <BranchPoint vc="0" uspid="1896" ordinal="24" offset="447" sl="180" path="0" offsetend="449" fileid="42" />
                <BranchPoint vc="0" uspid="1897" ordinal="25" offset="447" sl="180" path="1" offsetend="474" fileid="42" />
                <BranchPoint vc="0" uspid="1898" ordinal="26" offset="494" sl="186" path="0" offsetend="496" fileid="42" />
                <BranchPoint vc="0" uspid="1899" ordinal="27" offset="494" sl="186" path="1" offsetend="528" fileid="42" />
                <BranchPoint vc="0" uspid="1900" ordinal="28" offset="548" sl="191" path="0" offsetend="550" fileid="42" />
                <BranchPoint vc="0" uspid="1901" ordinal="29" offset="548" sl="191" path="1" offsetend="582" fileid="42" />
                <BranchPoint vc="0" uspid="1902" ordinal="30" offset="602" sl="196" path="0" offsetend="604" fileid="42" />
                <BranchPoint vc="0" uspid="1903" ordinal="31" offset="602" sl="196" path="1" offsetend="626" fileid="42" />
              </BranchPoints>
              <MethodPoint xsi:type="SequencePoint" vc="0" uspid="1813" ordinal="0" offset="0" sl="111" sc="9" el="111" ec="10" bec="0" bev="0" fileid="42" />
            </Method>
            <Method visited="false" cyclomaticComplexity="6" nPathComplexity="8" sequenceCoverage="0" branchCoverage="0" isConstructor="false" isStatic="true" isGetter="false" isSetter="false">
              <Summary numSequencePoints="14" visitedSequencePoints="0" numBranchPoints="7" visitedBranchPoints="0" sequenceCoverage="0" branchCoverage="0" maxCyclomaticComplexity="6" minCyclomaticComplexity="6" visitedClasses="0" numClasses="0" visitedMethods="0" numMethods="1" />
              <MetadataToken>100663540</MetadataToken>
              <Name>System.String TaskManagerAPI.Areas.HelpPage.ModelDescriptions.ModelDescriptionGenerator::GetMemberName(System.Reflection.MemberInfo,System.Boolean)</Name>
              <FileRef uid="42" />
              <SequencePoints>
                <SequencePoint vc="0" uspid="1904" ordinal="0" offset="0" sl="206" sc="9" el="206" ec="10" bec="0" bev="0" fileid="42" />
                <SequencePoint vc="0" uspid="1905" ordinal="1" offset="1" sl="207" sc="13" el="207" ec="101" bec="0" bev="0" fileid="42" />
                <SequencePoint vc="0" uspid="1906" ordinal="2" offset="8" sl="208" sc="13" el="208" ec="90" bec="2" bev="0" fileid="42" />
                <SequencePoint vc="0" uspid="1907" ordinal="3" offset="32" sl="209" sc="13" el="209" ec="14" bec="0" bev="0" fileid="42" />
                <SequencePoint vc="0" uspid="1908" ordinal="4" offset="33" sl="210" sc="17" el="210" ec="50" bec="0" bev="0" fileid="42" />
                <SequencePoint vc="0" uspid="1909" ordinal="5" offset="42" sl="213" sc="13" el="213" ec="42" bec="2" bev="0" fileid="42" />
                <SequencePoint vc="0" uspid="1910" ordinal="6" offset="47" sl="214" sc="13" el="214" ec="14" bec="0" bev="0" fileid="42" />
                <SequencePoint vc="0" uspid="1911" ordinal="7" offset="48" sl="215" sc="17" el="215" ec="99" bec="0" bev="0" fileid="42" />
                <SequencePoint vc="0" uspid="1912" ordinal="8" offset="56" sl="216" sc="17" el="216" ec="82" bec="2" bev="0" fileid="42" />
                <SequencePoint vc="0" uspid="1913" ordinal="9" offset="84" sl="217" sc="17" el="217" ec="18" bec="0" bev="0" fileid="42" />
                <SequencePoint vc="0" uspid="1914" ordinal="10" offset="85" sl="218" sc="21" el="218" ec="44" bec="0" bev="0" fileid="42" />
                <SequencePoint vc="0" uspid="1915" ordinal="11" offset="95" sl="220" sc="13" el="220" ec="14" bec="0" bev="0" fileid="42" />
                <SequencePoint vc="0" uspid="1916" ordinal="12" offset="96" sl="222" sc="13" el="222" ec="32" bec="0" bev="0" fileid="42" />
                <SequencePoint vc="0" uspid="1917" ordinal="13" offset="105" sl="223" sc="9" el="223" ec="10" bec="0" bev="0" fileid="42" />
              </SequencePoints>
              <BranchPoints>
                <BranchPoint vc="0" uspid="1920" ordinal="2" offset="30" sl="208" path="0" offsetend="32" fileid="42" />
                <BranchPoint vc="0" uspid="1921" ordinal="3" offset="30" sl="208" path="1" offsetend="42" fileid="42" />
                <BranchPoint vc="0" uspid="1922" ordinal="4" offset="45" sl="213" path="0" offsetend="47" fileid="42" />
                <BranchPoint vc="0" uspid="1923" ordinal="5" offset="45" sl="213" path="1" offsetend="96" fileid="42" />
                <BranchPoint vc="0" uspid="1926" ordinal="8" offset="82" sl="216" path="0" offsetend="84" fileid="42" />
                <BranchPoint vc="0" uspid="1927" ordinal="9" offset="82" sl="216" path="1" offsetend="95" fileid="42" />
              </BranchPoints>
              <MethodPoint xsi:type="SequencePoint" vc="0" uspid="1904" ordinal="0" offset="0" sl="206" sc="9" el="206" ec="10" bec="0" bev="0" fileid="42" />
            </Method>
            <Method visited="false" cyclomaticComplexity="8" nPathComplexity="2" sequenceCoverage="0" branchCoverage="0" isConstructor="false" isStatic="true" isGetter="false" isSetter="false">
              <Summary numSequencePoints="9" visitedSequencePoints="0" numBranchPoints="3" visitedBranchPoints="0" sequenceCoverage="0" branchCoverage="0" maxCyclomaticComplexity="8" minCyclomaticComplexity="8" visitedClasses="0" numClasses="0" visitedMethods="0" numMethods="1" />
              <MetadataToken>100663541</MetadataToken>
              <Name>System.Boolean TaskManagerAPI.Areas.HelpPage.ModelDescriptions.ModelDescriptionGenerator::ShouldDisplayMember(System.Reflection.MemberInfo,System.Boolean)</Name>
              <FileRef uid="42" />
              <SequencePoints>
                <SequencePoint vc="0" uspid="1928" ordinal="0" offset="0" sl="226" sc="9" el="226" ec="10" bec="0" bev="0" fileid="42" />
                <SequencePoint vc="0" uspid="1929" ordinal="1" offset="1" sl="227" sc="13" el="227" ec="95" bec="0" bev="0" fileid="42" />
                <SequencePoint vc="0" uspid="1930" ordinal="2" offset="8" sl="228" sc="13" el="228" ec="92" bec="0" bev="0" fileid="42" />
                <SequencePoint vc="0" uspid="1931" ordinal="3" offset="15" sl="229" sc="13" el="229" ec="113" bec="0" bev="0" fileid="42" />
                <SequencePoint vc="0" uspid="1932" ordinal="4" offset="22" sl="230" sc="13" el="230" ec="104" bec="0" bev="0" fileid="42" />
                <SequencePoint vc="0" uspid="1933" ordinal="5" offset="29" sl="231" sc="13" el="231" ec="121" bec="0" bev="0" fileid="42" />
                <SequencePoint vc="0" uspid="1934" ordinal="6" offset="37" sl="233" sc="13" el="235" ec="74" bec="0" bev="0" fileid="42" />
                <SequencePoint vc="0" uspid="1935" ordinal="7" offset="72" sl="244" sc="13" el="249" ec="67" bec="2" bev="0" fileid="42" />
                <SequencePoint vc="0" uspid="1936" ordinal="8" offset="111" sl="250" sc="9" el="250" ec="10" bec="0" bev="0" fileid="42" />
              </SequencePoints>
              <BranchPoints>
                <BranchPoint vc="0" uspid="1947" ordinal="10" offset="86" sl="244" path="0" offsetend="88" fileid="42" />
                <BranchPoint vc="0" uspid="1948" ordinal="11" offset="86" sl="244" path="1" offsetend="97" fileid="42" />
              </BranchPoints>
              <MethodPoint xsi:type="SequencePoint" vc="0" uspid="1928" ordinal="0" offset="0" sl="226" sc="9" el="226" ec="10" bec="0" bev="0" fileid="42" />
            </Method>
            <Method visited="false" cyclomaticComplexity="3" nPathComplexity="4" sequenceCoverage="0" branchCoverage="0" isConstructor="false" isStatic="false" isGetter="false" isSetter="false">
              <Summary numSequencePoints="10" visitedSequencePoints="0" numBranchPoints="5" visitedBranchPoints="0" sequenceCoverage="0" branchCoverage="0" maxCyclomaticComplexity="3" minCyclomaticComplexity="3" visitedClasses="0" numClasses="0" visitedMethods="0" numMethods="1" />
              <MetadataToken>100663542</MetadataToken>
              <Name>System.String TaskManagerAPI.Areas.HelpPage.ModelDescriptions.ModelDescriptionGenerator::CreateDefaultDocumentation(System.Type)</Name>
              <FileRef uid="42" />
              <SequencePoints>
                <SequencePoint vc="0" uspid="1951" ordinal="0" offset="0" sl="253" sc="9" el="253" ec="10" bec="0" bev="0" fileid="42" />
                <SequencePoint vc="0" uspid="1952" ordinal="1" offset="1" sl="255" sc="13" el="255" ec="79" bec="2" bev="0" fileid="42" />
                <SequencePoint vc="0" uspid="1953" ordinal="2" offset="19" sl="256" sc="13" el="256" ec="14" bec="0" bev="0" fileid="42" />
                <SequencePoint vc="0" uspid="1954" ordinal="3" offset="20" sl="257" sc="17" el="257" ec="38" bec="0" bev="0" fileid="42" />
                <SequencePoint vc="0" uspid="1955" ordinal="4" offset="24" sl="259" sc="13" el="259" ec="47" bec="2" bev="0" fileid="42" />
                <SequencePoint vc="0" uspid="1956" ordinal="5" offset="37" sl="260" sc="13" el="260" ec="14" bec="0" bev="0" fileid="42" />
                <SequencePoint vc="0" uspid="1957" ordinal="6" offset="38" sl="261" sc="17" el="261" ec="78" bec="0" bev="0" fileid="42" />
                <SequencePoint vc="0" uspid="1958" ordinal="7" offset="51" sl="262" sc="13" el="262" ec="14" bec="0" bev="0" fileid="42" />
                <SequencePoint vc="0" uspid="1959" ordinal="8" offset="52" sl="264" sc="13" el="264" ec="34" bec="0" bev="0" fileid="42" />
                <SequencePoint vc="0" uspid="1960" ordinal="9" offset="56" sl="265" sc="9" el="265" ec="10" bec="0" bev="0" fileid="42" />
              </SequencePoints>
              <BranchPoints>
                <BranchPoint vc="0" uspid="1961" ordinal="0" offset="17" sl="255" path="0" offsetend="19" fileid="42" />
                <BranchPoint vc="0" uspid="1962" ordinal="1" offset="17" sl="255" path="1" offsetend="24" fileid="42" />
                <BranchPoint vc="0" uspid="1963" ordinal="2" offset="35" sl="259" path="0" offsetend="37" fileid="42" />
                <BranchPoint vc="0" uspid="1964" ordinal="3" offset="35" sl="259" path="1" offsetend="52" fileid="42" />
              </BranchPoints>
              <MethodPoint xsi:type="SequencePoint" vc="0" uspid="1951" ordinal="0" offset="0" sl="253" sc="9" el="253" ec="10" bec="0" bev="0" fileid="42" />
            </Method>
            <Method visited="false" cyclomaticComplexity="6" nPathComplexity="2" sequenceCoverage="0" branchCoverage="0" isConstructor="false" isStatic="false" isGetter="false" isSetter="false">
              <Summary numSequencePoints="22" visitedSequencePoints="0" numBranchPoints="3" visitedBranchPoints="0" sequenceCoverage="0" branchCoverage="0" maxCyclomaticComplexity="6" minCyclomaticComplexity="6" visitedClasses="0" numClasses="0" visitedMethods="0" numMethods="1" />
              <MetadataToken>100663543</MetadataToken>
              <Name>System.Void TaskManagerAPI.Areas.HelpPage.ModelDescriptions.ModelDescriptionGenerator::GenerateAnnotations(System.Reflection.MemberInfo,TaskManagerAPI.Areas.HelpPage.ModelDescriptions.ParameterDescription)</Name>
              <FileRef uid="42" />
              <SequencePoints>
                <SequencePoint vc="0" uspid="1965" ordinal="0" offset="0" sl="268" sc="9" el="268" ec="10" bec="0" bev="0" fileid="42" />
                <SequencePoint vc="0" uspid="1966" ordinal="1" offset="1" sl="269" sc="13" el="269" ec="85" bec="0" bev="0" fileid="42" />
                <SequencePoint vc="0" uspid="1967" ordinal="2" offset="7" sl="271" sc="13" el="271" ec="80" bec="0" bev="0" fileid="42" />
                <SequencePoint vc="0" uspid="1968" ordinal="3" offset="14" sl="272" sc="13" el="272" ec="20" bec="0" bev="0" fileid="42" />
                <SequencePoint vc="0" uspid="1969" ordinal="4" offset="15" sl="272" sc="45" el="272" ec="55" bec="0" bev="0" fileid="42" />
                <SequencePoint vc="0" uspid="1970" ordinal="5" offset="24" sl="272" sc="22" el="272" ec="41" bec="0" bev="0" fileid="42" />
                <SequencePoint vc="0" uspid="1971" ordinal="6" offset="31" sl="273" sc="13" el="273" ec="14" bec="0" bev="0" fileid="42" />
                <SequencePoint vc="0" uspid="1972" ordinal="7" offset="32" sl="275" sc="17" el="275" ec="97" bec="2" bev="0" fileid="42" />
                <SequencePoint vc="0" uspid="1973" ordinal="8" offset="57" sl="276" sc="17" el="276" ec="18" bec="0" bev="0" fileid="42" />
                <SequencePoint vc="0" uspid="1974" ordinal="9" offset="58" sl="277" sc="21" el="282" ec="28" bec="0" bev="0" fileid="42" />
                <SequencePoint vc="0" uspid="1975" ordinal="10" offset="93" sl="283" sc="17" el="283" ec="18" bec="0" bev="0" fileid="42" />
                <SequencePoint vc="0" uspid="1976" ordinal="11" offset="94" sl="284" sc="13" el="284" ec="14" bec="0" bev="0" fileid="42" />
                <SequencePoint vc="0" uspid="1977" ordinal="12" offset="95" sl="272" sc="42" el="272" ec="44" bec="0" bev="0" fileid="42" />
                <SequencePoint vc="0" uspid="1978" ordinal="13" offset="116" sl="287" sc="13" el="301" ec="16" bec="0" bev="0" fileid="42" />
                <SequencePoint vc="0" uspid="1979" ordinal="14" offset="154" sl="303" sc="13" el="303" ec="20" bec="0" bev="0" fileid="42" />
                <SequencePoint vc="0" uspid="1980" ordinal="15" offset="155" sl="303" sc="56" el="303" ec="67" bec="0" bev="0" fileid="42" />
                <SequencePoint vc="0" uspid="1981" ordinal="16" offset="165" sl="303" sc="22" el="303" ec="52" bec="0" bev="0" fileid="42" />
                <SequencePoint vc="0" uspid="1982" ordinal="17" offset="174" sl="304" sc="13" el="304" ec="14" bec="0" bev="0" fileid="42" />
                <SequencePoint vc="0" uspid="1983" ordinal="18" offset="175" sl="305" sc="17" el="305" ec="59" bec="0" bev="0" fileid="42" />
                <SequencePoint vc="0" uspid="1984" ordinal="19" offset="189" sl="306" sc="13" el="306" ec="14" bec="0" bev="0" fileid="42" />
                <SequencePoint vc="0" uspid="1985" ordinal="20" offset="190" sl="303" sc="53" el="303" ec="55" bec="0" bev="0" fileid="42" />
                <SequencePoint vc="0" uspid="1986" ordinal="21" offset="216" sl="307" sc="9" el="307" ec="10" bec="0" bev="0" fileid="42" />
              </SequencePoints>
              <BranchPoints>
                <BranchPoint vc="0" uspid="1987" ordinal="0" offset="55" sl="275" path="0" offsetend="57" fileid="42" />
                <BranchPoint vc="0" uspid="1988" ordinal="1" offset="55" sl="275" path="1" offsetend="94" fileid="42" />
              </BranchPoints>
              <MethodPoint xsi:type="SequencePoint" vc="0" uspid="1965" ordinal="0" offset="0" sl="268" sc="9" el="268" ec="10" bec="0" bev="0" fileid="42" />
            </Method>
            <Method visited="false" cyclomaticComplexity="2" nPathComplexity="2" sequenceCoverage="0" branchCoverage="0" isConstructor="false" isStatic="false" isGetter="false" isSetter="false">
              <Summary numSequencePoints="7" visitedSequencePoints="0" numBranchPoints="3" visitedBranchPoints="0" sequenceCoverage="0" branchCoverage="0" maxCyclomaticComplexity="2" minCyclomaticComplexity="2" visitedClasses="0" numClasses="0" visitedMethods="0" numMethods="1" />
              <MetadataToken>100663544</MetadataToken>
              <Name>TaskManagerAPI.Areas.HelpPage.ModelDescriptions.CollectionModelDescription TaskManagerAPI.Areas.HelpPage.ModelDescriptions.ModelDescriptionGenerator::GenerateCollectionModelDescription(System.Type,System.Type)</Name>
              <FileRef uid="42" />
              <SequencePoints>
                <SequencePoint vc="0" uspid="1995" ordinal="0" offset="0" sl="310" sc="9" el="310" ec="10" bec="0" bev="0" fileid="42" />
                <SequencePoint vc="0" uspid="1996" ordinal="1" offset="1" sl="311" sc="13" el="311" ec="100" bec="0" bev="0" fileid="42" />
                <SequencePoint vc="0" uspid="1997" ordinal="2" offset="9" sl="312" sc="13" el="312" ec="52" bec="2" bev="0" fileid="42" />
                <SequencePoint vc="0" uspid="1998" ordinal="3" offset="17" sl="313" sc="13" el="313" ec="14" bec="0" bev="0" fileid="42" />
                <SequencePoint vc="0" uspid="1999" ordinal="4" offset="18" sl="314" sc="17" el="319" ec="19" bec="0" bev="0" fileid="42" />
                <SequencePoint vc="0" uspid="2000" ordinal="5" offset="55" sl="322" sc="13" el="322" ec="25" bec="0" bev="0" fileid="42" />
                <SequencePoint vc="0" uspid="2001" ordinal="6" offset="59" sl="323" sc="9" el="323" ec="10" bec="0" bev="0" fileid="42" />
              </SequencePoints>
              <BranchPoints>
                <BranchPoint vc="0" uspid="2002" ordinal="0" offset="15" sl="312" path="0" offsetend="17" fileid="42" />
                <BranchPoint vc="0" uspid="2003" ordinal="1" offset="15" sl="312" path="1" offsetend="55" fileid="42" />
              </BranchPoints>
              <MethodPoint xsi:type="SequencePoint" vc="0" uspid="1995" ordinal="0" offset="0" sl="310" sc="9" el="310" ec="10" bec="0" bev="0" fileid="42" />
            </Method>
            <Method visited="false" cyclomaticComplexity="7" nPathComplexity="16" sequenceCoverage="0" branchCoverage="0" isConstructor="false" isStatic="false" isGetter="false" isSetter="false">
              <Summary numSequencePoints="41" visitedSequencePoints="0" numBranchPoints="9" visitedBranchPoints="0" sequenceCoverage="0" branchCoverage="0" maxCyclomaticComplexity="7" minCyclomaticComplexity="7" visitedClasses="0" numClasses="0" visitedMethods="0" numMethods="1" />
              <MetadataToken>100663545</MetadataToken>
              <Name>TaskManagerAPI.Areas.HelpPage.ModelDescriptions.ModelDescription TaskManagerAPI.Areas.HelpPage.ModelDescriptions.ModelDescriptionGenerator::GenerateComplexTypeModelDescription(System.Type)</Name>
              <FileRef uid="42" />
              <SequencePoints>
                <SequencePoint vc="0" uspid="2004" ordinal="0" offset="0" sl="326" sc="9" el="326" ec="10" bec="0" bev="0" fileid="42" />
                <SequencePoint vc="0" uspid="2005" ordinal="1" offset="1" sl="327" sc="13" el="332" ec="15" bec="0" bev="0" fileid="42" />
                <SequencePoint vc="0" uspid="2006" ordinal="2" offset="42" sl="334" sc="13" el="334" ec="88" bec="0" bev="0" fileid="42" />
                <SequencePoint vc="0" uspid="2007" ordinal="3" offset="61" sl="335" sc="13" el="335" ec="107" bec="0" bev="0" fileid="42" />
                <SequencePoint vc="0" uspid="2008" ordinal="4" offset="71" sl="336" sc="13" el="336" ec="110" bec="0" bev="0" fileid="42" />
                <SequencePoint vc="0" uspid="2009" ordinal="5" offset="80" sl="337" sc="13" el="337" ec="20" bec="0" bev="0" fileid="42" />
                <SequencePoint vc="0" uspid="2010" ordinal="6" offset="81" sl="337" sc="47" el="337" ec="57" bec="0" bev="0" fileid="42" />
                <SequencePoint vc="0" uspid="2011" ordinal="7" offset="92" sl="337" sc="22" el="337" ec="43" bec="0" bev="0" fileid="42" />
                <SequencePoint vc="0" uspid="2012" ordinal="8" offset="99" sl="338" sc="13" el="338" ec="14" bec="0" bev="0" fileid="42" />
                <SequencePoint vc="0" uspid="2013" ordinal="9" offset="100" sl="339" sc="17" el="339" ec="77" bec="2" bev="0" fileid="42" />
                <SequencePoint vc="0" uspid="2014" ordinal="10" offset="114" sl="340" sc="17" el="340" ec="18" bec="0" bev="0" fileid="42" />
                <SequencePoint vc="0" uspid="2015" ordinal="11" offset="115" sl="341" sc="21" el="344" ec="23" bec="0" bev="0" fileid="42" />
                <SequencePoint vc="0" uspid="2016" ordinal="12" offset="137" sl="346" sc="21" el="346" ec="55" bec="2" bev="0" fileid="42" />
                <SequencePoint vc="0" uspid="2017" ordinal="13" offset="152" sl="347" sc="21" el="347" ec="22" bec="0" bev="0" fileid="42" />
                <SequencePoint vc="0" uspid="2018" ordinal="14" offset="153" sl="348" sc="25" el="348" ec="104" bec="0" bev="0" fileid="42" />
                <SequencePoint vc="0" uspid="2019" ordinal="15" offset="174" sl="349" sc="21" el="349" ec="22" bec="0" bev="0" fileid="42" />
                <SequencePoint vc="0" uspid="2020" ordinal="16" offset="175" sl="351" sc="21" el="351" ec="66" bec="0" bev="0" fileid="42" />
                <SequencePoint vc="0" uspid="2021" ordinal="17" offset="186" sl="352" sc="21" el="352" ec="75" bec="0" bev="0" fileid="42" />
                <SequencePoint vc="0" uspid="2022" ordinal="18" offset="200" sl="353" sc="21" el="353" ec="104" bec="0" bev="0" fileid="42" />
                <SequencePoint vc="0" uspid="2023" ordinal="19" offset="221" sl="354" sc="17" el="354" ec="18" bec="0" bev="0" fileid="42" />
                <SequencePoint vc="0" uspid="2024" ordinal="20" offset="222" sl="355" sc="13" el="355" ec="14" bec="0" bev="0" fileid="42" />
                <SequencePoint vc="0" uspid="2025" ordinal="21" offset="229" sl="337" sc="44" el="337" ec="46" bec="0" bev="0" fileid="42" />
                <SequencePoint vc="0" uspid="2026" ordinal="22" offset="240" sl="357" sc="13" el="357" ec="99" bec="0" bev="0" fileid="42" />
                <SequencePoint vc="0" uspid="2027" ordinal="23" offset="249" sl="358" sc="13" el="358" ec="20" bec="0" bev="0" fileid="42" />
                <SequencePoint vc="0" uspid="2028" ordinal="24" offset="250" sl="358" sc="41" el="358" ec="47" bec="0" bev="0" fileid="42" />
                <SequencePoint vc="0" uspid="2029" ordinal="25" offset="258" sl="358" sc="22" el="358" ec="37" bec="0" bev="0" fileid="42" />
                <SequencePoint vc="0" uspid="2030" ordinal="26" offset="265" sl="359" sc="13" el="359" ec="14" bec="0" bev="0" fileid="42" />
                <SequencePoint vc="0" uspid="2031" ordinal="27" offset="266" sl="360" sc="17" el="360" ec="74" bec="2" bev="0" fileid="42" />
                <SequencePoint vc="0" uspid="2032" ordinal="28" offset="280" sl="361" sc="17" el="361" ec="18" bec="0" bev="0" fileid="42" />
                <SequencePoint vc="0" uspid="2033" ordinal="29" offset="281" sl="362" sc="21" el="365" ec="23" bec="0" bev="0" fileid="42" />
                <SequencePoint vc="0" uspid="2034" ordinal="30" offset="303" sl="367" sc="21" el="367" ec="55" bec="2" bev="0" fileid="42" />
                <SequencePoint vc="0" uspid="2035" ordinal="31" offset="318" sl="368" sc="21" el="368" ec="22" bec="0" bev="0" fileid="42" />
                <SequencePoint vc="0" uspid="2036" ordinal="32" offset="319" sl="369" sc="25" el="369" ec="101" bec="0" bev="0" fileid="42" />
                <SequencePoint vc="0" uspid="2037" ordinal="33" offset="340" sl="370" sc="21" el="370" ec="22" bec="0" bev="0" fileid="42" />
                <SequencePoint vc="0" uspid="2038" ordinal="34" offset="341" sl="372" sc="21" el="372" ec="75" bec="0" bev="0" fileid="42" />
                <SequencePoint vc="0" uspid="2039" ordinal="35" offset="355" sl="373" sc="21" el="373" ec="98" bec="0" bev="0" fileid="42" />
                <SequencePoint vc="0" uspid="2040" ordinal="36" offset="376" sl="374" sc="17" el="374" ec="18" bec="0" bev="0" fileid="42" />
                <SequencePoint vc="0" uspid="2041" ordinal="37" offset="377" sl="375" sc="13" el="375" ec="14" bec="0" bev="0" fileid="42" />
                <SequencePoint vc="0" uspid="2042" ordinal="38" offset="384" sl="358" sc="38" el="358" ec="40" bec="0" bev="0" fileid="42" />
                <SequencePoint vc="0" uspid="2043" ordinal="39" offset="395" sl="377" sc="13" el="377" ec="44" bec="0" bev="0" fileid="42" />
                <SequencePoint vc="0" uspid="2044" ordinal="40" offset="400" sl="378" sc="9" el="378" ec="10" bec="0" bev="0" fileid="42" />
              </SequencePoints>
              <BranchPoints>
                <BranchPoint vc="0" uspid="2045" ordinal="0" offset="112" sl="339" path="0" offsetend="114" fileid="42" />
                <BranchPoint vc="0" uspid="2046" ordinal="1" offset="112" sl="339" path="1" offsetend="222" fileid="42" />
                <BranchPoint vc="0" uspid="2047" ordinal="2" offset="150" sl="346" path="0" offsetend="152" fileid="42" />
                <BranchPoint vc="0" uspid="2048" ordinal="3" offset="150" sl="346" path="1" offsetend="175" fileid="42" />
                <BranchPoint vc="0" uspid="2051" ordinal="6" offset="278" sl="360" path="0" offsetend="280" fileid="42" />
                <BranchPoint vc="0" uspid="2052" ordinal="7" offset="278" sl="360" path="1" offsetend="377" fileid="42" />
                <BranchPoint vc="0" uspid="2053" ordinal="8" offset="316" sl="367" path="0" offsetend="318" fileid="42" />
                <BranchPoint vc="0" uspid="2054" ordinal="9" offset="316" sl="367" path="1" offsetend="341" fileid="42" />
              </BranchPoints>
              <MethodPoint xsi:type="SequencePoint" vc="0" uspid="2004" ordinal="0" offset="0" sl="326" sc="9" el="326" ec="10" bec="0" bev="0" fileid="42" />
            </Method>
            <Method visited="false" cyclomaticComplexity="1" nPathComplexity="0" sequenceCoverage="0" branchCoverage="0" isConstructor="false" isStatic="false" isGetter="false" isSetter="false">
              <Summary numSequencePoints="5" visitedSequencePoints="0" numBranchPoints="1" visitedBranchPoints="0" sequenceCoverage="0" branchCoverage="0" maxCyclomaticComplexity="1" minCyclomaticComplexity="1" visitedClasses="0" numClasses="0" visitedMethods="0" numMethods="1" />
              <MetadataToken>100663546</MetadataToken>
              <Name>TaskManagerAPI.Areas.HelpPage.ModelDescriptions.DictionaryModelDescription TaskManagerAPI.Areas.HelpPage.ModelDescriptions.ModelDescriptionGenerator::GenerateDictionaryModelDescription(System.Type,System.Type,System.Type)</Name>
              <FileRef uid="42" />
              <SequencePoints>
                <SequencePoint vc="0" uspid="2057" ordinal="0" offset="0" sl="381" sc="9" el="381" ec="10" bec="0" bev="0" fileid="42" />
                <SequencePoint vc="0" uspid="2058" ordinal="1" offset="1" sl="382" sc="13" el="382" ec="89" bec="0" bev="0" fileid="42" />
                <SequencePoint vc="0" uspid="2059" ordinal="2" offset="9" sl="383" sc="13" el="383" ec="93" bec="0" bev="0" fileid="42" />
                <SequencePoint vc="0" uspid="2060" ordinal="3" offset="17" sl="385" sc="13" el="391" ec="15" bec="0" bev="0" fileid="42" />
                <SequencePoint vc="0" uspid="2061" ordinal="4" offset="62" sl="392" sc="9" el="392" ec="10" bec="0" bev="0" fileid="42" />
              </SequencePoints>
              <BranchPoints />
              <MethodPoint xsi:type="SequencePoint" vc="0" uspid="2057" ordinal="0" offset="0" sl="381" sc="9" el="381" ec="10" bec="0" bev="0" fileid="42" />
            </Method>
            <Method visited="false" cyclomaticComplexity="4" nPathComplexity="4" sequenceCoverage="0" branchCoverage="0" isConstructor="false" isStatic="false" isGetter="false" isSetter="false">
              <Summary numSequencePoints="21" visitedSequencePoints="0" numBranchPoints="5" visitedBranchPoints="0" sequenceCoverage="0" branchCoverage="0" maxCyclomaticComplexity="4" minCyclomaticComplexity="4" visitedClasses="0" numClasses="0" visitedMethods="0" numMethods="1" />
              <MetadataToken>100663547</MetadataToken>
              <Name>TaskManagerAPI.Areas.HelpPage.ModelDescriptions.EnumTypeModelDescription TaskManagerAPI.Areas.HelpPage.ModelDescriptions.ModelDescriptionGenerator::GenerateEnumTypeModelDescription(System.Type)</Name>
              <FileRef uid="42" />
              <SequencePoints>
                <SequencePoint vc="0" uspid="2062" ordinal="0" offset="0" sl="395" sc="9" el="395" ec="10" bec="0" bev="0" fileid="42" />
                <SequencePoint vc="0" uspid="2063" ordinal="1" offset="1" sl="396" sc="13" el="401" ec="15" bec="0" bev="0" fileid="42" />
                <SequencePoint vc="0" uspid="2064" ordinal="2" offset="42" sl="402" sc="13" el="402" ec="107" bec="0" bev="0" fileid="42" />
                <SequencePoint vc="0" uspid="2065" ordinal="3" offset="52" sl="403" sc="13" el="403" ec="20" bec="0" bev="0" fileid="42" />
                <SequencePoint vc="0" uspid="2066" ordinal="4" offset="53" sl="403" sc="41" el="403" ec="103" bec="0" bev="0" fileid="42" />
                <SequencePoint vc="0" uspid="2067" ordinal="5" offset="66" sl="403" sc="22" el="403" ec="37" bec="0" bev="0" fileid="42" />
                <SequencePoint vc="0" uspid="2068" ordinal="6" offset="71" sl="404" sc="13" el="404" ec="14" bec="0" bev="0" fileid="42" />
                <SequencePoint vc="0" uspid="2069" ordinal="7" offset="72" sl="405" sc="17" el="405" ec="74" bec="2" bev="0" fileid="42" />
                <SequencePoint vc="0" uspid="2070" ordinal="8" offset="86" sl="406" sc="17" el="406" ec="18" bec="0" bev="0" fileid="42" />
                <SequencePoint vc="0" uspid="2071" ordinal="9" offset="87" sl="407" sc="21" el="411" ec="23" bec="0" bev="0" fileid="42" />
                <SequencePoint vc="0" uspid="2072" ordinal="10" offset="127" sl="412" sc="21" el="412" ec="55" bec="2" bev="0" fileid="42" />
                <SequencePoint vc="0" uspid="2073" ordinal="11" offset="142" sl="413" sc="21" el="413" ec="22" bec="0" bev="0" fileid="42" />
                <SequencePoint vc="0" uspid="2074" ordinal="12" offset="143" sl="414" sc="25" el="414" ec="97" bec="0" bev="0" fileid="42" />
                <SequencePoint vc="0" uspid="2075" ordinal="13" offset="164" sl="415" sc="21" el="415" ec="22" bec="0" bev="0" fileid="42" />
                <SequencePoint vc="0" uspid="2076" ordinal="14" offset="165" sl="416" sc="21" el="416" ec="59" bec="0" bev="0" fileid="42" />
                <SequencePoint vc="0" uspid="2077" ordinal="15" offset="179" sl="417" sc="17" el="417" ec="18" bec="0" bev="0" fileid="42" />
                <SequencePoint vc="0" uspid="2078" ordinal="16" offset="180" sl="418" sc="13" el="418" ec="14" bec="0" bev="0" fileid="42" />
                <SequencePoint vc="0" uspid="2079" ordinal="17" offset="185" sl="403" sc="38" el="403" ec="40" bec="0" bev="0" fileid="42" />
                <SequencePoint vc="0" uspid="2080" ordinal="18" offset="191" sl="419" sc="13" el="419" ec="72" bec="0" bev="0" fileid="42" />
                <SequencePoint vc="0" uspid="2081" ordinal="19" offset="210" sl="421" sc="13" el="421" ec="36" bec="0" bev="0" fileid="42" />
                <SequencePoint vc="0" uspid="2082" ordinal="20" offset="215" sl="422" sc="9" el="422" ec="10" bec="0" bev="0" fileid="42" />
              </SequencePoints>
              <BranchPoints>
                <BranchPoint vc="0" uspid="2083" ordinal="0" offset="84" sl="405" path="0" offsetend="86" fileid="42" />
                <BranchPoint vc="0" uspid="2084" ordinal="1" offset="84" sl="405" path="1" offsetend="180" fileid="42" />
                <BranchPoint vc="0" uspid="2085" ordinal="2" offset="140" sl="412" path="0" offsetend="142" fileid="42" />
                <BranchPoint vc="0" uspid="2086" ordinal="3" offset="140" sl="412" path="1" offsetend="165" fileid="42" />
              </BranchPoints>
              <MethodPoint xsi:type="SequencePoint" vc="0" uspid="2062" ordinal="0" offset="0" sl="395" sc="9" el="395" ec="10" bec="0" bev="0" fileid="42" />
            </Method>
            <Method visited="false" cyclomaticComplexity="1" nPathComplexity="0" sequenceCoverage="0" branchCoverage="0" isConstructor="false" isStatic="false" isGetter="false" isSetter="false">
              <Summary numSequencePoints="5" visitedSequencePoints="0" numBranchPoints="1" visitedBranchPoints="0" sequenceCoverage="0" branchCoverage="0" maxCyclomaticComplexity="1" minCyclomaticComplexity="1" visitedClasses="0" numClasses="0" visitedMethods="0" numMethods="1" />
              <MetadataToken>100663548</MetadataToken>
              <Name>TaskManagerAPI.Areas.HelpPage.ModelDescriptions.KeyValuePairModelDescription TaskManagerAPI.Areas.HelpPage.ModelDescriptions.ModelDescriptionGenerator::GenerateKeyValuePairModelDescription(System.Type,System.Type,System.Type)</Name>
              <FileRef uid="42" />
              <SequencePoints>
                <SequencePoint vc="0" uspid="2089" ordinal="0" offset="0" sl="425" sc="9" el="425" ec="10" bec="0" bev="0" fileid="42" />
                <SequencePoint vc="0" uspid="2090" ordinal="1" offset="1" sl="426" sc="13" el="426" ec="89" bec="0" bev="0" fileid="42" />
                <SequencePoint vc="0" uspid="2091" ordinal="2" offset="9" sl="427" sc="13" el="427" ec="93" bec="0" bev="0" fileid="42" />
                <SequencePoint vc="0" uspid="2092" ordinal="3" offset="17" sl="429" sc="13" el="435" ec="15" bec="0" bev="0" fileid="42" />
                <SequencePoint vc="0" uspid="2093" ordinal="4" offset="62" sl="436" sc="9" el="436" ec="10" bec="0" bev="0" fileid="42" />
              </SequencePoints>
              <BranchPoints />
              <MethodPoint xsi:type="SequencePoint" vc="0" uspid="2089" ordinal="0" offset="0" sl="425" sc="9" el="425" ec="10" bec="0" bev="0" fileid="42" />
            </Method>
            <Method visited="false" cyclomaticComplexity="1" nPathComplexity="0" sequenceCoverage="0" branchCoverage="0" isConstructor="false" isStatic="false" isGetter="false" isSetter="false">
              <Summary numSequencePoints="5" visitedSequencePoints="0" numBranchPoints="1" visitedBranchPoints="0" sequenceCoverage="0" branchCoverage="0" maxCyclomaticComplexity="1" minCyclomaticComplexity="1" visitedClasses="0" numClasses="0" visitedMethods="0" numMethods="1" />
              <MetadataToken>100663549</MetadataToken>
              <Name>TaskManagerAPI.Areas.HelpPage.ModelDescriptions.ModelDescription TaskManagerAPI.Areas.HelpPage.ModelDescriptions.ModelDescriptionGenerator::GenerateSimpleTypeModelDescription(System.Type)</Name>
              <FileRef uid="42" />
              <SequencePoints>
                <SequencePoint vc="0" uspid="2094" ordinal="0" offset="0" sl="439" sc="9" el="439" ec="10" bec="0" bev="0" fileid="42" />
                <SequencePoint vc="0" uspid="2095" ordinal="1" offset="1" sl="440" sc="13" el="445" ec="15" bec="0" bev="0" fileid="42" />
                <SequencePoint vc="0" uspid="2096" ordinal="2" offset="42" sl="446" sc="13" el="446" ec="86" bec="0" bev="0" fileid="42" />
                <SequencePoint vc="0" uspid="2097" ordinal="3" offset="61" sl="448" sc="13" el="448" ec="43" bec="0" bev="0" fileid="42" />
                <SequencePoint vc="0" uspid="2098" ordinal="4" offset="65" sl="449" sc="9" el="449" ec="10" bec="0" bev="0" fileid="42" />
              </SequencePoints>
              <BranchPoints />
              <MethodPoint xsi:type="SequencePoint" vc="0" uspid="2094" ordinal="0" offset="0" sl="439" sc="9" el="439" ec="10" bec="0" bev="0" fileid="42" />
            </Method>
          </Methods>
        </Class>
        <Class>
          <Summary numSequencePoints="1" visitedSequencePoints="0" numBranchPoints="1" visitedBranchPoints="0" sequenceCoverage="0" branchCoverage="0" maxCyclomaticComplexity="1" minCyclomaticComplexity="1" visitedClasses="0" numClasses="1" visitedMethods="0" numMethods="1" />
          <FullName>TaskManagerAPI.Areas.HelpPage.ModelDescriptions.ModelDescriptionGenerator/&lt;&gt;c__DisplayClass3_0</FullName>
          <Methods>
            <Method visited="false" cyclomaticComplexity="1" nPathComplexity="0" sequenceCoverage="0" branchCoverage="0" isConstructor="true" isStatic="false" isGetter="false" isSetter="false">
              <Summary numSequencePoints="0" visitedSequencePoints="0" numBranchPoints="0" visitedBranchPoints="0" sequenceCoverage="0" branchCoverage="0" maxCyclomaticComplexity="1" minCyclomaticComplexity="1" visitedClasses="0" numClasses="0" visitedMethods="0" numMethods="0" />
              <MetadataToken>100663610</MetadataToken>
              <Name>System.Void TaskManagerAPI.Areas.HelpPage.ModelDescriptions.ModelDescriptionGenerator/&lt;&gt;c__DisplayClass3_0::.ctor()</Name>
              <SequencePoints />
              <BranchPoints />
              <MethodPoint vc="0" uspid="2099" ordinal="0" offset="0" />
            </Method>
            <Method visited="false" cyclomaticComplexity="1" nPathComplexity="0" sequenceCoverage="0" branchCoverage="0" isConstructor="false" isStatic="false" isGetter="false" isSetter="false">
              <Summary numSequencePoints="1" visitedSequencePoints="0" numBranchPoints="1" visitedBranchPoints="0" sequenceCoverage="0" branchCoverage="0" maxCyclomaticComplexity="1" minCyclomaticComplexity="1" visitedClasses="0" numClasses="0" visitedMethods="0" numMethods="1" />
              <MetadataToken>100663611</MetadataToken>
              <Name>TaskManagerAPI.Areas.HelpPage.ModelDescriptions.IModelDocumentationProvider TaskManagerAPI.Areas.HelpPage.ModelDescriptions.ModelDescriptionGenerator/&lt;&gt;c__DisplayClass3_0::&lt;.ctor&gt;b__0()</Name>
              <FileRef uid="42" />
              <SequencePoints>
                <SequencePoint vc="0" uspid="2100" ordinal="0" offset="0" sl="96" sc="82" el="96" ec="155" bec="0" bev="0" fileid="42" />
              </SequencePoints>
              <BranchPoints />
              <MethodPoint xsi:type="SequencePoint" vc="0" uspid="2100" ordinal="0" offset="0" sl="96" sc="82" el="96" ec="155" bec="0" bev="0" fileid="42" />
            </Method>
          </Methods>
        </Class>
        <Class>
          <Summary numSequencePoints="34" visitedSequencePoints="0" numBranchPoints="12" visitedBranchPoints="0" sequenceCoverage="0" branchCoverage="0" maxCyclomaticComplexity="3" minCyclomaticComplexity="1" visitedClasses="0" numClasses="1" visitedMethods="0" numMethods="8" />
          <FullName>TaskManagerAPI.Areas.HelpPage.ModelDescriptions.ModelDescriptionGenerator/&lt;&gt;c</FullName>
          <Methods>
            <Method visited="false" cyclomaticComplexity="1" nPathComplexity="0" sequenceCoverage="0" branchCoverage="0" isConstructor="true" isStatic="true" isGetter="false" isSetter="false">
              <Summary numSequencePoints="0" visitedSequencePoints="0" numBranchPoints="0" visitedBranchPoints="0" sequenceCoverage="0" branchCoverage="0" maxCyclomaticComplexity="1" minCyclomaticComplexity="1" visitedClasses="0" numClasses="0" visitedMethods="0" numMethods="0" />
              <MetadataToken>100663612</MetadataToken>
              <Name>System.Void TaskManagerAPI.Areas.HelpPage.ModelDescriptions.ModelDescriptionGenerator/&lt;&gt;c::.cctor()</Name>
              <SequencePoints />
              <BranchPoints />
              <MethodPoint vc="0" uspid="2101" ordinal="0" offset="0" />
            </Method>
            <Method visited="false" cyclomaticComplexity="1" nPathComplexity="0" sequenceCoverage="0" branchCoverage="0" isConstructor="true" isStatic="false" isGetter="false" isSetter="false">
              <Summary numSequencePoints="0" visitedSequencePoints="0" numBranchPoints="0" visitedBranchPoints="0" sequenceCoverage="0" branchCoverage="0" maxCyclomaticComplexity="1" minCyclomaticComplexity="1" visitedClasses="0" numClasses="0" visitedMethods="0" numMethods="0" />
              <MetadataToken>100663613</MetadataToken>
              <Name>System.Void TaskManagerAPI.Areas.HelpPage.ModelDescriptions.ModelDescriptionGenerator/&lt;&gt;c::.ctor()</Name>
              <SequencePoints />
              <BranchPoints />
              <MethodPoint vc="0" uspid="2102" ordinal="0" offset="0" />
            </Method>
            <Method visited="false" cyclomaticComplexity="1" nPathComplexity="0" sequenceCoverage="0" branchCoverage="0" isConstructor="false" isStatic="false" isGetter="false" isSetter="false">
              <Summary numSequencePoints="1" visitedSequencePoints="0" numBranchPoints="1" visitedBranchPoints="0" sequenceCoverage="0" branchCoverage="0" maxCyclomaticComplexity="1" minCyclomaticComplexity="1" visitedClasses="0" numClasses="0" visitedMethods="0" numMethods="1" />
              <MetadataToken>100663614</MetadataToken>
              <Name>System.String TaskManagerAPI.Areas.HelpPage.ModelDescriptions.ModelDescriptionGenerator/&lt;&gt;c::&lt;.ctor&gt;b__3_1(System.Object)</Name>
              <FileRef uid="42" />
              <SequencePoints>
                <SequencePoint vc="0" uspid="2103" ordinal="0" offset="0" sl="24" sc="47" el="24" ec="57" bec="0" bev="0" fileid="42" />
              </SequencePoints>
              <BranchPoints />
              <MethodPoint xsi:type="SequencePoint" vc="0" uspid="2103" ordinal="0" offset="0" sl="24" sc="47" el="24" ec="57" bec="0" bev="0" fileid="42" />
            </Method>
            <Method visited="false" cyclomaticComplexity="1" nPathComplexity="0" sequenceCoverage="0" branchCoverage="0" isConstructor="false" isStatic="false" isGetter="false" isSetter="false">
              <Summary numSequencePoints="4" visitedSequencePoints="0" numBranchPoints="1" visitedBranchPoints="0" sequenceCoverage="0" branchCoverage="0" maxCyclomaticComplexity="1" minCyclomaticComplexity="1" visitedClasses="0" numClasses="0" visitedMethods="0" numMethods="1" />
              <MetadataToken>100663615</MetadataToken>
              <Name>System.String TaskManagerAPI.Areas.HelpPage.ModelDescriptions.ModelDescriptionGenerator/&lt;&gt;c::&lt;.ctor&gt;b__3_2(System.Object)</Name>
              <FileRef uid="42" />
              <SequencePoints>
                <SequencePoint vc="0" uspid="2104" ordinal="0" offset="0" sl="26" sc="17" el="26" ec="18" bec="0" bev="0" fileid="42" />
                <SequencePoint vc="0" uspid="2105" ordinal="1" offset="1" sl="27" sc="21" el="27" ec="62" bec="0" bev="0" fileid="42" />
                <SequencePoint vc="0" uspid="2106" ordinal="2" offset="8" sl="28" sc="21" el="28" ec="140" bec="0" bev="0" fileid="42" />
                <SequencePoint vc="0" uspid="2107" ordinal="3" offset="50" sl="29" sc="17" el="29" ec="18" bec="0" bev="0" fileid="42" />
              </SequencePoints>
              <BranchPoints />
              <MethodPoint xsi:type="SequencePoint" vc="0" uspid="2104" ordinal="0" offset="0" sl="26" sc="17" el="26" ec="18" bec="0" bev="0" fileid="42" />
            </Method>
            <Method visited="false" cyclomaticComplexity="1" nPathComplexity="0" sequenceCoverage="0" branchCoverage="0" isConstructor="false" isStatic="false" isGetter="false" isSetter="false">
              <Summary numSequencePoints="4" visitedSequencePoints="0" numBranchPoints="1" visitedBranchPoints="0" sequenceCoverage="0" branchCoverage="0" maxCyclomaticComplexity="1" minCyclomaticComplexity="1" visitedClasses="0" numClasses="0" visitedMethods="0" numMethods="1" />
              <MetadataToken>100663616</MetadataToken>
              <Name>System.String TaskManagerAPI.Areas.HelpPage.ModelDescriptions.ModelDescriptionGenerator/&lt;&gt;c::&lt;.ctor&gt;b__3_3(System.Object)</Name>
              <FileRef uid="42" />
              <SequencePoints>
                <SequencePoint vc="0" uspid="2108" ordinal="0" offset="0" sl="32" sc="17" el="32" ec="18" bec="0" bev="0" fileid="42" />
                <SequencePoint vc="0" uspid="2109" ordinal="1" offset="1" sl="33" sc="21" el="33" ec="74" bec="0" bev="0" fileid="42" />
                <SequencePoint vc="0" uspid="2110" ordinal="2" offset="8" sl="34" sc="21" el="34" ec="107" bec="0" bev="0" fileid="42" />
                <SequencePoint vc="0" uspid="2111" ordinal="3" offset="46" sl="35" sc="17" el="35" ec="18" bec="0" bev="0" fileid="42" />
              </SequencePoints>
              <BranchPoints />
              <MethodPoint xsi:type="SequencePoint" vc="0" uspid="2108" ordinal="0" offset="0" sl="32" sc="17" el="32" ec="18" bec="0" bev="0" fileid="42" />
            </Method>
            <Method visited="false" cyclomaticComplexity="1" nPathComplexity="0" sequenceCoverage="0" branchCoverage="0" isConstructor="false" isStatic="false" isGetter="false" isSetter="false">
              <Summary numSequencePoints="4" visitedSequencePoints="0" numBranchPoints="1" visitedBranchPoints="0" sequenceCoverage="0" branchCoverage="0" maxCyclomaticComplexity="1" minCyclomaticComplexity="1" visitedClasses="0" numClasses="0" visitedMethods="0" numMethods="1" />
              <MetadataToken>100663617</MetadataToken>
              <Name>System.String TaskManagerAPI.Areas.HelpPage.ModelDescriptions.ModelDescriptionGenerator/&lt;&gt;c::&lt;.ctor&gt;b__3_4(System.Object)</Name>
              <FileRef uid="42" />
              <SequencePoints>
                <SequencePoint vc="0" uspid="2112" ordinal="0" offset="0" sl="38" sc="17" el="38" ec="18" bec="0" bev="0" fileid="42" />
                <SequencePoint vc="0" uspid="2113" ordinal="1" offset="1" sl="39" sc="21" el="39" ec="74" bec="0" bev="0" fileid="42" />
                <SequencePoint vc="0" uspid="2114" ordinal="2" offset="8" sl="40" sc="21" el="40" ec="107" bec="0" bev="0" fileid="42" />
                <SequencePoint vc="0" uspid="2115" ordinal="3" offset="46" sl="41" sc="17" el="41" ec="18" bec="0" bev="0" fileid="42" />
              </SequencePoints>
              <BranchPoints />
              <MethodPoint xsi:type="SequencePoint" vc="0" uspid="2112" ordinal="0" offset="0" sl="38" sc="17" el="38" ec="18" bec="0" bev="0" fileid="42" />
            </Method>
            <Method visited="false" cyclomaticComplexity="1" nPathComplexity="0" sequenceCoverage="0" branchCoverage="0" isConstructor="false" isStatic="false" isGetter="false" isSetter="false">
              <Summary numSequencePoints="4" visitedSequencePoints="0" numBranchPoints="1" visitedBranchPoints="0" sequenceCoverage="0" branchCoverage="0" maxCyclomaticComplexity="1" minCyclomaticComplexity="1" visitedClasses="0" numClasses="0" visitedMethods="0" numMethods="1" />
              <MetadataToken>100663618</MetadataToken>
              <Name>System.String TaskManagerAPI.Areas.HelpPage.ModelDescriptions.ModelDescriptionGenerator/&lt;&gt;c::&lt;.ctor&gt;b__3_5(System.Object)</Name>
              <FileRef uid="42" />
              <SequencePoints>
                <SequencePoint vc="0" uspid="2116" ordinal="0" offset="0" sl="44" sc="17" el="44" ec="18" bec="0" bev="0" fileid="42" />
                <SequencePoint vc="0" uspid="2117" ordinal="1" offset="1" sl="45" sc="21" el="45" ec="80" bec="0" bev="0" fileid="42" />
                <SequencePoint vc="0" uspid="2118" ordinal="2" offset="8" sl="46" sc="21" el="46" ec="168" bec="0" bev="0" fileid="42" />
                <SequencePoint vc="0" uspid="2119" ordinal="3" offset="60" sl="47" sc="17" el="47" ec="18" bec="0" bev="0" fileid="42" />
              </SequencePoints>
              <BranchPoints />
              <MethodPoint xsi:type="SequencePoint" vc="0" uspid="2116" ordinal="0" offset="0" sl="44" sc="17" el="44" ec="18" bec="0" bev="0" fileid="42" />
            </Method>
            <Method visited="false" cyclomaticComplexity="2" nPathComplexity="0" sequenceCoverage="0" branchCoverage="0" isConstructor="false" isStatic="false" isGetter="false" isSetter="false">
              <Summary numSequencePoints="4" visitedSequencePoints="0" numBranchPoints="1" visitedBranchPoints="0" sequenceCoverage="0" branchCoverage="0" maxCyclomaticComplexity="2" minCyclomaticComplexity="2" visitedClasses="0" numClasses="0" visitedMethods="0" numMethods="1" />
              <MetadataToken>100663619</MetadataToken>
              <Name>System.String TaskManagerAPI.Areas.HelpPage.ModelDescriptions.ModelDescriptionGenerator/&lt;&gt;c::&lt;.ctor&gt;b__3_6(System.Object)</Name>
              <FileRef uid="42" />
              <SequencePoints>
                <SequencePoint vc="0" uspid="2120" ordinal="0" offset="0" sl="50" sc="17" el="50" ec="18" bec="0" bev="0" fileid="42" />
                <SequencePoint vc="0" uspid="2121" ordinal="1" offset="1" sl="51" sc="21" el="51" ec="71" bec="0" bev="0" fileid="42" />
                <SequencePoint vc="0" uspid="2122" ordinal="2" offset="8" sl="52" sc="21" el="52" ec="145" bec="0" bev="0" fileid="42" />
                <SequencePoint vc="0" uspid="2123" ordinal="3" offset="65" sl="53" sc="17" el="53" ec="18" bec="0" bev="0" fileid="42" />
              </SequencePoints>
              <BranchPoints />
              <MethodPoint xsi:type="SequencePoint" vc="0" uspid="2120" ordinal="0" offset="0" sl="50" sc="17" el="50" ec="18" bec="0" bev="0" fileid="42" />
            </Method>
            <Method visited="false" cyclomaticComplexity="1" nPathComplexity="0" sequenceCoverage="0" branchCoverage="0" isConstructor="false" isStatic="false" isGetter="false" isSetter="false">
              <Summary numSequencePoints="4" visitedSequencePoints="0" numBranchPoints="1" visitedBranchPoints="0" sequenceCoverage="0" branchCoverage="0" maxCyclomaticComplexity="1" minCyclomaticComplexity="1" visitedClasses="0" numClasses="0" visitedMethods="0" numMethods="1" />
              <MetadataToken>100663620</MetadataToken>
              <Name>System.String TaskManagerAPI.Areas.HelpPage.ModelDescriptions.ModelDescriptionGenerator/&lt;&gt;c::&lt;.ctor&gt;b__3_7(System.Object)</Name>
              <FileRef uid="42" />
              <SequencePoints>
                <SequencePoint vc="0" uspid="2126" ordinal="0" offset="0" sl="56" sc="17" el="56" ec="18" bec="0" bev="0" fileid="42" />
                <SequencePoint vc="0" uspid="2127" ordinal="1" offset="1" sl="57" sc="21" el="57" ec="98" bec="0" bev="0" fileid="42" />
                <SequencePoint vc="0" uspid="2128" ordinal="2" offset="8" sl="58" sc="21" el="58" ec="141" bec="0" bev="0" fileid="42" />
                <SequencePoint vc="0" uspid="2129" ordinal="3" offset="41" sl="59" sc="17" el="59" ec="18" bec="0" bev="0" fileid="42" />
              </SequencePoints>
              <BranchPoints />
              <MethodPoint xsi:type="SequencePoint" vc="0" uspid="2126" ordinal="0" offset="0" sl="56" sc="17" el="56" ec="18" bec="0" bev="0" fileid="42" />
            </Method>
            <Method visited="false" cyclomaticComplexity="3" nPathComplexity="4" sequenceCoverage="0" branchCoverage="0" isConstructor="false" isStatic="false" isGetter="false" isSetter="false">
              <Summary numSequencePoints="9" visitedSequencePoints="0" numBranchPoints="5" visitedBranchPoints="0" sequenceCoverage="0" branchCoverage="0" maxCyclomaticComplexity="3" minCyclomaticComplexity="3" visitedClasses="0" numClasses="0" visitedMethods="0" numMethods="1" />
              <MetadataToken>100663621</MetadataToken>
              <Name>System.Int32 TaskManagerAPI.Areas.HelpPage.ModelDescriptions.ModelDescriptionGenerator/&lt;&gt;c::&lt;GenerateAnnotations&gt;b__14_0(TaskManagerAPI.Areas.HelpPage.ModelDescriptions.ParameterAnnotation,TaskManagerAPI.Areas.HelpPage.ModelDescriptions.ParameterAnnotation)</Name>
              <FileRef uid="42" />
              <SequencePoints>
                <SequencePoint vc="0" uspid="2130" ordinal="0" offset="0" sl="288" sc="13" el="288" ec="14" bec="0" bev="0" fileid="42" />
                <SequencePoint vc="0" uspid="2131" ordinal="1" offset="1" sl="290" sc="17" el="290" ec="64" bec="2" bev="0" fileid="42" />
                <SequencePoint vc="0" uspid="2132" ordinal="2" offset="19" sl="291" sc="17" el="291" ec="18" bec="0" bev="0" fileid="42" />
                <SequencePoint vc="0" uspid="2133" ordinal="3" offset="20" sl="292" sc="21" el="292" ec="31" bec="0" bev="0" fileid="42" />
                <SequencePoint vc="0" uspid="2134" ordinal="4" offset="24" sl="294" sc="17" el="294" ec="64" bec="2" bev="0" fileid="42" />
                <SequencePoint vc="0" uspid="2135" ordinal="5" offset="42" sl="295" sc="17" el="295" ec="18" bec="0" bev="0" fileid="42" />
                <SequencePoint vc="0" uspid="2136" ordinal="6" offset="43" sl="296" sc="21" el="296" ec="30" bec="0" bev="0" fileid="42" />
                <SequencePoint vc="0" uspid="2137" ordinal="7" offset="47" sl="300" sc="17" el="300" ec="109" bec="0" bev="0" fileid="42" />
                <SequencePoint vc="0" uspid="2138" ordinal="8" offset="68" sl="301" sc="13" el="301" ec="14" bec="0" bev="0" fileid="42" />
              </SequencePoints>
              <BranchPoints>
                <BranchPoint vc="0" uspid="2139" ordinal="0" offset="17" sl="290" path="0" offsetend="19" fileid="42" />
                <BranchPoint vc="0" uspid="2140" ordinal="1" offset="17" sl="290" path="1" offsetend="24" fileid="42" />
                <BranchPoint vc="0" uspid="2141" ordinal="2" offset="40" sl="294" path="0" offsetend="42" fileid="42" />
                <BranchPoint vc="0" uspid="2142" ordinal="3" offset="40" sl="294" path="1" offsetend="47" fileid="42" />
              </BranchPoints>
              <MethodPoint xsi:type="SequencePoint" vc="0" uspid="2130" ordinal="0" offset="0" sl="288" sc="13" el="288" ec="14" bec="0" bev="0" fileid="42" />
            </Method>
          </Methods>
        </Class>
        <Class>
          <Summary numSequencePoints="6" visitedSequencePoints="0" numBranchPoints="3" visitedBranchPoints="0" sequenceCoverage="0" branchCoverage="0" maxCyclomaticComplexity="1" minCyclomaticComplexity="1" visitedClasses="0" numClasses="1" visitedMethods="0" numMethods="3" />
          <FullName>TaskManagerAPI.Areas.HelpPage.ModelDescriptions.ModelNameAttribute</FullName>
          <Methods>
            <Method visited="false" cyclomaticComplexity="1" nPathComplexity="0" sequenceCoverage="0" branchCoverage="0" isConstructor="false" isStatic="false" isGetter="true" isSetter="false">
              <Summary numSequencePoints="1" visitedSequencePoints="0" numBranchPoints="1" visitedBranchPoints="0" sequenceCoverage="0" branchCoverage="0" maxCyclomaticComplexity="1" minCyclomaticComplexity="1" visitedClasses="0" numClasses="0" visitedMethods="0" numMethods="1" />
              <MetadataToken>100663551</MetadataToken>
              <Name>System.String TaskManagerAPI.Areas.HelpPage.ModelDescriptions.ModelNameAttribute::get_Name()</Name>
              <FileRef uid="45" />
              <SequencePoints>
                <SequencePoint vc="0" uspid="2143" ordinal="0" offset="0" sl="16" sc="30" el="16" ec="34" bec="0" bev="0" fileid="45" />
              </SequencePoints>
              <BranchPoints />
              <MethodPoint xsi:type="SequencePoint" vc="0" uspid="2143" ordinal="0" offset="0" sl="16" sc="30" el="16" ec="34" bec="0" bev="0" fileid="45" />
            </Method>
            <Method visited="false" cyclomaticComplexity="1" nPathComplexity="0" sequenceCoverage="0" branchCoverage="0" isConstructor="false" isStatic="false" isGetter="false" isSetter="true">
              <Summary numSequencePoints="1" visitedSequencePoints="0" numBranchPoints="1" visitedBranchPoints="0" sequenceCoverage="0" branchCoverage="0" maxCyclomaticComplexity="1" minCyclomaticComplexity="1" visitedClasses="0" numClasses="0" visitedMethods="0" numMethods="1" />
              <MetadataToken>100663552</MetadataToken>
              <Name>System.Void TaskManagerAPI.Areas.HelpPage.ModelDescriptions.ModelNameAttribute::set_Name(System.String)</Name>
              <FileRef uid="45" />
              <SequencePoints>
                <SequencePoint vc="0" uspid="2144" ordinal="0" offset="0" sl="16" sc="35" el="16" ec="47" bec="0" bev="0" fileid="45" />
              </SequencePoints>
              <BranchPoints />
              <MethodPoint xsi:type="SequencePoint" vc="0" uspid="2144" ordinal="0" offset="0" sl="16" sc="35" el="16" ec="47" bec="0" bev="0" fileid="45" />
            </Method>
            <Method visited="false" cyclomaticComplexity="1" nPathComplexity="0" sequenceCoverage="0" branchCoverage="0" isConstructor="true" isStatic="false" isGetter="false" isSetter="false">
              <Summary numSequencePoints="4" visitedSequencePoints="0" numBranchPoints="1" visitedBranchPoints="0" sequenceCoverage="0" branchCoverage="0" maxCyclomaticComplexity="1" minCyclomaticComplexity="1" visitedClasses="0" numClasses="0" visitedMethods="0" numMethods="1" />
              <MetadataToken>100663550</MetadataToken>
              <Name>System.Void TaskManagerAPI.Areas.HelpPage.ModelDescriptions.ModelNameAttribute::.ctor(System.String)</Name>
              <FileRef uid="45" />
              <SequencePoints>
                <SequencePoint vc="0" uspid="2145" ordinal="0" offset="0" sl="11" sc="9" el="11" ec="47" bec="0" bev="0" fileid="45" />
                <SequencePoint vc="0" uspid="2146" ordinal="1" offset="7" sl="12" sc="9" el="12" ec="10" bec="0" bev="0" fileid="45" />
                <SequencePoint vc="0" uspid="2147" ordinal="2" offset="8" sl="13" sc="13" el="13" ec="25" bec="0" bev="0" fileid="45" />
                <SequencePoint vc="0" uspid="2148" ordinal="3" offset="16" sl="14" sc="9" el="14" ec="10" bec="0" bev="0" fileid="45" />
              </SequencePoints>
              <BranchPoints />
              <MethodPoint xsi:type="SequencePoint" vc="0" uspid="2145" ordinal="0" offset="0" sl="11" sc="9" el="11" ec="47" bec="0" bev="0" fileid="45" />
            </Method>
          </Methods>
        </Class>
        <Class>
          <Summary numSequencePoints="17" visitedSequencePoints="0" numBranchPoints="5" visitedBranchPoints="0" sequenceCoverage="0" branchCoverage="0" maxCyclomaticComplexity="5" minCyclomaticComplexity="5" visitedClasses="0" numClasses="1" visitedMethods="0" numMethods="1" />
          <FullName>TaskManagerAPI.Areas.HelpPage.ModelDescriptions.ModelNameHelper</FullName>
          <Methods>
            <Method visited="false" cyclomaticComplexity="5" nPathComplexity="4" sequenceCoverage="0" branchCoverage="0" isConstructor="false" isStatic="true" isGetter="false" isSetter="false">
              <Summary numSequencePoints="17" visitedSequencePoints="0" numBranchPoints="5" visitedBranchPoints="0" sequenceCoverage="0" branchCoverage="0" maxCyclomaticComplexity="5" minCyclomaticComplexity="5" visitedClasses="0" numClasses="0" visitedMethods="0" numMethods="1" />
              <MetadataToken>100663553</MetadataToken>
              <Name>System.String TaskManagerAPI.Areas.HelpPage.ModelDescriptions.ModelNameHelper::GetModelName(System.Type)</Name>
              <FileRef uid="46" />
              <SequencePoints>
                <SequencePoint vc="0" uspid="2149" ordinal="0" offset="0" sl="12" sc="9" el="12" ec="10" bec="0" bev="0" fileid="46" />
                <SequencePoint vc="0" uspid="2150" ordinal="1" offset="1" sl="13" sc="13" el="13" ec="99" bec="0" bev="0" fileid="46" />
                <SequencePoint vc="0" uspid="2151" ordinal="2" offset="8" sl="14" sc="13" el="14" ec="94" bec="2" bev="0" fileid="46" />
                <SequencePoint vc="0" uspid="2152" ordinal="3" offset="32" sl="15" sc="13" el="15" ec="14" bec="0" bev="0" fileid="46" />
                <SequencePoint vc="0" uspid="2153" ordinal="4" offset="33" sl="16" sc="17" el="16" ec="48" bec="0" bev="0" fileid="46" />
                <SequencePoint vc="0" uspid="2154" ordinal="5" offset="45" sl="19" sc="13" el="19" ec="42" bec="0" bev="0" fileid="46" />
                <SequencePoint vc="0" uspid="2155" ordinal="6" offset="52" sl="20" sc="13" el="20" ec="36" bec="2" bev="0" fileid="46" />
                <SequencePoint vc="0" uspid="2156" ordinal="7" offset="67" sl="21" sc="13" el="21" ec="14" bec="0" bev="0" fileid="46" />
                <SequencePoint vc="0" uspid="2157" ordinal="8" offset="68" sl="23" sc="17" el="23" ec="68" bec="0" bev="0" fileid="46" />
                <SequencePoint vc="0" uspid="2158" ordinal="9" offset="76" sl="24" sc="17" el="24" ec="70" bec="0" bev="0" fileid="46" />
                <SequencePoint vc="0" uspid="2159" ordinal="10" offset="84" sl="25" sc="17" el="25" ec="59" bec="0" bev="0" fileid="46" />
                <SequencePoint vc="0" uspid="2160" ordinal="11" offset="93" sl="28" sc="17" el="28" ec="94" bec="0" bev="0" fileid="46" />
                <SequencePoint vc="0" uspid="2161" ordinal="12" offset="112" sl="29" sc="17" el="29" ec="102" bec="0" bev="0" fileid="46" />
                <SequencePoint vc="0" uspid="2162" ordinal="13" offset="157" sl="30" sc="17" el="30" ec="141" bec="0" bev="0" fileid="46" />
                <SequencePoint vc="0" uspid="2163" ordinal="14" offset="199" sl="31" sc="13" el="31" ec="14" bec="0" bev="0" fileid="46" />
                <SequencePoint vc="0" uspid="2164" ordinal="15" offset="200" sl="33" sc="13" el="33" ec="30" bec="0" bev="0" fileid="46" />
                <SequencePoint vc="0" uspid="2165" ordinal="16" offset="204" sl="34" sc="9" el="34" ec="10" bec="0" bev="0" fileid="46" />
              </SequencePoints>
              <BranchPoints>
                <BranchPoint vc="0" uspid="2168" ordinal="2" offset="30" sl="14" path="0" offsetend="32" fileid="46" />
                <BranchPoint vc="0" uspid="2169" ordinal="3" offset="30" sl="14" path="1" offsetend="45" fileid="46" />
                <BranchPoint vc="0" uspid="2170" ordinal="4" offset="62" sl="20" path="0" offsetend="67" fileid="46" />
                <BranchPoint vc="0" uspid="2171" ordinal="5" offset="62" sl="20" path="1" offsetend="200" fileid="46" />
              </BranchPoints>
              <MethodPoint xsi:type="SequencePoint" vc="0" uspid="2149" ordinal="0" offset="0" sl="12" sc="9" el="12" ec="10" bec="0" bev="0" fileid="46" />
            </Method>
          </Methods>
        </Class>
        <Class>
          <Summary numSequencePoints="1" visitedSequencePoints="0" numBranchPoints="1" visitedBranchPoints="0" sequenceCoverage="0" branchCoverage="0" maxCyclomaticComplexity="1" minCyclomaticComplexity="1" visitedClasses="0" numClasses="1" visitedMethods="0" numMethods="1" />
          <FullName>TaskManagerAPI.Areas.HelpPage.ModelDescriptions.ModelNameHelper/&lt;&gt;c</FullName>
          <Methods>
            <Method visited="false" cyclomaticComplexity="1" nPathComplexity="0" sequenceCoverage="0" branchCoverage="0" isConstructor="true" isStatic="true" isGetter="false" isSetter="false">
              <Summary numSequencePoints="0" visitedSequencePoints="0" numBranchPoints="0" visitedBranchPoints="0" sequenceCoverage="0" branchCoverage="0" maxCyclomaticComplexity="1" minCyclomaticComplexity="1" visitedClasses="0" numClasses="0" visitedMethods="0" numMethods="0" />
              <MetadataToken>100663622</MetadataToken>
              <Name>System.Void TaskManagerAPI.Areas.HelpPage.ModelDescriptions.ModelNameHelper/&lt;&gt;c::.cctor()</Name>
              <SequencePoints />
              <BranchPoints />
              <MethodPoint vc="0" uspid="2174" ordinal="0" offset="0" />
            </Method>
            <Method visited="false" cyclomaticComplexity="1" nPathComplexity="0" sequenceCoverage="0" branchCoverage="0" isConstructor="true" isStatic="false" isGetter="false" isSetter="false">
              <Summary numSequencePoints="0" visitedSequencePoints="0" numBranchPoints="0" visitedBranchPoints="0" sequenceCoverage="0" branchCoverage="0" maxCyclomaticComplexity="1" minCyclomaticComplexity="1" visitedClasses="0" numClasses="0" visitedMethods="0" numMethods="0" />
              <MetadataToken>100663623</MetadataToken>
              <Name>System.Void TaskManagerAPI.Areas.HelpPage.ModelDescriptions.ModelNameHelper/&lt;&gt;c::.ctor()</Name>
              <SequencePoints />
              <BranchPoints />
              <MethodPoint vc="0" uspid="2175" ordinal="0" offset="0" />
            </Method>
            <Method visited="false" cyclomaticComplexity="1" nPathComplexity="0" sequenceCoverage="0" branchCoverage="0" isConstructor="false" isStatic="false" isGetter="false" isSetter="false">
              <Summary numSequencePoints="1" visitedSequencePoints="0" numBranchPoints="1" visitedBranchPoints="0" sequenceCoverage="0" branchCoverage="0" maxCyclomaticComplexity="1" minCyclomaticComplexity="1" visitedClasses="0" numClasses="0" visitedMethods="0" numMethods="1" />
              <MetadataToken>100663624</MetadataToken>
              <Name>System.String TaskManagerAPI.Areas.HelpPage.ModelDescriptions.ModelNameHelper/&lt;&gt;c::&lt;GetModelName&gt;b__0_0(System.Type)</Name>
              <FileRef uid="46" />
              <SequencePoints>
                <SequencePoint vc="0" uspid="2176" ordinal="0" offset="0" sl="29" sc="75" el="29" ec="90" bec="0" bev="0" fileid="46" />
              </SequencePoints>
              <BranchPoints />
              <MethodPoint xsi:type="SequencePoint" vc="0" uspid="2176" ordinal="0" offset="0" sl="29" sc="75" el="29" ec="90" bec="0" bev="0" fileid="46" />
            </Method>
          </Methods>
        </Class>
        <Class>
          <Summary numSequencePoints="4" visitedSequencePoints="0" numBranchPoints="4" visitedBranchPoints="0" sequenceCoverage="0" branchCoverage="0" maxCyclomaticComplexity="1" minCyclomaticComplexity="1" visitedClasses="0" numClasses="1" visitedMethods="0" numMethods="4" />
          <FullName>TaskManagerAPI.Areas.HelpPage.ModelDescriptions.ParameterAnnotation</FullName>
          <Methods>
            <Method visited="false" cyclomaticComplexity="1" nPathComplexity="0" sequenceCoverage="0" branchCoverage="0" isConstructor="false" isStatic="false" isGetter="true" isSetter="false">
              <Summary numSequencePoints="1" visitedSequencePoints="0" numBranchPoints="1" visitedBranchPoints="0" sequenceCoverage="0" branchCoverage="0" maxCyclomaticComplexity="1" minCyclomaticComplexity="1" visitedClasses="0" numClasses="0" visitedMethods="0" numMethods="1" />
              <MetadataToken>100663554</MetadataToken>
              <Name>System.Attribute TaskManagerAPI.Areas.HelpPage.ModelDescriptions.ParameterAnnotation::get_AnnotationAttribute()</Name>
              <FileRef uid="48" />
              <SequencePoints>
                <SequencePoint vc="0" uspid="2177" ordinal="0" offset="0" sl="7" sc="48" el="7" ec="52" bec="0" bev="0" fileid="48" />
              </SequencePoints>
              <BranchPoints />
              <MethodPoint xsi:type="SequencePoint" vc="0" uspid="2177" ordinal="0" offset="0" sl="7" sc="48" el="7" ec="52" bec="0" bev="0" fileid="48" />
            </Method>
            <Method visited="false" cyclomaticComplexity="1" nPathComplexity="0" sequenceCoverage="0" branchCoverage="0" isConstructor="false" isStatic="false" isGetter="false" isSetter="true">
              <Summary numSequencePoints="1" visitedSequencePoints="0" numBranchPoints="1" visitedBranchPoints="0" sequenceCoverage="0" branchCoverage="0" maxCyclomaticComplexity="1" minCyclomaticComplexity="1" visitedClasses="0" numClasses="0" visitedMethods="0" numMethods="1" />
              <MetadataToken>100663555</MetadataToken>
              <Name>System.Void TaskManagerAPI.Areas.HelpPage.ModelDescriptions.ParameterAnnotation::set_AnnotationAttribute(System.Attribute)</Name>
              <FileRef uid="48" />
              <SequencePoints>
                <SequencePoint vc="0" uspid="2178" ordinal="0" offset="0" sl="7" sc="53" el="7" ec="57" bec="0" bev="0" fileid="48" />
              </SequencePoints>
              <BranchPoints />
              <MethodPoint xsi:type="SequencePoint" vc="0" uspid="2178" ordinal="0" offset="0" sl="7" sc="53" el="7" ec="57" bec="0" bev="0" fileid="48" />
            </Method>
            <Method visited="false" cyclomaticComplexity="1" nPathComplexity="0" sequenceCoverage="0" branchCoverage="0" isConstructor="false" isStatic="false" isGetter="true" isSetter="false">
              <Summary numSequencePoints="1" visitedSequencePoints="0" numBranchPoints="1" visitedBranchPoints="0" sequenceCoverage="0" branchCoverage="0" maxCyclomaticComplexity="1" minCyclomaticComplexity="1" visitedClasses="0" numClasses="0" visitedMethods="0" numMethods="1" />
              <MetadataToken>100663556</MetadataToken>
              <Name>System.String TaskManagerAPI.Areas.HelpPage.ModelDescriptions.ParameterAnnotation::get_Documentation()</Name>
              <FileRef uid="48" />
              <SequencePoints>
                <SequencePoint vc="0" uspid="2179" ordinal="0" offset="0" sl="9" sc="39" el="9" ec="43" bec="0" bev="0" fileid="48" />
              </SequencePoints>
              <BranchPoints />
              <MethodPoint xsi:type="SequencePoint" vc="0" uspid="2179" ordinal="0" offset="0" sl="9" sc="39" el="9" ec="43" bec="0" bev="0" fileid="48" />
            </Method>
            <Method visited="false" cyclomaticComplexity="1" nPathComplexity="0" sequenceCoverage="0" branchCoverage="0" isConstructor="false" isStatic="false" isGetter="false" isSetter="true">
              <Summary numSequencePoints="1" visitedSequencePoints="0" numBranchPoints="1" visitedBranchPoints="0" sequenceCoverage="0" branchCoverage="0" maxCyclomaticComplexity="1" minCyclomaticComplexity="1" visitedClasses="0" numClasses="0" visitedMethods="0" numMethods="1" />
              <MetadataToken>100663557</MetadataToken>
              <Name>System.Void TaskManagerAPI.Areas.HelpPage.ModelDescriptions.ParameterAnnotation::set_Documentation(System.String)</Name>
              <FileRef uid="48" />
              <SequencePoints>
                <SequencePoint vc="0" uspid="2180" ordinal="0" offset="0" sl="9" sc="44" el="9" ec="48" bec="0" bev="0" fileid="48" />
              </SequencePoints>
              <BranchPoints />
              <MethodPoint xsi:type="SequencePoint" vc="0" uspid="2180" ordinal="0" offset="0" sl="9" sc="44" el="9" ec="48" bec="0" bev="0" fileid="48" />
            </Method>
            <Method visited="false" cyclomaticComplexity="1" nPathComplexity="0" sequenceCoverage="0" branchCoverage="0" isConstructor="true" isStatic="false" isGetter="false" isSetter="false">
              <Summary numSequencePoints="0" visitedSequencePoints="0" numBranchPoints="0" visitedBranchPoints="0" sequenceCoverage="0" branchCoverage="0" maxCyclomaticComplexity="1" minCyclomaticComplexity="1" visitedClasses="0" numClasses="0" visitedMethods="0" numMethods="0" />
              <MetadataToken>100663558</MetadataToken>
              <Name>System.Void TaskManagerAPI.Areas.HelpPage.ModelDescriptions.ParameterAnnotation::.ctor()</Name>
              <SequencePoints />
              <BranchPoints />
              <MethodPoint vc="0" uspid="2181" ordinal="0" offset="0" />
            </Method>
          </Methods>
        </Class>
        <Class>
          <Summary numSequencePoints="12" visitedSequencePoints="0" numBranchPoints="9" visitedBranchPoints="0" sequenceCoverage="0" branchCoverage="0" maxCyclomaticComplexity="1" minCyclomaticComplexity="1" visitedClasses="0" numClasses="1" visitedMethods="0" numMethods="9" />
          <FullName>TaskManagerAPI.Areas.HelpPage.ModelDescriptions.ParameterDescription</FullName>
          <Methods>
            <Method visited="false" cyclomaticComplexity="1" nPathComplexity="0" sequenceCoverage="0" branchCoverage="0" isConstructor="false" isStatic="false" isGetter="true" isSetter="false">
              <Summary numSequencePoints="1" visitedSequencePoints="0" numBranchPoints="1" visitedBranchPoints="0" sequenceCoverage="0" branchCoverage="0" maxCyclomaticComplexity="1" minCyclomaticComplexity="1" visitedClasses="0" numClasses="0" visitedMethods="0" numMethods="1" />
              <MetadataToken>100663560</MetadataToken>
              <Name>System.Collections.ObjectModel.Collection`1&lt;TaskManagerAPI.Areas.HelpPage.ModelDescriptions.ParameterAnnotation&gt; TaskManagerAPI.Areas.HelpPage.ModelDescriptions.ParameterDescription::get_Annotations()</Name>
              <FileRef uid="49" />
              <SequencePoints>
                <SequencePoint vc="0" uspid="2182" ordinal="0" offset="0" sl="13" sc="62" el="13" ec="66" bec="0" bev="0" fileid="49" />
              </SequencePoints>
              <BranchPoints />
              <MethodPoint xsi:type="SequencePoint" vc="0" uspid="2182" ordinal="0" offset="0" sl="13" sc="62" el="13" ec="66" bec="0" bev="0" fileid="49" />
            </Method>
            <Method visited="false" cyclomaticComplexity="1" nPathComplexity="0" sequenceCoverage="0" branchCoverage="0" isConstructor="false" isStatic="false" isGetter="false" isSetter="true">
              <Summary numSequencePoints="1" visitedSequencePoints="0" numBranchPoints="1" visitedBranchPoints="0" sequenceCoverage="0" branchCoverage="0" maxCyclomaticComplexity="1" minCyclomaticComplexity="1" visitedClasses="0" numClasses="0" visitedMethods="0" numMethods="1" />
              <MetadataToken>100663561</MetadataToken>
              <Name>System.Void TaskManagerAPI.Areas.HelpPage.ModelDescriptions.ParameterDescription::set_Annotations(System.Collections.ObjectModel.Collection`1&lt;TaskManagerAPI.Areas.HelpPage.ModelDescriptions.ParameterAnnotation&gt;)</Name>
              <FileRef uid="49" />
              <SequencePoints>
                <SequencePoint vc="0" uspid="2183" ordinal="0" offset="0" sl="13" sc="67" el="13" ec="79" bec="0" bev="0" fileid="49" />
              </SequencePoints>
              <BranchPoints />
              <MethodPoint xsi:type="SequencePoint" vc="0" uspid="2183" ordinal="0" offset="0" sl="13" sc="67" el="13" ec="79" bec="0" bev="0" fileid="49" />
            </Method>
            <Method visited="false" cyclomaticComplexity="1" nPathComplexity="0" sequenceCoverage="0" branchCoverage="0" isConstructor="false" isStatic="false" isGetter="true" isSetter="false">
              <Summary numSequencePoints="1" visitedSequencePoints="0" numBranchPoints="1" visitedBranchPoints="0" sequenceCoverage="0" branchCoverage="0" maxCyclomaticComplexity="1" minCyclomaticComplexity="1" visitedClasses="0" numClasses="0" visitedMethods="0" numMethods="1" />
              <MetadataToken>100663562</MetadataToken>
              <Name>System.String TaskManagerAPI.Areas.HelpPage.ModelDescriptions.ParameterDescription::get_Documentation()</Name>
              <FileRef uid="49" />
              <SequencePoints>
                <SequencePoint vc="0" uspid="2184" ordinal="0" offset="0" sl="15" sc="39" el="15" ec="43" bec="0" bev="0" fileid="49" />
              </SequencePoints>
              <BranchPoints />
              <MethodPoint xsi:type="SequencePoint" vc="0" uspid="2184" ordinal="0" offset="0" sl="15" sc="39" el="15" ec="43" bec="0" bev="0" fileid="49" />
            </Method>
            <Method visited="false" cyclomaticComplexity="1" nPathComplexity="0" sequenceCoverage="0" branchCoverage="0" isConstructor="false" isStatic="false" isGetter="false" isSetter="true">
              <Summary numSequencePoints="1" visitedSequencePoints="0" numBranchPoints="1" visitedBranchPoints="0" sequenceCoverage="0" branchCoverage="0" maxCyclomaticComplexity="1" minCyclomaticComplexity="1" visitedClasses="0" numClasses="0" visitedMethods="0" numMethods="1" />
              <MetadataToken>100663563</MetadataToken>
              <Name>System.Void TaskManagerAPI.Areas.HelpPage.ModelDescriptions.ParameterDescription::set_Documentation(System.String)</Name>
              <FileRef uid="49" />
              <SequencePoints>
                <SequencePoint vc="0" uspid="2185" ordinal="0" offset="0" sl="15" sc="44" el="15" ec="48" bec="0" bev="0" fileid="49" />
              </SequencePoints>
              <BranchPoints />
              <MethodPoint xsi:type="SequencePoint" vc="0" uspid="2185" ordinal="0" offset="0" sl="15" sc="44" el="15" ec="48" bec="0" bev="0" fileid="49" />
            </Method>
            <Method visited="false" cyclomaticComplexity="1" nPathComplexity="0" sequenceCoverage="0" branchCoverage="0" isConstructor="false" isStatic="false" isGetter="true" isSetter="false">
              <Summary numSequencePoints="1" visitedSequencePoints="0" numBranchPoints="1" visitedBranchPoints="0" sequenceCoverage="0" branchCoverage="0" maxCyclomaticComplexity="1" minCyclomaticComplexity="1" visitedClasses="0" numClasses="0" visitedMethods="0" numMethods="1" />
              <MetadataToken>100663564</MetadataToken>
              <Name>System.String TaskManagerAPI.Areas.HelpPage.ModelDescriptions.ParameterDescription::get_Name()</Name>
              <FileRef uid="49" />
              <SequencePoints>
                <SequencePoint vc="0" uspid="2186" ordinal="0" offset="0" sl="17" sc="30" el="17" ec="34" bec="0" bev="0" fileid="49" />
              </SequencePoints>
              <BranchPoints />
              <MethodPoint xsi:type="SequencePoint" vc="0" uspid="2186" ordinal="0" offset="0" sl="17" sc="30" el="17" ec="34" bec="0" bev="0" fileid="49" />
            </Method>
            <Method visited="false" cyclomaticComplexity="1" nPathComplexity="0" sequenceCoverage="0" branchCoverage="0" isConstructor="false" isStatic="false" isGetter="false" isSetter="true">
              <Summary numSequencePoints="1" visitedSequencePoints="0" numBranchPoints="1" visitedBranchPoints="0" sequenceCoverage="0" branchCoverage="0" maxCyclomaticComplexity="1" minCyclomaticComplexity="1" visitedClasses="0" numClasses="0" visitedMethods="0" numMethods="1" />
              <MetadataToken>100663565</MetadataToken>
              <Name>System.Void TaskManagerAPI.Areas.HelpPage.ModelDescriptions.ParameterDescription::set_Name(System.String)</Name>
              <FileRef uid="49" />
              <SequencePoints>
                <SequencePoint vc="0" uspid="2187" ordinal="0" offset="0" sl="17" sc="35" el="17" ec="39" bec="0" bev="0" fileid="49" />
              </SequencePoints>
              <BranchPoints />
              <MethodPoint xsi:type="SequencePoint" vc="0" uspid="2187" ordinal="0" offset="0" sl="17" sc="35" el="17" ec="39" bec="0" bev="0" fileid="49" />
            </Method>
            <Method visited="false" cyclomaticComplexity="1" nPathComplexity="0" sequenceCoverage="0" branchCoverage="0" isConstructor="false" isStatic="false" isGetter="true" isSetter="false">
              <Summary numSequencePoints="1" visitedSequencePoints="0" numBranchPoints="1" visitedBranchPoints="0" sequenceCoverage="0" branchCoverage="0" maxCyclomaticComplexity="1" minCyclomaticComplexity="1" visitedClasses="0" numClasses="0" visitedMethods="0" numMethods="1" />
              <MetadataToken>100663566</MetadataToken>
              <Name>TaskManagerAPI.Areas.HelpPage.ModelDescriptions.ModelDescription TaskManagerAPI.Areas.HelpPage.ModelDescriptions.ParameterDescription::get_TypeDescription()</Name>
              <FileRef uid="49" />
              <SequencePoints>
                <SequencePoint vc="0" uspid="2188" ordinal="0" offset="0" sl="19" sc="51" el="19" ec="55" bec="0" bev="0" fileid="49" />
              </SequencePoints>
              <BranchPoints />
              <MethodPoint xsi:type="SequencePoint" vc="0" uspid="2188" ordinal="0" offset="0" sl="19" sc="51" el="19" ec="55" bec="0" bev="0" fileid="49" />
            </Method>
            <Method visited="false" cyclomaticComplexity="1" nPathComplexity="0" sequenceCoverage="0" branchCoverage="0" isConstructor="false" isStatic="false" isGetter="false" isSetter="true">
              <Summary numSequencePoints="1" visitedSequencePoints="0" numBranchPoints="1" visitedBranchPoints="0" sequenceCoverage="0" branchCoverage="0" maxCyclomaticComplexity="1" minCyclomaticComplexity="1" visitedClasses="0" numClasses="0" visitedMethods="0" numMethods="1" />
              <MetadataToken>100663567</MetadataToken>
              <Name>System.Void TaskManagerAPI.Areas.HelpPage.ModelDescriptions.ParameterDescription::set_TypeDescription(TaskManagerAPI.Areas.HelpPage.ModelDescriptions.ModelDescription)</Name>
              <FileRef uid="49" />
              <SequencePoints>
                <SequencePoint vc="0" uspid="2189" ordinal="0" offset="0" sl="19" sc="56" el="19" ec="60" bec="0" bev="0" fileid="49" />
              </SequencePoints>
              <BranchPoints />
              <MethodPoint xsi:type="SequencePoint" vc="0" uspid="2189" ordinal="0" offset="0" sl="19" sc="56" el="19" ec="60" bec="0" bev="0" fileid="49" />
            </Method>
            <Method visited="false" cyclomaticComplexity="1" nPathComplexity="0" sequenceCoverage="0" branchCoverage="0" isConstructor="true" isStatic="false" isGetter="false" isSetter="false">
              <Summary numSequencePoints="4" visitedSequencePoints="0" numBranchPoints="1" visitedBranchPoints="0" sequenceCoverage="0" branchCoverage="0" maxCyclomaticComplexity="1" minCyclomaticComplexity="1" visitedClasses="0" numClasses="0" visitedMethods="0" numMethods="1" />
              <MetadataToken>100663559</MetadataToken>
              <Name>System.Void TaskManagerAPI.Areas.HelpPage.ModelDescriptions.ParameterDescription::.ctor()</Name>
              <FileRef uid="49" />
              <SequencePoints>
                <SequencePoint vc="0" uspid="2190" ordinal="0" offset="0" sl="8" sc="9" el="8" ec="38" bec="0" bev="0" fileid="49" />
                <SequencePoint vc="0" uspid="2191" ordinal="1" offset="7" sl="9" sc="9" el="9" ec="10" bec="0" bev="0" fileid="49" />
                <SequencePoint vc="0" uspid="2192" ordinal="2" offset="8" sl="10" sc="13" el="10" ec="65" bec="0" bev="0" fileid="49" />
                <SequencePoint vc="0" uspid="2193" ordinal="3" offset="20" sl="11" sc="9" el="11" ec="10" bec="0" bev="0" fileid="49" />
              </SequencePoints>
              <BranchPoints />
              <MethodPoint xsi:type="SequencePoint" vc="0" uspid="2190" ordinal="0" offset="0" sl="8" sc="9" el="8" ec="38" bec="0" bev="0" fileid="49" />
            </Method>
          </Methods>
        </Class>
        <Class>
          <Summary numSequencePoints="0" visitedSequencePoints="0" numBranchPoints="0" visitedBranchPoints="0" sequenceCoverage="0" branchCoverage="0" maxCyclomaticComplexity="1" minCyclomaticComplexity="1" visitedClasses="0" numClasses="0" visitedMethods="0" numMethods="0" />
          <FullName>TaskManagerAPI.Areas.HelpPage.ModelDescriptions.SimpleTypeModelDescription</FullName>
          <Methods>
            <Method visited="false" cyclomaticComplexity="1" nPathComplexity="0" sequenceCoverage="0" branchCoverage="0" isConstructor="true" isStatic="false" isGetter="false" isSetter="false">
              <Summary numSequencePoints="0" visitedSequencePoints="0" numBranchPoints="0" visitedBranchPoints="0" sequenceCoverage="0" branchCoverage="0" maxCyclomaticComplexity="1" minCyclomaticComplexity="1" visitedClasses="0" numClasses="0" visitedMethods="0" numMethods="0" />
              <MetadataToken>100663568</MetadataToken>
              <Name>System.Void TaskManagerAPI.Areas.HelpPage.ModelDescriptions.SimpleTypeModelDescription::.ctor()</Name>
              <SequencePoints />
              <BranchPoints />
              <MethodPoint vc="0" uspid="2194" ordinal="0" offset="0" />
            </Method>
          </Methods>
        </Class>
        <Class>
          <Summary numSequencePoints="33" visitedSequencePoints="0" numBranchPoints="15" visitedBranchPoints="0" sequenceCoverage="0" branchCoverage="0" maxCyclomaticComplexity="3" minCyclomaticComplexity="1" visitedClasses="0" numClasses="1" visitedMethods="0" numMethods="7" />
          <FullName>TaskManagerAPI.Areas.HelpPage.Controllers.HelpController</FullName>
          <Methods>
            <Method visited="false" cyclomaticComplexity="1" nPathComplexity="0" sequenceCoverage="0" branchCoverage="0" isConstructor="false" isStatic="false" isGetter="true" isSetter="false">
              <Summary numSequencePoints="1" visitedSequencePoints="0" numBranchPoints="1" visitedBranchPoints="0" sequenceCoverage="0" branchCoverage="0" maxCyclomaticComplexity="1" minCyclomaticComplexity="1" visitedClasses="0" numClasses="0" visitedMethods="0" numMethods="1" />
              <MetadataToken>100663571</MetadataToken>
              <Name>System.Web.Http.HttpConfiguration TaskManagerAPI.Areas.HelpPage.Controllers.HelpController::get_Configuration()</Name>
              <FileRef uid="50" />
              <SequencePoints>
                <SequencePoint vc="0" uspid="2195" ordinal="0" offset="0" sl="26" sc="50" el="26" ec="54" bec="0" bev="0" fileid="50" />
              </SequencePoints>
              <BranchPoints />
              <MethodPoint xsi:type="SequencePoint" vc="0" uspid="2195" ordinal="0" offset="0" sl="26" sc="50" el="26" ec="54" bec="0" bev="0" fileid="50" />
            </Method>
            <Method visited="false" cyclomaticComplexity="1" nPathComplexity="0" sequenceCoverage="0" branchCoverage="0" isConstructor="false" isStatic="false" isGetter="false" isSetter="true">
              <Summary numSequencePoints="1" visitedSequencePoints="0" numBranchPoints="1" visitedBranchPoints="0" sequenceCoverage="0" branchCoverage="0" maxCyclomaticComplexity="1" minCyclomaticComplexity="1" visitedClasses="0" numClasses="0" visitedMethods="0" numMethods="1" />
              <MetadataToken>100663572</MetadataToken>
              <Name>System.Void TaskManagerAPI.Areas.HelpPage.Controllers.HelpController::set_Configuration(System.Web.Http.HttpConfiguration)</Name>
              <FileRef uid="50" />
              <SequencePoints>
                <SequencePoint vc="0" uspid="2196" ordinal="0" offset="0" sl="26" sc="55" el="26" ec="67" bec="0" bev="0" fileid="50" />
              </SequencePoints>
              <BranchPoints />
              <MethodPoint xsi:type="SequencePoint" vc="0" uspid="2196" ordinal="0" offset="0" sl="26" sc="55" el="26" ec="67" bec="0" bev="0" fileid="50" />
            </Method>
            <Method visited="false" cyclomaticComplexity="1" nPathComplexity="0" sequenceCoverage="0" branchCoverage="0" isConstructor="true" isStatic="false" isGetter="false" isSetter="false">
              <Summary numSequencePoints="3" visitedSequencePoints="0" numBranchPoints="1" visitedBranchPoints="0" sequenceCoverage="0" branchCoverage="0" maxCyclomaticComplexity="1" minCyclomaticComplexity="1" visitedClasses="0" numClasses="0" visitedMethods="0" numMethods="1" />
              <MetadataToken>100663569</MetadataToken>
              <Name>System.Void TaskManagerAPI.Areas.HelpPage.Controllers.HelpController::.ctor()</Name>
              <FileRef uid="50" />
              <SequencePoints>
                <SequencePoint vc="0" uspid="2197" ordinal="0" offset="0" sl="17" sc="15" el="17" ec="54" bec="0" bev="0" fileid="50" />
                <SequencePoint vc="0" uspid="2198" ordinal="1" offset="12" sl="18" sc="9" el="18" ec="10" bec="0" bev="0" fileid="50" />
                <SequencePoint vc="0" uspid="2199" ordinal="2" offset="13" sl="19" sc="9" el="19" ec="10" bec="0" bev="0" fileid="50" />
              </SequencePoints>
              <BranchPoints />
              <MethodPoint xsi:type="SequencePoint" vc="0" uspid="2197" ordinal="0" offset="0" sl="17" sc="15" el="17" ec="54" bec="0" bev="0" fileid="50" />
            </Method>
            <Method visited="false" cyclomaticComplexity="1" nPathComplexity="0" sequenceCoverage="0" branchCoverage="0" isConstructor="true" isStatic="false" isGetter="false" isSetter="false">
              <Summary numSequencePoints="4" visitedSequencePoints="0" numBranchPoints="1" visitedBranchPoints="0" sequenceCoverage="0" branchCoverage="0" maxCyclomaticComplexity="1" minCyclomaticComplexity="1" visitedClasses="0" numClasses="0" visitedMethods="0" numMethods="1" />
              <MetadataToken>100663570</MetadataToken>
              <Name>System.Void TaskManagerAPI.Areas.HelpPage.Controllers.HelpController::.ctor(System.Web.Http.HttpConfiguration)</Name>
              <FileRef uid="50" />
              <SequencePoints>
                <SequencePoint vc="0" uspid="2200" ordinal="0" offset="0" sl="21" sc="9" el="21" ec="56" bec="0" bev="0" fileid="50" />
                <SequencePoint vc="0" uspid="2201" ordinal="1" offset="7" sl="22" sc="9" el="22" ec="10" bec="0" bev="0" fileid="50" />
                <SequencePoint vc="0" uspid="2202" ordinal="2" offset="8" sl="23" sc="13" el="23" ec="36" bec="0" bev="0" fileid="50" />
                <SequencePoint vc="0" uspid="2203" ordinal="3" offset="16" sl="24" sc="9" el="24" ec="10" bec="0" bev="0" fileid="50" />
              </SequencePoints>
              <BranchPoints />
              <MethodPoint xsi:type="SequencePoint" vc="0" uspid="2200" ordinal="0" offset="0" sl="21" sc="9" el="21" ec="56" bec="0" bev="0" fileid="50" />
            </Method>
            <Method visited="false" cyclomaticComplexity="2" nPathComplexity="0" sequenceCoverage="0" branchCoverage="0" isConstructor="false" isStatic="false" isGetter="false" isSetter="false">
              <Summary numSequencePoints="4" visitedSequencePoints="0" numBranchPoints="1" visitedBranchPoints="0" sequenceCoverage="0" branchCoverage="0" maxCyclomaticComplexity="2" minCyclomaticComplexity="2" visitedClasses="0" numClasses="0" visitedMethods="0" numMethods="1" />
              <MetadataToken>100663573</MetadataToken>
              <Name>System.Web.Mvc.ActionResult TaskManagerAPI.Areas.HelpPage.Controllers.HelpController::Index()</Name>
              <FileRef uid="50" />
              <SequencePoints>
                <SequencePoint vc="0" uspid="2204" ordinal="0" offset="0" sl="29" sc="9" el="29" ec="10" bec="0" bev="0" fileid="50" />
                <SequencePoint vc="0" uspid="2205" ordinal="1" offset="1" sl="30" sc="13" el="30" ec="95" bec="0" bev="0" fileid="50" />
                <SequencePoint vc="0" uspid="2206" ordinal="2" offset="110" sl="31" sc="13" el="31" ec="82" bec="0" bev="0" fileid="50" />
                <SequencePoint vc="0" uspid="2207" ordinal="3" offset="140" sl="32" sc="9" el="32" ec="10" bec="0" bev="0" fileid="50" />
              </SequencePoints>
              <BranchPoints />
              <MethodPoint xsi:type="SequencePoint" vc="0" uspid="2204" ordinal="0" offset="0" sl="29" sc="9" el="29" ec="10" bec="0" bev="0" fileid="50" />
            </Method>
            <Method visited="false" cyclomaticComplexity="3" nPathComplexity="4" sequenceCoverage="0" branchCoverage="0" isConstructor="false" isStatic="false" isGetter="false" isSetter="false">
              <Summary numSequencePoints="10" visitedSequencePoints="0" numBranchPoints="5" visitedBranchPoints="0" sequenceCoverage="0" branchCoverage="0" maxCyclomaticComplexity="3" minCyclomaticComplexity="3" visitedClasses="0" numClasses="0" visitedMethods="0" numMethods="1" />
              <MetadataToken>100663574</MetadataToken>
              <Name>System.Web.Mvc.ActionResult TaskManagerAPI.Areas.HelpPage.Controllers.HelpController::Api(System.String)</Name>
              <FileRef uid="50" />
              <SequencePoints>
                <SequencePoint vc="0" uspid="2210" ordinal="0" offset="0" sl="35" sc="9" el="35" ec="10" bec="0" bev="0" fileid="50" />
                <SequencePoint vc="0" uspid="2211" ordinal="1" offset="1" sl="36" sc="13" el="36" ec="46" bec="2" bev="0" fileid="50" />
                <SequencePoint vc="0" uspid="2212" ordinal="2" offset="14" sl="37" sc="13" el="37" ec="14" bec="0" bev="0" fileid="50" />
                <SequencePoint vc="0" uspid="2213" ordinal="3" offset="15" sl="38" sc="17" el="38" ec="86" bec="0" bev="0" fileid="50" />
                <SequencePoint vc="0" uspid="2214" ordinal="4" offset="28" sl="39" sc="17" el="39" ec="38" bec="2" bev="0" fileid="50" />
                <SequencePoint vc="0" uspid="2215" ordinal="5" offset="36" sl="40" sc="17" el="40" ec="18" bec="0" bev="0" fileid="50" />
                <SequencePoint vc="0" uspid="2216" ordinal="6" offset="37" sl="41" sc="21" el="41" ec="43" bec="0" bev="0" fileid="50" />
                <SequencePoint vc="0" uspid="2217" ordinal="7" offset="47" sl="43" sc="13" el="43" ec="14" bec="0" bev="0" fileid="50" />
                <SequencePoint vc="0" uspid="2218" ordinal="8" offset="48" sl="45" sc="13" el="45" ec="40" bec="0" bev="0" fileid="50" />
                <SequencePoint vc="0" uspid="2219" ordinal="9" offset="62" sl="46" sc="9" el="46" ec="10" bec="0" bev="0" fileid="50" />
              </SequencePoints>
              <BranchPoints>
                <BranchPoint vc="0" uspid="2220" ordinal="0" offset="12" sl="36" path="0" offsetend="14" fileid="50" />
                <BranchPoint vc="0" uspid="2221" ordinal="1" offset="12" sl="36" path="1" offsetend="48" fileid="50" />
                <BranchPoint vc="0" uspid="2222" ordinal="2" offset="34" sl="39" path="0" offsetend="36" fileid="50" />
                <BranchPoint vc="0" uspid="2223" ordinal="3" offset="34" sl="39" path="1" offsetend="47" fileid="50" />
              </BranchPoints>
              <MethodPoint xsi:type="SequencePoint" vc="0" uspid="2210" ordinal="0" offset="0" sl="35" sc="9" el="35" ec="10" bec="0" bev="0" fileid="50" />
            </Method>
            <Method visited="false" cyclomaticComplexity="3" nPathComplexity="4" sequenceCoverage="0" branchCoverage="0" isConstructor="false" isStatic="false" isGetter="false" isSetter="false">
              <Summary numSequencePoints="10" visitedSequencePoints="0" numBranchPoints="5" visitedBranchPoints="0" sequenceCoverage="0" branchCoverage="0" maxCyclomaticComplexity="3" minCyclomaticComplexity="3" visitedClasses="0" numClasses="0" visitedMethods="0" numMethods="1" />
              <MetadataToken>100663575</MetadataToken>
              <Name>System.Web.Mvc.ActionResult TaskManagerAPI.Areas.HelpPage.Controllers.HelpController::ResourceModel(System.String)</Name>
              <FileRef uid="50" />
              <SequencePoints>
                <SequencePoint vc="0" uspid="2224" ordinal="0" offset="0" sl="49" sc="9" el="49" ec="10" bec="0" bev="0" fileid="50" />
                <SequencePoint vc="0" uspid="2225" ordinal="1" offset="1" sl="50" sc="13" el="50" ec="50" bec="2" bev="0" fileid="50" />
                <SequencePoint vc="0" uspid="2226" ordinal="2" offset="14" sl="51" sc="13" el="51" ec="14" bec="0" bev="0" fileid="50" />
                <SequencePoint vc="0" uspid="2227" ordinal="3" offset="15" sl="52" sc="17" el="52" ec="116" bec="0" bev="0" fileid="50" />
                <SequencePoint vc="0" uspid="2228" ordinal="4" offset="27" sl="54" sc="17" el="54" ec="108" bec="2" bev="0" fileid="50" />
                <SequencePoint vc="0" uspid="2229" ordinal="5" offset="45" sl="55" sc="17" el="55" ec="18" bec="0" bev="0" fileid="50" />
                <SequencePoint vc="0" uspid="2230" ordinal="6" offset="46" sl="56" sc="21" el="56" ec="51" bec="0" bev="0" fileid="50" />
                <SequencePoint vc="0" uspid="2231" ordinal="7" offset="57" sl="58" sc="13" el="58" ec="14" bec="0" bev="0" fileid="50" />
                <SequencePoint vc="0" uspid="2232" ordinal="8" offset="58" sl="60" sc="13" el="60" ec="40" bec="0" bev="0" fileid="50" />
                <SequencePoint vc="0" uspid="2233" ordinal="9" offset="73" sl="61" sc="9" el="61" ec="10" bec="0" bev="0" fileid="50" />
              </SequencePoints>
              <BranchPoints>
                <BranchPoint vc="0" uspid="2234" ordinal="0" offset="12" sl="50" path="0" offsetend="14" fileid="50" />
                <BranchPoint vc="0" uspid="2235" ordinal="1" offset="12" sl="50" path="1" offsetend="58" fileid="50" />
                <BranchPoint vc="0" uspid="2236" ordinal="2" offset="43" sl="54" path="0" offsetend="45" fileid="50" />
                <BranchPoint vc="0" uspid="2237" ordinal="3" offset="43" sl="54" path="1" offsetend="57" fileid="50" />
              </BranchPoints>
              <MethodPoint xsi:type="SequencePoint" vc="0" uspid="2224" ordinal="0" offset="0" sl="49" sc="9" el="49" ec="10" bec="0" bev="0" fileid="50" />
            </Method>
          </Methods>
        </Class>
        <Class>
          <Summary numSequencePoints="0" visitedSequencePoints="0" numBranchPoints="0" visitedBranchPoints="0" sequenceCoverage="0" branchCoverage="0" maxCyclomaticComplexity="0" minCyclomaticComplexity="0" visitedClasses="0" numClasses="0" visitedMethods="0" numMethods="0" />
          <FullName>TaskManagerAPI.Areas.HelpPage.Controllers.HelpController/&lt;&gt;o__7</FullName>
          <Methods />
        </Class>
      </Classes>
    </Module>
    <Module skippedDueTo="Filter" hash="F9-9B-B5-71-3A-BE-A4-D1-7B-42-24-6F-13-97-0A-EB-C4-29-42-FE">
      <ModulePath>C:\TaskManager\TaskMangerAPI\TaskManagerAPI\TaskManagerAPI.Tests\bin\Debug\System.Web.Http.dll</ModulePath>
      <ModuleTime>2018-05-10T17:09:16Z</ModuleTime>
      <ModuleName>System.Web.Http</ModuleName>
      <Classes />
    </Module>
    <Module skippedDueTo="MissingPdb" hash="B7-6F-EC-F3-FD-E7-97-8C-3C-9C-99-CB-9D-BF-F3-77-0D-13-79-B2">
      <ModulePath>C:\TaskManager\TaskMangerAPI\TaskManagerAPI\TaskManagerAPI.Tests\bin\Debug\AutoMapper.dll</ModulePath>
      <ModuleTime>2018-11-20T05:09:18Z</ModuleTime>
      <ModuleName>AutoMapper</ModuleName>
      <Classes />
    </Module>
    <Module skippedDueTo="Filter" hash="D8-D0-AA-44-01-A4-68-06-BB-05-E0-D9-50-C0-0E-34-3C-7C-4B-7C">
      <ModulePath>C:\WINDOWS\Microsoft.Net\assembly\GAC_MSIL\System.Core\v4.0_4.0.0.0__b77a5c561934e089\System.Core.dll</ModulePath>
      <ModuleTime>2018-11-23T06:55:26.2710902Z</ModuleTime>
      <ModuleName>System.Core</ModuleName>
      <Classes />
    </Module>
    <Module hash="25-73-1B-E9-E9-1D-A6-1D-83-5C-BF-42-04-03-24-86-22-66-0E-41">
      <Summary numSequencePoints="50" visitedSequencePoints="37" numBranchPoints="50" visitedBranchPoints="37" sequenceCoverage="74" branchCoverage="74" maxCyclomaticComplexity="1" minCyclomaticComplexity="1" visitedClasses="3" numClasses="3" visitedMethods="37" numMethods="50" />
      <ModulePath>C:\TaskManager\TaskMangerAPI\TaskManagerAPI\TaskManagerAPI.Tests\bin\Debug\TaskManagerApi.Models.dll</ModulePath>
      <ModuleTime>2018-12-01T05:33:16.0870906Z</ModuleTime>
      <ModuleName>TaskManagerApi.Models</ModuleName>
      <Files>
        <File uid="95" fullPath="C:\TaskManager\TaskMangerAPI\TaskManagerAPI\TaskManagerApi.Models\Models\TaskDetailsModel.cs" />
        <File uid="96" fullPath="C:\TaskManager\TaskMangerAPI\TaskManagerAPI\TaskManagerApi.Models\Models\TaskModel.cs" />
        <File uid="97" fullPath="C:\TaskManager\TaskMangerAPI\TaskManagerAPI\TaskManagerApi.Models\Models\TaskSearchModel.cs" />
      </Files>
      <Classes>
        <Class>
          <Summary numSequencePoints="0" visitedSequencePoints="0" numBranchPoints="0" visitedBranchPoints="0" sequenceCoverage="0" branchCoverage="0" maxCyclomaticComplexity="0" minCyclomaticComplexity="0" visitedClasses="0" numClasses="0" visitedMethods="0" numMethods="0" />
          <FullName>&lt;Module&gt;</FullName>
          <Methods />
        </Class>
        <Class>
          <Summary numSequencePoints="16" visitedSequencePoints="8" numBranchPoints="16" visitedBranchPoints="8" sequenceCoverage="50" branchCoverage="50" maxCyclomaticComplexity="1" minCyclomaticComplexity="1" visitedClasses="1" numClasses="1" visitedMethods="8" numMethods="16" />
          <FullName>TaskManagerApi.Models.Models.TaskDetailsModel</FullName>
          <Methods>
            <Method visited="false" cyclomaticComplexity="1" nPathComplexity="0" sequenceCoverage="0" branchCoverage="0" isConstructor="false" isStatic="false" isGetter="true" isSetter="false">
              <Summary numSequencePoints="1" visitedSequencePoints="0" numBranchPoints="1" visitedBranchPoints="0" sequenceCoverage="0" branchCoverage="0" maxCyclomaticComplexity="1" minCyclomaticComplexity="1" visitedClasses="0" numClasses="0" visitedMethods="0" numMethods="1" />
              <MetadataToken>100663297</MetadataToken>
              <Name>System.Int32 TaskManagerApi.Models.Models.TaskDetailsModel::get_TaskId()</Name>
              <FileRef uid="95" />
              <SequencePoints>
                <SequencePoint vc="0" uspid="2238" ordinal="0" offset="0" sl="11" sc="29" el="11" ec="33" bec="0" bev="0" fileid="95" />
              </SequencePoints>
              <BranchPoints />
              <MethodPoint xsi:type="SequencePoint" vc="0" uspid="2238" ordinal="0" offset="0" sl="11" sc="29" el="11" ec="33" bec="0" bev="0" fileid="95" />
            </Method>
            <Method visited="true" cyclomaticComplexity="1" nPathComplexity="0" sequenceCoverage="100" branchCoverage="100" isConstructor="false" isStatic="false" isGetter="false" isSetter="true">
              <Summary numSequencePoints="1" visitedSequencePoints="1" numBranchPoints="1" visitedBranchPoints="1" sequenceCoverage="100" branchCoverage="100" maxCyclomaticComplexity="1" minCyclomaticComplexity="1" visitedClasses="0" numClasses="0" visitedMethods="1" numMethods="1" />
              <MetadataToken>100663298</MetadataToken>
              <Name>System.Void TaskManagerApi.Models.Models.TaskDetailsModel::set_TaskId(System.Int32)</Name>
              <FileRef uid="95" />
              <SequencePoints>
                <SequencePoint vc="9" uspid="2239" ordinal="0" offset="0" sl="11" sc="34" el="11" ec="38" bec="0" bev="0" fileid="95" />
              </SequencePoints>
              <BranchPoints />
              <MethodPoint xsi:type="SequencePoint" vc="9" uspid="2239" ordinal="0" offset="0" sl="11" sc="34" el="11" ec="38" bec="0" bev="0" fileid="95" />
            </Method>
            <Method visited="false" cyclomaticComplexity="1" nPathComplexity="0" sequenceCoverage="0" branchCoverage="0" isConstructor="false" isStatic="false" isGetter="true" isSetter="false">
              <Summary numSequencePoints="1" visitedSequencePoints="0" numBranchPoints="1" visitedBranchPoints="0" sequenceCoverage="0" branchCoverage="0" maxCyclomaticComplexity="1" minCyclomaticComplexity="1" visitedClasses="0" numClasses="0" visitedMethods="0" numMethods="1" />
              <MetadataToken>100663299</MetadataToken>
              <Name>System.Int32 TaskManagerApi.Models.Models.TaskDetailsModel::get_ParentTaskId()</Name>
              <FileRef uid="95" />
              <SequencePoints>
                <SequencePoint vc="0" uspid="2240" ordinal="0" offset="0" sl="12" sc="35" el="12" ec="39" bec="0" bev="0" fileid="95" />
              </SequencePoints>
              <BranchPoints />
              <MethodPoint xsi:type="SequencePoint" vc="0" uspid="2240" ordinal="0" offset="0" sl="12" sc="35" el="12" ec="39" bec="0" bev="0" fileid="95" />
            </Method>
            <Method visited="true" cyclomaticComplexity="1" nPathComplexity="0" sequenceCoverage="100" branchCoverage="100" isConstructor="false" isStatic="false" isGetter="false" isSetter="true">
              <Summary numSequencePoints="1" visitedSequencePoints="1" numBranchPoints="1" visitedBranchPoints="1" sequenceCoverage="100" branchCoverage="100" maxCyclomaticComplexity="1" minCyclomaticComplexity="1" visitedClasses="0" numClasses="0" visitedMethods="1" numMethods="1" />
              <MetadataToken>100663300</MetadataToken>
              <Name>System.Void TaskManagerApi.Models.Models.TaskDetailsModel::set_ParentTaskId(System.Int32)</Name>
              <FileRef uid="95" />
              <SequencePoints>
                <SequencePoint vc="11" uspid="2241" ordinal="0" offset="0" sl="12" sc="40" el="12" ec="44" bec="0" bev="0" fileid="95" />
              </SequencePoints>
              <BranchPoints />
              <MethodPoint xsi:type="SequencePoint" vc="11" uspid="2241" ordinal="0" offset="0" sl="12" sc="40" el="12" ec="44" bec="0" bev="0" fileid="95" />
            </Method>
            <Method visited="false" cyclomaticComplexity="1" nPathComplexity="0" sequenceCoverage="0" branchCoverage="0" isConstructor="false" isStatic="false" isGetter="true" isSetter="false">
              <Summary numSequencePoints="1" visitedSequencePoints="0" numBranchPoints="1" visitedBranchPoints="0" sequenceCoverage="0" branchCoverage="0" maxCyclomaticComplexity="1" minCyclomaticComplexity="1" visitedClasses="0" numClasses="0" visitedMethods="0" numMethods="1" />
              <MetadataToken>100663301</MetadataToken>
              <Name>System.String TaskManagerApi.Models.Models.TaskDetailsModel::get_ParentTask()</Name>
              <FileRef uid="95" />
              <SequencePoints>
                <SequencePoint vc="0" uspid="2242" ordinal="0" offset="0" sl="13" sc="36" el="13" ec="40" bec="0" bev="0" fileid="95" />
              </SequencePoints>
              <BranchPoints />
              <MethodPoint xsi:type="SequencePoint" vc="0" uspid="2242" ordinal="0" offset="0" sl="13" sc="36" el="13" ec="40" bec="0" bev="0" fileid="95" />
            </Method>
            <Method visited="true" cyclomaticComplexity="1" nPathComplexity="0" sequenceCoverage="100" branchCoverage="100" isConstructor="false" isStatic="false" isGetter="false" isSetter="true">
              <Summary numSequencePoints="1" visitedSequencePoints="1" numBranchPoints="1" visitedBranchPoints="1" sequenceCoverage="100" branchCoverage="100" maxCyclomaticComplexity="1" minCyclomaticComplexity="1" visitedClasses="0" numClasses="0" visitedMethods="1" numMethods="1" />
              <MetadataToken>100663302</MetadataToken>
              <Name>System.Void TaskManagerApi.Models.Models.TaskDetailsModel::set_ParentTask(System.String)</Name>
              <FileRef uid="95" />
              <SequencePoints>
                <SequencePoint vc="11" uspid="2243" ordinal="0" offset="0" sl="13" sc="41" el="13" ec="45" bec="0" bev="0" fileid="95" />
              </SequencePoints>
              <BranchPoints />
              <MethodPoint xsi:type="SequencePoint" vc="11" uspid="2243" ordinal="0" offset="0" sl="13" sc="41" el="13" ec="45" bec="0" bev="0" fileid="95" />
            </Method>
            <Method visited="false" cyclomaticComplexity="1" nPathComplexity="0" sequenceCoverage="0" branchCoverage="0" isConstructor="false" isStatic="false" isGetter="true" isSetter="false">
              <Summary numSequencePoints="1" visitedSequencePoints="0" numBranchPoints="1" visitedBranchPoints="0" sequenceCoverage="0" branchCoverage="0" maxCyclomaticComplexity="1" minCyclomaticComplexity="1" visitedClasses="0" numClasses="0" visitedMethods="0" numMethods="1" />
              <MetadataToken>100663303</MetadataToken>
              <Name>System.String TaskManagerApi.Models.Models.TaskDetailsModel::get_Task()</Name>
              <FileRef uid="95" />
              <SequencePoints>
                <SequencePoint vc="0" uspid="2244" ordinal="0" offset="0" sl="14" sc="30" el="14" ec="34" bec="0" bev="0" fileid="95" />
              </SequencePoints>
              <BranchPoints />
              <MethodPoint xsi:type="SequencePoint" vc="0" uspid="2244" ordinal="0" offset="0" sl="14" sc="30" el="14" ec="34" bec="0" bev="0" fileid="95" />
            </Method>
            <Method visited="true" cyclomaticComplexity="1" nPathComplexity="0" sequenceCoverage="100" branchCoverage="100" isConstructor="false" isStatic="false" isGetter="false" isSetter="true">
              <Summary numSequencePoints="1" visitedSequencePoints="1" numBranchPoints="1" visitedBranchPoints="1" sequenceCoverage="100" branchCoverage="100" maxCyclomaticComplexity="1" minCyclomaticComplexity="1" visitedClasses="0" numClasses="0" visitedMethods="1" numMethods="1" />
              <MetadataToken>100663304</MetadataToken>
              <Name>System.Void TaskManagerApi.Models.Models.TaskDetailsModel::set_Task(System.String)</Name>
              <FileRef uid="95" />
              <SequencePoints>
                <SequencePoint vc="9" uspid="2245" ordinal="0" offset="0" sl="14" sc="35" el="14" ec="39" bec="0" bev="0" fileid="95" />
              </SequencePoints>
              <BranchPoints />
              <MethodPoint xsi:type="SequencePoint" vc="9" uspid="2245" ordinal="0" offset="0" sl="14" sc="35" el="14" ec="39" bec="0" bev="0" fileid="95" />
            </Method>
            <Method visited="false" cyclomaticComplexity="1" nPathComplexity="0" sequenceCoverage="0" branchCoverage="0" isConstructor="false" isStatic="false" isGetter="true" isSetter="false">
              <Summary numSequencePoints="1" visitedSequencePoints="0" numBranchPoints="1" visitedBranchPoints="0" sequenceCoverage="0" branchCoverage="0" maxCyclomaticComplexity="1" minCyclomaticComplexity="1" visitedClasses="0" numClasses="0" visitedMethods="0" numMethods="1" />
              <MetadataToken>100663305</MetadataToken>
              <Name>System.DateTime TaskManagerApi.Models.Models.TaskDetailsModel::get_StartDate()</Name>
              <FileRef uid="95" />
              <SequencePoints>
                <SequencePoint vc="0" uspid="2246" ordinal="0" offset="0" sl="15" sc="37" el="15" ec="41" bec="0" bev="0" fileid="95" />
              </SequencePoints>
              <BranchPoints />
              <MethodPoint xsi:type="SequencePoint" vc="0" uspid="2246" ordinal="0" offset="0" sl="15" sc="37" el="15" ec="41" bec="0" bev="0" fileid="95" />
            </Method>
            <Method visited="true" cyclomaticComplexity="1" nPathComplexity="0" sequenceCoverage="100" branchCoverage="100" isConstructor="false" isStatic="false" isGetter="false" isSetter="true">
              <Summary numSequencePoints="1" visitedSequencePoints="1" numBranchPoints="1" visitedBranchPoints="1" sequenceCoverage="100" branchCoverage="100" maxCyclomaticComplexity="1" minCyclomaticComplexity="1" visitedClasses="0" numClasses="0" visitedMethods="1" numMethods="1" />
              <MetadataToken>100663306</MetadataToken>
              <Name>System.Void TaskManagerApi.Models.Models.TaskDetailsModel::set_StartDate(System.DateTime)</Name>
              <FileRef uid="95" />
              <SequencePoints>
                <SequencePoint vc="9" uspid="2247" ordinal="0" offset="0" sl="15" sc="42" el="15" ec="46" bec="0" bev="0" fileid="95" />
              </SequencePoints>
              <BranchPoints />
              <MethodPoint xsi:type="SequencePoint" vc="9" uspid="2247" ordinal="0" offset="0" sl="15" sc="42" el="15" ec="46" bec="0" bev="0" fileid="95" />
            </Method>
            <Method visited="false" cyclomaticComplexity="1" nPathComplexity="0" sequenceCoverage="0" branchCoverage="0" isConstructor="false" isStatic="false" isGetter="true" isSetter="false">
              <Summary numSequencePoints="1" visitedSequencePoints="0" numBranchPoints="1" visitedBranchPoints="0" sequenceCoverage="0" branchCoverage="0" maxCyclomaticComplexity="1" minCyclomaticComplexity="1" visitedClasses="0" numClasses="0" visitedMethods="0" numMethods="1" />
              <MetadataToken>100663307</MetadataToken>
              <Name>System.DateTime TaskManagerApi.Models.Models.TaskDetailsModel::get_EndDate()</Name>
              <FileRef uid="95" />
              <SequencePoints>
                <SequencePoint vc="0" uspid="2248" ordinal="0" offset="0" sl="16" sc="35" el="16" ec="39" bec="0" bev="0" fileid="95" />
              </SequencePoints>
              <BranchPoints />
              <MethodPoint xsi:type="SequencePoint" vc="0" uspid="2248" ordinal="0" offset="0" sl="16" sc="35" el="16" ec="39" bec="0" bev="0" fileid="95" />
            </Method>
            <Method visited="true" cyclomaticComplexity="1" nPathComplexity="0" sequenceCoverage="100" branchCoverage="100" isConstructor="false" isStatic="false" isGetter="false" isSetter="true">
              <Summary numSequencePoints="1" visitedSequencePoints="1" numBranchPoints="1" visitedBranchPoints="1" sequenceCoverage="100" branchCoverage="100" maxCyclomaticComplexity="1" minCyclomaticComplexity="1" visitedClasses="0" numClasses="0" visitedMethods="1" numMethods="1" />
              <MetadataToken>100663308</MetadataToken>
              <Name>System.Void TaskManagerApi.Models.Models.TaskDetailsModel::set_EndDate(System.DateTime)</Name>
              <FileRef uid="95" />
              <SequencePoints>
                <SequencePoint vc="9" uspid="2249" ordinal="0" offset="0" sl="16" sc="40" el="16" ec="44" bec="0" bev="0" fileid="95" />
              </SequencePoints>
              <BranchPoints />
              <MethodPoint xsi:type="SequencePoint" vc="9" uspid="2249" ordinal="0" offset="0" sl="16" sc="40" el="16" ec="44" bec="0" bev="0" fileid="95" />
            </Method>
            <Method visited="false" cyclomaticComplexity="1" nPathComplexity="0" sequenceCoverage="0" branchCoverage="0" isConstructor="false" isStatic="false" isGetter="true" isSetter="false">
              <Summary numSequencePoints="1" visitedSequencePoints="0" numBranchPoints="1" visitedBranchPoints="0" sequenceCoverage="0" branchCoverage="0" maxCyclomaticComplexity="1" minCyclomaticComplexity="1" visitedClasses="0" numClasses="0" visitedMethods="0" numMethods="1" />
              <MetadataToken>100663309</MetadataToken>
              <Name>System.Int32 TaskManagerApi.Models.Models.TaskDetailsModel::get_Priority()</Name>
              <FileRef uid="95" />
              <SequencePoints>
                <SequencePoint vc="0" uspid="2250" ordinal="0" offset="0" sl="17" sc="31" el="17" ec="35" bec="0" bev="0" fileid="95" />
              </SequencePoints>
              <BranchPoints />
              <MethodPoint xsi:type="SequencePoint" vc="0" uspid="2250" ordinal="0" offset="0" sl="17" sc="31" el="17" ec="35" bec="0" bev="0" fileid="95" />
            </Method>
            <Method visited="true" cyclomaticComplexity="1" nPathComplexity="0" sequenceCoverage="100" branchCoverage="100" isConstructor="false" isStatic="false" isGetter="false" isSetter="true">
              <Summary numSequencePoints="1" visitedSequencePoints="1" numBranchPoints="1" visitedBranchPoints="1" sequenceCoverage="100" branchCoverage="100" maxCyclomaticComplexity="1" minCyclomaticComplexity="1" visitedClasses="0" numClasses="0" visitedMethods="1" numMethods="1" />
              <MetadataToken>100663310</MetadataToken>
              <Name>System.Void TaskManagerApi.Models.Models.TaskDetailsModel::set_Priority(System.Int32)</Name>
              <FileRef uid="95" />
              <SequencePoints>
                <SequencePoint vc="9" uspid="2251" ordinal="0" offset="0" sl="17" sc="36" el="17" ec="40" bec="0" bev="0" fileid="95" />
              </SequencePoints>
              <BranchPoints />
              <MethodPoint xsi:type="SequencePoint" vc="9" uspid="2251" ordinal="0" offset="0" sl="17" sc="36" el="17" ec="40" bec="0" bev="0" fileid="95" />
            </Method>
            <Method visited="false" cyclomaticComplexity="1" nPathComplexity="0" sequenceCoverage="0" branchCoverage="0" isConstructor="false" isStatic="false" isGetter="true" isSetter="false">
              <Summary numSequencePoints="1" visitedSequencePoints="0" numBranchPoints="1" visitedBranchPoints="0" sequenceCoverage="0" branchCoverage="0" maxCyclomaticComplexity="1" minCyclomaticComplexity="1" visitedClasses="0" numClasses="0" visitedMethods="0" numMethods="1" />
              <MetadataToken>100663311</MetadataToken>
              <Name>System.Boolean TaskManagerApi.Models.Models.TaskDetailsModel::get_IsActive()</Name>
              <FileRef uid="95" />
              <SequencePoints>
                <SequencePoint vc="0" uspid="2252" ordinal="0" offset="0" sl="18" sc="32" el="18" ec="36" bec="0" bev="0" fileid="95" />
              </SequencePoints>
              <BranchPoints />
              <MethodPoint xsi:type="SequencePoint" vc="0" uspid="2252" ordinal="0" offset="0" sl="18" sc="32" el="18" ec="36" bec="0" bev="0" fileid="95" />
            </Method>
            <Method visited="true" cyclomaticComplexity="1" nPathComplexity="0" sequenceCoverage="100" branchCoverage="100" isConstructor="false" isStatic="false" isGetter="false" isSetter="true">
              <Summary numSequencePoints="1" visitedSequencePoints="1" numBranchPoints="1" visitedBranchPoints="1" sequenceCoverage="100" branchCoverage="100" maxCyclomaticComplexity="1" minCyclomaticComplexity="1" visitedClasses="0" numClasses="0" visitedMethods="1" numMethods="1" />
              <MetadataToken>100663312</MetadataToken>
              <Name>System.Void TaskManagerApi.Models.Models.TaskDetailsModel::set_IsActive(System.Boolean)</Name>
              <FileRef uid="95" />
              <SequencePoints>
                <SequencePoint vc="9" uspid="2253" ordinal="0" offset="0" sl="18" sc="37" el="18" ec="41" bec="0" bev="0" fileid="95" />
              </SequencePoints>
              <BranchPoints />
              <MethodPoint xsi:type="SequencePoint" vc="9" uspid="2253" ordinal="0" offset="0" sl="18" sc="37" el="18" ec="41" bec="0" bev="0" fileid="95" />
            </Method>
            <Method visited="true" cyclomaticComplexity="1" nPathComplexity="0" sequenceCoverage="0" branchCoverage="0" isConstructor="true" isStatic="false" isGetter="false" isSetter="false">
              <Summary numSequencePoints="0" visitedSequencePoints="0" numBranchPoints="0" visitedBranchPoints="0" sequenceCoverage="0" branchCoverage="0" maxCyclomaticComplexity="1" minCyclomaticComplexity="1" visitedClasses="0" numClasses="0" visitedMethods="0" numMethods="0" />
              <MetadataToken>100663313</MetadataToken>
              <Name>System.Void TaskManagerApi.Models.Models.TaskDetailsModel::.ctor()</Name>
              <SequencePoints />
              <BranchPoints />
              <MethodPoint vc="11" uspid="2254" ordinal="0" offset="0" />
            </Method>
          </Methods>
        </Class>
        <Class>
          <Summary numSequencePoints="22" visitedSequencePoints="22" numBranchPoints="22" visitedBranchPoints="22" sequenceCoverage="100" branchCoverage="100" maxCyclomaticComplexity="1" minCyclomaticComplexity="1" visitedClasses="1" numClasses="1" visitedMethods="22" numMethods="22" />
          <FullName>TaskManagerApi.Models.Models.TaskModel</FullName>
          <Methods>
            <Method visited="true" cyclomaticComplexity="1" nPathComplexity="0" sequenceCoverage="100" branchCoverage="100" isConstructor="false" isStatic="false" isGetter="true" isSetter="false">
              <Summary numSequencePoints="1" visitedSequencePoints="1" numBranchPoints="1" visitedBranchPoints="1" sequenceCoverage="100" branchCoverage="100" maxCyclomaticComplexity="1" minCyclomaticComplexity="1" visitedClasses="0" numClasses="0" visitedMethods="1" numMethods="1" />
              <MetadataToken>100663314</MetadataToken>
              <Name>System.Int32 TaskManagerApi.Models.Models.TaskModel::get_TaskId()</Name>
              <FileRef uid="96" />
              <SequencePoints>
                <SequencePoint vc="5" uspid="2255" ordinal="0" offset="0" sl="11" sc="29" el="11" ec="33" bec="0" bev="0" fileid="96" />
              </SequencePoints>
              <BranchPoints />
              <MethodPoint xsi:type="SequencePoint" vc="5" uspid="2255" ordinal="0" offset="0" sl="11" sc="29" el="11" ec="33" bec="0" bev="0" fileid="96" />
            </Method>
            <Method visited="true" cyclomaticComplexity="1" nPathComplexity="0" sequenceCoverage="100" branchCoverage="100" isConstructor="false" isStatic="false" isGetter="false" isSetter="true">
              <Summary numSequencePoints="1" visitedSequencePoints="1" numBranchPoints="1" visitedBranchPoints="1" sequenceCoverage="100" branchCoverage="100" maxCyclomaticComplexity="1" minCyclomaticComplexity="1" visitedClasses="0" numClasses="0" visitedMethods="1" numMethods="1" />
              <MetadataToken>100663315</MetadataToken>
              <Name>System.Void TaskManagerApi.Models.Models.TaskModel::set_TaskId(System.Int32)</Name>
              <FileRef uid="96" />
              <SequencePoints>
                <SequencePoint vc="5" uspid="2256" ordinal="0" offset="0" sl="11" sc="34" el="11" ec="38" bec="0" bev="0" fileid="96" />
              </SequencePoints>
              <BranchPoints />
              <MethodPoint xsi:type="SequencePoint" vc="5" uspid="2256" ordinal="0" offset="0" sl="11" sc="34" el="11" ec="38" bec="0" bev="0" fileid="96" />
            </Method>
            <Method visited="true" cyclomaticComplexity="1" nPathComplexity="0" sequenceCoverage="100" branchCoverage="100" isConstructor="false" isStatic="false" isGetter="true" isSetter="false">
              <Summary numSequencePoints="1" visitedSequencePoints="1" numBranchPoints="1" visitedBranchPoints="1" sequenceCoverage="100" branchCoverage="100" maxCyclomaticComplexity="1" minCyclomaticComplexity="1" visitedClasses="0" numClasses="0" visitedMethods="1" numMethods="1" />
              <MetadataToken>100663316</MetadataToken>
              <Name>System.Int32 TaskManagerApi.Models.Models.TaskModel::get_ParentTaskId()</Name>
              <FileRef uid="96" />
              <SequencePoints>
                <SequencePoint vc="3" uspid="2257" ordinal="0" offset="0" sl="12" sc="35" el="12" ec="39" bec="0" bev="0" fileid="96" />
              </SequencePoints>
              <BranchPoints />
              <MethodPoint xsi:type="SequencePoint" vc="3" uspid="2257" ordinal="0" offset="0" sl="12" sc="35" el="12" ec="39" bec="0" bev="0" fileid="96" />
            </Method>
            <Method visited="true" cyclomaticComplexity="1" nPathComplexity="0" sequenceCoverage="100" branchCoverage="100" isConstructor="false" isStatic="false" isGetter="false" isSetter="true">
              <Summary numSequencePoints="1" visitedSequencePoints="1" numBranchPoints="1" visitedBranchPoints="1" sequenceCoverage="100" branchCoverage="100" maxCyclomaticComplexity="1" minCyclomaticComplexity="1" visitedClasses="0" numClasses="0" visitedMethods="1" numMethods="1" />
              <MetadataToken>100663317</MetadataToken>
              <Name>System.Void TaskManagerApi.Models.Models.TaskModel::set_ParentTaskId(System.Int32)</Name>
              <FileRef uid="96" />
              <SequencePoints>
                <SequencePoint vc="4" uspid="2258" ordinal="0" offset="0" sl="12" sc="40" el="12" ec="44" bec="0" bev="0" fileid="96" />
              </SequencePoints>
              <BranchPoints />
              <MethodPoint xsi:type="SequencePoint" vc="4" uspid="2258" ordinal="0" offset="0" sl="12" sc="40" el="12" ec="44" bec="0" bev="0" fileid="96" />
            </Method>
            <Method visited="true" cyclomaticComplexity="1" nPathComplexity="0" sequenceCoverage="100" branchCoverage="100" isConstructor="false" isStatic="false" isGetter="true" isSetter="false">
              <Summary numSequencePoints="1" visitedSequencePoints="1" numBranchPoints="1" visitedBranchPoints="1" sequenceCoverage="100" branchCoverage="100" maxCyclomaticComplexity="1" minCyclomaticComplexity="1" visitedClasses="0" numClasses="0" visitedMethods="1" numMethods="1" />
              <MetadataToken>100663318</MetadataToken>
              <Name>System.String TaskManagerApi.Models.Models.TaskModel::get_Task()</Name>
              <FileRef uid="96" />
              <SequencePoints>
                <SequencePoint vc="3" uspid="2259" ordinal="0" offset="0" sl="13" sc="30" el="13" ec="34" bec="0" bev="0" fileid="96" />
              </SequencePoints>
              <BranchPoints />
              <MethodPoint xsi:type="SequencePoint" vc="3" uspid="2259" ordinal="0" offset="0" sl="13" sc="30" el="13" ec="34" bec="0" bev="0" fileid="96" />
            </Method>
            <Method visited="true" cyclomaticComplexity="1" nPathComplexity="0" sequenceCoverage="100" branchCoverage="100" isConstructor="false" isStatic="false" isGetter="false" isSetter="true">
              <Summary numSequencePoints="1" visitedSequencePoints="1" numBranchPoints="1" visitedBranchPoints="1" sequenceCoverage="100" branchCoverage="100" maxCyclomaticComplexity="1" minCyclomaticComplexity="1" visitedClasses="0" numClasses="0" visitedMethods="1" numMethods="1" />
              <MetadataToken>100663319</MetadataToken>
              <Name>System.Void TaskManagerApi.Models.Models.TaskModel::set_Task(System.String)</Name>
              <FileRef uid="96" />
              <SequencePoints>
                <SequencePoint vc="4" uspid="2260" ordinal="0" offset="0" sl="13" sc="35" el="13" ec="39" bec="0" bev="0" fileid="96" />
              </SequencePoints>
              <BranchPoints />
              <MethodPoint xsi:type="SequencePoint" vc="4" uspid="2260" ordinal="0" offset="0" sl="13" sc="35" el="13" ec="39" bec="0" bev="0" fileid="96" />
            </Method>
            <Method visited="true" cyclomaticComplexity="1" nPathComplexity="0" sequenceCoverage="100" branchCoverage="100" isConstructor="false" isStatic="false" isGetter="true" isSetter="false">
              <Summary numSequencePoints="1" visitedSequencePoints="1" numBranchPoints="1" visitedBranchPoints="1" sequenceCoverage="100" branchCoverage="100" maxCyclomaticComplexity="1" minCyclomaticComplexity="1" visitedClasses="0" numClasses="0" visitedMethods="1" numMethods="1" />
              <MetadataToken>100663320</MetadataToken>
              <Name>System.DateTime TaskManagerApi.Models.Models.TaskModel::get_StartDate()</Name>
              <FileRef uid="96" />
              <SequencePoints>
                <SequencePoint vc="3" uspid="2261" ordinal="0" offset="0" sl="14" sc="37" el="14" ec="41" bec="0" bev="0" fileid="96" />
              </SequencePoints>
              <BranchPoints />
              <MethodPoint xsi:type="SequencePoint" vc="3" uspid="2261" ordinal="0" offset="0" sl="14" sc="37" el="14" ec="41" bec="0" bev="0" fileid="96" />
            </Method>
            <Method visited="true" cyclomaticComplexity="1" nPathComplexity="0" sequenceCoverage="100" branchCoverage="100" isConstructor="false" isStatic="false" isGetter="false" isSetter="true">
              <Summary numSequencePoints="1" visitedSequencePoints="1" numBranchPoints="1" visitedBranchPoints="1" sequenceCoverage="100" branchCoverage="100" maxCyclomaticComplexity="1" minCyclomaticComplexity="1" visitedClasses="0" numClasses="0" visitedMethods="1" numMethods="1" />
              <MetadataToken>100663321</MetadataToken>
              <Name>System.Void TaskManagerApi.Models.Models.TaskModel::set_StartDate(System.DateTime)</Name>
              <FileRef uid="96" />
              <SequencePoints>
                <SequencePoint vc="4" uspid="2262" ordinal="0" offset="0" sl="14" sc="42" el="14" ec="46" bec="0" bev="0" fileid="96" />
              </SequencePoints>
              <BranchPoints />
              <MethodPoint xsi:type="SequencePoint" vc="4" uspid="2262" ordinal="0" offset="0" sl="14" sc="42" el="14" ec="46" bec="0" bev="0" fileid="96" />
            </Method>
            <Method visited="true" cyclomaticComplexity="1" nPathComplexity="0" sequenceCoverage="100" branchCoverage="100" isConstructor="false" isStatic="false" isGetter="true" isSetter="false">
              <Summary numSequencePoints="1" visitedSequencePoints="1" numBranchPoints="1" visitedBranchPoints="1" sequenceCoverage="100" branchCoverage="100" maxCyclomaticComplexity="1" minCyclomaticComplexity="1" visitedClasses="0" numClasses="0" visitedMethods="1" numMethods="1" />
              <MetadataToken>100663322</MetadataToken>
              <Name>System.DateTime TaskManagerApi.Models.Models.TaskModel::get_EndDate()</Name>
              <FileRef uid="96" />
              <SequencePoints>
                <SequencePoint vc="3" uspid="2263" ordinal="0" offset="0" sl="15" sc="35" el="15" ec="39" bec="0" bev="0" fileid="96" />
              </SequencePoints>
              <BranchPoints />
              <MethodPoint xsi:type="SequencePoint" vc="3" uspid="2263" ordinal="0" offset="0" sl="15" sc="35" el="15" ec="39" bec="0" bev="0" fileid="96" />
            </Method>
            <Method visited="true" cyclomaticComplexity="1" nPathComplexity="0" sequenceCoverage="100" branchCoverage="100" isConstructor="false" isStatic="false" isGetter="false" isSetter="true">
              <Summary numSequencePoints="1" visitedSequencePoints="1" numBranchPoints="1" visitedBranchPoints="1" sequenceCoverage="100" branchCoverage="100" maxCyclomaticComplexity="1" minCyclomaticComplexity="1" visitedClasses="0" numClasses="0" visitedMethods="1" numMethods="1" />
              <MetadataToken>100663323</MetadataToken>
              <Name>System.Void TaskManagerApi.Models.Models.TaskModel::set_EndDate(System.DateTime)</Name>
              <FileRef uid="96" />
              <SequencePoints>
                <SequencePoint vc="4" uspid="2264" ordinal="0" offset="0" sl="15" sc="40" el="15" ec="44" bec="0" bev="0" fileid="96" />
              </SequencePoints>
              <BranchPoints />
              <MethodPoint xsi:type="SequencePoint" vc="4" uspid="2264" ordinal="0" offset="0" sl="15" sc="40" el="15" ec="44" bec="0" bev="0" fileid="96" />
            </Method>
            <Method visited="true" cyclomaticComplexity="1" nPathComplexity="0" sequenceCoverage="100" branchCoverage="100" isConstructor="false" isStatic="false" isGetter="true" isSetter="false">
              <Summary numSequencePoints="1" visitedSequencePoints="1" numBranchPoints="1" visitedBranchPoints="1" sequenceCoverage="100" branchCoverage="100" maxCyclomaticComplexity="1" minCyclomaticComplexity="1" visitedClasses="0" numClasses="0" visitedMethods="1" numMethods="1" />
              <MetadataToken>100663324</MetadataToken>
              <Name>System.Int32 TaskManagerApi.Models.Models.TaskModel::get_Priority()</Name>
              <FileRef uid="96" />
              <SequencePoints>
                <SequencePoint vc="3" uspid="2265" ordinal="0" offset="0" sl="16" sc="31" el="16" ec="35" bec="0" bev="0" fileid="96" />
              </SequencePoints>
              <BranchPoints />
              <MethodPoint xsi:type="SequencePoint" vc="3" uspid="2265" ordinal="0" offset="0" sl="16" sc="31" el="16" ec="35" bec="0" bev="0" fileid="96" />
            </Method>
            <Method visited="true" cyclomaticComplexity="1" nPathComplexity="0" sequenceCoverage="100" branchCoverage="100" isConstructor="false" isStatic="false" isGetter="false" isSetter="true">
              <Summary numSequencePoints="1" visitedSequencePoints="1" numBranchPoints="1" visitedBranchPoints="1" sequenceCoverage="100" branchCoverage="100" maxCyclomaticComplexity="1" minCyclomaticComplexity="1" visitedClasses="0" numClasses="0" visitedMethods="1" numMethods="1" />
              <MetadataToken>100663325</MetadataToken>
              <Name>System.Void TaskManagerApi.Models.Models.TaskModel::set_Priority(System.Int32)</Name>
              <FileRef uid="96" />
              <SequencePoints>
                <SequencePoint vc="4" uspid="2266" ordinal="0" offset="0" sl="16" sc="36" el="16" ec="40" bec="0" bev="0" fileid="96" />
              </SequencePoints>
              <BranchPoints />
              <MethodPoint xsi:type="SequencePoint" vc="4" uspid="2266" ordinal="0" offset="0" sl="16" sc="36" el="16" ec="40" bec="0" bev="0" fileid="96" />
            </Method>
            <Method visited="true" cyclomaticComplexity="1" nPathComplexity="0" sequenceCoverage="100" branchCoverage="100" isConstructor="false" isStatic="false" isGetter="true" isSetter="false">
              <Summary numSequencePoints="1" visitedSequencePoints="1" numBranchPoints="1" visitedBranchPoints="1" sequenceCoverage="100" branchCoverage="100" maxCyclomaticComplexity="1" minCyclomaticComplexity="1" visitedClasses="0" numClasses="0" visitedMethods="1" numMethods="1" />
              <MetadataToken>100663326</MetadataToken>
              <Name>System.String TaskManagerApi.Models.Models.TaskModel::get_CreatedBy()</Name>
              <FileRef uid="96" />
              <SequencePoints>
                <SequencePoint vc="3" uspid="2267" ordinal="0" offset="0" sl="17" sc="35" el="17" ec="39" bec="0" bev="0" fileid="96" />
              </SequencePoints>
              <BranchPoints />
              <MethodPoint xsi:type="SequencePoint" vc="3" uspid="2267" ordinal="0" offset="0" sl="17" sc="35" el="17" ec="39" bec="0" bev="0" fileid="96" />
            </Method>
            <Method visited="true" cyclomaticComplexity="1" nPathComplexity="0" sequenceCoverage="100" branchCoverage="100" isConstructor="false" isStatic="false" isGetter="false" isSetter="true">
              <Summary numSequencePoints="1" visitedSequencePoints="1" numBranchPoints="1" visitedBranchPoints="1" sequenceCoverage="100" branchCoverage="100" maxCyclomaticComplexity="1" minCyclomaticComplexity="1" visitedClasses="0" numClasses="0" visitedMethods="1" numMethods="1" />
              <MetadataToken>100663327</MetadataToken>
              <Name>System.Void TaskManagerApi.Models.Models.TaskModel::set_CreatedBy(System.String)</Name>
              <FileRef uid="96" />
              <SequencePoints>
                <SequencePoint vc="2" uspid="2268" ordinal="0" offset="0" sl="17" sc="40" el="17" ec="44" bec="0" bev="0" fileid="96" />
              </SequencePoints>
              <BranchPoints />
              <MethodPoint xsi:type="SequencePoint" vc="2" uspid="2268" ordinal="0" offset="0" sl="17" sc="40" el="17" ec="44" bec="0" bev="0" fileid="96" />
            </Method>
            <Method visited="true" cyclomaticComplexity="1" nPathComplexity="0" sequenceCoverage="100" branchCoverage="100" isConstructor="false" isStatic="false" isGetter="true" isSetter="false">
              <Summary numSequencePoints="1" visitedSequencePoints="1" numBranchPoints="1" visitedBranchPoints="1" sequenceCoverage="100" branchCoverage="100" maxCyclomaticComplexity="1" minCyclomaticComplexity="1" visitedClasses="0" numClasses="0" visitedMethods="1" numMethods="1" />
              <MetadataToken>100663328</MetadataToken>
              <Name>System.DateTime TaskManagerApi.Models.Models.TaskModel::get_CreatedDate()</Name>
              <FileRef uid="96" />
              <SequencePoints>
                <SequencePoint vc="3" uspid="2269" ordinal="0" offset="0" sl="18" sc="39" el="18" ec="43" bec="0" bev="0" fileid="96" />
              </SequencePoints>
              <BranchPoints />
              <MethodPoint xsi:type="SequencePoint" vc="3" uspid="2269" ordinal="0" offset="0" sl="18" sc="39" el="18" ec="43" bec="0" bev="0" fileid="96" />
            </Method>
            <Method visited="true" cyclomaticComplexity="1" nPathComplexity="0" sequenceCoverage="100" branchCoverage="100" isConstructor="false" isStatic="false" isGetter="false" isSetter="true">
              <Summary numSequencePoints="1" visitedSequencePoints="1" numBranchPoints="1" visitedBranchPoints="1" sequenceCoverage="100" branchCoverage="100" maxCyclomaticComplexity="1" minCyclomaticComplexity="1" visitedClasses="0" numClasses="0" visitedMethods="1" numMethods="1" />
              <MetadataToken>100663329</MetadataToken>
              <Name>System.Void TaskManagerApi.Models.Models.TaskModel::set_CreatedDate(System.DateTime)</Name>
              <FileRef uid="96" />
              <SequencePoints>
                <SequencePoint vc="2" uspid="2270" ordinal="0" offset="0" sl="18" sc="44" el="18" ec="48" bec="0" bev="0" fileid="96" />
              </SequencePoints>
              <BranchPoints />
              <MethodPoint xsi:type="SequencePoint" vc="2" uspid="2270" ordinal="0" offset="0" sl="18" sc="44" el="18" ec="48" bec="0" bev="0" fileid="96" />
            </Method>
            <Method visited="true" cyclomaticComplexity="1" nPathComplexity="0" sequenceCoverage="100" branchCoverage="100" isConstructor="false" isStatic="false" isGetter="true" isSetter="false">
              <Summary numSequencePoints="1" visitedSequencePoints="1" numBranchPoints="1" visitedBranchPoints="1" sequenceCoverage="100" branchCoverage="100" maxCyclomaticComplexity="1" minCyclomaticComplexity="1" visitedClasses="0" numClasses="0" visitedMethods="1" numMethods="1" />
              <MetadataToken>100663330</MetadataToken>
              <Name>System.String TaskManagerApi.Models.Models.TaskModel::get_ModifiedBy()</Name>
              <FileRef uid="96" />
              <SequencePoints>
                <SequencePoint vc="3" uspid="2271" ordinal="0" offset="0" sl="19" sc="36" el="19" ec="40" bec="0" bev="0" fileid="96" />
              </SequencePoints>
              <BranchPoints />
              <MethodPoint xsi:type="SequencePoint" vc="3" uspid="2271" ordinal="0" offset="0" sl="19" sc="36" el="19" ec="40" bec="0" bev="0" fileid="96" />
            </Method>
            <Method visited="true" cyclomaticComplexity="1" nPathComplexity="0" sequenceCoverage="100" branchCoverage="100" isConstructor="false" isStatic="false" isGetter="false" isSetter="true">
              <Summary numSequencePoints="1" visitedSequencePoints="1" numBranchPoints="1" visitedBranchPoints="1" sequenceCoverage="100" branchCoverage="100" maxCyclomaticComplexity="1" minCyclomaticComplexity="1" visitedClasses="0" numClasses="0" visitedMethods="1" numMethods="1" />
              <MetadataToken>100663331</MetadataToken>
              <Name>System.Void TaskManagerApi.Models.Models.TaskModel::set_ModifiedBy(System.String)</Name>
              <FileRef uid="96" />
              <SequencePoints>
                <SequencePoint vc="2" uspid="2272" ordinal="0" offset="0" sl="19" sc="41" el="19" ec="45" bec="0" bev="0" fileid="96" />
              </SequencePoints>
              <BranchPoints />
              <MethodPoint xsi:type="SequencePoint" vc="2" uspid="2272" ordinal="0" offset="0" sl="19" sc="41" el="19" ec="45" bec="0" bev="0" fileid="96" />
            </Method>
            <Method visited="true" cyclomaticComplexity="1" nPathComplexity="0" sequenceCoverage="100" branchCoverage="100" isConstructor="false" isStatic="false" isGetter="true" isSetter="false">
              <Summary numSequencePoints="1" visitedSequencePoints="1" numBranchPoints="1" visitedBranchPoints="1" sequenceCoverage="100" branchCoverage="100" maxCyclomaticComplexity="1" minCyclomaticComplexity="1" visitedClasses="0" numClasses="0" visitedMethods="1" numMethods="1" />
              <MetadataToken>100663332</MetadataToken>
              <Name>System.Nullable`1&lt;System.DateTime&gt; TaskManagerApi.Models.Models.TaskModel::get_ModifiedDate()</Name>
              <FileRef uid="96" />
              <SequencePoints>
                <SequencePoint vc="3" uspid="2273" ordinal="0" offset="0" sl="20" sc="41" el="20" ec="45" bec="0" bev="0" fileid="96" />
              </SequencePoints>
              <BranchPoints />
              <MethodPoint xsi:type="SequencePoint" vc="3" uspid="2273" ordinal="0" offset="0" sl="20" sc="41" el="20" ec="45" bec="0" bev="0" fileid="96" />
            </Method>
            <Method visited="true" cyclomaticComplexity="1" nPathComplexity="0" sequenceCoverage="100" branchCoverage="100" isConstructor="false" isStatic="false" isGetter="false" isSetter="true">
              <Summary numSequencePoints="1" visitedSequencePoints="1" numBranchPoints="1" visitedBranchPoints="1" sequenceCoverage="100" branchCoverage="100" maxCyclomaticComplexity="1" minCyclomaticComplexity="1" visitedClasses="0" numClasses="0" visitedMethods="1" numMethods="1" />
              <MetadataToken>100663333</MetadataToken>
              <Name>System.Void TaskManagerApi.Models.Models.TaskModel::set_ModifiedDate(System.Nullable`1&lt;System.DateTime&gt;)</Name>
              <FileRef uid="96" />
              <SequencePoints>
                <SequencePoint vc="2" uspid="2274" ordinal="0" offset="0" sl="20" sc="46" el="20" ec="50" bec="0" bev="0" fileid="96" />
              </SequencePoints>
              <BranchPoints />
              <MethodPoint xsi:type="SequencePoint" vc="2" uspid="2274" ordinal="0" offset="0" sl="20" sc="46" el="20" ec="50" bec="0" bev="0" fileid="96" />
            </Method>
            <Method visited="true" cyclomaticComplexity="1" nPathComplexity="0" sequenceCoverage="100" branchCoverage="100" isConstructor="false" isStatic="false" isGetter="true" isSetter="false">
              <Summary numSequencePoints="1" visitedSequencePoints="1" numBranchPoints="1" visitedBranchPoints="1" sequenceCoverage="100" branchCoverage="100" maxCyclomaticComplexity="1" minCyclomaticComplexity="1" visitedClasses="0" numClasses="0" visitedMethods="1" numMethods="1" />
              <MetadataToken>100663334</MetadataToken>
              <Name>System.Boolean TaskManagerApi.Models.Models.TaskModel::get_IsActive()</Name>
              <FileRef uid="96" />
              <SequencePoints>
                <SequencePoint vc="3" uspid="2275" ordinal="0" offset="0" sl="21" sc="32" el="21" ec="36" bec="0" bev="0" fileid="96" />
              </SequencePoints>
              <BranchPoints />
              <MethodPoint xsi:type="SequencePoint" vc="3" uspid="2275" ordinal="0" offset="0" sl="21" sc="32" el="21" ec="36" bec="0" bev="0" fileid="96" />
            </Method>
            <Method visited="true" cyclomaticComplexity="1" nPathComplexity="0" sequenceCoverage="100" branchCoverage="100" isConstructor="false" isStatic="false" isGetter="false" isSetter="true">
              <Summary numSequencePoints="1" visitedSequencePoints="1" numBranchPoints="1" visitedBranchPoints="1" sequenceCoverage="100" branchCoverage="100" maxCyclomaticComplexity="1" minCyclomaticComplexity="1" visitedClasses="0" numClasses="0" visitedMethods="1" numMethods="1" />
              <MetadataToken>100663335</MetadataToken>
              <Name>System.Void TaskManagerApi.Models.Models.TaskModel::set_IsActive(System.Boolean)</Name>
              <FileRef uid="96" />
              <SequencePoints>
                <SequencePoint vc="2" uspid="2276" ordinal="0" offset="0" sl="21" sc="37" el="21" ec="41" bec="0" bev="0" fileid="96" />
              </SequencePoints>
              <BranchPoints />
              <MethodPoint xsi:type="SequencePoint" vc="2" uspid="2276" ordinal="0" offset="0" sl="21" sc="37" el="21" ec="41" bec="0" bev="0" fileid="96" />
            </Method>
            <Method visited="true" cyclomaticComplexity="1" nPathComplexity="0" sequenceCoverage="0" branchCoverage="0" isConstructor="true" isStatic="false" isGetter="false" isSetter="false">
              <Summary numSequencePoints="0" visitedSequencePoints="0" numBranchPoints="0" visitedBranchPoints="0" sequenceCoverage="0" branchCoverage="0" maxCyclomaticComplexity="1" minCyclomaticComplexity="1" visitedClasses="0" numClasses="0" visitedMethods="0" numMethods="0" />
              <MetadataToken>100663336</MetadataToken>
              <Name>System.Void TaskManagerApi.Models.Models.TaskModel::.ctor()</Name>
              <SequencePoints />
              <BranchPoints />
              <MethodPoint vc="6" uspid="2277" ordinal="0" offset="0" />
            </Method>
          </Methods>
        </Class>
        <Class>
          <Summary numSequencePoints="12" visitedSequencePoints="7" numBranchPoints="12" visitedBranchPoints="7" sequenceCoverage="58.33" branchCoverage="58.33" maxCyclomaticComplexity="1" minCyclomaticComplexity="1" visitedClasses="1" numClasses="1" visitedMethods="7" numMethods="12" />
          <FullName>TaskManagerApi.Models.Models.TaskSearchModel</FullName>
          <Methods>
            <Method visited="true" cyclomaticComplexity="1" nPathComplexity="0" sequenceCoverage="100" branchCoverage="100" isConstructor="false" isStatic="false" isGetter="true" isSetter="false">
              <Summary numSequencePoints="1" visitedSequencePoints="1" numBranchPoints="1" visitedBranchPoints="1" sequenceCoverage="100" branchCoverage="100" maxCyclomaticComplexity="1" minCyclomaticComplexity="1" visitedClasses="0" numClasses="0" visitedMethods="1" numMethods="1" />
              <MetadataToken>100663337</MetadataToken>
              <Name>System.String TaskManagerApi.Models.Models.TaskSearchModel::get_ParentTask()</Name>
              <FileRef uid="97" />
              <SequencePoints>
                <SequencePoint vc="3" uspid="2278" ordinal="0" offset="0" sl="11" sc="36" el="11" ec="40" bec="0" bev="0" fileid="97" />
              </SequencePoints>
              <BranchPoints />
              <MethodPoint xsi:type="SequencePoint" vc="3" uspid="2278" ordinal="0" offset="0" sl="11" sc="36" el="11" ec="40" bec="0" bev="0" fileid="97" />
            </Method>
            <Method visited="false" cyclomaticComplexity="1" nPathComplexity="0" sequenceCoverage="0" branchCoverage="0" isConstructor="false" isStatic="false" isGetter="false" isSetter="true">
              <Summary numSequencePoints="1" visitedSequencePoints="0" numBranchPoints="1" visitedBranchPoints="0" sequenceCoverage="0" branchCoverage="0" maxCyclomaticComplexity="1" minCyclomaticComplexity="1" visitedClasses="0" numClasses="0" visitedMethods="0" numMethods="1" />
              <MetadataToken>100663338</MetadataToken>
              <Name>System.Void TaskManagerApi.Models.Models.TaskSearchModel::set_ParentTask(System.String)</Name>
              <FileRef uid="97" />
              <SequencePoints>
                <SequencePoint vc="0" uspid="2279" ordinal="0" offset="0" sl="11" sc="41" el="11" ec="45" bec="0" bev="0" fileid="97" />
              </SequencePoints>
              <BranchPoints />
              <MethodPoint xsi:type="SequencePoint" vc="0" uspid="2279" ordinal="0" offset="0" sl="11" sc="41" el="11" ec="45" bec="0" bev="0" fileid="97" />
            </Method>
            <Method visited="true" cyclomaticComplexity="1" nPathComplexity="0" sequenceCoverage="100" branchCoverage="100" isConstructor="false" isStatic="false" isGetter="true" isSetter="false">
              <Summary numSequencePoints="1" visitedSequencePoints="1" numBranchPoints="1" visitedBranchPoints="1" sequenceCoverage="100" branchCoverage="100" maxCyclomaticComplexity="1" minCyclomaticComplexity="1" visitedClasses="0" numClasses="0" visitedMethods="1" numMethods="1" />
              <MetadataToken>100663339</MetadataToken>
              <Name>System.String TaskManagerApi.Models.Models.TaskSearchModel::get_Task()</Name>
              <FileRef uid="97" />
              <SequencePoints>
                <SequencePoint vc="3" uspid="2280" ordinal="0" offset="0" sl="12" sc="30" el="12" ec="34" bec="0" bev="0" fileid="97" />
              </SequencePoints>
              <BranchPoints />
              <MethodPoint xsi:type="SequencePoint" vc="3" uspid="2280" ordinal="0" offset="0" sl="12" sc="30" el="12" ec="34" bec="0" bev="0" fileid="97" />
            </Method>
            <Method visited="true" cyclomaticComplexity="1" nPathComplexity="0" sequenceCoverage="100" branchCoverage="100" isConstructor="false" isStatic="false" isGetter="false" isSetter="true">
              <Summary numSequencePoints="1" visitedSequencePoints="1" numBranchPoints="1" visitedBranchPoints="1" sequenceCoverage="100" branchCoverage="100" maxCyclomaticComplexity="1" minCyclomaticComplexity="1" visitedClasses="0" numClasses="0" visitedMethods="1" numMethods="1" />
              <MetadataToken>100663340</MetadataToken>
              <Name>System.Void TaskManagerApi.Models.Models.TaskSearchModel::set_Task(System.String)</Name>
              <FileRef uid="97" />
              <SequencePoints>
                <SequencePoint vc="1" uspid="2281" ordinal="0" offset="0" sl="12" sc="35" el="12" ec="39" bec="0" bev="0" fileid="97" />
              </SequencePoints>
              <BranchPoints />
              <MethodPoint xsi:type="SequencePoint" vc="1" uspid="2281" ordinal="0" offset="0" sl="12" sc="35" el="12" ec="39" bec="0" bev="0" fileid="97" />
            </Method>
            <Method visited="true" cyclomaticComplexity="1" nPathComplexity="0" sequenceCoverage="100" branchCoverage="100" isConstructor="false" isStatic="false" isGetter="true" isSetter="false">
              <Summary numSequencePoints="1" visitedSequencePoints="1" numBranchPoints="1" visitedBranchPoints="1" sequenceCoverage="100" branchCoverage="100" maxCyclomaticComplexity="1" minCyclomaticComplexity="1" visitedClasses="0" numClasses="0" visitedMethods="1" numMethods="1" />
              <MetadataToken>100663341</MetadataToken>
              <Name>System.Nullable`1&lt;System.DateTime&gt; TaskManagerApi.Models.Models.TaskSearchModel::get_StartDate()</Name>
              <FileRef uid="97" />
              <SequencePoints>
                <SequencePoint vc="2" uspid="2282" ordinal="0" offset="0" sl="13" sc="38" el="13" ec="42" bec="0" bev="0" fileid="97" />
              </SequencePoints>
              <BranchPoints />
              <MethodPoint xsi:type="SequencePoint" vc="2" uspid="2282" ordinal="0" offset="0" sl="13" sc="38" el="13" ec="42" bec="0" bev="0" fileid="97" />
            </Method>
            <Method visited="false" cyclomaticComplexity="1" nPathComplexity="0" sequenceCoverage="0" branchCoverage="0" isConstructor="false" isStatic="false" isGetter="false" isSetter="true">
              <Summary numSequencePoints="1" visitedSequencePoints="0" numBranchPoints="1" visitedBranchPoints="0" sequenceCoverage="0" branchCoverage="0" maxCyclomaticComplexity="1" minCyclomaticComplexity="1" visitedClasses="0" numClasses="0" visitedMethods="0" numMethods="1" />
              <MetadataToken>100663342</MetadataToken>
              <Name>System.Void TaskManagerApi.Models.Models.TaskSearchModel::set_StartDate(System.Nullable`1&lt;System.DateTime&gt;)</Name>
              <FileRef uid="97" />
              <SequencePoints>
                <SequencePoint vc="0" uspid="2283" ordinal="0" offset="0" sl="13" sc="43" el="13" ec="47" bec="0" bev="0" fileid="97" />
              </SequencePoints>
              <BranchPoints />
              <MethodPoint xsi:type="SequencePoint" vc="0" uspid="2283" ordinal="0" offset="0" sl="13" sc="43" el="13" ec="47" bec="0" bev="0" fileid="97" />
            </Method>
            <Method visited="true" cyclomaticComplexity="1" nPathComplexity="0" sequenceCoverage="100" branchCoverage="100" isConstructor="false" isStatic="false" isGetter="true" isSetter="false">
              <Summary numSequencePoints="1" visitedSequencePoints="1" numBranchPoints="1" visitedBranchPoints="1" sequenceCoverage="100" branchCoverage="100" maxCyclomaticComplexity="1" minCyclomaticComplexity="1" visitedClasses="0" numClasses="0" visitedMethods="1" numMethods="1" />
              <MetadataToken>100663343</MetadataToken>
              <Name>System.Nullable`1&lt;System.DateTime&gt; TaskManagerApi.Models.Models.TaskSearchModel::get_EndDate()</Name>
              <FileRef uid="97" />
              <SequencePoints>
                <SequencePoint vc="2" uspid="2284" ordinal="0" offset="0" sl="14" sc="36" el="14" ec="40" bec="0" bev="0" fileid="97" />
              </SequencePoints>
              <BranchPoints />
              <MethodPoint xsi:type="SequencePoint" vc="2" uspid="2284" ordinal="0" offset="0" sl="14" sc="36" el="14" ec="40" bec="0" bev="0" fileid="97" />
            </Method>
            <Method visited="false" cyclomaticComplexity="1" nPathComplexity="0" sequenceCoverage="0" branchCoverage="0" isConstructor="false" isStatic="false" isGetter="false" isSetter="true">
              <Summary numSequencePoints="1" visitedSequencePoints="0" numBranchPoints="1" visitedBranchPoints="0" sequenceCoverage="0" branchCoverage="0" maxCyclomaticComplexity="1" minCyclomaticComplexity="1" visitedClasses="0" numClasses="0" visitedMethods="0" numMethods="1" />
              <MetadataToken>100663344</MetadataToken>
              <Name>System.Void TaskManagerApi.Models.Models.TaskSearchModel::set_EndDate(System.Nullable`1&lt;System.DateTime&gt;)</Name>
              <FileRef uid="97" />
              <SequencePoints>
                <SequencePoint vc="0" uspid="2285" ordinal="0" offset="0" sl="14" sc="41" el="14" ec="45" bec="0" bev="0" fileid="97" />
              </SequencePoints>
              <BranchPoints />
              <MethodPoint xsi:type="SequencePoint" vc="0" uspid="2285" ordinal="0" offset="0" sl="14" sc="41" el="14" ec="45" bec="0" bev="0" fileid="97" />
            </Method>
            <Method visited="true" cyclomaticComplexity="1" nPathComplexity="0" sequenceCoverage="100" branchCoverage="100" isConstructor="false" isStatic="false" isGetter="true" isSetter="false">
              <Summary numSequencePoints="1" visitedSequencePoints="1" numBranchPoints="1" visitedBranchPoints="1" sequenceCoverage="100" branchCoverage="100" maxCyclomaticComplexity="1" minCyclomaticComplexity="1" visitedClasses="0" numClasses="0" visitedMethods="1" numMethods="1" />
              <MetadataToken>100663345</MetadataToken>
              <Name>System.Nullable`1&lt;System.Int32&gt; TaskManagerApi.Models.Models.TaskSearchModel::get_PriorityFrom()</Name>
              <FileRef uid="97" />
              <SequencePoints>
                <SequencePoint vc="2" uspid="2286" ordinal="0" offset="0" sl="15" sc="36" el="15" ec="40" bec="0" bev="0" fileid="97" />
              </SequencePoints>
              <BranchPoints />
              <MethodPoint xsi:type="SequencePoint" vc="2" uspid="2286" ordinal="0" offset="0" sl="15" sc="36" el="15" ec="40" bec="0" bev="0" fileid="97" />
            </Method>
            <Method visited="false" cyclomaticComplexity="1" nPathComplexity="0" sequenceCoverage="0" branchCoverage="0" isConstructor="false" isStatic="false" isGetter="false" isSetter="true">
              <Summary numSequencePoints="1" visitedSequencePoints="0" numBranchPoints="1" visitedBranchPoints="0" sequenceCoverage="0" branchCoverage="0" maxCyclomaticComplexity="1" minCyclomaticComplexity="1" visitedClasses="0" numClasses="0" visitedMethods="0" numMethods="1" />
              <MetadataToken>100663346</MetadataToken>
              <Name>System.Void TaskManagerApi.Models.Models.TaskSearchModel::set_PriorityFrom(System.Nullable`1&lt;System.Int32&gt;)</Name>
              <FileRef uid="97" />
              <SequencePoints>
                <SequencePoint vc="0" uspid="2287" ordinal="0" offset="0" sl="15" sc="41" el="15" ec="45" bec="0" bev="0" fileid="97" />
              </SequencePoints>
              <BranchPoints />
              <MethodPoint xsi:type="SequencePoint" vc="0" uspid="2287" ordinal="0" offset="0" sl="15" sc="41" el="15" ec="45" bec="0" bev="0" fileid="97" />
            </Method>
            <Method visited="true" cyclomaticComplexity="1" nPathComplexity="0" sequenceCoverage="100" branchCoverage="100" isConstructor="false" isStatic="false" isGetter="true" isSetter="false">
              <Summary numSequencePoints="1" visitedSequencePoints="1" numBranchPoints="1" visitedBranchPoints="1" sequenceCoverage="100" branchCoverage="100" maxCyclomaticComplexity="1" minCyclomaticComplexity="1" visitedClasses="0" numClasses="0" visitedMethods="1" numMethods="1" />
              <MetadataToken>100663347</MetadataToken>
              <Name>System.Nullable`1&lt;System.Int32&gt; TaskManagerApi.Models.Models.TaskSearchModel::get_PriorityTo()</Name>
              <FileRef uid="97" />
              <SequencePoints>
                <SequencePoint vc="2" uspid="2288" ordinal="0" offset="0" sl="16" sc="34" el="16" ec="38" bec="0" bev="0" fileid="97" />
              </SequencePoints>
              <BranchPoints />
              <MethodPoint xsi:type="SequencePoint" vc="2" uspid="2288" ordinal="0" offset="0" sl="16" sc="34" el="16" ec="38" bec="0" bev="0" fileid="97" />
            </Method>
            <Method visited="false" cyclomaticComplexity="1" nPathComplexity="0" sequenceCoverage="0" branchCoverage="0" isConstructor="false" isStatic="false" isGetter="false" isSetter="true">
              <Summary numSequencePoints="1" visitedSequencePoints="0" numBranchPoints="1" visitedBranchPoints="0" sequenceCoverage="0" branchCoverage="0" maxCyclomaticComplexity="1" minCyclomaticComplexity="1" visitedClasses="0" numClasses="0" visitedMethods="0" numMethods="1" />
              <MetadataToken>100663348</MetadataToken>
              <Name>System.Void TaskManagerApi.Models.Models.TaskSearchModel::set_PriorityTo(System.Nullable`1&lt;System.Int32&gt;)</Name>
              <FileRef uid="97" />
              <SequencePoints>
                <SequencePoint vc="0" uspid="2289" ordinal="0" offset="0" sl="16" sc="39" el="16" ec="43" bec="0" bev="0" fileid="97" />
              </SequencePoints>
              <BranchPoints />
              <MethodPoint xsi:type="SequencePoint" vc="0" uspid="2289" ordinal="0" offset="0" sl="16" sc="39" el="16" ec="43" bec="0" bev="0" fileid="97" />
            </Method>
            <Method visited="true" cyclomaticComplexity="1" nPathComplexity="0" sequenceCoverage="0" branchCoverage="0" isConstructor="true" isStatic="false" isGetter="false" isSetter="false">
              <Summary numSequencePoints="0" visitedSequencePoints="0" numBranchPoints="0" visitedBranchPoints="0" sequenceCoverage="0" branchCoverage="0" maxCyclomaticComplexity="1" minCyclomaticComplexity="1" visitedClasses="0" numClasses="0" visitedMethods="0" numMethods="0" />
              <MetadataToken>100663349</MetadataToken>
              <Name>System.Void TaskManagerApi.Models.Models.TaskSearchModel::.ctor()</Name>
              <SequencePoints />
              <BranchPoints />
              <MethodPoint vc="1" uspid="2290" ordinal="0" offset="0" />
            </Method>
          </Methods>
        </Class>
      </Classes>
    </Module>
    <Module hash="E9-7E-D8-7E-0E-27-9C-24-4B-FE-1C-D7-CF-26-09-B1-CD-A3-41-79">
      <Summary numSequencePoints="100" visitedSequencePoints="79" numBranchPoints="52" visitedBranchPoints="35" sequenceCoverage="79" branchCoverage="67.31" maxCyclomaticComplexity="7" minCyclomaticComplexity="1" visitedClasses="3" numClasses="4" visitedMethods="33" numMethods="50" />
      <ModulePath>C:\TaskManager\TaskMangerAPI\TaskManagerAPI\TaskManagerAPI.Tests\bin\Debug\TaskManagerAPI.DataAccess.dll</ModulePath>
      <ModuleTime>2018-12-01T05:33:16.27409Z</ModuleTime>
      <ModuleName>TaskManagerAPI.DataAccess</ModuleName>
      <Files>
        <File uid="101" fullPath="C:\TaskManager\TaskMangerAPI\TaskManagerAPI\TaskManagerAPI.DataAccess\TaskRepository\TaskDataRepository.cs" />
        <File uid="102" fullPath="C:\TaskManager\TaskMangerAPI\TaskManagerAPI\TaskManagerAPI.DataAccess\Entity\Parent_Task.cs" />
        <File uid="103" fullPath="C:\TaskManager\TaskMangerAPI\TaskManagerAPI\TaskManagerAPI.DataAccess\Entity\Task.cs" />
        <File uid="104" fullPath="C:\TaskManager\TaskMangerAPI\TaskManagerAPI\TaskManagerAPI.DataAccess\Entity\TaskManager.Context.cs" />
      </Files>
      <Classes>
        <Class>
          <Summary numSequencePoints="0" visitedSequencePoints="0" numBranchPoints="0" visitedBranchPoints="0" sequenceCoverage="0" branchCoverage="0" maxCyclomaticComplexity="0" minCyclomaticComplexity="0" visitedClasses="0" numClasses="0" visitedMethods="0" numMethods="0" />
          <FullName>&lt;Module&gt;</FullName>
          <Methods />
        </Class>
        <Class>
          <Summary numSequencePoints="0" visitedSequencePoints="0" numBranchPoints="0" visitedBranchPoints="0" sequenceCoverage="0" branchCoverage="0" maxCyclomaticComplexity="7" minCyclomaticComplexity="1" visitedClasses="0" numClasses="0" visitedMethods="0" numMethods="0" />
          <FullName>&lt;&gt;f__AnonymousType0`2</FullName>
          <Methods>
            <Method visited="false" cyclomaticComplexity="1" nPathComplexity="0" sequenceCoverage="0" branchCoverage="0" isConstructor="false" isStatic="false" isGetter="true" isSetter="false">
              <Summary numSequencePoints="0" visitedSequencePoints="0" numBranchPoints="0" visitedBranchPoints="0" sequenceCoverage="0" branchCoverage="0" maxCyclomaticComplexity="1" minCyclomaticComplexity="1" visitedClasses="0" numClasses="0" visitedMethods="0" numMethods="0" />
              <MetadataToken>100663297</MetadataToken>
              <Name>&lt;t&gt;j__TPar &lt;&gt;f__AnonymousType0`2::get_t()</Name>
              <SequencePoints />
              <BranchPoints />
              <MethodPoint vc="0" uspid="2291" ordinal="0" offset="0" />
            </Method>
            <Method visited="false" cyclomaticComplexity="1" nPathComplexity="0" sequenceCoverage="0" branchCoverage="0" isConstructor="false" isStatic="false" isGetter="true" isSetter="false">
              <Summary numSequencePoints="0" visitedSequencePoints="0" numBranchPoints="0" visitedBranchPoints="0" sequenceCoverage="0" branchCoverage="0" maxCyclomaticComplexity="1" minCyclomaticComplexity="1" visitedClasses="0" numClasses="0" visitedMethods="0" numMethods="0" />
              <MetadataToken>100663298</MetadataToken>
              <Name>&lt;p&gt;j__TPar &lt;&gt;f__AnonymousType0`2::get_p()</Name>
              <SequencePoints />
              <BranchPoints />
              <MethodPoint vc="0" uspid="2292" ordinal="0" offset="0" />
            </Method>
            <Method visited="false" cyclomaticComplexity="1" nPathComplexity="0" sequenceCoverage="0" branchCoverage="0" isConstructor="true" isStatic="false" isGetter="false" isSetter="false">
              <Summary numSequencePoints="0" visitedSequencePoints="0" numBranchPoints="0" visitedBranchPoints="0" sequenceCoverage="0" branchCoverage="0" maxCyclomaticComplexity="1" minCyclomaticComplexity="1" visitedClasses="0" numClasses="0" visitedMethods="0" numMethods="0" />
              <MetadataToken>100663299</MetadataToken>
              <Name>System.Void &lt;&gt;f__AnonymousType0`2::.ctor(&lt;t&gt;j__TPar,&lt;p&gt;j__TPar)</Name>
              <SequencePoints />
              <BranchPoints />
              <MethodPoint vc="0" uspid="2293" ordinal="0" offset="0" />
            </Method>
            <Method visited="false" cyclomaticComplexity="3" nPathComplexity="0" sequenceCoverage="0" branchCoverage="0" isConstructor="false" isStatic="false" isGetter="false" isSetter="false">
              <Summary numSequencePoints="0" visitedSequencePoints="0" numBranchPoints="0" visitedBranchPoints="0" sequenceCoverage="0" branchCoverage="0" maxCyclomaticComplexity="3" minCyclomaticComplexity="3" visitedClasses="0" numClasses="0" visitedMethods="0" numMethods="0" />
              <MetadataToken>100663300</MetadataToken>
              <Name>System.Boolean &lt;&gt;f__AnonymousType0`2::Equals(System.Object)</Name>
              <SequencePoints />
              <BranchPoints />
              <MethodPoint vc="0" uspid="2294" ordinal="0" offset="0" />
            </Method>
            <Method visited="false" cyclomaticComplexity="1" nPathComplexity="0" sequenceCoverage="0" branchCoverage="0" isConstructor="false" isStatic="false" isGetter="false" isSetter="false">
              <Summary numSequencePoints="0" visitedSequencePoints="0" numBranchPoints="0" visitedBranchPoints="0" sequenceCoverage="0" branchCoverage="0" maxCyclomaticComplexity="1" minCyclomaticComplexity="1" visitedClasses="0" numClasses="0" visitedMethods="0" numMethods="0" />
              <MetadataToken>100663301</MetadataToken>
              <Name>System.Int32 &lt;&gt;f__AnonymousType0`2::GetHashCode()</Name>
              <SequencePoints />
              <BranchPoints />
              <MethodPoint vc="0" uspid="2295" ordinal="0" offset="0" />
            </Method>
            <Method visited="false" cyclomaticComplexity="7" nPathComplexity="0" sequenceCoverage="0" branchCoverage="0" isConstructor="false" isStatic="false" isGetter="false" isSetter="false">
              <Summary numSequencePoints="0" visitedSequencePoints="0" numBranchPoints="0" visitedBranchPoints="0" sequenceCoverage="0" branchCoverage="0" maxCyclomaticComplexity="7" minCyclomaticComplexity="7" visitedClasses="0" numClasses="0" visitedMethods="0" numMethods="0" />
              <MetadataToken>100663302</MetadataToken>
              <Name>System.String &lt;&gt;f__AnonymousType0`2::ToString()</Name>
              <SequencePoints />
              <BranchPoints />
              <MethodPoint vc="0" uspid="2296" ordinal="0" offset="0" />
            </Method>
          </Methods>
        </Class>
        <Class>
          <Summary numSequencePoints="49" visitedSequencePoints="49" numBranchPoints="7" visitedBranchPoints="7" sequenceCoverage="100" branchCoverage="100" maxCyclomaticComplexity="3" minCyclomaticComplexity="1" visitedClasses="1" numClasses="1" visitedMethods="5" numMethods="5" />
          <FullName>TaskManagerAPI.DataAccess.TaskRepository.TaskDataRepository</FullName>
          <Methods>
            <Method visited="true" cyclomaticComplexity="3" nPathComplexity="2" sequenceCoverage="100" branchCoverage="100" isConstructor="false" isStatic="false" isGetter="false" isSetter="false">
              <Summary numSequencePoints="20" visitedSequencePoints="20" numBranchPoints="3" visitedBranchPoints="3" sequenceCoverage="100" branchCoverage="100" maxCyclomaticComplexity="3" minCyclomaticComplexity="3" visitedClasses="0" numClasses="0" visitedMethods="1" numMethods="1" />
              <MetadataToken>100663308</MetadataToken>
              <Name>System.Void TaskManagerAPI.DataAccess.TaskRepository.TaskDataRepository::InsertTask(TaskManagerAPI.DataAccess.Entity.Task)</Name>
              <FileRef uid="101" />
              <SequencePoints>
                <SequencePoint vc="2" uspid="2297" ordinal="0" offset="0" sl="14" sc="9" el="14" ec="10" bec="0" bev="0" fileid="101" />
                <SequencePoint vc="2" uspid="2298" ordinal="1" offset="1" sl="15" sc="13" el="15" ec="69" bec="0" bev="0" fileid="101" />
                <SequencePoint vc="2" uspid="2299" ordinal="2" offset="16" sl="16" sc="13" el="16" ec="14" bec="0" bev="0" fileid="101" />
                <SequencePoint vc="2" uspid="2300" ordinal="3" offset="17" sl="17" sc="17" el="17" ec="39" bec="0" bev="0" fileid="101" />
                <SequencePoint vc="2" uspid="2301" ordinal="4" offset="25" sl="18" sc="17" el="18" ec="39" bec="2" bev="2" fileid="101" />
                <SequencePoint vc="1" uspid="2302" ordinal="5" offset="38" sl="19" sc="17" el="19" ec="18" bec="0" bev="0" fileid="101" />
                <SequencePoint vc="1" uspid="2303" ordinal="6" offset="39" sl="20" sc="21" el="20" ec="48" bec="0" bev="0" fileid="101" />
                <SequencePoint vc="1" uspid="2304" ordinal="7" offset="51" sl="21" sc="21" el="21" ec="54" bec="0" bev="0" fileid="101" />
                <SequencePoint vc="1" uspid="2305" ordinal="8" offset="63" sl="22" sc="21" el="22" ec="57" bec="0" bev="0" fileid="101" />
                <SequencePoint vc="1" uspid="2306" ordinal="9" offset="81" sl="23" sc="21" el="23" ec="98" bec="0" bev="0" fileid="101" />
                <SequencePoint vc="1" uspid="2307" ordinal="10" offset="100" sl="24" sc="17" el="24" ec="18" bec="0" bev="0" fileid="101" />
                <SequencePoint vc="1" uspid="2308" ordinal="11" offset="103" sl="26" sc="17" el="26" ec="18" bec="0" bev="0" fileid="101" />
                <SequencePoint vc="1" uspid="2309" ordinal="12" offset="104" sl="27" sc="21" el="27" ec="49" bec="0" bev="0" fileid="101" />
                <SequencePoint vc="1" uspid="2310" ordinal="13" offset="116" sl="28" sc="21" el="28" ec="55" bec="0" bev="0" fileid="101" />
                <SequencePoint vc="1" uspid="2311" ordinal="14" offset="133" sl="29" sc="21" el="29" ec="57" bec="0" bev="0" fileid="101" />
                <SequencePoint vc="1" uspid="2312" ordinal="15" offset="151" sl="30" sc="21" el="30" ec="101" bec="0" bev="0" fileid="101" />
                <SequencePoint vc="1" uspid="2313" ordinal="16" offset="171" sl="31" sc="17" el="31" ec="18" bec="0" bev="0" fileid="101" />
                <SequencePoint vc="2" uspid="2314" ordinal="17" offset="172" sl="32" sc="17" el="32" ec="51" bec="0" bev="0" fileid="101" />
                <SequencePoint vc="1" uspid="2315" ordinal="18" offset="184" sl="33" sc="13" el="33" ec="14" bec="0" bev="0" fileid="101" />
                <SequencePoint vc="1" uspid="2316" ordinal="19" offset="198" sl="34" sc="9" el="34" ec="10" bec="0" bev="0" fileid="101" />
              </SequencePoints>
              <BranchPoints>
                <BranchPoint vc="1" uspid="2317" ordinal="0" offset="36" sl="18" path="0" offsetend="38" fileid="101" />
                <BranchPoint vc="1" uspid="2318" ordinal="1" offset="36" sl="18" path="1" offsetend="103" fileid="101" />
              </BranchPoints>
              <MethodPoint xsi:type="SequencePoint" vc="2" uspid="2297" ordinal="0" offset="0" sl="14" sc="9" el="14" ec="10" bec="0" bev="0" fileid="101" />
            </Method>
            <Method visited="true" cyclomaticComplexity="2" nPathComplexity="0" sequenceCoverage="100" branchCoverage="100" isConstructor="false" isStatic="false" isGetter="false" isSetter="false">
              <Summary numSequencePoints="6" visitedSequencePoints="6" numBranchPoints="1" visitedBranchPoints="1" sequenceCoverage="100" branchCoverage="100" maxCyclomaticComplexity="2" minCyclomaticComplexity="2" visitedClasses="0" numClasses="0" visitedMethods="1" numMethods="1" />
              <MetadataToken>100663309</MetadataToken>
              <Name>System.Collections.Generic.List`1&lt;TaskManagerApi.Models.Models.TaskDetailsModel&gt; TaskManagerAPI.DataAccess.TaskRepository.TaskDataRepository::GetTaskDetails(TaskManagerApi.Models.Models.TaskSearchModel)</Name>
              <FileRef uid="101" />
              <SequencePoints>
                <SequencePoint vc="1" uspid="2319" ordinal="0" offset="13" sl="36" sc="9" el="36" ec="10" bec="0" bev="0" fileid="101" />
                <SequencePoint vc="1" uspid="2320" ordinal="1" offset="14" sl="37" sc="13" el="37" ec="69" bec="0" bev="0" fileid="101" />
                <SequencePoint vc="1" uspid="2321" ordinal="2" offset="29" sl="38" sc="13" el="38" ec="14" bec="0" bev="0" fileid="101" />
                <SequencePoint vc="1" uspid="2322" ordinal="3" offset="30" sl="39" sc="17" el="61" ec="43" bec="0" bev="0" fileid="101" />
                <SequencePoint vc="1" uspid="2323" ordinal="4" offset="2612" sl="62" sc="17" el="62" ec="31" bec="0" bev="0" fileid="101" />
                <SequencePoint vc="1" uspid="2324" ordinal="5" offset="2628" sl="64" sc="9" el="64" ec="10" bec="0" bev="0" fileid="101" />
              </SequencePoints>
              <BranchPoints />
              <MethodPoint vc="1" uspid="2325" ordinal="0" offset="0" />
            </Method>
            <Method visited="true" cyclomaticComplexity="2" nPathComplexity="0" sequenceCoverage="100" branchCoverage="100" isConstructor="false" isStatic="false" isGetter="false" isSetter="false">
              <Summary numSequencePoints="11" visitedSequencePoints="11" numBranchPoints="1" visitedBranchPoints="1" sequenceCoverage="100" branchCoverage="100" maxCyclomaticComplexity="2" minCyclomaticComplexity="2" visitedClasses="0" numClasses="0" visitedMethods="1" numMethods="1" />
              <MetadataToken>100663310</MetadataToken>
              <Name>System.Void TaskManagerAPI.DataAccess.TaskRepository.TaskDataRepository::DeleteTask(TaskManagerAPI.DataAccess.Entity.Task)</Name>
              <FileRef uid="101" />
              <SequencePoints>
                <SequencePoint vc="1" uspid="2326" ordinal="0" offset="0" sl="66" sc="9" el="66" ec="10" bec="0" bev="0" fileid="101" />
                <SequencePoint vc="1" uspid="2327" ordinal="1" offset="1" sl="67" sc="13" el="67" ec="69" bec="0" bev="0" fileid="101" />
                <SequencePoint vc="1" uspid="2328" ordinal="2" offset="16" sl="68" sc="13" el="68" ec="14" bec="0" bev="0" fileid="101" />
                <SequencePoint vc="1" uspid="2329" ordinal="3" offset="17" sl="69" sc="17" el="69" ec="40" bec="0" bev="0" fileid="101" />
                <SequencePoint vc="1" uspid="2330" ordinal="4" offset="25" sl="70" sc="17" el="70" ec="45" bec="0" bev="0" fileid="101" />
                <SequencePoint vc="1" uspid="2331" ordinal="5" offset="37" sl="71" sc="17" el="71" ec="51" bec="0" bev="0" fileid="101" />
                <SequencePoint vc="1" uspid="2332" ordinal="6" offset="54" sl="72" sc="17" el="72" ec="53" bec="0" bev="0" fileid="101" />
                <SequencePoint vc="1" uspid="2333" ordinal="7" offset="72" sl="73" sc="17" el="73" ec="97" bec="0" bev="0" fileid="101" />
                <SequencePoint vc="1" uspid="2334" ordinal="8" offset="92" sl="75" sc="17" el="75" ec="51" bec="0" bev="0" fileid="101" />
                <SequencePoint vc="1" uspid="2335" ordinal="9" offset="104" sl="76" sc="13" el="76" ec="14" bec="0" bev="0" fileid="101" />
                <SequencePoint vc="1" uspid="2336" ordinal="10" offset="118" sl="77" sc="9" el="77" ec="10" bec="0" bev="0" fileid="101" />
              </SequencePoints>
              <BranchPoints />
              <MethodPoint xsi:type="SequencePoint" vc="1" uspid="2326" ordinal="0" offset="0" sl="66" sc="9" el="66" ec="10" bec="0" bev="0" fileid="101" />
            </Method>
            <Method visited="true" cyclomaticComplexity="2" nPathComplexity="0" sequenceCoverage="100" branchCoverage="100" isConstructor="false" isStatic="false" isGetter="false" isSetter="false">
              <Summary numSequencePoints="6" visitedSequencePoints="6" numBranchPoints="1" visitedBranchPoints="1" sequenceCoverage="100" branchCoverage="100" maxCyclomaticComplexity="2" minCyclomaticComplexity="2" visitedClasses="0" numClasses="0" visitedMethods="1" numMethods="1" />
              <MetadataToken>100663311</MetadataToken>
              <Name>TaskManagerApi.Models.Models.TaskModel TaskManagerAPI.DataAccess.TaskRepository.TaskDataRepository::GetTaskDetailsById(System.Int32)</Name>
              <FileRef uid="101" />
              <SequencePoints>
                <SequencePoint vc="2" uspid="2337" ordinal="0" offset="13" sl="79" sc="9" el="79" ec="10" bec="0" bev="0" fileid="101" />
                <SequencePoint vc="2" uspid="2338" ordinal="1" offset="14" sl="80" sc="13" el="80" ec="68" bec="0" bev="0" fileid="101" />
                <SequencePoint vc="2" uspid="2339" ordinal="2" offset="29" sl="81" sc="13" el="81" ec="14" bec="0" bev="0" fileid="101" />
                <SequencePoint vc="2" uspid="2340" ordinal="3" offset="30" sl="82" sc="17" el="97" ec="51" bec="0" bev="0" fileid="101" />
                <SequencePoint vc="2" uspid="2341" ordinal="4" offset="715" sl="98" sc="17" el="98" ec="31" bec="0" bev="0" fileid="101" />
                <SequencePoint vc="2" uspid="2342" ordinal="5" offset="731" sl="100" sc="9" el="100" ec="10" bec="0" bev="0" fileid="101" />
              </SequencePoints>
              <BranchPoints />
              <MethodPoint vc="2" uspid="2343" ordinal="0" offset="0" />
            </Method>
            <Method visited="true" cyclomaticComplexity="2" nPathComplexity="0" sequenceCoverage="100" branchCoverage="100" isConstructor="false" isStatic="false" isGetter="false" isSetter="false">
              <Summary numSequencePoints="6" visitedSequencePoints="6" numBranchPoints="1" visitedBranchPoints="1" sequenceCoverage="100" branchCoverage="100" maxCyclomaticComplexity="2" minCyclomaticComplexity="2" visitedClasses="0" numClasses="0" visitedMethods="1" numMethods="1" />
              <MetadataToken>100663312</MetadataToken>
              <Name>System.Collections.Generic.List`1&lt;TaskManagerApi.Models.Models.TaskDetailsModel&gt; TaskManagerAPI.DataAccess.TaskRepository.TaskDataRepository::GetParentTaskDetails()</Name>
              <FileRef uid="101" />
              <SequencePoints>
                <SequencePoint vc="1" uspid="2344" ordinal="0" offset="0" sl="102" sc="9" el="102" ec="10" bec="0" bev="0" fileid="101" />
                <SequencePoint vc="1" uspid="2345" ordinal="1" offset="1" sl="103" sc="13" el="103" ec="68" bec="0" bev="0" fileid="101" />
                <SequencePoint vc="1" uspid="2346" ordinal="2" offset="16" sl="104" sc="13" el="104" ec="14" bec="0" bev="0" fileid="101" />
                <SequencePoint vc="1" uspid="2347" ordinal="3" offset="17" sl="105" sc="17" el="107" ec="63" bec="0" bev="0" fileid="101" />
                <SequencePoint vc="1" uspid="2348" ordinal="4" offset="189" sl="108" sc="17" el="108" ec="31" bec="0" bev="0" fileid="101" />
                <SequencePoint vc="1" uspid="2349" ordinal="5" offset="205" sl="110" sc="9" el="110" ec="10" bec="0" bev="0" fileid="101" />
              </SequencePoints>
              <BranchPoints />
              <MethodPoint xsi:type="SequencePoint" vc="1" uspid="2344" ordinal="0" offset="0" sl="102" sc="9" el="102" ec="10" bec="0" bev="0" fileid="101" />
            </Method>
            <Method visited="true" cyclomaticComplexity="1" nPathComplexity="0" sequenceCoverage="0" branchCoverage="0" isConstructor="true" isStatic="false" isGetter="false" isSetter="false">
              <Summary numSequencePoints="0" visitedSequencePoints="0" numBranchPoints="0" visitedBranchPoints="0" sequenceCoverage="0" branchCoverage="0" maxCyclomaticComplexity="1" minCyclomaticComplexity="1" visitedClasses="0" numClasses="0" visitedMethods="0" numMethods="0" />
              <MetadataToken>100663313</MetadataToken>
              <Name>System.Void TaskManagerAPI.DataAccess.TaskRepository.TaskDataRepository::.ctor()</Name>
              <SequencePoints />
              <BranchPoints />
              <MethodPoint vc="1" uspid="2350" ordinal="0" offset="0" />
            </Method>
          </Methods>
        </Class>
        <Class>
          <Summary numSequencePoints="0" visitedSequencePoints="0" numBranchPoints="0" visitedBranchPoints="0" sequenceCoverage="0" branchCoverage="0" maxCyclomaticComplexity="1" minCyclomaticComplexity="1" visitedClasses="0" numClasses="0" visitedMethods="0" numMethods="0" />
          <FullName>TaskManagerAPI.DataAccess.TaskRepository.TaskDataRepository/&lt;&gt;c__DisplayClass2_0</FullName>
          <Methods>
            <Method visited="true" cyclomaticComplexity="1" nPathComplexity="0" sequenceCoverage="0" branchCoverage="0" isConstructor="true" isStatic="false" isGetter="false" isSetter="false">
              <Summary numSequencePoints="0" visitedSequencePoints="0" numBranchPoints="0" visitedBranchPoints="0" sequenceCoverage="0" branchCoverage="0" maxCyclomaticComplexity="1" minCyclomaticComplexity="1" visitedClasses="0" numClasses="0" visitedMethods="0" numMethods="0" />
              <MetadataToken>100663360</MetadataToken>
              <Name>System.Void TaskManagerAPI.DataAccess.TaskRepository.TaskDataRepository/&lt;&gt;c__DisplayClass2_0::.ctor()</Name>
              <SequencePoints />
              <BranchPoints />
              <MethodPoint vc="1" uspid="2351" ordinal="0" offset="0" />
            </Method>
          </Methods>
        </Class>
        <Class>
          <Summary numSequencePoints="0" visitedSequencePoints="0" numBranchPoints="0" visitedBranchPoints="0" sequenceCoverage="0" branchCoverage="0" maxCyclomaticComplexity="1" minCyclomaticComplexity="1" visitedClasses="0" numClasses="0" visitedMethods="0" numMethods="0" />
          <FullName>TaskManagerAPI.DataAccess.TaskRepository.TaskDataRepository/&lt;&gt;c__DisplayClass4_0</FullName>
          <Methods>
            <Method visited="true" cyclomaticComplexity="1" nPathComplexity="0" sequenceCoverage="0" branchCoverage="0" isConstructor="true" isStatic="false" isGetter="false" isSetter="false">
              <Summary numSequencePoints="0" visitedSequencePoints="0" numBranchPoints="0" visitedBranchPoints="0" sequenceCoverage="0" branchCoverage="0" maxCyclomaticComplexity="1" minCyclomaticComplexity="1" visitedClasses="0" numClasses="0" visitedMethods="0" numMethods="0" />
              <MetadataToken>100663361</MetadataToken>
              <Name>System.Void TaskManagerAPI.DataAccess.TaskRepository.TaskDataRepository/&lt;&gt;c__DisplayClass4_0::.ctor()</Name>
              <SequencePoints />
              <BranchPoints />
              <MethodPoint vc="2" uspid="2352" ordinal="0" offset="0" />
            </Method>
          </Methods>
        </Class>
        <Class>
          <Summary numSequencePoints="18" visitedSequencePoints="0" numBranchPoints="15" visitedBranchPoints="0" sequenceCoverage="0" branchCoverage="0" maxCyclomaticComplexity="1" minCyclomaticComplexity="1" visitedClasses="0" numClasses="1" visitedMethods="0" numMethods="15" />
          <FullName>TaskManagerAPI.DataAccess.Entity.Parent_Task</FullName>
          <Methods>
            <Method visited="false" cyclomaticComplexity="1" nPathComplexity="0" sequenceCoverage="0" branchCoverage="0" isConstructor="false" isStatic="false" isGetter="true" isSetter="false">
              <Summary numSequencePoints="1" visitedSequencePoints="0" numBranchPoints="1" visitedBranchPoints="0" sequenceCoverage="0" branchCoverage="0" maxCyclomaticComplexity="1" minCyclomaticComplexity="1" visitedClasses="0" numClasses="0" visitedMethods="0" numMethods="1" />
              <MetadataToken>100663315</MetadataToken>
              <Name>System.Int32 TaskManagerAPI.DataAccess.Entity.Parent_Task::get_Parent_Task_Id()</Name>
              <FileRef uid="102" />
              <SequencePoints>
                <SequencePoint vc="0" uspid="2353" ordinal="0" offset="0" sl="23" sc="37" el="23" ec="41" bec="0" bev="0" fileid="102" />
              </SequencePoints>
              <BranchPoints />
              <MethodPoint xsi:type="SequencePoint" vc="0" uspid="2353" ordinal="0" offset="0" sl="23" sc="37" el="23" ec="41" bec="0" bev="0" fileid="102" />
            </Method>
            <Method visited="false" cyclomaticComplexity="1" nPathComplexity="0" sequenceCoverage="0" branchCoverage="0" isConstructor="false" isStatic="false" isGetter="false" isSetter="true">
              <Summary numSequencePoints="1" visitedSequencePoints="0" numBranchPoints="1" visitedBranchPoints="0" sequenceCoverage="0" branchCoverage="0" maxCyclomaticComplexity="1" minCyclomaticComplexity="1" visitedClasses="0" numClasses="0" visitedMethods="0" numMethods="1" />
              <MetadataToken>100663316</MetadataToken>
              <Name>System.Void TaskManagerAPI.DataAccess.Entity.Parent_Task::set_Parent_Task_Id(System.Int32)</Name>
              <FileRef uid="102" />
              <SequencePoints>
                <SequencePoint vc="0" uspid="2354" ordinal="0" offset="0" sl="23" sc="42" el="23" ec="46" bec="0" bev="0" fileid="102" />
              </SequencePoints>
              <BranchPoints />
              <MethodPoint xsi:type="SequencePoint" vc="0" uspid="2354" ordinal="0" offset="0" sl="23" sc="42" el="23" ec="46" bec="0" bev="0" fileid="102" />
            </Method>
            <Method visited="false" cyclomaticComplexity="1" nPathComplexity="0" sequenceCoverage="0" branchCoverage="0" isConstructor="false" isStatic="false" isGetter="true" isSetter="false">
              <Summary numSequencePoints="1" visitedSequencePoints="0" numBranchPoints="1" visitedBranchPoints="0" sequenceCoverage="0" branchCoverage="0" maxCyclomaticComplexity="1" minCyclomaticComplexity="1" visitedClasses="0" numClasses="0" visitedMethods="0" numMethods="1" />
              <MetadataToken>100663317</MetadataToken>
              <Name>System.String TaskManagerAPI.DataAccess.Entity.Parent_Task::get_Parent_Task1()</Name>
              <FileRef uid="102" />
              <SequencePoints>
                <SequencePoint vc="0" uspid="2355" ordinal="0" offset="0" sl="24" sc="38" el="24" ec="42" bec="0" bev="0" fileid="102" />
              </SequencePoints>
              <BranchPoints />
              <MethodPoint xsi:type="SequencePoint" vc="0" uspid="2355" ordinal="0" offset="0" sl="24" sc="38" el="24" ec="42" bec="0" bev="0" fileid="102" />
            </Method>
            <Method visited="false" cyclomaticComplexity="1" nPathComplexity="0" sequenceCoverage="0" branchCoverage="0" isConstructor="false" isStatic="false" isGetter="false" isSetter="true">
              <Summary numSequencePoints="1" visitedSequencePoints="0" numBranchPoints="1" visitedBranchPoints="0" sequenceCoverage="0" branchCoverage="0" maxCyclomaticComplexity="1" minCyclomaticComplexity="1" visitedClasses="0" numClasses="0" visitedMethods="0" numMethods="1" />
              <MetadataToken>100663318</MetadataToken>
              <Name>System.Void TaskManagerAPI.DataAccess.Entity.Parent_Task::set_Parent_Task1(System.String)</Name>
              <FileRef uid="102" />
              <SequencePoints>
                <SequencePoint vc="0" uspid="2356" ordinal="0" offset="0" sl="24" sc="43" el="24" ec="47" bec="0" bev="0" fileid="102" />
              </SequencePoints>
              <BranchPoints />
              <MethodPoint xsi:type="SequencePoint" vc="0" uspid="2356" ordinal="0" offset="0" sl="24" sc="43" el="24" ec="47" bec="0" bev="0" fileid="102" />
            </Method>
            <Method visited="false" cyclomaticComplexity="1" nPathComplexity="0" sequenceCoverage="0" branchCoverage="0" isConstructor="false" isStatic="false" isGetter="true" isSetter="false">
              <Summary numSequencePoints="1" visitedSequencePoints="0" numBranchPoints="1" visitedBranchPoints="0" sequenceCoverage="0" branchCoverage="0" maxCyclomaticComplexity="1" minCyclomaticComplexity="1" visitedClasses="0" numClasses="0" visitedMethods="0" numMethods="1" />
              <MetadataToken>100663319</MetadataToken>
              <Name>System.String TaskManagerAPI.DataAccess.Entity.Parent_Task::get_Created_By()</Name>
              <FileRef uid="102" />
              <SequencePoints>
                <SequencePoint vc="0" uspid="2357" ordinal="0" offset="0" sl="25" sc="36" el="25" ec="40" bec="0" bev="0" fileid="102" />
              </SequencePoints>
              <BranchPoints />
              <MethodPoint xsi:type="SequencePoint" vc="0" uspid="2357" ordinal="0" offset="0" sl="25" sc="36" el="25" ec="40" bec="0" bev="0" fileid="102" />
            </Method>
            <Method visited="false" cyclomaticComplexity="1" nPathComplexity="0" sequenceCoverage="0" branchCoverage="0" isConstructor="false" isStatic="false" isGetter="false" isSetter="true">
              <Summary numSequencePoints="1" visitedSequencePoints="0" numBranchPoints="1" visitedBranchPoints="0" sequenceCoverage="0" branchCoverage="0" maxCyclomaticComplexity="1" minCyclomaticComplexity="1" visitedClasses="0" numClasses="0" visitedMethods="0" numMethods="1" />
              <MetadataToken>100663320</MetadataToken>
              <Name>System.Void TaskManagerAPI.DataAccess.Entity.Parent_Task::set_Created_By(System.String)</Name>
              <FileRef uid="102" />
              <SequencePoints>
                <SequencePoint vc="0" uspid="2358" ordinal="0" offset="0" sl="25" sc="41" el="25" ec="45" bec="0" bev="0" fileid="102" />
              </SequencePoints>
              <BranchPoints />
              <MethodPoint xsi:type="SequencePoint" vc="0" uspid="2358" ordinal="0" offset="0" sl="25" sc="41" el="25" ec="45" bec="0" bev="0" fileid="102" />
            </Method>
            <Method visited="false" cyclomaticComplexity="1" nPathComplexity="0" sequenceCoverage="0" branchCoverage="0" isConstructor="false" isStatic="false" isGetter="true" isSetter="false">
              <Summary numSequencePoints="1" visitedSequencePoints="0" numBranchPoints="1" visitedBranchPoints="0" sequenceCoverage="0" branchCoverage="0" maxCyclomaticComplexity="1" minCyclomaticComplexity="1" visitedClasses="0" numClasses="0" visitedMethods="0" numMethods="1" />
              <MetadataToken>100663321</MetadataToken>
              <Name>System.DateTime TaskManagerAPI.DataAccess.Entity.Parent_Task::get_Created_Date()</Name>
              <FileRef uid="102" />
              <SequencePoints>
                <SequencePoint vc="0" uspid="2359" ordinal="0" offset="0" sl="26" sc="47" el="26" ec="51" bec="0" bev="0" fileid="102" />
              </SequencePoints>
              <BranchPoints />
              <MethodPoint xsi:type="SequencePoint" vc="0" uspid="2359" ordinal="0" offset="0" sl="26" sc="47" el="26" ec="51" bec="0" bev="0" fileid="102" />
            </Method>
            <Method visited="false" cyclomaticComplexity="1" nPathComplexity="0" sequenceCoverage="0" branchCoverage="0" isConstructor="false" isStatic="false" isGetter="false" isSetter="true">
              <Summary numSequencePoints="1" visitedSequencePoints="0" numBranchPoints="1" visitedBranchPoints="0" sequenceCoverage="0" branchCoverage="0" maxCyclomaticComplexity="1" minCyclomaticComplexity="1" visitedClasses="0" numClasses="0" visitedMethods="0" numMethods="1" />
              <MetadataToken>100663322</MetadataToken>
              <Name>System.Void TaskManagerAPI.DataAccess.Entity.Parent_Task::set_Created_Date(System.DateTime)</Name>
              <FileRef uid="102" />
              <SequencePoints>
                <SequencePoint vc="0" uspid="2360" ordinal="0" offset="0" sl="26" sc="52" el="26" ec="56" bec="0" bev="0" fileid="102" />
              </SequencePoints>
              <BranchPoints />
              <MethodPoint xsi:type="SequencePoint" vc="0" uspid="2360" ordinal="0" offset="0" sl="26" sc="52" el="26" ec="56" bec="0" bev="0" fileid="102" />
            </Method>
            <Method visited="false" cyclomaticComplexity="1" nPathComplexity="0" sequenceCoverage="0" branchCoverage="0" isConstructor="false" isStatic="false" isGetter="true" isSetter="false">
              <Summary numSequencePoints="1" visitedSequencePoints="0" numBranchPoints="1" visitedBranchPoints="0" sequenceCoverage="0" branchCoverage="0" maxCyclomaticComplexity="1" minCyclomaticComplexity="1" visitedClasses="0" numClasses="0" visitedMethods="0" numMethods="1" />
              <MetadataToken>100663323</MetadataToken>
              <Name>System.String TaskManagerAPI.DataAccess.Entity.Parent_Task::get_Modified_By()</Name>
              <FileRef uid="102" />
              <SequencePoints>
                <SequencePoint vc="0" uspid="2361" ordinal="0" offset="0" sl="27" sc="37" el="27" ec="41" bec="0" bev="0" fileid="102" />
              </SequencePoints>
              <BranchPoints />
              <MethodPoint xsi:type="SequencePoint" vc="0" uspid="2361" ordinal="0" offset="0" sl="27" sc="37" el="27" ec="41" bec="0" bev="0" fileid="102" />
            </Method>
            <Method visited="false" cyclomaticComplexity="1" nPathComplexity="0" sequenceCoverage="0" branchCoverage="0" isConstructor="false" isStatic="false" isGetter="false" isSetter="true">
              <Summary numSequencePoints="1" visitedSequencePoints="0" numBranchPoints="1" visitedBranchPoints="0" sequenceCoverage="0" branchCoverage="0" maxCyclomaticComplexity="1" minCyclomaticComplexity="1" visitedClasses="0" numClasses="0" visitedMethods="0" numMethods="1" />
              <MetadataToken>100663324</MetadataToken>
              <Name>System.Void TaskManagerAPI.DataAccess.Entity.Parent_Task::set_Modified_By(System.String)</Name>
              <FileRef uid="102" />
              <SequencePoints>
                <SequencePoint vc="0" uspid="2362" ordinal="0" offset="0" sl="27" sc="42" el="27" ec="46" bec="0" bev="0" fileid="102" />
              </SequencePoints>
              <BranchPoints />
              <MethodPoint xsi:type="SequencePoint" vc="0" uspid="2362" ordinal="0" offset="0" sl="27" sc="42" el="27" ec="46" bec="0" bev="0" fileid="102" />
            </Method>
            <Method visited="false" cyclomaticComplexity="1" nPathComplexity="0" sequenceCoverage="0" branchCoverage="0" isConstructor="false" isStatic="false" isGetter="true" isSetter="false">
              <Summary numSequencePoints="1" visitedSequencePoints="0" numBranchPoints="1" visitedBranchPoints="0" sequenceCoverage="0" branchCoverage="0" maxCyclomaticComplexity="1" minCyclomaticComplexity="1" visitedClasses="0" numClasses="0" visitedMethods="0" numMethods="1" />
              <MetadataToken>100663325</MetadataToken>
              <Name>System.Nullable`1&lt;System.DateTime&gt; TaskManagerAPI.DataAccess.Entity.Parent_Task::get_Modified_Date()</Name>
              <FileRef uid="102" />
              <SequencePoints>
                <SequencePoint vc="0" uspid="2363" ordinal="0" offset="0" sl="28" sc="58" el="28" ec="62" bec="0" bev="0" fileid="102" />
              </SequencePoints>
              <BranchPoints />
              <MethodPoint xsi:type="SequencePoint" vc="0" uspid="2363" ordinal="0" offset="0" sl="28" sc="58" el="28" ec="62" bec="0" bev="0" fileid="102" />
            </Method>
            <Method visited="false" cyclomaticComplexity="1" nPathComplexity="0" sequenceCoverage="0" branchCoverage="0" isConstructor="false" isStatic="false" isGetter="false" isSetter="true">
              <Summary numSequencePoints="1" visitedSequencePoints="0" numBranchPoints="1" visitedBranchPoints="0" sequenceCoverage="0" branchCoverage="0" maxCyclomaticComplexity="1" minCyclomaticComplexity="1" visitedClasses="0" numClasses="0" visitedMethods="0" numMethods="1" />
              <MetadataToken>100663326</MetadataToken>
              <Name>System.Void TaskManagerAPI.DataAccess.Entity.Parent_Task::set_Modified_Date(System.Nullable`1&lt;System.DateTime&gt;)</Name>
              <FileRef uid="102" />
              <SequencePoints>
                <SequencePoint vc="0" uspid="2364" ordinal="0" offset="0" sl="28" sc="63" el="28" ec="67" bec="0" bev="0" fileid="102" />
              </SequencePoints>
              <BranchPoints />
              <MethodPoint xsi:type="SequencePoint" vc="0" uspid="2364" ordinal="0" offset="0" sl="28" sc="63" el="28" ec="67" bec="0" bev="0" fileid="102" />
            </Method>
            <Method visited="false" cyclomaticComplexity="1" nPathComplexity="0" sequenceCoverage="0" branchCoverage="0" isConstructor="false" isStatic="false" isGetter="true" isSetter="false">
              <Summary numSequencePoints="1" visitedSequencePoints="0" numBranchPoints="1" visitedBranchPoints="0" sequenceCoverage="0" branchCoverage="0" maxCyclomaticComplexity="1" minCyclomaticComplexity="1" visitedClasses="0" numClasses="0" visitedMethods="0" numMethods="1" />
              <MetadataToken>100663327</MetadataToken>
              <Name>System.Collections.Generic.ICollection`1&lt;TaskManagerAPI.DataAccess.Entity.Task&gt; TaskManagerAPI.DataAccess.Entity.Parent_Task::get_Tasks()</Name>
              <FileRef uid="102" />
              <SequencePoints>
                <SequencePoint vc="0" uspid="2365" ordinal="0" offset="0" sl="31" sc="50" el="31" ec="54" bec="0" bev="0" fileid="102" />
              </SequencePoints>
              <BranchPoints />
              <MethodPoint xsi:type="SequencePoint" vc="0" uspid="2365" ordinal="0" offset="0" sl="31" sc="50" el="31" ec="54" bec="0" bev="0" fileid="102" />
            </Method>
            <Method visited="false" cyclomaticComplexity="1" nPathComplexity="0" sequenceCoverage="0" branchCoverage="0" isConstructor="false" isStatic="false" isGetter="false" isSetter="true">
              <Summary numSequencePoints="1" visitedSequencePoints="0" numBranchPoints="1" visitedBranchPoints="0" sequenceCoverage="0" branchCoverage="0" maxCyclomaticComplexity="1" minCyclomaticComplexity="1" visitedClasses="0" numClasses="0" visitedMethods="0" numMethods="1" />
              <MetadataToken>100663328</MetadataToken>
              <Name>System.Void TaskManagerAPI.DataAccess.Entity.Parent_Task::set_Tasks(System.Collections.Generic.ICollection`1&lt;TaskManagerAPI.DataAccess.Entity.Task&gt;)</Name>
              <FileRef uid="102" />
              <SequencePoints>
                <SequencePoint vc="0" uspid="2366" ordinal="0" offset="0" sl="31" sc="55" el="31" ec="59" bec="0" bev="0" fileid="102" />
              </SequencePoints>
              <BranchPoints />
              <MethodPoint xsi:type="SequencePoint" vc="0" uspid="2366" ordinal="0" offset="0" sl="31" sc="55" el="31" ec="59" bec="0" bev="0" fileid="102" />
            </Method>
            <Method visited="false" cyclomaticComplexity="1" nPathComplexity="0" sequenceCoverage="0" branchCoverage="0" isConstructor="true" isStatic="false" isGetter="false" isSetter="false">
              <Summary numSequencePoints="4" visitedSequencePoints="0" numBranchPoints="1" visitedBranchPoints="0" sequenceCoverage="0" branchCoverage="0" maxCyclomaticComplexity="1" minCyclomaticComplexity="1" visitedClasses="0" numClasses="0" visitedMethods="0" numMethods="1" />
              <MetadataToken>100663314</MetadataToken>
              <Name>System.Void TaskManagerAPI.DataAccess.Entity.Parent_Task::.ctor()</Name>
              <FileRef uid="102" />
              <SequencePoints>
                <SequencePoint vc="0" uspid="2367" ordinal="0" offset="0" sl="18" sc="9" el="18" ec="29" bec="0" bev="0" fileid="102" />
                <SequencePoint vc="0" uspid="2368" ordinal="1" offset="7" sl="19" sc="9" el="19" ec="10" bec="0" bev="0" fileid="102" />
                <SequencePoint vc="0" uspid="2369" ordinal="2" offset="8" sl="20" sc="13" el="20" ec="46" bec="0" bev="0" fileid="102" />
                <SequencePoint vc="0" uspid="2370" ordinal="3" offset="20" sl="21" sc="9" el="21" ec="10" bec="0" bev="0" fileid="102" />
              </SequencePoints>
              <BranchPoints />
              <MethodPoint xsi:type="SequencePoint" vc="0" uspid="2367" ordinal="0" offset="0" sl="18" sc="9" el="18" ec="29" bec="0" bev="0" fileid="102" />
            </Method>
          </Methods>
        </Class>
        <Class>
          <Summary numSequencePoints="24" visitedSequencePoints="23" numBranchPoints="24" visitedBranchPoints="23" sequenceCoverage="95.83" branchCoverage="95.83" maxCyclomaticComplexity="1" minCyclomaticComplexity="1" visitedClasses="1" numClasses="1" visitedMethods="23" numMethods="24" />
          <FullName>TaskManagerAPI.DataAccess.Entity.Task</FullName>
          <Methods>
            <Method visited="true" cyclomaticComplexity="1" nPathComplexity="0" sequenceCoverage="100" branchCoverage="100" isConstructor="false" isStatic="false" isGetter="true" isSetter="false">
              <Summary numSequencePoints="1" visitedSequencePoints="1" numBranchPoints="1" visitedBranchPoints="1" sequenceCoverage="100" branchCoverage="100" maxCyclomaticComplexity="1" minCyclomaticComplexity="1" visitedClasses="0" numClasses="0" visitedMethods="1" numMethods="1" />
              <MetadataToken>100663329</MetadataToken>
              <Name>System.Int32 TaskManagerAPI.DataAccess.Entity.Task::get_Task_Id()</Name>
              <FileRef uid="103" />
              <SequencePoints>
                <SequencePoint vc="22" uspid="2371" ordinal="0" offset="0" sl="17" sc="30" el="17" ec="34" bec="0" bev="0" fileid="103" />
              </SequencePoints>
              <BranchPoints />
              <MethodPoint xsi:type="SequencePoint" vc="22" uspid="2371" ordinal="0" offset="0" sl="17" sc="30" el="17" ec="34" bec="0" bev="0" fileid="103" />
            </Method>
            <Method visited="true" cyclomaticComplexity="1" nPathComplexity="0" sequenceCoverage="100" branchCoverage="100" isConstructor="false" isStatic="false" isGetter="false" isSetter="true">
              <Summary numSequencePoints="1" visitedSequencePoints="1" numBranchPoints="1" visitedBranchPoints="1" sequenceCoverage="100" branchCoverage="100" maxCyclomaticComplexity="1" minCyclomaticComplexity="1" visitedClasses="0" numClasses="0" visitedMethods="1" numMethods="1" />
              <MetadataToken>100663330</MetadataToken>
              <Name>System.Void TaskManagerAPI.DataAccess.Entity.Task::set_Task_Id(System.Int32)</Name>
              <FileRef uid="103" />
              <SequencePoints>
                <SequencePoint vc="4" uspid="2372" ordinal="0" offset="0" sl="17" sc="35" el="17" ec="39" bec="0" bev="0" fileid="103" />
              </SequencePoints>
              <BranchPoints />
              <MethodPoint xsi:type="SequencePoint" vc="4" uspid="2372" ordinal="0" offset="0" sl="17" sc="35" el="17" ec="39" bec="0" bev="0" fileid="103" />
            </Method>
            <Method visited="true" cyclomaticComplexity="1" nPathComplexity="0" sequenceCoverage="100" branchCoverage="100" isConstructor="false" isStatic="false" isGetter="true" isSetter="false">
              <Summary numSequencePoints="1" visitedSequencePoints="1" numBranchPoints="1" visitedBranchPoints="1" sequenceCoverage="100" branchCoverage="100" maxCyclomaticComplexity="1" minCyclomaticComplexity="1" visitedClasses="0" numClasses="0" visitedMethods="1" numMethods="1" />
              <MetadataToken>100663331</MetadataToken>
              <Name>System.Int32 TaskManagerAPI.DataAccess.Entity.Task::get_Parent_Task_Id()</Name>
              <FileRef uid="103" />
              <SequencePoints>
                <SequencePoint vc="41" uspid="2373" ordinal="0" offset="0" sl="18" sc="37" el="18" ec="41" bec="0" bev="0" fileid="103" />
              </SequencePoints>
              <BranchPoints />
              <MethodPoint xsi:type="SequencePoint" vc="41" uspid="2373" ordinal="0" offset="0" sl="18" sc="37" el="18" ec="41" bec="0" bev="0" fileid="103" />
            </Method>
            <Method visited="true" cyclomaticComplexity="1" nPathComplexity="0" sequenceCoverage="100" branchCoverage="100" isConstructor="false" isStatic="false" isGetter="false" isSetter="true">
              <Summary numSequencePoints="1" visitedSequencePoints="1" numBranchPoints="1" visitedBranchPoints="1" sequenceCoverage="100" branchCoverage="100" maxCyclomaticComplexity="1" minCyclomaticComplexity="1" visitedClasses="0" numClasses="0" visitedMethods="1" numMethods="1" />
              <MetadataToken>100663332</MetadataToken>
              <Name>System.Void TaskManagerAPI.DataAccess.Entity.Task::set_Parent_Task_Id(System.Int32)</Name>
              <FileRef uid="103" />
              <SequencePoints>
                <SequencePoint vc="3" uspid="2374" ordinal="0" offset="0" sl="18" sc="42" el="18" ec="46" bec="0" bev="0" fileid="103" />
              </SequencePoints>
              <BranchPoints />
              <MethodPoint xsi:type="SequencePoint" vc="3" uspid="2374" ordinal="0" offset="0" sl="18" sc="42" el="18" ec="46" bec="0" bev="0" fileid="103" />
            </Method>
            <Method visited="true" cyclomaticComplexity="1" nPathComplexity="0" sequenceCoverage="100" branchCoverage="100" isConstructor="false" isStatic="false" isGetter="true" isSetter="false">
              <Summary numSequencePoints="1" visitedSequencePoints="1" numBranchPoints="1" visitedBranchPoints="1" sequenceCoverage="100" branchCoverage="100" maxCyclomaticComplexity="1" minCyclomaticComplexity="1" visitedClasses="0" numClasses="0" visitedMethods="1" numMethods="1" />
              <MetadataToken>100663333</MetadataToken>
              <Name>System.String TaskManagerAPI.DataAccess.Entity.Task::get_Task1()</Name>
              <FileRef uid="103" />
              <SequencePoints>
                <SequencePoint vc="17" uspid="2375" ordinal="0" offset="0" sl="19" sc="31" el="19" ec="35" bec="0" bev="0" fileid="103" />
              </SequencePoints>
              <BranchPoints />
              <MethodPoint xsi:type="SequencePoint" vc="17" uspid="2375" ordinal="0" offset="0" sl="19" sc="31" el="19" ec="35" bec="0" bev="0" fileid="103" />
            </Method>
            <Method visited="true" cyclomaticComplexity="1" nPathComplexity="0" sequenceCoverage="100" branchCoverage="100" isConstructor="false" isStatic="false" isGetter="false" isSetter="true">
              <Summary numSequencePoints="1" visitedSequencePoints="1" numBranchPoints="1" visitedBranchPoints="1" sequenceCoverage="100" branchCoverage="100" maxCyclomaticComplexity="1" minCyclomaticComplexity="1" visitedClasses="0" numClasses="0" visitedMethods="1" numMethods="1" />
              <MetadataToken>100663334</MetadataToken>
              <Name>System.Void TaskManagerAPI.DataAccess.Entity.Task::set_Task1(System.String)</Name>
              <FileRef uid="103" />
              <SequencePoints>
                <SequencePoint vc="3" uspid="2376" ordinal="0" offset="0" sl="19" sc="36" el="19" ec="40" bec="0" bev="0" fileid="103" />
              </SequencePoints>
              <BranchPoints />
              <MethodPoint xsi:type="SequencePoint" vc="3" uspid="2376" ordinal="0" offset="0" sl="19" sc="36" el="19" ec="40" bec="0" bev="0" fileid="103" />
            </Method>
            <Method visited="true" cyclomaticComplexity="1" nPathComplexity="0" sequenceCoverage="100" branchCoverage="100" isConstructor="false" isStatic="false" isGetter="true" isSetter="false">
              <Summary numSequencePoints="1" visitedSequencePoints="1" numBranchPoints="1" visitedBranchPoints="1" sequenceCoverage="100" branchCoverage="100" maxCyclomaticComplexity="1" minCyclomaticComplexity="1" visitedClasses="0" numClasses="0" visitedMethods="1" numMethods="1" />
              <MetadataToken>100663335</MetadataToken>
              <Name>System.DateTime TaskManagerAPI.DataAccess.Entity.Task::get_Start_Date()</Name>
              <FileRef uid="103" />
              <SequencePoints>
                <SequencePoint vc="14" uspid="2377" ordinal="0" offset="0" sl="20" sc="45" el="20" ec="49" bec="0" bev="0" fileid="103" />
              </SequencePoints>
              <BranchPoints />
              <MethodPoint xsi:type="SequencePoint" vc="14" uspid="2377" ordinal="0" offset="0" sl="20" sc="45" el="20" ec="49" bec="0" bev="0" fileid="103" />
            </Method>
            <Method visited="true" cyclomaticComplexity="1" nPathComplexity="0" sequenceCoverage="100" branchCoverage="100" isConstructor="false" isStatic="false" isGetter="false" isSetter="true">
              <Summary numSequencePoints="1" visitedSequencePoints="1" numBranchPoints="1" visitedBranchPoints="1" sequenceCoverage="100" branchCoverage="100" maxCyclomaticComplexity="1" minCyclomaticComplexity="1" visitedClasses="0" numClasses="0" visitedMethods="1" numMethods="1" />
              <MetadataToken>100663336</MetadataToken>
              <Name>System.Void TaskManagerAPI.DataAccess.Entity.Task::set_Start_Date(System.DateTime)</Name>
              <FileRef uid="103" />
              <SequencePoints>
                <SequencePoint vc="3" uspid="2378" ordinal="0" offset="0" sl="20" sc="50" el="20" ec="54" bec="0" bev="0" fileid="103" />
              </SequencePoints>
              <BranchPoints />
              <MethodPoint xsi:type="SequencePoint" vc="3" uspid="2378" ordinal="0" offset="0" sl="20" sc="50" el="20" ec="54" bec="0" bev="0" fileid="103" />
            </Method>
            <Method visited="true" cyclomaticComplexity="1" nPathComplexity="0" sequenceCoverage="100" branchCoverage="100" isConstructor="false" isStatic="false" isGetter="true" isSetter="false">
              <Summary numSequencePoints="1" visitedSequencePoints="1" numBranchPoints="1" visitedBranchPoints="1" sequenceCoverage="100" branchCoverage="100" maxCyclomaticComplexity="1" minCyclomaticComplexity="1" visitedClasses="0" numClasses="0" visitedMethods="1" numMethods="1" />
              <MetadataToken>100663337</MetadataToken>
              <Name>System.DateTime TaskManagerAPI.DataAccess.Entity.Task::get_End_Date()</Name>
              <FileRef uid="103" />
              <SequencePoints>
                <SequencePoint vc="14" uspid="2379" ordinal="0" offset="0" sl="21" sc="43" el="21" ec="47" bec="0" bev="0" fileid="103" />
              </SequencePoints>
              <BranchPoints />
              <MethodPoint xsi:type="SequencePoint" vc="14" uspid="2379" ordinal="0" offset="0" sl="21" sc="43" el="21" ec="47" bec="0" bev="0" fileid="103" />
            </Method>
            <Method visited="true" cyclomaticComplexity="1" nPathComplexity="0" sequenceCoverage="100" branchCoverage="100" isConstructor="false" isStatic="false" isGetter="false" isSetter="true">
              <Summary numSequencePoints="1" visitedSequencePoints="1" numBranchPoints="1" visitedBranchPoints="1" sequenceCoverage="100" branchCoverage="100" maxCyclomaticComplexity="1" minCyclomaticComplexity="1" visitedClasses="0" numClasses="0" visitedMethods="1" numMethods="1" />
              <MetadataToken>100663338</MetadataToken>
              <Name>System.Void TaskManagerAPI.DataAccess.Entity.Task::set_End_Date(System.DateTime)</Name>
              <FileRef uid="103" />
              <SequencePoints>
                <SequencePoint vc="3" uspid="2380" ordinal="0" offset="0" sl="21" sc="48" el="21" ec="52" bec="0" bev="0" fileid="103" />
              </SequencePoints>
              <BranchPoints />
              <MethodPoint xsi:type="SequencePoint" vc="3" uspid="2380" ordinal="0" offset="0" sl="21" sc="48" el="21" ec="52" bec="0" bev="0" fileid="103" />
            </Method>
            <Method visited="true" cyclomaticComplexity="1" nPathComplexity="0" sequenceCoverage="100" branchCoverage="100" isConstructor="false" isStatic="false" isGetter="true" isSetter="false">
              <Summary numSequencePoints="1" visitedSequencePoints="1" numBranchPoints="1" visitedBranchPoints="1" sequenceCoverage="100" branchCoverage="100" maxCyclomaticComplexity="1" minCyclomaticComplexity="1" visitedClasses="0" numClasses="0" visitedMethods="1" numMethods="1" />
              <MetadataToken>100663339</MetadataToken>
              <Name>System.Int32 TaskManagerAPI.DataAccess.Entity.Task::get_Priority()</Name>
              <FileRef uid="103" />
              <SequencePoints>
                <SequencePoint vc="14" uspid="2381" ordinal="0" offset="0" sl="22" sc="31" el="22" ec="35" bec="0" bev="0" fileid="103" />
              </SequencePoints>
              <BranchPoints />
              <MethodPoint xsi:type="SequencePoint" vc="14" uspid="2381" ordinal="0" offset="0" sl="22" sc="31" el="22" ec="35" bec="0" bev="0" fileid="103" />
            </Method>
            <Method visited="true" cyclomaticComplexity="1" nPathComplexity="0" sequenceCoverage="100" branchCoverage="100" isConstructor="false" isStatic="false" isGetter="false" isSetter="true">
              <Summary numSequencePoints="1" visitedSequencePoints="1" numBranchPoints="1" visitedBranchPoints="1" sequenceCoverage="100" branchCoverage="100" maxCyclomaticComplexity="1" minCyclomaticComplexity="1" visitedClasses="0" numClasses="0" visitedMethods="1" numMethods="1" />
              <MetadataToken>100663340</MetadataToken>
              <Name>System.Void TaskManagerAPI.DataAccess.Entity.Task::set_Priority(System.Int32)</Name>
              <FileRef uid="103" />
              <SequencePoints>
                <SequencePoint vc="3" uspid="2382" ordinal="0" offset="0" sl="22" sc="36" el="22" ec="40" bec="0" bev="0" fileid="103" />
              </SequencePoints>
              <BranchPoints />
              <MethodPoint xsi:type="SequencePoint" vc="3" uspid="2382" ordinal="0" offset="0" sl="22" sc="36" el="22" ec="40" bec="0" bev="0" fileid="103" />
            </Method>
            <Method visited="true" cyclomaticComplexity="1" nPathComplexity="0" sequenceCoverage="100" branchCoverage="100" isConstructor="false" isStatic="false" isGetter="true" isSetter="false">
              <Summary numSequencePoints="1" visitedSequencePoints="1" numBranchPoints="1" visitedBranchPoints="1" sequenceCoverage="100" branchCoverage="100" maxCyclomaticComplexity="1" minCyclomaticComplexity="1" visitedClasses="0" numClasses="0" visitedMethods="1" numMethods="1" />
              <MetadataToken>100663341</MetadataToken>
              <Name>System.Boolean TaskManagerAPI.DataAccess.Entity.Task::get_Is_Active()</Name>
              <FileRef uid="103" />
              <SequencePoints>
                <SequencePoint vc="14" uspid="2383" ordinal="0" offset="0" sl="23" sc="33" el="23" ec="37" bec="0" bev="0" fileid="103" />
              </SequencePoints>
              <BranchPoints />
              <MethodPoint xsi:type="SequencePoint" vc="14" uspid="2383" ordinal="0" offset="0" sl="23" sc="33" el="23" ec="37" bec="0" bev="0" fileid="103" />
            </Method>
            <Method visited="true" cyclomaticComplexity="1" nPathComplexity="0" sequenceCoverage="100" branchCoverage="100" isConstructor="false" isStatic="false" isGetter="false" isSetter="true">
              <Summary numSequencePoints="1" visitedSequencePoints="1" numBranchPoints="1" visitedBranchPoints="1" sequenceCoverage="100" branchCoverage="100" maxCyclomaticComplexity="1" minCyclomaticComplexity="1" visitedClasses="0" numClasses="0" visitedMethods="1" numMethods="1" />
              <MetadataToken>100663342</MetadataToken>
              <Name>System.Void TaskManagerAPI.DataAccess.Entity.Task::set_Is_Active(System.Boolean)</Name>
              <FileRef uid="103" />
              <SequencePoints>
                <SequencePoint vc="6" uspid="2384" ordinal="0" offset="0" sl="23" sc="38" el="23" ec="42" bec="0" bev="0" fileid="103" />
              </SequencePoints>
              <BranchPoints />
              <MethodPoint xsi:type="SequencePoint" vc="6" uspid="2384" ordinal="0" offset="0" sl="23" sc="38" el="23" ec="42" bec="0" bev="0" fileid="103" />
            </Method>
            <Method visited="true" cyclomaticComplexity="1" nPathComplexity="0" sequenceCoverage="100" branchCoverage="100" isConstructor="false" isStatic="false" isGetter="true" isSetter="false">
              <Summary numSequencePoints="1" visitedSequencePoints="1" numBranchPoints="1" visitedBranchPoints="1" sequenceCoverage="100" branchCoverage="100" maxCyclomaticComplexity="1" minCyclomaticComplexity="1" visitedClasses="0" numClasses="0" visitedMethods="1" numMethods="1" />
              <MetadataToken>100663343</MetadataToken>
              <Name>System.String TaskManagerAPI.DataAccess.Entity.Task::get_Created_By()</Name>
              <FileRef uid="103" />
              <SequencePoints>
                <SequencePoint vc="20" uspid="2385" ordinal="0" offset="0" sl="24" sc="36" el="24" ec="40" bec="0" bev="0" fileid="103" />
              </SequencePoints>
              <BranchPoints />
              <MethodPoint xsi:type="SequencePoint" vc="20" uspid="2385" ordinal="0" offset="0" sl="24" sc="36" el="24" ec="40" bec="0" bev="0" fileid="103" />
            </Method>
            <Method visited="true" cyclomaticComplexity="1" nPathComplexity="0" sequenceCoverage="100" branchCoverage="100" isConstructor="false" isStatic="false" isGetter="false" isSetter="true">
              <Summary numSequencePoints="1" visitedSequencePoints="1" numBranchPoints="1" visitedBranchPoints="1" sequenceCoverage="100" branchCoverage="100" maxCyclomaticComplexity="1" minCyclomaticComplexity="1" visitedClasses="0" numClasses="0" visitedMethods="1" numMethods="1" />
              <MetadataToken>100663344</MetadataToken>
              <Name>System.Void TaskManagerAPI.DataAccess.Entity.Task::set_Created_By(System.String)</Name>
              <FileRef uid="103" />
              <SequencePoints>
                <SequencePoint vc="4" uspid="2386" ordinal="0" offset="0" sl="24" sc="41" el="24" ec="45" bec="0" bev="0" fileid="103" />
              </SequencePoints>
              <BranchPoints />
              <MethodPoint xsi:type="SequencePoint" vc="4" uspid="2386" ordinal="0" offset="0" sl="24" sc="41" el="24" ec="45" bec="0" bev="0" fileid="103" />
            </Method>
            <Method visited="true" cyclomaticComplexity="1" nPathComplexity="0" sequenceCoverage="100" branchCoverage="100" isConstructor="false" isStatic="false" isGetter="true" isSetter="false">
              <Summary numSequencePoints="1" visitedSequencePoints="1" numBranchPoints="1" visitedBranchPoints="1" sequenceCoverage="100" branchCoverage="100" maxCyclomaticComplexity="1" minCyclomaticComplexity="1" visitedClasses="0" numClasses="0" visitedMethods="1" numMethods="1" />
              <MetadataToken>100663345</MetadataToken>
              <Name>System.DateTime TaskManagerAPI.DataAccess.Entity.Task::get_Created_Date()</Name>
              <FileRef uid="103" />
              <SequencePoints>
                <SequencePoint vc="14" uspid="2387" ordinal="0" offset="0" sl="25" sc="47" el="25" ec="51" bec="0" bev="0" fileid="103" />
              </SequencePoints>
              <BranchPoints />
              <MethodPoint xsi:type="SequencePoint" vc="14" uspid="2387" ordinal="0" offset="0" sl="25" sc="47" el="25" ec="51" bec="0" bev="0" fileid="103" />
            </Method>
            <Method visited="true" cyclomaticComplexity="1" nPathComplexity="0" sequenceCoverage="100" branchCoverage="100" isConstructor="false" isStatic="false" isGetter="false" isSetter="true">
              <Summary numSequencePoints="1" visitedSequencePoints="1" numBranchPoints="1" visitedBranchPoints="1" sequenceCoverage="100" branchCoverage="100" maxCyclomaticComplexity="1" minCyclomaticComplexity="1" visitedClasses="0" numClasses="0" visitedMethods="1" numMethods="1" />
              <MetadataToken>100663346</MetadataToken>
              <Name>System.Void TaskManagerAPI.DataAccess.Entity.Task::set_Created_Date(System.DateTime)</Name>
              <FileRef uid="103" />
              <SequencePoints>
                <SequencePoint vc="4" uspid="2388" ordinal="0" offset="0" sl="25" sc="52" el="25" ec="56" bec="0" bev="0" fileid="103" />
              </SequencePoints>
              <BranchPoints />
              <MethodPoint xsi:type="SequencePoint" vc="4" uspid="2388" ordinal="0" offset="0" sl="25" sc="52" el="25" ec="56" bec="0" bev="0" fileid="103" />
            </Method>
            <Method visited="true" cyclomaticComplexity="1" nPathComplexity="0" sequenceCoverage="100" branchCoverage="100" isConstructor="false" isStatic="false" isGetter="true" isSetter="false">
              <Summary numSequencePoints="1" visitedSequencePoints="1" numBranchPoints="1" visitedBranchPoints="1" sequenceCoverage="100" branchCoverage="100" maxCyclomaticComplexity="1" minCyclomaticComplexity="1" visitedClasses="0" numClasses="0" visitedMethods="1" numMethods="1" />
              <MetadataToken>100663347</MetadataToken>
              <Name>System.String TaskManagerAPI.DataAccess.Entity.Task::get_Modified_By()</Name>
              <FileRef uid="103" />
              <SequencePoints>
                <SequencePoint vc="17" uspid="2389" ordinal="0" offset="0" sl="26" sc="37" el="26" ec="41" bec="0" bev="0" fileid="103" />
              </SequencePoints>
              <BranchPoints />
              <MethodPoint xsi:type="SequencePoint" vc="17" uspid="2389" ordinal="0" offset="0" sl="26" sc="37" el="26" ec="41" bec="0" bev="0" fileid="103" />
            </Method>
            <Method visited="true" cyclomaticComplexity="1" nPathComplexity="0" sequenceCoverage="100" branchCoverage="100" isConstructor="false" isStatic="false" isGetter="false" isSetter="true">
              <Summary numSequencePoints="1" visitedSequencePoints="1" numBranchPoints="1" visitedBranchPoints="1" sequenceCoverage="100" branchCoverage="100" maxCyclomaticComplexity="1" minCyclomaticComplexity="1" visitedClasses="0" numClasses="0" visitedMethods="1" numMethods="1" />
              <MetadataToken>100663348</MetadataToken>
              <Name>System.Void TaskManagerAPI.DataAccess.Entity.Task::set_Modified_By(System.String)</Name>
              <FileRef uid="103" />
              <SequencePoints>
                <SequencePoint vc="5" uspid="2390" ordinal="0" offset="0" sl="26" sc="42" el="26" ec="46" bec="0" bev="0" fileid="103" />
              </SequencePoints>
              <BranchPoints />
              <MethodPoint xsi:type="SequencePoint" vc="5" uspid="2390" ordinal="0" offset="0" sl="26" sc="42" el="26" ec="46" bec="0" bev="0" fileid="103" />
            </Method>
            <Method visited="true" cyclomaticComplexity="1" nPathComplexity="0" sequenceCoverage="100" branchCoverage="100" isConstructor="false" isStatic="false" isGetter="true" isSetter="false">
              <Summary numSequencePoints="1" visitedSequencePoints="1" numBranchPoints="1" visitedBranchPoints="1" sequenceCoverage="100" branchCoverage="100" maxCyclomaticComplexity="1" minCyclomaticComplexity="1" visitedClasses="0" numClasses="0" visitedMethods="1" numMethods="1" />
              <MetadataToken>100663349</MetadataToken>
              <Name>System.Nullable`1&lt;System.DateTime&gt; TaskManagerAPI.DataAccess.Entity.Task::get_Modified_Date()</Name>
              <FileRef uid="103" />
              <SequencePoints>
                <SequencePoint vc="14" uspid="2391" ordinal="0" offset="0" sl="27" sc="58" el="27" ec="62" bec="0" bev="0" fileid="103" />
              </SequencePoints>
              <BranchPoints />
              <MethodPoint xsi:type="SequencePoint" vc="14" uspid="2391" ordinal="0" offset="0" sl="27" sc="58" el="27" ec="62" bec="0" bev="0" fileid="103" />
            </Method>
            <Method visited="true" cyclomaticComplexity="1" nPathComplexity="0" sequenceCoverage="100" branchCoverage="100" isConstructor="false" isStatic="false" isGetter="false" isSetter="true">
              <Summary numSequencePoints="1" visitedSequencePoints="1" numBranchPoints="1" visitedBranchPoints="1" sequenceCoverage="100" branchCoverage="100" maxCyclomaticComplexity="1" minCyclomaticComplexity="1" visitedClasses="0" numClasses="0" visitedMethods="1" numMethods="1" />
              <MetadataToken>100663350</MetadataToken>
              <Name>System.Void TaskManagerAPI.DataAccess.Entity.Task::set_Modified_Date(System.Nullable`1&lt;System.DateTime&gt;)</Name>
              <FileRef uid="103" />
              <SequencePoints>
                <SequencePoint vc="5" uspid="2392" ordinal="0" offset="0" sl="27" sc="63" el="27" ec="67" bec="0" bev="0" fileid="103" />
              </SequencePoints>
              <BranchPoints />
              <MethodPoint xsi:type="SequencePoint" vc="5" uspid="2392" ordinal="0" offset="0" sl="27" sc="63" el="27" ec="67" bec="0" bev="0" fileid="103" />
            </Method>
            <Method visited="true" cyclomaticComplexity="1" nPathComplexity="0" sequenceCoverage="100" branchCoverage="100" isConstructor="false" isStatic="false" isGetter="true" isSetter="false">
              <Summary numSequencePoints="1" visitedSequencePoints="1" numBranchPoints="1" visitedBranchPoints="1" sequenceCoverage="100" branchCoverage="100" maxCyclomaticComplexity="1" minCyclomaticComplexity="1" visitedClasses="0" numClasses="0" visitedMethods="1" numMethods="1" />
              <MetadataToken>100663351</MetadataToken>
              <Name>TaskManagerAPI.DataAccess.Entity.Parent_Task TaskManagerAPI.DataAccess.Entity.Task::get_Parent_Task()</Name>
              <FileRef uid="103" />
              <SequencePoints>
                <SequencePoint vc="12" uspid="2393" ordinal="0" offset="0" sl="29" sc="50" el="29" ec="54" bec="0" bev="0" fileid="103" />
              </SequencePoints>
              <BranchPoints />
              <MethodPoint xsi:type="SequencePoint" vc="12" uspid="2393" ordinal="0" offset="0" sl="29" sc="50" el="29" ec="54" bec="0" bev="0" fileid="103" />
            </Method>
            <Method visited="false" cyclomaticComplexity="1" nPathComplexity="0" sequenceCoverage="0" branchCoverage="0" isConstructor="false" isStatic="false" isGetter="false" isSetter="true">
              <Summary numSequencePoints="1" visitedSequencePoints="0" numBranchPoints="1" visitedBranchPoints="0" sequenceCoverage="0" branchCoverage="0" maxCyclomaticComplexity="1" minCyclomaticComplexity="1" visitedClasses="0" numClasses="0" visitedMethods="0" numMethods="1" />
              <MetadataToken>100663352</MetadataToken>
              <Name>System.Void TaskManagerAPI.DataAccess.Entity.Task::set_Parent_Task(TaskManagerAPI.DataAccess.Entity.Parent_Task)</Name>
              <FileRef uid="103" />
              <SequencePoints>
                <SequencePoint vc="0" uspid="2394" ordinal="0" offset="0" sl="29" sc="55" el="29" ec="59" bec="0" bev="0" fileid="103" />
              </SequencePoints>
              <BranchPoints />
              <MethodPoint xsi:type="SequencePoint" vc="0" uspid="2394" ordinal="0" offset="0" sl="29" sc="55" el="29" ec="59" bec="0" bev="0" fileid="103" />
            </Method>
            <Method visited="true" cyclomaticComplexity="1" nPathComplexity="0" sequenceCoverage="0" branchCoverage="0" isConstructor="true" isStatic="false" isGetter="false" isSetter="false">
              <Summary numSequencePoints="0" visitedSequencePoints="0" numBranchPoints="0" visitedBranchPoints="0" sequenceCoverage="0" branchCoverage="0" maxCyclomaticComplexity="1" minCyclomaticComplexity="1" visitedClasses="0" numClasses="0" visitedMethods="0" numMethods="0" />
              <MetadataToken>100663353</MetadataToken>
              <Name>System.Void TaskManagerAPI.DataAccess.Entity.Task::.ctor()</Name>
              <SequencePoints />
              <BranchPoints />
              <MethodPoint vc="3" uspid="2395" ordinal="0" offset="0" />
            </Method>
          </Methods>
        </Class>
        <Class>
          <Summary numSequencePoints="9" visitedSequencePoints="7" numBranchPoints="6" visitedBranchPoints="5" sequenceCoverage="77.78" branchCoverage="83.33" maxCyclomaticComplexity="1" minCyclomaticComplexity="1" visitedClasses="1" numClasses="1" visitedMethods="5" numMethods="6" />
          <FullName>TaskManagerAPI.DataAccess.Entity.TaskManagerEntities</FullName>
          <Methods>
            <Method visited="true" cyclomaticComplexity="1" nPathComplexity="0" sequenceCoverage="100" branchCoverage="100" isConstructor="false" isStatic="false" isGetter="true" isSetter="false">
              <Summary numSequencePoints="1" visitedSequencePoints="1" numBranchPoints="1" visitedBranchPoints="1" sequenceCoverage="100" branchCoverage="100" maxCyclomaticComplexity="1" minCyclomaticComplexity="1" visitedClasses="0" numClasses="0" visitedMethods="1" numMethods="1" />
              <MetadataToken>100663356</MetadataToken>
              <Name>System.Data.Entity.DbSet`1&lt;TaskManagerAPI.DataAccess.Entity.Parent_Task&gt; TaskManagerAPI.DataAccess.Entity.TaskManagerEntities::get_Parent_Task()</Name>
              <FileRef uid="104" />
              <SequencePoints>
                <SequencePoint vc="2" uspid="2396" ordinal="0" offset="0" sl="28" sc="57" el="28" ec="61" bec="0" bev="0" fileid="104" />
              </SequencePoints>
              <BranchPoints />
              <MethodPoint xsi:type="SequencePoint" vc="2" uspid="2396" ordinal="0" offset="0" sl="28" sc="57" el="28" ec="61" bec="0" bev="0" fileid="104" />
            </Method>
            <Method visited="true" cyclomaticComplexity="1" nPathComplexity="0" sequenceCoverage="100" branchCoverage="100" isConstructor="false" isStatic="false" isGetter="false" isSetter="true">
              <Summary numSequencePoints="1" visitedSequencePoints="1" numBranchPoints="1" visitedBranchPoints="1" sequenceCoverage="100" branchCoverage="100" maxCyclomaticComplexity="1" minCyclomaticComplexity="1" visitedClasses="0" numClasses="0" visitedMethods="1" numMethods="1" />
              <MetadataToken>100663357</MetadataToken>
              <Name>System.Void TaskManagerAPI.DataAccess.Entity.TaskManagerEntities::set_Parent_Task(System.Data.Entity.DbSet`1&lt;TaskManagerAPI.DataAccess.Entity.Parent_Task&gt;)</Name>
              <FileRef uid="104" />
              <SequencePoints>
                <SequencePoint vc="7" uspid="2397" ordinal="0" offset="0" sl="28" sc="62" el="28" ec="66" bec="0" bev="0" fileid="104" />
              </SequencePoints>
              <BranchPoints />
              <MethodPoint xsi:type="SequencePoint" vc="7" uspid="2397" ordinal="0" offset="0" sl="28" sc="62" el="28" ec="66" bec="0" bev="0" fileid="104" />
            </Method>
            <Method visited="true" cyclomaticComplexity="1" nPathComplexity="0" sequenceCoverage="100" branchCoverage="100" isConstructor="false" isStatic="false" isGetter="true" isSetter="false">
              <Summary numSequencePoints="1" visitedSequencePoints="1" numBranchPoints="1" visitedBranchPoints="1" sequenceCoverage="100" branchCoverage="100" maxCyclomaticComplexity="1" minCyclomaticComplexity="1" visitedClasses="0" numClasses="0" visitedMethods="1" numMethods="1" />
              <MetadataToken>100663358</MetadataToken>
              <Name>System.Data.Entity.DbSet`1&lt;TaskManagerAPI.DataAccess.Entity.Task&gt; TaskManagerAPI.DataAccess.Entity.TaskManagerEntities::get_Tasks()</Name>
              <FileRef uid="104" />
              <SequencePoints>
                <SequencePoint vc="6" uspid="2398" ordinal="0" offset="0" sl="29" sc="44" el="29" ec="48" bec="0" bev="0" fileid="104" />
              </SequencePoints>
              <BranchPoints />
              <MethodPoint xsi:type="SequencePoint" vc="6" uspid="2398" ordinal="0" offset="0" sl="29" sc="44" el="29" ec="48" bec="0" bev="0" fileid="104" />
            </Method>
            <Method visited="true" cyclomaticComplexity="1" nPathComplexity="0" sequenceCoverage="100" branchCoverage="100" isConstructor="false" isStatic="false" isGetter="false" isSetter="true">
              <Summary numSequencePoints="1" visitedSequencePoints="1" numBranchPoints="1" visitedBranchPoints="1" sequenceCoverage="100" branchCoverage="100" maxCyclomaticComplexity="1" minCyclomaticComplexity="1" visitedClasses="0" numClasses="0" visitedMethods="1" numMethods="1" />
              <MetadataToken>100663359</MetadataToken>
              <Name>System.Void TaskManagerAPI.DataAccess.Entity.TaskManagerEntities::set_Tasks(System.Data.Entity.DbSet`1&lt;TaskManagerAPI.DataAccess.Entity.Task&gt;)</Name>
              <FileRef uid="104" />
              <SequencePoints>
                <SequencePoint vc="7" uspid="2399" ordinal="0" offset="0" sl="29" sc="49" el="29" ec="53" bec="0" bev="0" fileid="104" />
              </SequencePoints>
              <BranchPoints />
              <MethodPoint xsi:type="SequencePoint" vc="7" uspid="2399" ordinal="0" offset="0" sl="29" sc="49" el="29" ec="53" bec="0" bev="0" fileid="104" />
            </Method>
            <Method visited="true" cyclomaticComplexity="1" nPathComplexity="0" sequenceCoverage="100" branchCoverage="100" isConstructor="true" isStatic="false" isGetter="false" isSetter="false">
              <Summary numSequencePoints="3" visitedSequencePoints="3" numBranchPoints="1" visitedBranchPoints="1" sequenceCoverage="100" branchCoverage="100" maxCyclomaticComplexity="1" minCyclomaticComplexity="1" visitedClasses="0" numClasses="0" visitedMethods="1" numMethods="1" />
              <MetadataToken>100663354</MetadataToken>
              <Name>System.Void TaskManagerAPI.DataAccess.Entity.TaskManagerEntities::.ctor()</Name>
              <FileRef uid="104" />
              <SequencePoints>
                <SequencePoint vc="7" uspid="2400" ordinal="0" offset="0" sl="19" sc="15" el="19" ec="47" bec="0" bev="0" fileid="104" />
                <SequencePoint vc="7" uspid="2401" ordinal="1" offset="12" sl="20" sc="9" el="20" ec="10" bec="0" bev="0" fileid="104" />
                <SequencePoint vc="7" uspid="2402" ordinal="2" offset="13" sl="21" sc="9" el="21" ec="10" bec="0" bev="0" fileid="104" />
              </SequencePoints>
              <BranchPoints />
              <MethodPoint xsi:type="SequencePoint" vc="7" uspid="2400" ordinal="0" offset="0" sl="19" sc="15" el="19" ec="47" bec="0" bev="0" fileid="104" />
            </Method>
            <Method visited="false" cyclomaticComplexity="1" nPathComplexity="0" sequenceCoverage="0" branchCoverage="0" isConstructor="false" isStatic="false" isGetter="false" isSetter="false">
              <Summary numSequencePoints="2" visitedSequencePoints="0" numBranchPoints="1" visitedBranchPoints="0" sequenceCoverage="0" branchCoverage="0" maxCyclomaticComplexity="1" minCyclomaticComplexity="1" visitedClasses="0" numClasses="0" visitedMethods="0" numMethods="1" />
              <MetadataToken>100663355</MetadataToken>
              <Name>System.Void TaskManagerAPI.DataAccess.Entity.TaskManagerEntities::OnModelCreating(System.Data.Entity.DbModelBuilder)</Name>
              <FileRef uid="104" />
              <SequencePoints>
                <SequencePoint vc="0" uspid="2403" ordinal="0" offset="0" sl="24" sc="9" el="24" ec="10" bec="0" bev="0" fileid="104" />
                <SequencePoint vc="0" uspid="2404" ordinal="1" offset="1" sl="25" sc="13" el="25" ec="57" bec="0" bev="0" fileid="104" />
              </SequencePoints>
              <BranchPoints />
              <MethodPoint xsi:type="SequencePoint" vc="0" uspid="2403" ordinal="0" offset="0" sl="24" sc="9" el="24" ec="10" bec="0" bev="0" fileid="104" />
            </Method>
          </Methods>
        </Class>
      </Classes>
    </Module>
    <Module skippedDueTo="MissingPdb" hash="">
      <ModulePath>RefEmit_InMemoryManifestModule</ModulePath>
      <ModuleTime>0001-01-01T00:00:00</ModuleTime>
      <ModuleName>Anonymously Hosted DynamicMethods Assembly</ModuleName>
      <Classes />
    </Module>
    <Module hash="F7-7D-04-66-C2-52-38-48-0A-01-56-21-B6-0B-CD-B4-58-64-5C-DE">
      <Summary numSequencePoints="21" visitedSequencePoints="21" numBranchPoints="6" visitedBranchPoints="6" sequenceCoverage="100" branchCoverage="100" maxCyclomaticComplexity="1" minCyclomaticComplexity="1" visitedClasses="1" numClasses="1" visitedMethods="6" numMethods="6" />
      <ModulePath>C:\TaskManager\TaskMangerAPI\TaskManagerAPI\TaskManagerAPI.Tests\bin\Debug\TaskManagerAPI.Business.dll</ModulePath>
      <ModuleTime>2018-12-01T05:33:16.6410894Z</ModuleTime>
      <ModuleName>TaskManagerAPI.Business</ModuleName>
      <Files>
        <File uid="109" fullPath="C:\TaskManager\TaskMangerAPI\TaskManagerAPI\TaskManagerAPI.Business\TaskMaintenance\TaskMaintenance.cs" />
      </Files>
      <Classes>
        <Class>
          <Summary numSequencePoints="0" visitedSequencePoints="0" numBranchPoints="0" visitedBranchPoints="0" sequenceCoverage="0" branchCoverage="0" maxCyclomaticComplexity="0" minCyclomaticComplexity="0" visitedClasses="0" numClasses="0" visitedMethods="0" numMethods="0" />
          <FullName>&lt;Module&gt;</FullName>
          <Methods />
        </Class>
        <Class>
          <Summary numSequencePoints="21" visitedSequencePoints="21" numBranchPoints="6" visitedBranchPoints="6" sequenceCoverage="100" branchCoverage="100" maxCyclomaticComplexity="1" minCyclomaticComplexity="1" visitedClasses="1" numClasses="1" visitedMethods="6" numMethods="6" />
          <FullName>TaskManagerAPI.Business.TaskMaintenance.TaskMaintenance</FullName>
          <Methods>
            <Method visited="true" cyclomaticComplexity="1" nPathComplexity="0" sequenceCoverage="100" branchCoverage="100" isConstructor="true" isStatic="false" isGetter="false" isSetter="false">
              <Summary numSequencePoints="4" visitedSequencePoints="4" numBranchPoints="1" visitedBranchPoints="1" sequenceCoverage="100" branchCoverage="100" maxCyclomaticComplexity="1" minCyclomaticComplexity="1" visitedClasses="0" numClasses="0" visitedMethods="1" numMethods="1" />
              <MetadataToken>100663302</MetadataToken>
              <Name>System.Void TaskManagerAPI.Business.TaskMaintenance.TaskMaintenance::.ctor()</Name>
              <FileRef uid="109" />
              <SequencePoints>
                <SequencePoint vc="1" uspid="2405" ordinal="0" offset="0" sl="15" sc="9" el="15" ec="33" bec="0" bev="0" fileid="109" />
                <SequencePoint vc="1" uspid="2406" ordinal="1" offset="7" sl="16" sc="9" el="16" ec="10" bec="0" bev="0" fileid="109" />
                <SequencePoint vc="1" uspid="2407" ordinal="2" offset="8" sl="17" sc="13" el="17" ec="61" bec="0" bev="0" fileid="109" />
                <SequencePoint vc="1" uspid="2408" ordinal="3" offset="19" sl="18" sc="9" el="18" ec="10" bec="0" bev="0" fileid="109" />
              </SequencePoints>
              <BranchPoints />
              <MethodPoint xsi:type="SequencePoint" vc="1" uspid="2405" ordinal="0" offset="0" sl="15" sc="9" el="15" ec="33" bec="0" bev="0" fileid="109" />
            </Method>
            <Method visited="true" cyclomaticComplexity="1" nPathComplexity="0" sequenceCoverage="100" branchCoverage="100" isConstructor="false" isStatic="false" isGetter="false" isSetter="false">
              <Summary numSequencePoints="4" visitedSequencePoints="4" numBranchPoints="1" visitedBranchPoints="1" sequenceCoverage="100" branchCoverage="100" maxCyclomaticComplexity="1" minCyclomaticComplexity="1" visitedClasses="0" numClasses="0" visitedMethods="1" numMethods="1" />
              <MetadataToken>100663303</MetadataToken>
              <Name>System.Void TaskManagerAPI.Business.TaskMaintenance.TaskMaintenance::InsertTask(TaskManagerApi.Models.Models.TaskModel)</Name>
              <FileRef uid="109" />
              <SequencePoints>
                <SequencePoint vc="2" uspid="2409" ordinal="0" offset="0" sl="21" sc="9" el="21" ec="10" bec="0" bev="0" fileid="109" />
                <SequencePoint vc="2" uspid="2410" ordinal="1" offset="1" sl="22" sc="13" el="22" ec="60" bec="0" bev="0" fileid="109" />
                <SequencePoint vc="2" uspid="2411" ordinal="2" offset="8" sl="23" sc="13" el="23" ec="51" bec="0" bev="0" fileid="109" />
                <SequencePoint vc="1" uspid="2412" ordinal="3" offset="21" sl="24" sc="9" el="24" ec="10" bec="0" bev="0" fileid="109" />
              </SequencePoints>
              <BranchPoints />
              <MethodPoint xsi:type="SequencePoint" vc="2" uspid="2409" ordinal="0" offset="0" sl="21" sc="9" el="21" ec="10" bec="0" bev="0" fileid="109" />
            </Method>
            <Method visited="true" cyclomaticComplexity="1" nPathComplexity="0" sequenceCoverage="100" branchCoverage="100" isConstructor="false" isStatic="false" isGetter="false" isSetter="false">
              <Summary numSequencePoints="3" visitedSequencePoints="3" numBranchPoints="1" visitedBranchPoints="1" sequenceCoverage="100" branchCoverage="100" maxCyclomaticComplexity="1" minCyclomaticComplexity="1" visitedClasses="0" numClasses="0" visitedMethods="1" numMethods="1" />
              <MetadataToken>100663304</MetadataToken>
              <Name>System.Collections.Generic.List`1&lt;TaskManagerApi.Models.Models.TaskDetailsModel&gt; TaskManagerAPI.Business.TaskMaintenance.TaskMaintenance::GetTaskDetails(TaskManagerApi.Models.Models.TaskSearchModel)</Name>
              <FileRef uid="109" />
              <SequencePoints>
                <SequencePoint vc="1" uspid="2413" ordinal="0" offset="0" sl="26" sc="9" el="26" ec="10" bec="0" bev="0" fileid="109" />
                <SequencePoint vc="1" uspid="2414" ordinal="1" offset="1" sl="27" sc="13" el="27" ec="73" bec="0" bev="0" fileid="109" />
                <SequencePoint vc="1" uspid="2415" ordinal="2" offset="16" sl="28" sc="9" el="28" ec="10" bec="0" bev="0" fileid="109" />
              </SequencePoints>
              <BranchPoints />
              <MethodPoint xsi:type="SequencePoint" vc="1" uspid="2413" ordinal="0" offset="0" sl="26" sc="9" el="26" ec="10" bec="0" bev="0" fileid="109" />
            </Method>
            <Method visited="true" cyclomaticComplexity="1" nPathComplexity="0" sequenceCoverage="100" branchCoverage="100" isConstructor="false" isStatic="false" isGetter="false" isSetter="false">
              <Summary numSequencePoints="4" visitedSequencePoints="4" numBranchPoints="1" visitedBranchPoints="1" sequenceCoverage="100" branchCoverage="100" maxCyclomaticComplexity="1" minCyclomaticComplexity="1" visitedClasses="0" numClasses="0" visitedMethods="1" numMethods="1" />
              <MetadataToken>100663305</MetadataToken>
              <Name>System.Void TaskManagerAPI.Business.TaskMaintenance.TaskMaintenance::DeleteTask(TaskManagerApi.Models.Models.TaskModel)</Name>
              <FileRef uid="109" />
              <SequencePoints>
                <SequencePoint vc="1" uspid="2416" ordinal="0" offset="0" sl="30" sc="9" el="30" ec="10" bec="0" bev="0" fileid="109" />
                <SequencePoint vc="1" uspid="2417" ordinal="1" offset="1" sl="31" sc="13" el="31" ec="63" bec="0" bev="0" fileid="109" />
                <SequencePoint vc="1" uspid="2418" ordinal="2" offset="8" sl="32" sc="13" el="32" ec="51" bec="0" bev="0" fileid="109" />
                <SequencePoint vc="1" uspid="2419" ordinal="3" offset="21" sl="33" sc="9" el="33" ec="10" bec="0" bev="0" fileid="109" />
              </SequencePoints>
              <BranchPoints />
              <MethodPoint xsi:type="SequencePoint" vc="1" uspid="2416" ordinal="0" offset="0" sl="30" sc="9" el="30" ec="10" bec="0" bev="0" fileid="109" />
            </Method>
            <Method visited="true" cyclomaticComplexity="1" nPathComplexity="0" sequenceCoverage="100" branchCoverage="100" isConstructor="false" isStatic="false" isGetter="false" isSetter="false">
              <Summary numSequencePoints="3" visitedSequencePoints="3" numBranchPoints="1" visitedBranchPoints="1" sequenceCoverage="100" branchCoverage="100" maxCyclomaticComplexity="1" minCyclomaticComplexity="1" visitedClasses="0" numClasses="0" visitedMethods="1" numMethods="1" />
              <MetadataToken>100663306</MetadataToken>
              <Name>TaskManagerApi.Models.Models.TaskModel TaskManagerAPI.Business.TaskMaintenance.TaskMaintenance::GetTaskDetailsById(System.Int32)</Name>
              <FileRef uid="109" />
              <SequencePoints>
                <SequencePoint vc="2" uspid="2420" ordinal="0" offset="0" sl="35" sc="9" el="35" ec="10" bec="0" bev="0" fileid="109" />
                <SequencePoint vc="2" uspid="2421" ordinal="1" offset="1" sl="36" sc="13" el="36" ec="68" bec="0" bev="0" fileid="109" />
                <SequencePoint vc="2" uspid="2422" ordinal="2" offset="16" sl="37" sc="9" el="37" ec="10" bec="0" bev="0" fileid="109" />
              </SequencePoints>
              <BranchPoints />
              <MethodPoint xsi:type="SequencePoint" vc="2" uspid="2420" ordinal="0" offset="0" sl="35" sc="9" el="35" ec="10" bec="0" bev="0" fileid="109" />
            </Method>
            <Method visited="true" cyclomaticComplexity="1" nPathComplexity="0" sequenceCoverage="100" branchCoverage="100" isConstructor="false" isStatic="false" isGetter="false" isSetter="false">
              <Summary numSequencePoints="3" visitedSequencePoints="3" numBranchPoints="1" visitedBranchPoints="1" sequenceCoverage="100" branchCoverage="100" maxCyclomaticComplexity="1" minCyclomaticComplexity="1" visitedClasses="0" numClasses="0" visitedMethods="1" numMethods="1" />
              <MetadataToken>100663307</MetadataToken>
              <Name>System.Collections.Generic.List`1&lt;TaskManagerApi.Models.Models.TaskDetailsModel&gt; TaskManagerAPI.Business.TaskMaintenance.TaskMaintenance::GetParentTaskDetails()</Name>
              <FileRef uid="109" />
              <SequencePoints>
                <SequencePoint vc="1" uspid="2423" ordinal="0" offset="0" sl="39" sc="9" el="39" ec="10" bec="0" bev="0" fileid="109" />
                <SequencePoint vc="1" uspid="2424" ordinal="1" offset="1" sl="40" sc="13" el="40" ec="64" bec="0" bev="0" fileid="109" />
                <SequencePoint vc="1" uspid="2425" ordinal="2" offset="15" sl="41" sc="9" el="41" ec="10" bec="0" bev="0" fileid="109" />
              </SequencePoints>
              <BranchPoints />
              <MethodPoint xsi:type="SequencePoint" vc="1" uspid="2423" ordinal="0" offset="0" sl="39" sc="9" el="39" ec="10" bec="0" bev="0" fileid="109" />
            </Method>
          </Methods>
        </Class>
      </Classes>
    </Module>
    <Module skippedDueTo="MissingPdb" hash="12-3F-E3-10-D1-D0-35-93-2B-65-FA-C5-00-62-09-C4-DC-D6-92-BF">
      <ModulePath>C:\TaskManager\TaskMangerAPI\TaskManagerAPI\TaskManagerAPI.Tests\bin\Debug\EntityFramework.dll</ModulePath>
      <ModuleTime>2017-10-23T07:45:18Z</ModuleTime>
      <ModuleName>EntityFramework</ModuleName>
      <Classes />
    </Module>
    <Module skippedDueTo="Filter" hash="5E-75-B0-04-A5-00-F6-29-47-79-54-D4-62-D3-B2-94-D5-05-11-E1">
      <ModulePath>C:\WINDOWS\Microsoft.Net\assembly\GAC_32\System.Data\v4.0_4.0.0.0__b77a5c561934e089\System.Data.dll</ModulePath>
      <ModuleTime>2018-11-23T06:55:26.5523386Z</ModuleTime>
      <ModuleName>System.Data</ModuleName>
      <Classes />
    </Module>
    <Module skippedDueTo="MissingPdb" hash="9D-8C-F0-38-93-AA-F9-80-7F-99-3F-48-55-49-21-AF-A0-81-85-9F">
      <ModulePath>C:\TaskManager\TaskMangerAPI\TaskManagerAPI\TaskManagerAPI.Tests\bin\Debug\EntityFramework.SqlServer.dll</ModulePath>
      <ModuleTime>2017-10-23T07:45:20Z</ModuleTime>
      <ModuleName>EntityFramework.SqlServer</ModuleName>
      <Classes />
    </Module>
    <Module skippedDueTo="Filter" hash="1D-12-ED-43-B3-B6-22-59-5A-08-23-CD-C2-44-A7-5E-FA-6D-2C-C2">
      <ModulePath>C:\WINDOWS\Microsoft.Net\assembly\GAC_32\System.Transactions\v4.0_4.0.0.0__b77a5c561934e089\System.Transactions.dll</ModulePath>
      <ModuleTime>2018-11-23T06:55:26.099208Z</ModuleTime>
      <ModuleName>System.Transactions</ModuleName>
      <Classes />
    </Module>
    <Module skippedDueTo="Filter" hash="CB-9A-69-FA-E9-A7-1D-79-EC-E4-45-7B-80-24-5F-0E-56-96-EA-D4">
      <ModulePath>C:\WINDOWS\Microsoft.Net\assembly\GAC_MSIL\System.Numerics\v4.0_4.0.0.0__b77a5c561934e089\System.Numerics.dll</ModulePath>
      <ModuleTime>2018-04-11T23:35:17.0446523Z</ModuleTime>
      <ModuleName>System.Numerics</ModuleName>
      <Classes />
    </Module>
    <Module skippedDueTo="Filter" hash="C1-1F-5B-51-E1-4D-F7-7B-E1-90-5C-2A-D0-D1-F3-A4-7D-AD-EF-AE">
      <ModulePath>C:\WINDOWS\Microsoft.Net\assembly\GAC_32\System.Data.OracleClient\v4.0_4.0.0.0__b77a5c561934e089\System.Data.OracleClient.dll</ModulePath>
      <ModuleTime>2018-04-11T23:35:24.9827583Z</ModuleTime>
      <ModuleName>System.Data.OracleClient</ModuleName>
      <Classes />
    </Module>
    <Module skippedDueTo="Filter" hash="D8-D0-AA-44-01-A4-68-06-BB-05-E0-D9-50-C0-0E-34-3C-7C-4B-7C">
      <ModulePath>C:\WINDOWS\Microsoft.Net\assembly\GAC_MSIL\System.Core\v4.0_4.0.0.0__b77a5c561934e089\System.Core.dll</ModulePath>
      <ModuleTime>2018-11-23T06:55:26.2710902Z</ModuleTime>
      <ModuleName>System.Core</ModuleName>
      <Classes />
    </Module>
    <Module skippedDueTo="Filter" hash="EE-87-E3-8B-35-D7-7B-51-75-59-60-AC-9C-42-7D-75-33-40-43-72">
      <ModulePath>C:\WINDOWS\Microsoft.Net\assembly\GAC_MSIL\System.Xml.Linq\v4.0_4.0.0.0__b77a5c561934e089\System.Xml.Linq.dll</ModulePath>
      <ModuleTime>2018-04-11T23:35:18.3885028Z</ModuleTime>
      <ModuleName>System.Xml.Linq</ModuleName>
      <Classes />
    </Module>
    <Module skippedDueTo="Filter" hash="B6-03-A2-FF-5E-7B-F5-92-A1-04-2D-8A-21-BA-7A-73-59-C3-FA-B2">
      <ModulePath>C:\WINDOWS\Microsoft.Net\assembly\GAC_MSIL\System.ComponentModel.DataAnnotations\v4.0_4.0.0.0__31bf3856ad364e35\System.ComponentModel.DataAnnotations.dll</ModulePath>
      <ModuleTime>2018-04-11T23:35:19.7011011Z</ModuleTime>
      <ModuleName>System.ComponentModel.DataAnnotations</ModuleName>
      <Classes />
    </Module>
    <Module skippedDueTo="Filter" hash="E8-AB-A2-C6-BC-93-2D-BB-31-94-BF-BD-FA-FE-6E-26-9C-E4-E3-BA">
      <ModulePath>C:\WINDOWS\Microsoft.Net\assembly\GAC_32\System.EnterpriseServices\v4.0_4.0.0.0__b03f5f7f11d50a3a\System.EnterpriseServices.dll</ModulePath>
      <ModuleTime>2018-04-11T23:35:24.8421219Z</ModuleTime>
      <ModuleName>System.EnterpriseServices</ModuleName>
      <Classes />
    </Module>
  </Modules>
</CoverageSession>